Archive member included because of file (symbol)

D:\Assingment 4 workspace\Lib_CMSISv1p30_LPC17xx\Debug\libCMSISv1p30_LPC17xx.a(system_LPC17xx.o)
                              ./src/scheduler/ttc_scheduler_o.o (SystemCoreClock)
D:\Assingment 4 workspace\Lib_EaBaseBoard\Debug\libLib_EaBaseBoard.a(led7seg.o)
                              ./src/tasks/Seven_Segment_Display.o (led7seg_init)
D:\Assingment 4 workspace\Lib_EaBaseBoard\Debug\libLib_EaBaseBoard.a(pca9532.o)
                              ./src/tasks/led_bank.o (pca9532_init)
D:\Assingment 4 workspace\Lib_EaBaseBoard\Debug\libLib_EaBaseBoard.a(rgb.o)
                              ./src/tasks/RGB_LED.o (rgb_init)
D:\Assingment 4 workspace\Lib_MCU\Debug\libLib_MCU.a(lpc17xx_gpio.o)
                              D:\Assingment 4 workspace\Lib_EaBaseBoard\Debug\libLib_EaBaseBoard.a(led7seg.o) (GPIO_SetDir)
D:\Assingment 4 workspace\Lib_MCU\Debug\libLib_MCU.a(lpc17xx_i2c.o)
                              ./src/tasks/led_bank.o (I2C_Init)
D:\Assingment 4 workspace\Lib_MCU\Debug\libLib_MCU.a(lpc17xx_pinsel.o)
                              ./src/tasks/led_bank.o (PINSEL_ConfigPin)
D:\Assingment 4 workspace\Lib_MCU\Debug\libLib_MCU.a(lpc17xx_ssp.o)
                              ./src/main/main.o (SSP_Init)
D:\Assingment 4 workspace\Lib_MCU\Debug\libLib_MCU.a(lpc17xx_clkpwr.o)
                              D:\Assingment 4 workspace\Lib_MCU\Debug\libLib_MCU.a(lpc17xx_i2c.o) (CLKPWR_SetPCLKDiv)
c:/nxp/lpcxpresso_7.9.2_493/lpcxpresso/tools/bin/../lib/gcc/arm-none-eabi/4.9.3/armv7-m\libgcc.a(_arm_addsubdf3.o)
                              ./src/main/main.o (__aeabi_f2d)
c:/nxp/lpcxpresso_7.9.2_493/lpcxpresso/tools/bin/../lib/gcc/arm-none-eabi/4.9.3/armv7-m\libgcc.a(_arm_fixunsdfsi.o)
                              ./src/tasks/led_bank.o (__aeabi_d2uiz)
c:/nxp/lpcxpresso_7.9.2_493/lpcxpresso/tools/bin/../lib/gcc/arm-none-eabi/4.9.3/armv7-m\libgcc.a(_arm_addsubsf3.o)
                              ./src/main/main.o (__aeabi_fadd)
c:/nxp/lpcxpresso_7.9.2_493/lpcxpresso/tools/bin/../lib/gcc/arm-none-eabi/4.9.3/armv7-m\libgcc.a(_arm_muldivsf3.o)
                              ./src/tasks/led_bank.o (__aeabi_fmul)
c:/nxp/lpcxpresso_7.9.2_493/lpcxpresso/tools/bin/../lib/gcc/arm-none-eabi/4.9.3/armv7-m\libgcc.a(_arm_fixunssfsi.o)
                              ./src/tasks/led_bank.o (__aeabi_f2uiz)
c:/nxp/lpcxpresso_7.9.2_493/lpcxpresso/tools/bin/../lib/gcc/arm-none-eabi/4.9.3/armv7-m\libgcc.a(_aeabi_uldivmod.o)
                              D:\Assingment 4 workspace\Lib_CMSISv1p30_LPC17xx\Debug\libCMSISv1p30_LPC17xx.a(system_LPC17xx.o) (__aeabi_uldivmod)
c:/nxp/lpcxpresso_7.9.2_493/lpcxpresso/tools/bin/../lib/gcc/arm-none-eabi/4.9.3/armv7-m\libgcc.a(bpabi.o)
                              c:/nxp/lpcxpresso_7.9.2_493/lpcxpresso/tools/bin/../lib/gcc/arm-none-eabi/4.9.3/armv7-m\libgcc.a(_aeabi_uldivmod.o) (__gnu_uldivmod_helper)
c:/nxp/lpcxpresso_7.9.2_493/lpcxpresso/tools/bin/../lib/gcc/arm-none-eabi/4.9.3/armv7-m\libgcc.a(_dvmd_tls.o)
                              c:/nxp/lpcxpresso_7.9.2_493/lpcxpresso/tools/bin/../lib/gcc/arm-none-eabi/4.9.3/armv7-m\libgcc.a(_aeabi_uldivmod.o) (__aeabi_ldiv0)
c:/nxp/lpcxpresso_7.9.2_493/lpcxpresso/tools/bin/../lib/gcc/arm-none-eabi/4.9.3/armv7-m\libgcc.a(_divdi3.o)
                              c:/nxp/lpcxpresso_7.9.2_493/lpcxpresso/tools/bin/../lib/gcc/arm-none-eabi/4.9.3/armv7-m\libgcc.a(bpabi.o) (__divdi3)
c:/nxp/lpcxpresso_7.9.2_493/lpcxpresso/tools/bin/../lib/gcc/arm-none-eabi/4.9.3/armv7-m\libgcc.a(_udivdi3.o)
                              c:/nxp/lpcxpresso_7.9.2_493/lpcxpresso/tools/bin/../lib/gcc/arm-none-eabi/4.9.3/armv7-m\libgcc.a(bpabi.o) (__udivdi3)
c:/nxp/lpcxpresso_7.9.2_493/lpcxpresso/tools/bin/../lib/gcc/arm-none-eabi/4.9.3/../../../../arm-none-eabi/lib/armv7-m\libc.a(lib_a-malloc.o)
                              ./src/lpcusb/source/USBVcom.o (malloc)
c:/nxp/lpcxpresso_7.9.2_493/lpcxpresso/tools/bin/../lib/gcc/arm-none-eabi/4.9.3/../../../../arm-none-eabi/lib/armv7-m\libc.a(lib_a-mallocr.o)
                              c:/nxp/lpcxpresso_7.9.2_493/lpcxpresso/tools/bin/../lib/gcc/arm-none-eabi/4.9.3/../../../../arm-none-eabi/lib/armv7-m\libc.a(lib_a-malloc.o) (_malloc_r)
c:/nxp/lpcxpresso_7.9.2_493/lpcxpresso/tools/bin/../lib/gcc/arm-none-eabi/4.9.3/../../../../arm-none-eabi/lib/armv7-m\libc.a(lib_a-memcpy.o)
                              ./src/lpcusb/source/USBVcom.o (memcpy)
c:/nxp/lpcxpresso_7.9.2_493/lpcxpresso/tools/bin/../lib/gcc/arm-none-eabi/4.9.3/../../../../arm-none-eabi/lib/armv7-m\libc.a(lib_a-mlock.o)
                              c:/nxp/lpcxpresso_7.9.2_493/lpcxpresso/tools/bin/../lib/gcc/arm-none-eabi/4.9.3/../../../../arm-none-eabi/lib/armv7-m\libc.a(lib_a-mallocr.o) (__malloc_lock)
c:/nxp/lpcxpresso_7.9.2_493/lpcxpresso/tools/bin/../lib/gcc/arm-none-eabi/4.9.3/../../../../arm-none-eabi/lib/armv7-m\libc.a(lib_a-printf.o)
                              ./src/main/main.o (printf)
[...]
Memory Configuration

Name             Origin             Length             Attributes
MFlash512        0x00000000         0x00080000         xr
RamLoc32         0x10000000         0x00008000         xrw
RamAHB32         0x2007c000         0x00008000         xrw
*default*        0x00000000         0xffffffff

Linker script and memory map

LOAD ./src/tasks/RGB_LED.o
LOAD ./src/tasks/Seven_Segment_Display.o
LOAD ./src/tasks/led_bank.o
LOAD ./src/system/cr_startup_lpc17.o
LOAD ./src/scheduler/ttc_scheduler_o.o
LOAD ./src/main/main.o
LOAD ./src/lpcusb/source/USBVcom.o
LOAD ./src/lpcusb/source/lpc17xx_libcfg_default.o
LOAD ./src/lpcusb/source/serial_fifo.o
LOAD ./src/lpcusb/source/usbcontrol.o
LOAD ./src/lpcusb/source/usbhw_lpc.o
LOAD ./src/lpcusb/source/usbinit.o
LOAD ./src/lpcusb/source/usbstdreq.o
LOAD ./src/adc/adc.o
LOAD D:\Assingment 4 workspace\Lib_CMSISv1p30_LPC17xx\Debug\libCMSISv1p30_LPC17xx.a
LOAD D:\Assingment 4 workspace\Lib_EaBaseBoard\Debug\libLib_EaBaseBoard.a
LOAD D:\Assingment 4 workspace\Lib_MCU\Debug\libLib_MCU.a
START GROUP
LOAD c:/nxp/lpcxpresso_7.9.2_493/lpcxpresso/tools/bin/../lib/gcc/arm-none-eabi/4.9.3/armv7-m\libgcc.a
LOAD c:/nxp/lpcxpresso_7.9.2_493/lpcxpresso/tools/bin/../lib/gcc/arm-none-eabi/4.9.3/../../../../arm-none-eabi/lib/armv7-m\libc.a
LOAD c:/nxp/lpcxpresso_7.9.2_493/lpcxpresso/tools/bin/../lib/gcc/arm-none-eabi/4.9.3/../../../../arm-none-eabi/lib/armv7-m\libm.a
LOAD c:/nxp/lpcxpresso_7.9.2_493/lpcxpresso/tools/bin/../lib/gcc/arm-none-eabi/4.9.3/../../../../arm-none-eabi/lib/armv7-m\libcr_newlib_semihost.a
END GROUP
                0x00000000                __base_MFlash512 = 0x0
                0x00000000                __base_Flash = 0x0
                0x00080000                __top_MFlash512 = 0x80000
                0x00080000                __top_Flash = 0x80000
                0x10000000                __base_RamLoc32 = 0x10000000
                0x10000000                __base_RAM = 0x10000000
                0x10008000                __top_RamLoc32 = 0x10008000
                0x10008000                __top_RAM = 0x10008000
                0x2007c000                __base_RamAHB32 = 0x2007c000
                0x2007c000                __base_RAM2 = 0x2007c000
                0x20084000                __top_RamAHB32 = 0x20084000
                0x20084000                __top_RAM2 = 0x20084000

.text           0x00000000     0xa884
 FILL mask 0xff
                0x00000000                __vectors_start__ = ABSOLUTE (.)
 *(.isr_vector)
 .isr_vector    0x00000000       0xcc ./src/system/cr_startup_lpc17.o
                0x00000000                g_pfnVectors
                0x000000cc                . = ALIGN (0x4)
                0x000000cc                __section_table_start = .
                0x000000cc                __data_section_table = .
                0x000000cc        0x4 LONG 0xa88c LOADADDR (.data)
                0x000000d0        0x4 LONG 0x10000000 ADDR (.data)
                0x000000d4        0x4 LONG 0x8fc SIZEOF (.data)
                0x000000d8        0x4 LONG 0xa88c LOADADDR (.data_RAM2)
                0x000000dc        0x4 LONG 0x2007c000 ADDR (.data_RAM2)
                0x000000e0        0x4 LONG 0x0 SIZEOF (.data_RAM2)
                0x000000e4                __data_section_table_end = .
                0x000000e4                __bss_section_table = .
                0x000000e4        0x4 LONG 0x10000900 ADDR (.bss)
                0x000000e8        0x4 LONG 0x380 SIZEOF (.bss)
                0x000000ec        0x4 LONG 0x2007c000 ADDR (.bss_RAM2)
                0x000000f0        0x4 LONG 0x0 SIZEOF (.bss_RAM2)
                0x000000f4                __bss_section_table_end = .
                0x000000f4                __section_table_end = .
 *(.after_vectors*)
 *(.text*)
 .text.RGB_Init
                0x000000f4        0xc ./src/tasks/RGB_LED.o
                0x000000f4                RGB_Init
 .text.RGB_Update
                0x00000100       0x28 ./src/tasks/RGB_LED.o
                0x00000100                RGB_Update
 .text.SSD_Init
                0x00000128        0xc ./src/tasks/Seven_Segment_Display.o
                0x00000128                SSD_Init
 .text.SSD_Update
                0x00000134       0x64 ./src/tasks/Seven_Segment_Display.o
                0x00000134                SSD_Update
 .text.LED_Bank_Init
                0x00000198       0x48 ./src/tasks/led_bank.o
                0x00000198                LED_Bank_Init
 .text.LED_Display_ADC_General
                0x000001e0       0x54 ./src/tasks/led_bank.o
                0x000001e0                LED_Display_ADC_General
 .text.LED_Display_ADC_AVG
                0x00000234       0x40 ./src/tasks/led_bank.o
                0x00000234                LED_Display_ADC_AVG
 .text.ResetISR
                0x00000274       0x58 ./src/system/cr_startup_lpc17.o
                0x00000274                ResetISR
 .text.NMI_Handler
                0x000002cc        0x8 ./src/system/cr_startup_lpc17.o
                0x000002cc                NMI_Handler
 .text.HardFault_Handler
                0x000002d4        0x8 ./src/system/cr_startup_lpc17.o
                0x000002d4                HardFault_Handler
 .text.MemManage_Handler
                0x000002dc        0x8 ./src/system/cr_startup_lpc17.o
                0x000002dc                MemManage_Handler
 .text.BusFault_Handler
                0x000002e4        0x8 ./src/system/cr_startup_lpc17.o
                0x000002e4                BusFault_Handler
 .text.UsageFault_Handler
                0x000002ec        0x8 ./src/system/cr_startup_lpc17.o
                0x000002ec                UsageFault_Handler
 .text.SVCall_Handler
                0x000002f4        0x8 ./src/system/cr_startup_lpc17.o
                0x000002f4                SVCall_Handler
 .text.DebugMon_Handler
                0x000002fc        0x8 ./src/system/cr_startup_lpc17.o
                0x000002fc                DebugMon_Handler
 .text.PendSV_Handler
                0x00000304        0x8 ./src/system/cr_startup_lpc17.o
                0x00000304                PendSV_Handler
 .text.IntDefaultHandler
                0x0000030c        0x8 ./src/system/cr_startup_lpc17.o
                0x0000030c                TIMER2_IRQHandler
                0x0000030c                RIT_IRQHandler
                0x0000030c                I2C0_IRQHandler
                0x0000030c                USBActivity_IRQHandler
                0x0000030c                PWM1_IRQHandler
                0x0000030c                I2C1_IRQHandler
                0x0000030c                EINT2_IRQHandler
                0x0000030c                UART1_IRQHandler
                0x0000030c                EINT3_IRQHandler
                0x0000030c                CANActivity_IRQHandler
                0x0000030c                TIMER3_IRQHandler
                0x0000030c                UART0_IRQHandler
                0x0000030c                IntDefaultHandler
                0x0000030c                PLL0_IRQHandler
                0x0000030c                CAN_IRQHandler
                0x0000030c                PLL1_IRQHandler
                0x0000030c                SSP0_IRQHandler
                0x0000030c                I2S_IRQHandler
                0x0000030c                I2C2_IRQHandler
                0x0000030c                RTC_IRQHandler
                0x0000030c                TIMER0_IRQHandler
                0x0000030c                SPI_IRQHandler
                0x0000030c                EINT1_IRQHandler
                0x0000030c                TIMER1_IRQHandler
                0x0000030c                UART2_IRQHandler
                0x0000030c                ADC_IRQHandler
                0x0000030c                SSP1_IRQHandler
                0x0000030c                BOD_IRQHandler
                0x0000030c                WDT_IRQHandler
                0x0000030c                QEI_IRQHandler
                0x0000030c                EINT0_IRQHandler
                0x0000030c                DMA_IRQHandler
                0x0000030c                UART3_IRQHandler
                0x0000030c                MCPWM_IRQHandler
                0x0000030c                ENET_IRQHandler
 .text.__enable_irq
                0x00000314       0x10 ./src/scheduler/ttc_scheduler_o.o
 .text.__disable_irq
                0x00000324       0x10 ./src/scheduler/ttc_scheduler_o.o
 .text.__WFI    0x00000334       0x10 ./src/scheduler/ttc_scheduler_o.o
 .text.NVIC_SetPriority
                0x00000344       0x54 ./src/scheduler/ttc_scheduler_o.o
 .text.SysTick_Config
                0x00000398       0x44 ./src/scheduler/ttc_scheduler_o.o
 .text.SCH_Init
                0x000003dc       0x64 ./src/scheduler/ttc_scheduler_o.o
                0x000003dc                SCH_Init
 .text.SCH_Start
                0x00000440       0x28 ./src/scheduler/ttc_scheduler_o.o
                0x00000440                SCH_Start
 .text.SysTick_Handler
                0x00000468       0x30 ./src/scheduler/ttc_scheduler_o.o
                0x00000468                SysTick_Handler
 .text.SCH_Dispatch_Tasks
                0x00000498      0x10c ./src/scheduler/ttc_scheduler_o.o
                0x00000498                SCH_Dispatch_Tasks
 .text.SCH_Add_Task
                0x000005a4       0x7c ./src/scheduler/ttc_scheduler_o.o
                0x000005a4                SCH_Add_Task
 .text.SCH_Delete_Task
                0x00000620       0x70 ./src/scheduler/ttc_scheduler_o.o
                0x00000620                SCH_Delete_Task
 .text.SCH_Go_To_Sleep
                0x00000690        0xc ./src/scheduler/ttc_scheduler_o.o
 .text.initialise_buffer
                0x0000069c       0x38 ./src/main/main.o
                0x0000069c                initialise_buffer
 .text.add_to_buffer
                0x000006d4       0x44 ./src/main/main.o
                0x000006d4                add_to_buffer
 .text.get_average
                0x00000718       0x5c ./src/main/main.o
                0x00000718                get_average
 .text.main     0x00000774      0x1e0 ./src/main/main.o
                0x00000774                main
 .text.check_failed
                0x00000954        0xc ./src/main/main.o
                0x00000954                check_failed
 .text.NVIC_EnableIRQ
                0x00000960       0x30 ./src/lpcusb/source/USBVcom.o
 .text.BulkOut  0x00000990       0x68 ./src/lpcusb/source/USBVcom.o
                0x00000990                BulkOut
 .text.BulkIn   0x000009f8       0x70 ./src/lpcusb/source/USBVcom.o
                0x000009f8                BulkIn
 .text.HandleClassRequest
                0x00000a68       0x54 ./src/lpcusb/source/USBVcom.o
                0x00000a68                HandleClassRequest
 .text.VCOM_init
                0x00000abc       0x2c ./src/lpcusb/source/USBVcom.o
                0x00000abc                VCOM_init
 .text.VCOM_putstring2
                0x00000ae8       0x54 ./src/lpcusb/source/USBVcom.o
                0x00000ae8                VCOM_putstring2
 .text.VCOM_getchar
                0x00000b3c       0x2c ./src/lpcusb/source/USBVcom.o
                0x00000b3c                VCOM_getchar
 .text.USB_IRQHandler
                0x00000b68        0xc ./src/lpcusb/source/USBVcom.o
                0x00000b68                USB_IRQHandler
 .text.USB_init
                0x00000b74       0x58 ./src/lpcusb/source/USBVcom.o
                0x00000b74                USB_init
 .text.USBFrameHandler
                0x00000bcc       0x28 ./src/lpcusb/source/USBVcom.o
                0x00000bcc                USBFrameHandler
 .text.fifo_init
                0x00000bf4       0x28 ./src/lpcusb/source/serial_fifo.o
                0x00000bf4                fifo_init
 .text.fifo_put
                0x00000c1c       0x58 ./src/lpcusb/source/serial_fifo.o
                0x00000c1c                fifo_put
 .text.fifo_get
                0x00000c74       0x5c ./src/lpcusb/source/serial_fifo.o
                0x00000c74                fifo_get
 .text.fifo_avail
                0x00000cd0       0x38 ./src/lpcusb/source/serial_fifo.o
                0x00000cd0                fifo_avail
 .text.fifo_free
                0x00000d08       0x1c ./src/lpcusb/source/serial_fifo.o
                0x00000d08                fifo_free
 .text._HandleRequest
                0x00000d24       0x48 ./src/lpcusb/source/usbcontrol.o
 .text.StallControlPipe
                0x00000d6c       0x34 ./src/lpcusb/source/usbcontrol.o
 .text.DataIn   0x00000da0       0x48 ./src/lpcusb/source/usbcontrol.o
 .text.USBHandleControlTransfer
                0x00000de8      0x160 ./src/lpcusb/source/usbcontrol.o
                0x00000de8                USBHandleControlTransfer
 .text.USBRegisterRequestHandler
                0x00000f48       0x34 ./src/lpcusb/source/usbcontrol.o
                0x00000f48                USBRegisterRequestHandler
 .text.Wait4DevInt
                0x00000f7c       0x30 ./src/lpcusb/source/usbhw_lpc.o
 .text.USBHwCmd
                0x00000fac       0x30 ./src/lpcusb/source/usbhw_lpc.o
 .text.USBHwCmdWrite
                0x00000fdc       0x38 ./src/lpcusb/source/usbhw_lpc.o
 .text.USBHwCmdRead
                0x00001014       0x3c ./src/lpcusb/source/usbhw_lpc.o
 .text.USBHwEPRealize
                0x00001050       0x44 ./src/lpcusb/source/usbhw_lpc.o
 .text.USBHwEPEnable
                0x00001094       0x30 ./src/lpcusb/source/usbhw_lpc.o
 .text.USBHwEPConfig
                0x000010c4       0x3c ./src/lpcusb/source/usbhw_lpc.o
                0x000010c4                USBHwEPConfig
 .text.USBHwRegisterEPIntHandler
                0x00001100       0x68 ./src/lpcusb/source/usbhw_lpc.o
                0x00001100                USBHwRegisterEPIntHandler
 .text.USBHwRegisterDevIntHandler
                0x00001168       0x30 ./src/lpcusb/source/usbhw_lpc.o
                0x00001168                USBHwRegisterDevIntHandler
 .text.USBHwRegisterFrameHandler
                0x00001198       0x30 ./src/lpcusb/source/usbhw_lpc.o
                0x00001198                USBHwRegisterFrameHandler
 .text.USBHwSetAddress
                0x000011c8       0x24 ./src/lpcusb/source/usbhw_lpc.o
                0x000011c8                USBHwSetAddress
 .text.USBHwConnect
                0x000011ec       0x24 ./src/lpcusb/source/usbhw_lpc.o
                0x000011ec                USBHwConnect
 .text.USBHwNakIntEnable
                0x00001210       0x1c ./src/lpcusb/source/usbhw_lpc.o
                0x00001210                USBHwNakIntEnable
 .text.USBHwEPGetStatus
                0x0000122c       0x30 ./src/lpcusb/source/usbhw_lpc.o
                0x0000122c                USBHwEPGetStatus
 .text.USBHwEPStall
                0x0000125c       0x48 ./src/lpcusb/source/usbhw_lpc.o
                0x0000125c                USBHwEPStall
 .text.USBHwEPWrite
                0x000012a4       0x98 ./src/lpcusb/source/usbhw_lpc.o
                0x000012a4                USBHwEPWrite
 .text.USBHwEPRead
                0x0000133c       0xcc ./src/lpcusb/source/usbhw_lpc.o
                0x0000133c                USBHwEPRead
 .text.USBHwConfigDevice
                0x00001408       0x24 ./src/lpcusb/source/usbhw_lpc.o
                0x00001408                USBHwConfigDevice
 .text.USBHwISR
                0x0000142c      0x190 ./src/lpcusb/source/usbhw_lpc.o
                0x0000142c                USBHwISR
 .text.USBHwInit
                0x000015bc       0xc8 ./src/lpcusb/source/usbhw_lpc.o
                0x000015bc                USBHwInit
 .text.HandleUsbReset
                0x00001684       0x14 ./src/lpcusb/source/usbinit.o
 .text.USBInit  0x00001698       0x50 ./src/lpcusb/source/usbinit.o
                0x00001698                USBInit
 .text.USBRegisterDescriptors
                0x000016e8       0x1c ./src/lpcusb/source/usbstdreq.o
                0x000016e8                USBRegisterDescriptors
 .text.USBGetDescriptor
                0x00001704       0x9c ./src/lpcusb/source/usbstdreq.o
                0x00001704                USBGetDescriptor
 .text.USBSetConfiguration
                0x000017a0       0xb8 ./src/lpcusb/source/usbstdreq.o
 .text.HandleStdDeviceReq
                0x00001858       0xd4 ./src/lpcusb/source/usbstdreq.o
 .text.HandleStdInterfaceReq
                0x0000192c       0xa0 ./src/lpcusb/source/usbstdreq.o
 .text.HandleStdEndPointReq
                0x000019cc       0xd0 ./src/lpcusb/source/usbstdreq.o
 .text.USBHandleStandardRequest
                0x00001a9c       0x78 ./src/lpcusb/source/usbstdreq.o
                0x00001a9c                USBHandleStandardRequest
 .text.ADC_Initialise
                0x00001b14       0x54 ./src/adc/adc.o
                0x00001b14                ADC_Initialise
 .text.ADC_Read_General
                0x00001b68       0x48 ./src/adc/adc.o
                0x00001b68                ADC_Read_General
 .text.ADC_ROC  0x00001bb0       0x64 ./src/adc/adc.o
                0x00001bb0                ADC_ROC
 .text.ADC_Read
                0x00001c14       0x38 ./src/adc/adc.o
                0x00001c14                ADC_Read
 .text.SystemInit
                0x00001c4c      0x140 D:\Assingment 4 workspace\Lib_CMSISv1p30_LPC17xx\Debug\libCMSISv1p30_LPC17xx.a(system_LPC17xx.o)
                0x00001c4c                SystemInit
 .text.led7seg_init
                0x00001d8c       0x18 D:\Assingment 4 workspace\Lib_EaBaseBoard\Debug\libLib_EaBaseBoard.a(led7seg.o)
                0x00001d8c                led7seg_init
 .text.led7seg_setChar
                0x00001da4       0x70 D:\Assingment 4 workspace\Lib_EaBaseBoard\Debug\libLib_EaBaseBoard.a(led7seg.o)
                0x00001da4                led7seg_setChar
 .text.I2CWrite
                0x00001e14       0x50 D:\Assingment 4 workspace\Lib_EaBaseBoard\Debug\libLib_EaBaseBoard.a(pca9532.o)
 .text.setLsStates
                0x00001e64       0xcc D:\Assingment 4 workspace\Lib_EaBaseBoard\Debug\libLib_EaBaseBoard.a(pca9532.o)
 .text.setLeds  0x00001f30       0x80 D:\Assingment 4 workspace\Lib_EaBaseBoard\Debug\libLib_EaBaseBoard.a(pca9532.o)
 .text.pca9532_init
                0x00001fb0        0xc D:\Assingment 4 workspace\Lib_EaBaseBoard\Debug\libLib_EaBaseBoard.a(pca9532.o)
                0x00001fb0                pca9532_init
 .text.pca9532_setLeds
                0x00001fbc       0x78 D:\Assingment 4 workspace\Lib_EaBaseBoard\Debug\libLib_EaBaseBoard.a(pca9532.o)
                0x00001fbc                pca9532_setLeds
 .text.rgb_init
                0x00002034       0x28 D:\Assingment 4 workspace\Lib_EaBaseBoard\Debug\libLib_EaBaseBoard.a(rgb.o)
                0x00002034                rgb_init
 .text.rgb_setLeds
                0x0000205c       0x68 D:\Assingment 4 workspace\Lib_EaBaseBoard\Debug\libLib_EaBaseBoard.a(rgb.o)
                0x0000205c                rgb_setLeds
 .text.GPIO_GetPointer
                0x000020c4       0x74 D:\Assingment 4 workspace\Lib_MCU\Debug\libLib_MCU.a(lpc17xx_gpio.o)
 .text.GPIO_SetDir
                0x00002138       0x48 D:\Assingment 4 workspace\Lib_MCU\Debug\libLib_MCU.a(lpc17xx_gpio.o)
                0x00002138                GPIO_SetDir
 .text.GPIO_SetValue
                0x00002180       0x28 D:\Assingment 4 workspace\Lib_MCU\Debug\libLib_MCU.a(lpc17xx_gpio.o)
                0x00002180                GPIO_SetValue
 .text.GPIO_ClearValue
                0x000021a8       0x28 D:\Assingment 4 workspace\Lib_MCU\Debug\libLib_MCU.a(lpc17xx_gpio.o)
                0x000021a8                GPIO_ClearValue
 .text.NVIC_EnableIRQ
                0x000021d0       0x30 D:\Assingment 4 workspace\Lib_MCU\Debug\libLib_MCU.a(lpc17xx_i2c.o)
 .text.NVIC_DisableIRQ
                0x00002200       0x34 D:\Assingment 4 workspace\Lib_MCU\Debug\libLib_MCU.a(lpc17xx_i2c.o)
 .text.I2C_getNum
                0x00002234       0x48 D:\Assingment 4 workspace\Lib_MCU\Debug\libLib_MCU.a(lpc17xx_i2c.o)
 .text.I2C_Start
                0x0000227c       0x3c D:\Assingment 4 workspace\Lib_MCU\Debug\libLib_MCU.a(lpc17xx_i2c.o)
 .text.I2C_Stop
                0x000022b8       0x30 D:\Assingment 4 workspace\Lib_MCU\Debug\libLib_MCU.a(lpc17xx_i2c.o)
 .text.I2C_SendByte
                0x000022e8       0x4c D:\Assingment 4 workspace\Lib_MCU\Debug\libLib_MCU.a(lpc17xx_i2c.o)
 .text.I2C_GetByte
                0x00002334       0x54 D:\Assingment 4 workspace\Lib_MCU\Debug\libLib_MCU.a(lpc17xx_i2c.o)
 .text.I2C_SetClock
                0x00002388       0xa0 D:\Assingment 4 workspace\Lib_MCU\Debug\libLib_MCU.a(lpc17xx_i2c.o)
 .text.I2C_Init
                0x00002428       0xa4 D:\Assingment 4 workspace\Lib_MCU\Debug\libLib_MCU.a(lpc17xx_i2c.o)
                0x00002428                I2C_Init
 .text.I2C_Cmd  0x000024cc       0x70 D:\Assingment 4 workspace\Lib_MCU\Debug\libLib_MCU.a(lpc17xx_i2c.o)
                0x000024cc                I2C_Cmd
 .text.I2C_IntCmd
                0x0000253c       0x84 D:\Assingment 4 workspace\Lib_MCU\Debug\libLib_MCU.a(lpc17xx_i2c.o)
                0x0000253c                I2C_IntCmd
 .text.I2C_MasterTransferData
                0x000025c0      0x2d8 D:\Assingment 4 workspace\Lib_MCU\Debug\libLib_MCU.a(lpc17xx_i2c.o)
                0x000025c0                I2C_MasterTransferData
 .text.set_PinFunc
                0x00002898       0x80 D:\Assingment 4 workspace\Lib_MCU\Debug\libLib_MCU.a(lpc17xx_pinsel.o)
 .text.set_ResistorMode
                0x00002918       0x80 D:\Assingment 4 workspace\Lib_MCU\Debug\libLib_MCU.a(lpc17xx_pinsel.o)
 .text.set_OpenDrainMode
                0x00002998       0x6c D:\Assingment 4 workspace\Lib_MCU\Debug\libLib_MCU.a(lpc17xx_pinsel.o)
 .text.PINSEL_ConfigPin
                0x00002a04       0x50 D:\Assingment 4 workspace\Lib_MCU\Debug\libLib_MCU.a(lpc17xx_pinsel.o)
                0x00002a04                PINSEL_ConfigPin
 .text.setSSPclock
                0x00002a54       0xc4 D:\Assingment 4 workspace\Lib_MCU\Debug\libLib_MCU.a(lpc17xx_ssp.o)
 .text.SSP_Init
                0x00002b18       0x9c D:\Assingment 4 workspace\Lib_MCU\Debug\libLib_MCU.a(lpc17xx_ssp.o)
                0x00002b18                SSP_Init
 .text.SSP_GetDataSize
                0x00002bb4       0x40 D:\Assingment 4 workspace\Lib_MCU\Debug\libLib_MCU.a(lpc17xx_ssp.o)
                0x00002bb4                SSP_GetDataSize
 .text.SSP_ConfigStructInit
                0x00002bf4       0x3c D:\Assingment 4 workspace\Lib_MCU\Debug\libLib_MCU.a(lpc17xx_ssp.o)
                0x00002bf4                SSP_ConfigStructInit
 .text.SSP_Cmd  0x00002c30       0x6c D:\Assingment 4 workspace\Lib_MCU\Debug\libLib_MCU.a(lpc17xx_ssp.o)
                0x00002c30                SSP_Cmd
 .text.SSP_SendData
                0x00002c9c       0x40 D:\Assingment 4 workspace\Lib_MCU\Debug\libLib_MCU.a(lpc17xx_ssp.o)
                0x00002c9c                SSP_SendData
 .text.SSP_ReceiveData
                0x00002cdc       0x3c D:\Assingment 4 workspace\Lib_MCU\Debug\libLib_MCU.a(lpc17xx_ssp.o)
                0x00002cdc                SSP_ReceiveData
 .text.SSP_ReadWrite
                0x00002d18      0x354 D:\Assingment 4 workspace\Lib_MCU\Debug\libLib_MCU.a(lpc17xx_ssp.o)
                0x00002d18                SSP_ReadWrite
 .text.CLKPWR_SetPCLKDiv
                0x0000306c       0x8c D:\Assingment 4 workspace\Lib_MCU\Debug\libLib_MCU.a(lpc17xx_clkpwr.o)
                0x0000306c                CLKPWR_SetPCLKDiv
 .text.CLKPWR_GetPCLKSEL
                0x000030f8       0x4c D:\Assingment 4 workspace\Lib_MCU\Debug\libLib_MCU.a(lpc17xx_clkpwr.o)
                0x000030f8                CLKPWR_GetPCLKSEL
 .text.CLKPWR_GetPCLK
                0x00003144       0x64 D:\Assingment 4 workspace\Lib_MCU\Debug\libLib_MCU.a(lpc17xx_clkpwr.o)
                0x00003144                CLKPWR_GetPCLK
 .text.CLKPWR_ConfigPPWR
                0x000031a8       0x58 D:\Assingment 4 workspace\Lib_MCU\Debug\libLib_MCU.a(lpc17xx_clkpwr.o)
                0x000031a8                CLKPWR_ConfigPPWR
 .text          0x00003200      0x370 c:/nxp/lpcxpresso_7.9.2_493/lpcxpresso/tools/bin/../lib/gcc/arm-none-eabi/4.9.3/armv7-m\libgcc.a(_arm_addsubdf3.o)
                0x00003200                __aeabi_drsub
                0x00003208                __aeabi_dsub
                0x00003208                __subdf3
                0x0000320c                __aeabi_dadd
                0x0000320c                __adddf3
                0x00003484                __floatunsidf
                0x00003484                __aeabi_ui2d
                0x000034a4                __floatsidf
                0x000034a4                __aeabi_i2d
                0x000034c8                __aeabi_f2d
                0x000034c8                __extendsfdf2
                0x00003504                __floatundidf
                0x00003504                __aeabi_ul2d
                0x00003514                __floatdidf
                0x00003514                __aeabi_l2d
 .text          0x00003570       0x40 c:/nxp/lpcxpresso_7.9.2_493/lpcxpresso/tools/bin/../lib/gcc/arm-none-eabi/4.9.3/armv7-m\libgcc.a(_arm_fixunsdfsi.o)
                0x00003570                __aeabi_d2uiz
                0x00003570                __fixunsdfsi
 .text          0x000035b0      0x21c c:/nxp/lpcxpresso_7.9.2_493/lpcxpresso/tools/bin/../lib/gcc/arm-none-eabi/4.9.3/armv7-m\libgcc.a(_arm_addsubsf3.o)
                0x000035b0                __aeabi_frsub
                0x000035b8                __subsf3
                0x000035b8                __aeabi_fsub
                0x000035bc                __aeabi_fadd
                0x000035bc                __addsf3
                0x0000371c                __aeabi_ui2f
                0x0000371c                __floatunsisf
                0x00003724                __aeabi_i2f
                0x00003724                __floatsisf
                0x00003740                __aeabi_ul2f
                0x00003740                __floatundisf
                0x00003750                __aeabi_l2f
                0x00003750                __floatdisf
 .text          0x000037cc      0x2a0 c:/nxp/lpcxpresso_7.9.2_493/lpcxpresso/tools/bin/../lib/gcc/arm-none-eabi/4.9.3/armv7-m\libgcc.a(_arm_muldivsf3.o)
                0x000037cc                __mulsf3
                0x000037cc                __aeabi_fmul
                0x00003934                __aeabi_fdiv
                0x00003934                __divsf3
 .text          0x00003a6c       0x40 c:/nxp/lpcxpresso_7.9.2_493/lpcxpresso/tools/bin/../lib/gcc/arm-none-eabi/4.9.3/armv7-m\libgcc.a(_arm_fixunssfsi.o)
                0x00003a6c                __fixunssfsi
                0x00003a6c                __aeabi_f2uiz
 .text          0x00003aac       0x30 c:/nxp/lpcxpresso_7.9.2_493/lpcxpresso/tools/bin/../lib/gcc/arm-none-eabi/4.9.3/armv7-m\libgcc.a(_aeabi_uldivmod.o)
                0x00003aac                __aeabi_uldivmod
 .text          0x00003adc       0x60 c:/nxp/lpcxpresso_7.9.2_493/lpcxpresso/tools/bin/../lib/gcc/arm-none-eabi/4.9.3/armv7-m\libgcc.a(bpabi.o)
                0x00003adc                __gnu_ldivmod_helper
                0x00003b0c                __gnu_uldivmod_helper
 .text          0x00003b3c        0x4 c:/nxp/lpcxpresso_7.9.2_493/lpcxpresso/tools/bin/../lib/gcc/arm-none-eabi/4.9.3/armv7-m\libgcc.a(_dvmd_tls.o)
                0x00003b3c                __aeabi_idiv0
                0x00003b3c                __aeabi_ldiv0
 .text          0x00003b40      0x2ac c:/nxp/lpcxpresso_7.9.2_493/lpcxpresso/tools/bin/../lib/gcc/arm-none-eabi/4.9.3/armv7-m\libgcc.a(_divdi3.o)
                0x00003b40                __divdi3
 .text          0x00003dec      0x270 c:/nxp/lpcxpresso_7.9.2_493/lpcxpresso/tools/bin/../lib/gcc/arm-none-eabi/4.9.3/armv7-m\libgcc.a(_udivdi3.o)
                0x00003dec                __udivdi3
 .text._malloc_r
                0x0000405c      0x50c c:/nxp/lpcxpresso_7.9.2_493/lpcxpresso/tools/bin/../lib/gcc/arm-none-eabi/4.9.3/../../../../arm-none-eabi/lib/armv7-m\libc.a(lib_a-mallocr.o)
                0x0000405c                _malloc_r
 .text          0x00004568       0xec c:/nxp/lpcxpresso_7.9.2_493/lpcxpresso/tools/bin/../lib/gcc/arm-none-eabi/4.9.3/../../../../arm-none-eabi/lib/armv7-m\libc.a(lib_a-memcpy.o)
                0x00004568                memcpy
 .text.__malloc_lock
                0x00004654        0x4 c:/nxp/lpcxpresso_7.9.2_493/lpcxpresso/tools/bin/../lib/gcc/arm-none-eabi/4.9.3/../../../../arm-none-eabi/lib/armv7-m\libc.a(lib_a-mlock.o)
                0x00004654                __malloc_lock
 .text.__malloc_unlock
                0x00004658        0x4 c:/nxp/lpcxpresso_7.9.2_493/lpcxpresso/tools/bin/../lib/gcc/arm-none-eabi/4.9.3/../../../../arm-none-eabi/lib/armv7-m\libc.a(lib_a-mlock.o)
                0x00004658                __malloc_unlock
 .text.printf   0x0000465c       0x28 c:/nxp/lpcxpresso_7.9.2_493/lpcxpresso/tools/bin/../lib/gcc/arm-none-eabi/4.9.3/../../../../arm-none-eabi/lib/armv7-m\libc.a(lib_a-printf.o)
                0x0000465c                printf
 .text._sbrk_r  0x00004684       0x24 c:/nxp/lpcxpresso_7.9.2_493/lpcxpresso/tools/bin/../lib/gcc/arm-none-eabi/4.9.3/../../../../arm-none-eabi/lib/armv7-m\libc.a(lib_a-sbrkr.o)
                0x00004684                _sbrk_r
 .text.sprintf  0x000046a8       0x4c c:/nxp/lpcxpresso_7.9.2_493/lpcxpresso/tools/bin/../lib/gcc/arm-none-eabi/4.9.3/../../../../arm-none-eabi/lib/armv7-m\libc.a(lib_a-sprintf.o)
                0x000046a8                sprintf
 .text.strlen   0x000046f4       0x5c c:/nxp/lpcxpresso_7.9.2_493/lpcxpresso/tools/bin/../lib/gcc/arm-none-eabi/4.9.3/../../../../arm-none-eabi/lib/armv7-m\libc.a(lib_a-strlen.o)
                0x000046f4                strlen
 .text._svfprintf_r
                0x00004750     0x14f4 c:/nxp/lpcxpresso_7.9.2_493/lpcxpresso/tools/bin/../lib/gcc/arm-none-eabi/4.9.3/../../../../arm-none-eabi/lib/armv7-m\libc.a(lib_a-svfprintf.o)
                0x00004750                _svfprintf_r
 .text._vfprintf_r
                0x00005c44     0x1448 c:/nxp/lpcxpresso_7.9.2_493/lpcxpresso/tools/bin/../lib/gcc/arm-none-eabi/4.9.3/../../../../arm-none-eabi/lib/armv7-m\libc.a(lib_a-vfprintf.o)
                0x00005c44                _vfprintf_r
 .text.__sbprintf
                0x0000708c       0x7c c:/nxp/lpcxpresso_7.9.2_493/lpcxpresso/tools/bin/../lib/gcc/arm-none-eabi/4.9.3/../../../../arm-none-eabi/lib/armv7-m\libc.a(lib_a-vfprintf.o)
 .text.__swsetup_r
                0x00007108       0xc4 c:/nxp/lpcxpresso_7.9.2_493/lpcxpresso/tools/bin/../lib/gcc/arm-none-eabi/4.9.3/../../../../arm-none-eabi/lib/armv7-m\libc.a(lib_a-wsetup.o)
                0x00007108                __swsetup_r
 .text.quorem   0x000071cc      0x130 c:/nxp/lpcxpresso_7.9.2_493/lpcxpresso/tools/bin/../lib/gcc/arm-none-eabi/4.9.3/../../../../arm-none-eabi/lib/armv7-m\libc.a(lib_a-dtoa.o)
 *fill*         0x000072fc        0x4 
 .text._dtoa_r  0x00007300      0xea4 c:/nxp/lpcxpresso_7.9.2_493/lpcxpresso/tools/bin/../lib/gcc/arm-none-eabi/4.9.3/../../../../arm-none-eabi/lib/armv7-m\libc.a(lib_a-dtoa.o)
                0x00007300                _dtoa_r
 .text.__sflush_r
                0x000081a4      0x148 c:/nxp/lpcxpresso_7.9.2_493/lpcxpresso/tools/bin/../lib/gcc/arm-none-eabi/4.9.3/../../../../arm-none-eabi/lib/armv7-m\libc.a(lib_a-fflush.o)
                0x000081a4                __sflush_r
 .text._fflush_r
                0x000082ec       0x2c c:/nxp/lpcxpresso_7.9.2_493/lpcxpresso/tools/bin/../lib/gcc/arm-none-eabi/4.9.3/../../../../arm-none-eabi/lib/armv7-m\libc.a(lib_a-fflush.o)
                0x000082ec                _fflush_r
 .text._cleanup_r
                0x00008318        0xc c:/nxp/lpcxpresso_7.9.2_493/lpcxpresso/tools/bin/../lib/gcc/arm-none-eabi/4.9.3/../../../../arm-none-eabi/lib/armv7-m\libc.a(lib_a-findfp.o)
                0x00008318                _cleanup_r
 .text.__sinit.part.1
                0x00008324       0xf0 c:/nxp/lpcxpresso_7.9.2_493/lpcxpresso/tools/bin/../lib/gcc/arm-none-eabi/4.9.3/../../../../arm-none-eabi/lib/armv7-m\libc.a(lib_a-findfp.o)
 .text.__sinit  0x00008414        0xc c:/nxp/lpcxpresso_7.9.2_493/lpcxpresso/tools/bin/../lib/gcc/arm-none-eabi/4.9.3/../../../../arm-none-eabi/lib/armv7-m\libc.a(lib_a-findfp.o)
                0x00008414                __sinit
 .text.__sfp_lock_acquire
                0x00008420        0x4 c:/nxp/lpcxpresso_7.9.2_493/lpcxpresso/tools/bin/../lib/gcc/arm-none-eabi/4.9.3/../../../../arm-none-eabi/lib/armv7-m\libc.a(lib_a-findfp.o)
                0x00008420                __sfp_lock_acquire
 .text.__sfp_lock_release
                0x00008424        0x4 c:/nxp/lpcxpresso_7.9.2_493/lpcxpresso/tools/bin/../lib/gcc/arm-none-eabi/4.9.3/../../../../arm-none-eabi/lib/armv7-m\libc.a(lib_a-findfp.o)
                0x00008424                __sfp_lock_release
 .text._malloc_trim_r
                0x00008428       0x9c c:/nxp/lpcxpresso_7.9.2_493/lpcxpresso/tools/bin/../lib/gcc/arm-none-eabi/4.9.3/../../../../arm-none-eabi/lib/armv7-m\libc.a(lib_a-freer.o)
                0x00008428                _malloc_trim_r
 .text._free_r  0x000084c4      0x1b0 c:/nxp/lpcxpresso_7.9.2_493/lpcxpresso/tools/bin/../lib/gcc/arm-none-eabi/4.9.3/../../../../arm-none-eabi/lib/armv7-m\libc.a(lib_a-freer.o)
                0x000084c4                _free_r
 .text._fwalk_reent
                0x00008674       0x50 c:/nxp/lpcxpresso_7.9.2_493/lpcxpresso/tools/bin/../lib/gcc/arm-none-eabi/4.9.3/../../../../arm-none-eabi/lib/armv7-m\libc.a(lib_a-fwalk.o)
                0x00008674                _fwalk_reent
 .text.__locale_charset
                0x000086c4        0x8 c:/nxp/lpcxpresso_7.9.2_493/lpcxpresso/tools/bin/../lib/gcc/arm-none-eabi/4.9.3/../../../../arm-none-eabi/lib/armv7-m\libc.a(lib_a-locale.o)
                0x000086c4                __locale_charset
 .text.__locale_mb_cur_max
                0x000086cc        0xc c:/nxp/lpcxpresso_7.9.2_493/lpcxpresso/tools/bin/../lib/gcc/arm-none-eabi/4.9.3/../../../../arm-none-eabi/lib/armv7-m\libc.a(lib_a-locale.o)
                0x000086cc                __locale_mb_cur_max
 .text._localeconv_r
                0x000086d8        0x8 c:/nxp/lpcxpresso_7.9.2_493/lpcxpresso/tools/bin/../lib/gcc/arm-none-eabi/4.9.3/../../../../arm-none-eabi/lib/armv7-m\libc.a(lib_a-locale.o)
                0x000086d8                _localeconv_r
 .text.__smakebuf_r
                0x000086e0       0xe0 c:/nxp/lpcxpresso_7.9.2_493/lpcxpresso/tools/bin/../lib/gcc/arm-none-eabi/4.9.3/../../../../arm-none-eabi/lib/armv7-m\libc.a(lib_a-makebuf.o)
                0x000086e0                __smakebuf_r
 .text.memchr   0x000087c0       0x94 c:/nxp/lpcxpresso_7.9.2_493/lpcxpresso/tools/bin/../lib/gcc/arm-none-eabi/4.9.3/../../../../arm-none-eabi/lib/armv7-m\libc.a(lib_a-memchr.o)
                0x000087c0                memchr
 .text.memset   0x00008854       0x9c c:/nxp/lpcxpresso_7.9.2_493/lpcxpresso/tools/bin/../lib/gcc/arm-none-eabi/4.9.3/../../../../arm-none-eabi/lib/armv7-m\libc.a(lib_a-memset.o)
                0x00008854                memset
 .text._Balloc  0x000088f0       0x50 c:/nxp/lpcxpresso_7.9.2_493/lpcxpresso/tools/bin/../lib/gcc/arm-none-eabi/4.9.3/../../../../arm-none-eabi/lib/armv7-m\libc.a(lib_a-mprec.o)
                0x000088f0                _Balloc
 .text._Bfree   0x00008940       0x14 c:/nxp/lpcxpresso_7.9.2_493/lpcxpresso/tools/bin/../lib/gcc/arm-none-eabi/4.9.3/../../../../arm-none-eabi/lib/armv7-m\libc.a(lib_a-mprec.o)
                0x00008940                _Bfree
 .text.__multadd
                0x00008954       0x84 c:/nxp/lpcxpresso_7.9.2_493/lpcxpresso/tools/bin/../lib/gcc/arm-none-eabi/4.9.3/../../../../arm-none-eabi/lib/armv7-m\libc.a(lib_a-mprec.o)
                0x00008954                __multadd
 .text.__hi0bits
                0x000089d8       0x40 c:/nxp/lpcxpresso_7.9.2_493/lpcxpresso/tools/bin/../lib/gcc/arm-none-eabi/4.9.3/../../../../arm-none-eabi/lib/armv7-m\libc.a(lib_a-mprec.o)
                0x000089d8                __hi0bits
 .text.__lo0bits
                0x00008a18       0x5c c:/nxp/lpcxpresso_7.9.2_493/lpcxpresso/tools/bin/../lib/gcc/arm-none-eabi/4.9.3/../../../../arm-none-eabi/lib/armv7-m\libc.a(lib_a-mprec.o)
                0x00008a18                __lo0bits
 .text.__i2b    0x00008a74       0x14 c:/nxp/lpcxpresso_7.9.2_493/lpcxpresso/tools/bin/../lib/gcc/arm-none-eabi/4.9.3/../../../../arm-none-eabi/lib/armv7-m\libc.a(lib_a-mprec.o)
                0x00008a74                __i2b
 .text.__multiply
                0x00008a88      0x140 c:/nxp/lpcxpresso_7.9.2_493/lpcxpresso/tools/bin/../lib/gcc/arm-none-eabi/4.9.3/../../../../arm-none-eabi/lib/armv7-m\libc.a(lib_a-mprec.o)
                0x00008a88                __multiply
 .text.__pow5mult
                0x00008bc8       0xa0 c:/nxp/lpcxpresso_7.9.2_493/lpcxpresso/tools/bin/../lib/gcc/arm-none-eabi/4.9.3/../../../../arm-none-eabi/lib/armv7-m\libc.a(lib_a-mprec.o)
                0x00008bc8                __pow5mult
 .text.__lshift
                0x00008c68       0xb0 c:/nxp/lpcxpresso_7.9.2_493/lpcxpresso/tools/bin/../lib/gcc/arm-none-eabi/4.9.3/../../../../arm-none-eabi/lib/armv7-m\libc.a(lib_a-mprec.o)
                0x00008c68                __lshift
 .text.__mcmp   0x00008d18       0x48 c:/nxp/lpcxpresso_7.9.2_493/lpcxpresso/tools/bin/../lib/gcc/arm-none-eabi/4.9.3/../../../../arm-none-eabi/lib/armv7-m\libc.a(lib_a-mprec.o)
                0x00008d18                __mcmp
 .text.__mdiff  0x00008d60       0xe4 c:/nxp/lpcxpresso_7.9.2_493/lpcxpresso/tools/bin/../lib/gcc/arm-none-eabi/4.9.3/../../../../arm-none-eabi/lib/armv7-m\libc.a(lib_a-mprec.o)
                0x00008d60                __mdiff
 .text.__d2b    0x00008e44       0xa8 c:/nxp/lpcxpresso_7.9.2_493/lpcxpresso/tools/bin/../lib/gcc/arm-none-eabi/4.9.3/../../../../arm-none-eabi/lib/armv7-m\libc.a(lib_a-mprec.o)
                0x00008e44                __d2b
 .text.__fpclassifyd
                0x00008eec       0x58 c:/nxp/lpcxpresso_7.9.2_493/lpcxpresso/tools/bin/../lib/gcc/arm-none-eabi/4.9.3/../../../../arm-none-eabi/lib/armv7-m\libc.a(lib_a-s_fpclassify.o)
                0x00008eec                __fpclassifyd
 .text.__sread  0x00008f44       0x24 c:/nxp/lpcxpresso_7.9.2_493/lpcxpresso/tools/bin/../lib/gcc/arm-none-eabi/4.9.3/../../../../arm-none-eabi/lib/armv7-m\libc.a(lib_a-stdio.o)
                0x00008f44                __sread
 .text.__swrite
                0x00008f68       0x38 c:/nxp/lpcxpresso_7.9.2_493/lpcxpresso/tools/bin/../lib/gcc/arm-none-eabi/4.9.3/../../../../arm-none-eabi/lib/armv7-m\libc.a(lib_a-stdio.o)
                0x00008f68                __swrite
 .text.__sseek  0x00008fa0       0x20 c:/nxp/lpcxpresso_7.9.2_493/lpcxpresso/tools/bin/../lib/gcc/arm-none-eabi/4.9.3/../../../../arm-none-eabi/lib/armv7-m\libc.a(lib_a-stdio.o)
                0x00008fa0                __sseek
 .text.__sclose
                0x00008fc0        0x8 c:/nxp/lpcxpresso_7.9.2_493/lpcxpresso/tools/bin/../lib/gcc/arm-none-eabi/4.9.3/../../../../arm-none-eabi/lib/armv7-m\libc.a(lib_a-stdio.o)
                0x00008fc0                __sclose
 .text.__ssprint_r
                0x00008fc8      0x104 c:/nxp/lpcxpresso_7.9.2_493/lpcxpresso/tools/bin/../lib/gcc/arm-none-eabi/4.9.3/../../../../arm-none-eabi/lib/armv7-m\libc.a(lib_a-svfiprintf.o)
                0x00008fc8                __ssprint_r
 .text.__sprint_r.part.0
                0x000090cc       0x78 c:/nxp/lpcxpresso_7.9.2_493/lpcxpresso/tools/bin/../lib/gcc/arm-none-eabi/4.9.3/../../../../arm-none-eabi/lib/armv7-m\libc.a(lib_a-vfiprintf.o)
 .text.__sprint_r
                0x00009144       0x18 c:/nxp/lpcxpresso_7.9.2_493/lpcxpresso/tools/bin/../lib/gcc/arm-none-eabi/4.9.3/../../../../arm-none-eabi/lib/armv7-m\libc.a(lib_a-vfiprintf.o)
                0x00009144                __sprint_r
 .text._write_r
                0x0000915c       0x28 c:/nxp/lpcxpresso_7.9.2_493/lpcxpresso/tools/bin/../lib/gcc/arm-none-eabi/4.9.3/../../../../arm-none-eabi/lib/armv7-m\libc.a(lib_a-writer.o)
                0x0000915c                _write_r
 .text._calloc_r
                0x00009184       0x60 c:/nxp/lpcxpresso_7.9.2_493/lpcxpresso/tools/bin/../lib/gcc/arm-none-eabi/4.9.3/../../../../arm-none-eabi/lib/armv7-m\libc.a(lib_a-callocr.o)
                0x00009184                _calloc_r
 .text._close_r
                0x000091e4       0x24 c:/nxp/lpcxpresso_7.9.2_493/lpcxpresso/tools/bin/../lib/gcc/arm-none-eabi/4.9.3/../../../../arm-none-eabi/lib/armv7-m\libc.a(lib_a-closer.o)
                0x000091e4                _close_r
 .text._fclose_r
                0x00009208       0x84 c:/nxp/lpcxpresso_7.9.2_493/lpcxpresso/tools/bin/../lib/gcc/arm-none-eabi/4.9.3/../../../../arm-none-eabi/lib/armv7-m\libc.a(lib_a-fclose.o)
                0x00009208                _fclose_r
 .text.__fputwc
                0x0000928c       0xb0 c:/nxp/lpcxpresso_7.9.2_493/lpcxpresso/tools/bin/../lib/gcc/arm-none-eabi/4.9.3/../../../../arm-none-eabi/lib/armv7-m\libc.a(lib_a-fputwc.o)
                0x0000928c                __fputwc
 .text._fputwc_r
                0x0000933c       0x24 c:/nxp/lpcxpresso_7.9.2_493/lpcxpresso/tools/bin/../lib/gcc/arm-none-eabi/4.9.3/../../../../arm-none-eabi/lib/armv7-m\libc.a(lib_a-fputwc.o)
                0x0000933c                _fputwc_r
 .text._fstat_r
                0x00009360       0x28 c:/nxp/lpcxpresso_7.9.2_493/lpcxpresso/tools/bin/../lib/gcc/arm-none-eabi/4.9.3/../../../../arm-none-eabi/lib/armv7-m\libc.a(lib_a-fstatr.o)
                0x00009360                _fstat_r
 .text.__sfvwrite_r
                0x00009388      0x320 c:/nxp/lpcxpresso_7.9.2_493/lpcxpresso/tools/bin/../lib/gcc/arm-none-eabi/4.9.3/../../../../arm-none-eabi/lib/armv7-m\libc.a(lib_a-fvwrite.o)
                0x00009388                __sfvwrite_r
 .text._isatty_r
                0x000096a8       0x24 c:/nxp/lpcxpresso_7.9.2_493/lpcxpresso/tools/bin/../lib/gcc/arm-none-eabi/4.9.3/../../../../arm-none-eabi/lib/armv7-m\libc.a(lib_a-isattyr.o)
                0x000096a8                _isatty_r
 .text._lseek_r
                0x000096cc       0x28 c:/nxp/lpcxpresso_7.9.2_493/lpcxpresso/tools/bin/../lib/gcc/arm-none-eabi/4.9.3/../../../../arm-none-eabi/lib/armv7-m\libc.a(lib_a-lseekr.o)
                0x000096cc                _lseek_r
 .text.memmove  0x000096f4       0xc8 c:/nxp/lpcxpresso_7.9.2_493/lpcxpresso/tools/bin/../lib/gcc/arm-none-eabi/4.9.3/../../../../arm-none-eabi/lib/armv7-m\libc.a(lib_a-memmove.o)
                0x000096f4                memmove
 .text._read_r  0x000097bc       0x28 c:/nxp/lpcxpresso_7.9.2_493/lpcxpresso/tools/bin/../lib/gcc/arm-none-eabi/4.9.3/../../../../arm-none-eabi/lib/armv7-m\libc.a(lib_a-readr.o)
                0x000097bc                _read_r
 .text._realloc_r
                0x000097e4      0x3e0 c:/nxp/lpcxpresso_7.9.2_493/lpcxpresso/tools/bin/../lib/gcc/arm-none-eabi/4.9.3/../../../../arm-none-eabi/lib/armv7-m\libc.a(lib_a-reallocr.o)
                0x000097e4                _realloc_r
 .text.__swbuf_r
                0x00009bc4       0xa8 c:/nxp/lpcxpresso_7.9.2_493/lpcxpresso/tools/bin/../lib/gcc/arm-none-eabi/4.9.3/../../../../arm-none-eabi/lib/armv7-m\libc.a(lib_a-wbuf.o)
                0x00009bc4                __swbuf_r
 .text._wcrtomb_r
                0x00009c6c       0x54 c:/nxp/lpcxpresso_7.9.2_493/lpcxpresso/tools/bin/../lib/gcc/arm-none-eabi/4.9.3/../../../../arm-none-eabi/lib/armv7-m\libc.a(lib_a-wcrtomb.o)
                0x00009c6c                _wcrtomb_r
 .text.__ascii_wctomb
                0x00009cc0       0x1c c:/nxp/lpcxpresso_7.9.2_493/lpcxpresso/tools/bin/../lib/gcc/arm-none-eabi/4.9.3/../../../../arm-none-eabi/lib/armv7-m\libc.a(lib_a-wctomb_r.o)
                0x00009cc0                __ascii_wctomb
 .text._sbrk    0x00009cdc       0x3c c:/nxp/lpcxpresso_7.9.2_493/lpcxpresso/tools/bin/../lib/gcc/arm-none-eabi/4.9.3/../../../../arm-none-eabi/lib/armv7-m\libcr_newlib_semihost.a(_cr_sbrk.o)
                0x00009cdc                _sbrk
 .text.error    0x00009d18       0x1c c:/nxp/lpcxpresso_7.9.2_493/lpcxpresso/tools/bin/../lib/gcc/arm-none-eabi/4.9.3/../../../../arm-none-eabi/lib/armv7-m\libcr_newlib_semihost.a(syscalls.o)
 .text.initialise_monitor_handles.part.0
                0x00009d34       0xa8 c:/nxp/lpcxpresso_7.9.2_493/lpcxpresso/tools/bin/../lib/gcc/arm-none-eabi/4.9.3/../../../../arm-none-eabi/lib/armv7-m\libcr_newlib_semihost.a(syscalls.o)
 .text.checkerror
                0x00009ddc        0xa c:/nxp/lpcxpresso_7.9.2_493/lpcxpresso/tools/bin/../lib/gcc/arm-none-eabi/4.9.3/../../../../arm-none-eabi/lib/armv7-m\libcr_newlib_semihost.a(syscalls.o)
 *fill*         0x00009de6        0x2 
 .text.findslot
                0x00009de8       0x30 c:/nxp/lpcxpresso_7.9.2_493/lpcxpresso/tools/bin/../lib/gcc/arm-none-eabi/4.9.3/../../../../arm-none-eabi/lib/armv7-m\libcr_newlib_semihost.a(syscalls.o)
 .text._swiread
                0x00009e18       0x20 c:/nxp/lpcxpresso_7.9.2_493/lpcxpresso/tools/bin/../lib/gcc/arm-none-eabi/4.9.3/../../../../arm-none-eabi/lib/armv7-m\libcr_newlib_semihost.a(syscalls.o)
                0x00009e18                _swiread
 .text._read    0x00009e38       0x34 c:/nxp/lpcxpresso_7.9.2_493/lpcxpresso/tools/bin/../lib/gcc/arm-none-eabi/4.9.3/../../../../arm-none-eabi/lib/armv7-m\libcr_newlib_semihost.a(syscalls.o)
                0x00009e38                _read
 .text._swilseek
                0x00009e6c       0x7a c:/nxp/lpcxpresso_7.9.2_493/lpcxpresso/tools/bin/../lib/gcc/arm-none-eabi/4.9.3/../../../../arm-none-eabi/lib/armv7-m\libcr_newlib_semihost.a(syscalls.o)
                0x00009e6c                _swilseek
 .text._lseek   0x00009ee6        0x4 c:/nxp/lpcxpresso_7.9.2_493/lpcxpresso/tools/bin/../lib/gcc/arm-none-eabi/4.9.3/../../../../arm-none-eabi/lib/armv7-m\libcr_newlib_semihost.a(syscalls.o)
                0x00009ee6                _lseek
 .text._swiwrite
                0x00009eea       0x20 c:/nxp/lpcxpresso_7.9.2_493/lpcxpresso/tools/bin/../lib/gcc/arm-none-eabi/4.9.3/../../../../arm-none-eabi/lib/armv7-m\libcr_newlib_semihost.a(syscalls.o)
                0x00009eea                _swiwrite
 .text._write   0x00009f0a       0x42 c:/nxp/lpcxpresso_7.9.2_493/lpcxpresso/tools/bin/../lib/gcc/arm-none-eabi/4.9.3/../../../../arm-none-eabi/lib/armv7-m\libcr_newlib_semihost.a(syscalls.o)
                0x00009f0a                _write
 .text._swiclose
                0x00009f4c       0x1c c:/nxp/lpcxpresso_7.9.2_493/lpcxpresso/tools/bin/../lib/gcc/arm-none-eabi/4.9.3/../../../../arm-none-eabi/lib/armv7-m\libcr_newlib_semihost.a(syscalls.o)
                0x00009f4c                _swiclose
 .text._close   0x00009f68       0x48 c:/nxp/lpcxpresso_7.9.2_493/lpcxpresso/tools/bin/../lib/gcc/arm-none-eabi/4.9.3/../../../../arm-none-eabi/lib/armv7-m\libcr_newlib_semihost.a(syscalls.o)
                0x00009f68                _close
 .text._swistat
                0x00009fb0       0x42 c:/nxp/lpcxpresso_7.9.2_493/lpcxpresso/tools/bin/../lib/gcc/arm-none-eabi/4.9.3/../../../../arm-none-eabi/lib/armv7-m\libcr_newlib_semihost.a(syscalls.o)
                0x00009fb0                _swistat
 .text._fstat   0x00009ff2       0x1c c:/nxp/lpcxpresso_7.9.2_493/lpcxpresso/tools/bin/../lib/gcc/arm-none-eabi/4.9.3/../../../../arm-none-eabi/lib/armv7-m\libcr_newlib_semihost.a(syscalls.o)
                0x00009ff2                _fstat
 .text._isatty  0x0000a00e       0x2a c:/nxp/lpcxpresso_7.9.2_493/lpcxpresso/tools/bin/../lib/gcc/arm-none-eabi/4.9.3/../../../../arm-none-eabi/lib/armv7-m\libcr_newlib_semihost.a(syscalls.o)
                0x0000a00e                _isatty
 .text.__check_heap_overflow
                0x0000a038       0x18 c:/nxp/lpcxpresso_7.9.2_493/lpcxpresso/tools/bin/../lib/gcc/arm-none-eabi/4.9.3/../../../../arm-none-eabi/lib/armv7-m\libcr_newlib_semihost.a(_cr_check_heap.o)
                0x0000a038                __check_heap_overflow
 .text          0x0000a050      0x424 c:/nxp/lpcxpresso_7.9.2_493/lpcxpresso/tools/bin/../lib/gcc/arm-none-eabi/4.9.3/armv7-m\libgcc.a(_arm_muldivdf3.o)
                0x0000a050                __aeabi_dmul
                0x0000a050                __muldf3
                0x0000a2a4                __divdf3
                0x0000a2a4                __aeabi_ddiv
 .text          0x0000a474      0x110 c:/nxp/lpcxpresso_7.9.2_493/lpcxpresso/tools/bin/../lib/gcc/arm-none-eabi/4.9.3/armv7-m\libgcc.a(_arm_cmpdf2.o)
                0x0000a474                __gtdf2
                0x0000a474                __gedf2
                0x0000a47c                __ltdf2
                0x0000a47c                __ledf2
                0x0000a484                __nedf2
                0x0000a484                __eqdf2
                0x0000a484                __cmpdf2
                0x0000a500                __aeabi_cdrcmple
                0x0000a510                __aeabi_cdcmpeq
                0x0000a510                __aeabi_cdcmple
                0x0000a520                __aeabi_dcmpeq
                0x0000a534                __aeabi_dcmplt
                0x0000a548                __aeabi_dcmple
                0x0000a55c                __aeabi_dcmpge
                0x0000a570                __aeabi_dcmpgt
 .text          0x0000a584       0x50 c:/nxp/lpcxpresso_7.9.2_493/lpcxpresso/tools/bin/../lib/gcc/arm-none-eabi/4.9.3/armv7-m\libgcc.a(_arm_fixdfsi.o)
                0x0000a584                __aeabi_d2iz
                0x0000a584                __fixdfsi
 .text.__errno  0x0000a5d4        0xc c:/nxp/lpcxpresso_7.9.2_493/lpcxpresso/tools/bin/../lib/gcc/arm-none-eabi/4.9.3/../../../../arm-none-eabi/lib/armv7-m\libc.a(lib_a-errno.o)
                0x0000a5d4                __errno
 *(.rodata .rodata.* .constdata .constdata.*)
 .rodata        0x0000a5e0       0x25 ./src/main/main.o
 *fill*         0x0000a605        0x3 
 .rodata        0x0000a608       0x8e ./src/lpcusb/source/USBVcom.o
                0x0000a608                abDescriptors
 *fill*         0x0000a696        0x2 
 .rodata        0x0000a698       0x10 ./src/adc/adc.o
 .rodata        0x0000a6a8       0x15 D:\Assingment 4 workspace\Lib_MCU\Debug\libLib_MCU.a(lpc17xx_i2c.o)
 *fill*         0x0000a6bd        0x3 
 .rodata        0x0000a6c0       0x15 D:\Assingment 4 workspace\Lib_MCU\Debug\libLib_MCU.a(lpc17xx_ssp.o)
 *fill*         0x0000a6d5        0x3 
 .rodata.zeroes.6911
                0x0000a6d8       0x10 c:/nxp/lpcxpresso_7.9.2_493/lpcxpresso/tools/bin/../lib/gcc/arm-none-eabi/4.9.3/../../../../arm-none-eabi/lib/armv7-m\libc.a(lib_a-svfprintf.o)
 .rodata.blanks.6910
                0x0000a6e8       0x10 c:/nxp/lpcxpresso_7.9.2_493/lpcxpresso/tools/bin/../lib/gcc/arm-none-eabi/4.9.3/../../../../arm-none-eabi/lib/armv7-m\libc.a(lib_a-svfprintf.o)
 .rodata.str1.4
                0x0000a6f8       0x42 c:/nxp/lpcxpresso_7.9.2_493/lpcxpresso/tools/bin/../lib/gcc/arm-none-eabi/4.9.3/../../../../arm-none-eabi/lib/armv7-m\libc.a(lib_a-svfprintf.o)
 *fill*         0x0000a73a        0x2 
 .rodata.zeroes.6926
                0x0000a73c       0x10 c:/nxp/lpcxpresso_7.9.2_493/lpcxpresso/tools/bin/../lib/gcc/arm-none-eabi/4.9.3/../../../../arm-none-eabi/lib/armv7-m\libc.a(lib_a-vfprintf.o)
 .rodata.str1.4
                0x00000000       0x42 c:/nxp/lpcxpresso_7.9.2_493/lpcxpresso/tools/bin/../lib/gcc/arm-none-eabi/4.9.3/../../../../arm-none-eabi/lib/armv7-m\libc.a(lib_a-vfprintf.o)
 .rodata.blanks.6925
                0x0000a74c       0x10 c:/nxp/lpcxpresso_7.9.2_493/lpcxpresso/tools/bin/../lib/gcc/arm-none-eabi/4.9.3/../../../../arm-none-eabi/lib/armv7-m\libc.a(lib_a-vfprintf.o)
 .rodata.str1.4
                0x0000a75c       0x10 c:/nxp/lpcxpresso_7.9.2_493/lpcxpresso/tools/bin/../lib/gcc/arm-none-eabi/4.9.3/../../../../arm-none-eabi/lib/armv7-m\libc.a(lib_a-dtoa.o)
                                 0x12 (size before relaxing)
 .rodata.str1.4
                0x0000a76c        0x2 c:/nxp/lpcxpresso_7.9.2_493/lpcxpresso/tools/bin/../lib/gcc/arm-none-eabi/4.9.3/../../../../arm-none-eabi/lib/armv7-m\libc.a(lib_a-impure.o)
 *fill*         0x0000a76e        0x2 
 .rodata.str1.4
                0x0000a770        0xc c:/nxp/lpcxpresso_7.9.2_493/lpcxpresso/tools/bin/../lib/gcc/arm-none-eabi/4.9.3/../../../../arm-none-eabi/lib/armv7-m\libc.a(lib_a-locale.o)
                                 0x12 (size before relaxing)
 *fill*         0x0000a77c        0x4 
 .rodata.__mprec_tens
                0x0000a780       0xc8 c:/nxp/lpcxpresso_7.9.2_493/lpcxpresso/tools/bin/../lib/gcc/arm-none-eabi/4.9.3/../../../../arm-none-eabi/lib/armv7-m\libc.a(lib_a-mprec.o)
                0x0000a780                __mprec_tens
 .rodata.p05.5302
                0x0000a848        0xc c:/nxp/lpcxpresso_7.9.2_493/lpcxpresso/tools/bin/../lib/gcc/arm-none-eabi/4.9.3/../../../../arm-none-eabi/lib/armv7-m\libc.a(lib_a-mprec.o)
 *fill*         0x0000a854        0x4 
 .rodata.__mprec_bigtens
                0x0000a858       0x28 c:/nxp/lpcxpresso_7.9.2_493/lpcxpresso/tools/bin/../lib/gcc/arm-none-eabi/4.9.3/../../../../arm-none-eabi/lib/armv7-m\libc.a(lib_a-mprec.o)
                0x0000a858                __mprec_bigtens
 .rodata.str1.1
                0x0000a880        0x4 c:/nxp/lpcxpresso_7.9.2_493/lpcxpresso/tools/bin/../lib/gcc/arm-none-eabi/4.9.3/../../../../arm-none-eabi/lib/armv7-m\libcr_newlib_semihost.a(syscalls.o)
                0x0000a884                . = ALIGN (0x4)

.glue_7         0x0000a884        0x0
 .glue_7        0x00000000        0x0 linker stubs

.glue_7t        0x0000a884        0x0
 .glue_7t       0x00000000        0x0 linker stubs

.vfp11_veneer   0x0000a884        0x0
 .vfp11_veneer  0x00000000        0x0 linker stubs

.v4_bx          0x0000a884        0x0
 .v4_bx         0x00000000        0x0 linker stubs

.iplt           0x0000a884        0x0
 .iplt          0x00000000        0x0 ./src/tasks/RGB_LED.o

.ARM.extab
 *(.ARM.extab* .gnu.linkonce.armextab.*)
                0x0000a884                __exidx_start = .

.ARM.exidx      0x0000a884        0x8
 *(.ARM.exidx* .gnu.linkonce.armexidx.*)
 .ARM.exidx     0x0000a884        0x8 c:/nxp/lpcxpresso_7.9.2_493/lpcxpresso/tools/bin/../lib/gcc/arm-none-eabi/4.9.3/armv7-m\libgcc.a(_divdi3.o)
 .ARM.exidx     0x0000a88c        0x0 c:/nxp/lpcxpresso_7.9.2_493/lpcxpresso/tools/bin/../lib/gcc/arm-none-eabi/4.9.3/armv7-m\libgcc.a(_udivdi3.o)
                                  0x8 (size before relaxing)
                0x0000a88c                __exidx_end = .
                0x0000a88c                _etext = .

.rel.dyn        0x0000a88c        0x0
 .rel.iplt      0x00000000        0x0 ./src/tasks/RGB_LED.o

.data_RAM2      0x2007c000        0x0 load address 0x0000a88c
 FILL mask 0xff
                0x2007c000                PROVIDE (__start_data_RAM2, .)
 *(.ramfunc.$RAM2)
 *(.ramfunc.$RamAHB32)
 *(.data.$RAM2*)
 *(.data.$RamAHB32*)
                0x2007c000                . = ALIGN (0x4)
                0x2007c000                PROVIDE (__end_data_RAM2, .)

.uninit_RESERVED
                0x10000000        0x0
 *(.bss.$RESERVED*)
                0x10000000                . = ALIGN (0x4)
                0x10000000                _end_uninit_RESERVED = .

.data           0x10000000      0x8fc load address 0x0000a88c
 FILL mask 0xff
                0x10000000                _data = .
 *(vtable)
 *(.ramfunc*)
 *(.data*)
 .data          0x10000000        0x8 ./src/lpcusb/source/USBVcom.o
                0x10000000                LineCoding
 .data          0x10000008        0x4 D:\Assingment 4 workspace\Lib_CMSISv1p30_LPC17xx\Debug\libCMSISv1p30_LPC17xx.a(system_LPC17xx.o)
                0x10000008                SystemCoreClock
 .data          0x1000000c       0x50 D:\Assingment 4 workspace\Lib_EaBaseBoard\Debug\libLib_EaBaseBoard.a(led7seg.o)
 .data.__malloc_av_
                0x1000005c      0x408 c:/nxp/lpcxpresso_7.9.2_493/lpcxpresso/tools/bin/../lib/gcc/arm-none-eabi/4.9.3/../../../../arm-none-eabi/lib/armv7-m\libc.a(lib_a-mallocr.o)
                0x1000005c                __malloc_av_
 .data.__malloc_trim_threshold
                0x10000464        0x4 c:/nxp/lpcxpresso_7.9.2_493/lpcxpresso/tools/bin/../lib/gcc/arm-none-eabi/4.9.3/../../../../arm-none-eabi/lib/armv7-m\libc.a(lib_a-mallocr.o)
                0x10000464                __malloc_trim_threshold
 .data.__malloc_sbrk_base
                0x10000468        0x4 c:/nxp/lpcxpresso_7.9.2_493/lpcxpresso/tools/bin/../lib/gcc/arm-none-eabi/4.9.3/../../../../arm-none-eabi/lib/armv7-m\libc.a(lib_a-mallocr.o)
                0x10000468                __malloc_sbrk_base
 *fill*         0x1000046c        0x4 
 .data.impure_data
                0x10000470      0x428 c:/nxp/lpcxpresso_7.9.2_493/lpcxpresso/tools/bin/../lib/gcc/arm-none-eabi/4.9.3/../../../../arm-none-eabi/lib/armv7-m\libc.a(lib_a-impure.o)
 .data._impure_ptr
                0x10000898        0x4 c:/nxp/lpcxpresso_7.9.2_493/lpcxpresso/tools/bin/../lib/gcc/arm-none-eabi/4.9.3/../../../../arm-none-eabi/lib/armv7-m\libc.a(lib_a-impure.o)
                0x10000898                _impure_ptr
 .data.lconv    0x1000089c       0x38 c:/nxp/lpcxpresso_7.9.2_493/lpcxpresso/tools/bin/../lib/gcc/arm-none-eabi/4.9.3/../../../../arm-none-eabi/lib/armv7-m\libc.a(lib_a-locale.o)
 .data.lc_ctype_charset
                0x100008d4       0x20 c:/nxp/lpcxpresso_7.9.2_493/lpcxpresso/tools/bin/../lib/gcc/arm-none-eabi/4.9.3/../../../../arm-none-eabi/lib/armv7-m\libc.a(lib_a-locale.o)
 .data.__mb_cur_max
                0x100008f4        0x4 c:/nxp/lpcxpresso_7.9.2_493/lpcxpresso/tools/bin/../lib/gcc/arm-none-eabi/4.9.3/../../../../arm-none-eabi/lib/armv7-m\libc.a(lib_a-locale.o)
                0x100008f4                __mb_cur_max
 .data.__wctomb
                0x100008f8        0x4 c:/nxp/lpcxpresso_7.9.2_493/lpcxpresso/tools/bin/../lib/gcc/arm-none-eabi/4.9.3/../../../../arm-none-eabi/lib/armv7-m\libc.a(lib_a-wctomb_r.o)
                0x100008f8                __wctomb
                0x100008fc                . = ALIGN (0x4)
                0x100008fc                _edata = .

.igot.plt       0x100008fc        0x0 load address 0x0000b188
 .igot.plt      0x00000000        0x0 ./src/tasks/RGB_LED.o

.bss_RAM2       0x2007c000        0x0
                0x2007c000                PROVIDE (__start_bss_RAM2, .)
 *(.bss.$RAM2*)
 *(.bss.$RamAHB32*)
                0x2007c000                . = ALIGN ((. != 0x0)?0x4:0x1)
                0x2007c000                PROVIDE (__end_bss_RAM2, .)

.bss            0x10000900      0x380
                0x10000900                _bss = .
 *(.bss*)
 .bss           0x10000900        0x4 ./src/tasks/led_bank.o
                0x10000900                samples
 .bss           0x10000904        0x8 ./src/scheduler/ttc_scheduler_o.o
 .bss           0x1000090c       0x34 ./src/lpcusb/source/usbcontrol.o
 .bss           0x10000940       0x48 ./src/lpcusb/source/usbhw_lpc.o
 .bss           0x10000988        0x8 ./src/lpcusb/source/usbinit.o
 .bss           0x10000990        0xc ./src/lpcusb/source/usbstdreq.o
 .bss           0x1000099c       0x18 ./src/adc/adc.o
                0x1000099c                adc_0_value
                0x100009a0                adc_1_value
                0x100009a4                adc_2_value
                0x100009a8                adc_0_roc
                0x100009ac                adc_1_roc
                0x100009b0                adc_2_roc
 .bss           0x100009b4        0x6 D:\Assingment 4 workspace\Lib_EaBaseBoard\Debug\libLib_EaBaseBoard.a(pca9532.o)
 *fill*         0x100009ba        0x2 
 .bss           0x100009bc       0x34 D:\Assingment 4 workspace\Lib_MCU\Debug\libLib_MCU.a(lpc17xx_i2c.o)
 .bss.__malloc_max_total_mem
                0x100009f0        0x4 c:/nxp/lpcxpresso_7.9.2_493/lpcxpresso/tools/bin/../lib/gcc/arm-none-eabi/4.9.3/../../../../arm-none-eabi/lib/armv7-m\libc.a(lib_a-mallocr.o)
                0x100009f0                __malloc_max_total_mem
 .bss.__malloc_max_sbrked_mem
                0x100009f4        0x4 c:/nxp/lpcxpresso_7.9.2_493/lpcxpresso/tools/bin/../lib/gcc/arm-none-eabi/4.9.3/../../../../arm-none-eabi/lib/armv7-m\libc.a(lib_a-mallocr.o)
                0x100009f4                __malloc_max_sbrked_mem
 .bss.__malloc_top_pad
                0x100009f8        0x4 c:/nxp/lpcxpresso_7.9.2_493/lpcxpresso/tools/bin/../lib/gcc/arm-none-eabi/4.9.3/../../../../arm-none-eabi/lib/armv7-m\libc.a(lib_a-mallocr.o)
                0x100009f8                __malloc_top_pad
 .bss.__malloc_current_mallinfo
                0x100009fc       0x28 c:/nxp/lpcxpresso_7.9.2_493/lpcxpresso/tools/bin/../lib/gcc/arm-none-eabi/4.9.3/../../../../arm-none-eabi/lib/armv7-m\libc.a(lib_a-mallocr.o)
                0x100009fc                __malloc_current_mallinfo
 .bss.monitor_stdout
                0x10000a24        0x4 c:/nxp/lpcxpresso_7.9.2_493/lpcxpresso/tools/bin/../lib/gcc/arm-none-eabi/4.9.3/../../../../arm-none-eabi/lib/armv7-m\libcr_newlib_semihost.a(syscalls.o)
 .bss.monitor_stdin
                0x10000a28        0x4 c:/nxp/lpcxpresso_7.9.2_493/lpcxpresso/tools/bin/../lib/gcc/arm-none-eabi/4.9.3/../../../../arm-none-eabi/lib/armv7-m\libcr_newlib_semihost.a(syscalls.o)
 .bss.initialized.5461
                0x10000a2c        0x4 c:/nxp/lpcxpresso_7.9.2_493/lpcxpresso/tools/bin/../lib/gcc/arm-none-eabi/4.9.3/../../../../arm-none-eabi/lib/armv7-m\libcr_newlib_semihost.a(syscalls.o)
 .bss.monitor_stderr
                0x10000a30        0x4 c:/nxp/lpcxpresso_7.9.2_493/lpcxpresso/tools/bin/../lib/gcc/arm-none-eabi/4.9.3/../../../../arm-none-eabi/lib/armv7-m\libcr_newlib_semihost.a(syscalls.o)
 .bss.openfiles
                0x10000a34       0x28 c:/nxp/lpcxpresso_7.9.2_493/lpcxpresso/tools/bin/../lib/gcc/arm-none-eabi/4.9.3/../../../../arm-none-eabi/lib/armv7-m\libcr_newlib_semihost.a(syscalls.o)
 *(COMMON)
 COMMON         0x10000a5c       0xa4 ./src/scheduler/ttc_scheduler_o.o
                0x10000a5c                Error_code_G
                0x10000a60                SCH_tasks_G
 COMMON         0x10000b00       0x18 ./src/main/main.o
                0x10000b00                str
                0x10000b10                avg
 COMMON         0x10000b18      0x160 ./src/lpcusb/source/USBVcom.o
                0x10000b18                abBulkBuf
                0x10000b58                rxdata
                0x10000bd8                txdata
                0x10000c58                abClassReqData
                0x10000c60                rxfifo
                0x10000c6c                txfifo
 COMMON         0x10000c78        0x4 c:/nxp/lpcxpresso_7.9.2_493/lpcxpresso/tools/bin/../lib/gcc/arm-none-eabi/4.9.3/../../../../arm-none-eabi/lib/armv7-m\libc.a(lib_a-reent.o)
                0x10000c78                errno
 COMMON         0x10000c7c        0x4 c:/nxp/lpcxpresso_7.9.2_493/lpcxpresso/tools/bin/../lib/gcc/arm-none-eabi/4.9.3/../../../../arm-none-eabi/lib/armv7-m\libcr_newlib_semihost.a(_cr_sbrk.o)
                0x10000c7c                __end_of_heap
                0x10000c80                . = ALIGN (0x4)
                0x10000c80                _ebss = .
                0x10000c80                PROVIDE (end, .)

.noinit_RAM2    0x2007c000        0x0
 *(.noinit.$RAM2*)
 *(.noinit.$RamAHB32*)
                0x2007c000                . = ALIGN (0x4)

.noinit         0x10000c80        0x0
                0x10000c80                _noinit = .
 *(.noinit*)
                0x10000c80                . = ALIGN (0x4)
                0x10000c80                _end_noinit = .
                0x10000c80                PROVIDE (_pvHeapStart, DEFINED (__user_heap_base)?__user_heap_base:.)
                0x10008000                PROVIDE (_vStackTop, DEFINED (__user_stack_top)?__user_stack_top:(__top_RamLoc32 - 0x0))
                0xefff6f3a                PROVIDE (__valid_user_code_checksum, (0x0 - ((((((_vStackTop + (ResetISR + 0x1)) + (NMI_Handler + 0x1)) + (HardFault_Handler + 0x1)) + (DEFINED (MemManage_Handler)?MemManage_Handler:0x0 + 0x1)) + (DEFINED (BusFault_Handler)?BusFault_Handler:0x0 + 0x1)) + (DEFINED (UsageFault_Handler)?UsageFault_Handler:0x0 + 0x1))))
OUTPUT(multi_adc.axf elf32-littlearm)

.debug_info     0x00000000     0x84c6
 .debug_info    0x00000000      0x11d ./src/tasks/RGB_LED.o
 .debug_info    0x0000011d       0xfd ./src/tasks/Seven_Segment_Display.o
 .debug_info    0x0000021a      0x2b0 ./src/tasks/led_bank.o
 .debug_info    0x000004ca      0x1b1 ./src/system/cr_startup_lpc17.o
 .debug_info    0x0000067b      0x709 ./src/scheduler/ttc_scheduler_o.o
 .debug_info    0x00000d84      0x42a ./src/main/main.o
 .debug_info    0x000011ae      0x86b ./src/lpcusb/source/USBVcom.o
 .debug_info    0x00001a19      0x1a9 ./src/lpcusb/source/serial_fifo.o
 .debug_info    0x00001bc2      0x305 ./src/lpcusb/source/usbcontrol.o
 .debug_info    0x00001ec7      0xe53 ./src/lpcusb/source/usbhw_lpc.o
 .debug_info    0x00002d1a       0xed ./src/lpcusb/source/usbinit.o
 .debug_info    0x00002e07      0x406 ./src/lpcusb/source/usbstdreq.o
 .debug_info    0x0000320d      0x5e8 ./src/adc/adc.o
 .debug_info    0x000037f5      0x2e3 D:\Assingment 4 workspace\Lib_CMSISv1p30_LPC17xx\Debug\libCMSISv1p30_LPC17xx.a(system_LPC17xx.o)
 .debug_info    0x00003ad8      0x24b D:\Assingment 4 workspace\Lib_EaBaseBoard\Debug\libLib_EaBaseBoard.a(led7seg.o)
 .debug_info    0x00003d23      0x5d9 D:\Assingment 4 workspace\Lib_EaBaseBoard\Debug\libLib_EaBaseBoard.a(pca9532.o)
 .debug_info    0x000042fc       0xda D:\Assingment 4 workspace\Lib_EaBaseBoard\Debug\libLib_EaBaseBoard.a(rgb.o)
 .debug_info    0x000043d6      0xd2d D:\Assingment 4 workspace\Lib_MCU\Debug\libLib_MCU.a(lpc17xx_gpio.o)
 .debug_info    0x00005103      0xce5 D:\Assingment 4 workspace\Lib_MCU\Debug\libLib_MCU.a(lpc17xx_i2c.o)
 .debug_info    0x00005de8      0x455 D:\Assingment 4 workspace\Lib_MCU\Debug\libLib_MCU.a(lpc17xx_pinsel.o)
 .debug_info    0x0000623d      0x705 D:\Assingment 4 workspace\Lib_MCU\Debug\libLib_MCU.a(lpc17xx_ssp.o)
 .debug_info    0x00006942      0x61f D:\Assingment 4 workspace\Lib_MCU\Debug\libLib_MCU.a(lpc17xx_clkpwr.o)
 .debug_info    0x00006f61      0x12d c:/nxp/lpcxpresso_7.9.2_493/lpcxpresso/tools/bin/../lib/gcc/arm-none-eabi/4.9.3/../../../../arm-none-eabi/lib/armv7-m\libcr_newlib_semihost.a(_cr_sbrk.o)
 .debug_info    0x0000708e     0x13ce c:/nxp/lpcxpresso_7.9.2_493/lpcxpresso/tools/bin/../lib/gcc/arm-none-eabi/4.9.3/../../../../arm-none-eabi/lib/armv7-m\libcr_newlib_semihost.a(syscalls.o)
 .debug_info    0x0000845c       0x6a c:/nxp/lpcxpresso_7.9.2_493/lpcxpresso/tools/bin/../lib/gcc/arm-none-eabi/4.9.3/../../../../arm-none-eabi/lib/armv7-m\libcr_newlib_semihost.a(_cr_check_heap.o)

.debug_abbrev   0x00000000     0x2444
 .debug_abbrev  0x00000000       0xb3 ./src/tasks/RGB_LED.o
 .debug_abbrev  0x000000b3       0x91 ./src/tasks/Seven_Segment_Display.o
 .debug_abbrev  0x00000144      0x126 ./src/tasks/led_bank.o
 .debug_abbrev  0x0000026a       0xb9 ./src/system/cr_startup_lpc17.o
 .debug_abbrev  0x00000323      0x23e ./src/scheduler/ttc_scheduler_o.o
 .debug_abbrev  0x00000561      0x17f ./src/main/main.o
 .debug_abbrev  0x000006e0      0x247 ./src/lpcusb/source/USBVcom.o
 .debug_abbrev  0x00000927       0xf8 ./src/lpcusb/source/serial_fifo.o
 .debug_abbrev  0x00000a1f      0x132 ./src/lpcusb/source/usbcontrol.o
 .debug_abbrev  0x00000b51      0x29c ./src/lpcusb/source/usbhw_lpc.o
 .debug_abbrev  0x00000ded       0xa9 ./src/lpcusb/source/usbinit.o
 .debug_abbrev  0x00000e96      0x18a ./src/lpcusb/source/usbstdreq.o
 .debug_abbrev  0x00001020      0x177 ./src/adc/adc.o
 .debug_abbrev  0x00001197       0xe6 D:\Assingment 4 workspace\Lib_CMSISv1p30_LPC17xx\Debug\libCMSISv1p30_LPC17xx.a(system_LPC17xx.o)
 .debug_abbrev  0x0000127d      0x12e D:\Assingment 4 workspace\Lib_EaBaseBoard\Debug\libLib_EaBaseBoard.a(led7seg.o)
 .debug_abbrev  0x000013ab      0x1d3 D:\Assingment 4 workspace\Lib_EaBaseBoard\Debug\libLib_EaBaseBoard.a(pca9532.o)
 .debug_abbrev  0x0000157e       0x93 D:\Assingment 4 workspace\Lib_EaBaseBoard\Debug\libLib_EaBaseBoard.a(rgb.o)
 .debug_abbrev  0x00001611      0x20f D:\Assingment 4 workspace\Lib_MCU\Debug\libLib_MCU.a(lpc17xx_gpio.o)
 .debug_abbrev  0x00001820      0x25f D:\Assingment 4 workspace\Lib_MCU\Debug\libLib_MCU.a(lpc17xx_i2c.o)
 .debug_abbrev  0x00001a7f      0x141 D:\Assingment 4 workspace\Lib_MCU\Debug\libLib_MCU.a(lpc17xx_pinsel.o)
 .debug_abbrev  0x00001bc0      0x1c5 D:\Assingment 4 workspace\Lib_MCU\Debug\libLib_MCU.a(lpc17xx_ssp.o)
 .debug_abbrev  0x00001d85      0x1ca D:\Assingment 4 workspace\Lib_MCU\Debug\libLib_MCU.a(lpc17xx_clkpwr.o)
 .debug_abbrev  0x00001f4f       0xf6 c:/nxp/lpcxpresso_7.9.2_493/lpcxpresso/tools/bin/../lib/gcc/arm-none-eabi/4.9.3/../../../../arm-none-eabi/lib/armv7-m\libcr_newlib_semihost.a(_cr_sbrk.o)
 .debug_abbrev  0x00002045      0x39d c:/nxp/lpcxpresso_7.9.2_493/lpcxpresso/tools/bin/../lib/gcc/arm-none-eabi/4.9.3/../../../../arm-none-eabi/lib/armv7-m\libcr_newlib_semihost.a(syscalls.o)
 .debug_abbrev  0x000023e2       0x62 c:/nxp/lpcxpresso_7.9.2_493/lpcxpresso/tools/bin/../lib/gcc/arm-none-eabi/4.9.3/../../../../arm-none-eabi/lib/armv7-m\libcr_newlib_semihost.a(_cr_check_heap.o)

.debug_aranges  0x00000000      0x970
 .debug_aranges
                0x00000000       0x30 ./src/tasks/RGB_LED.o
 .debug_aranges
                0x00000030       0x28 ./src/tasks/Seven_Segment_Display.o
 .debug_aranges
                0x00000058       0x30 ./src/tasks/led_bank.o
 .debug_aranges
                0x00000088       0x70 ./src/system/cr_startup_lpc17.o
 .debug_aranges
                0x000000f8       0x78 ./src/scheduler/ttc_scheduler_o.o
 .debug_aranges
                0x00000170       0x48 ./src/main/main.o
 .debug_aranges
                0x000001b8       0x98 ./src/lpcusb/source/USBVcom.o
 .debug_aranges
                0x00000250       0x40 ./src/lpcusb/source/serial_fifo.o
 .debug_aranges
                0x00000290       0x40 ./src/lpcusb/source/usbcontrol.o
 .debug_aranges
                0x000002d0       0xb8 ./src/lpcusb/source/usbhw_lpc.o
 .debug_aranges
                0x00000388       0x28 ./src/lpcusb/source/usbinit.o
 .debug_aranges
                0x000003b0       0x58 ./src/lpcusb/source/usbstdreq.o
 .debug_aranges
                0x00000408       0x38 ./src/adc/adc.o
 .debug_aranges
                0x00000440       0x28 D:\Assingment 4 workspace\Lib_CMSISv1p30_LPC17xx\Debug\libCMSISv1p30_LPC17xx.a(system_LPC17xx.o)
 .debug_aranges
                0x00000468       0x28 D:\Assingment 4 workspace\Lib_EaBaseBoard\Debug\libLib_EaBaseBoard.a(led7seg.o)
 .debug_aranges
                0x00000490       0x80 D:\Assingment 4 workspace\Lib_EaBaseBoard\Debug\libLib_EaBaseBoard.a(pca9532.o)
 .debug_aranges
                0x00000510       0x28 D:\Assingment 4 workspace\Lib_EaBaseBoard\Debug\libLib_EaBaseBoard.a(rgb.o)
 .debug_aranges
                0x00000538       0xf8 D:\Assingment 4 workspace\Lib_MCU\Debug\libLib_MCU.a(lpc17xx_gpio.o)
 .debug_aranges
                0x00000630       0xd0 D:\Assingment 4 workspace\Lib_MCU\Debug\libLib_MCU.a(lpc17xx_i2c.o)
 .debug_aranges
                0x00000700       0x48 D:\Assingment 4 workspace\Lib_MCU\Debug\libLib_MCU.a(lpc17xx_pinsel.o)
 .debug_aranges
                0x00000748       0xa8 D:\Assingment 4 workspace\Lib_MCU\Debug\libLib_MCU.a(lpc17xx_ssp.o)
 .debug_aranges
                0x000007f0       0x58 D:\Assingment 4 workspace\Lib_MCU\Debug\libLib_MCU.a(lpc17xx_clkpwr.o)
 .debug_aranges
                0x00000848       0x20 c:/nxp/lpcxpresso_7.9.2_493/lpcxpresso/tools/bin/../lib/gcc/arm-none-eabi/4.9.3/../../../../arm-none-eabi/lib/armv7-m\libcr_newlib_semihost.a(_cr_sbrk.o)
 .debug_aranges
                0x00000868       0xe8 c:/nxp/lpcxpresso_7.9.2_493/lpcxpresso/tools/bin/../lib/gcc/arm-none-eabi/4.9.3/../../../../arm-none-eabi/lib/armv7-m\libcr_newlib_semihost.a(syscalls.o)
 .debug_aranges
                0x00000950       0x20 c:/nxp/lpcxpresso_7.9.2_493/lpcxpresso/tools/bin/../lib/gcc/arm-none-eabi/4.9.3/../../../../arm-none-eabi/lib/armv7-m\libcr_newlib_semihost.a(_cr_check_heap.o)

.debug_ranges   0x00000000      0x908
 .debug_ranges  0x00000000       0x20 ./src/tasks/RGB_LED.o
 .debug_ranges  0x00000020       0x18 ./src/tasks/Seven_Segment_Display.o
 .debug_ranges  0x00000038       0x20 ./src/tasks/led_bank.o
 .debug_ranges  0x00000058       0x60 ./src/system/cr_startup_lpc17.o
 .debug_ranges  0x000000b8       0x68 ./src/scheduler/ttc_scheduler_o.o
 .debug_ranges  0x00000120       0x38 ./src/main/main.o
 .debug_ranges  0x00000158       0x88 ./src/lpcusb/source/USBVcom.o
 .debug_ranges  0x000001e0       0x30 ./src/lpcusb/source/serial_fifo.o
 .debug_ranges  0x00000210       0x30 ./src/lpcusb/source/usbcontrol.o
 .debug_ranges  0x00000240       0xa8 ./src/lpcusb/source/usbhw_lpc.o
 .debug_ranges  0x000002e8       0x18 ./src/lpcusb/source/usbinit.o
 .debug_ranges  0x00000300       0x48 ./src/lpcusb/source/usbstdreq.o
 .debug_ranges  0x00000348       0x28 ./src/adc/adc.o
 .debug_ranges  0x00000370       0x18 D:\Assingment 4 workspace\Lib_CMSISv1p30_LPC17xx\Debug\libCMSISv1p30_LPC17xx.a(system_LPC17xx.o)
 .debug_ranges  0x00000388       0x18 D:\Assingment 4 workspace\Lib_EaBaseBoard\Debug\libLib_EaBaseBoard.a(led7seg.o)
 .debug_ranges  0x000003a0       0x70 D:\Assingment 4 workspace\Lib_EaBaseBoard\Debug\libLib_EaBaseBoard.a(pca9532.o)
 .debug_ranges  0x00000410       0x18 D:\Assingment 4 workspace\Lib_EaBaseBoard\Debug\libLib_EaBaseBoard.a(rgb.o)
 .debug_ranges  0x00000428       0xe8 D:\Assingment 4 workspace\Lib_MCU\Debug\libLib_MCU.a(lpc17xx_gpio.o)
 .debug_ranges  0x00000510       0xc0 D:\Assingment 4 workspace\Lib_MCU\Debug\libLib_MCU.a(lpc17xx_i2c.o)
 .debug_ranges  0x000005d0       0x38 D:\Assingment 4 workspace\Lib_MCU\Debug\libLib_MCU.a(lpc17xx_pinsel.o)
 .debug_ranges  0x00000608       0x98 D:\Assingment 4 workspace\Lib_MCU\Debug\libLib_MCU.a(lpc17xx_ssp.o)
 .debug_ranges  0x000006a0       0x48 D:\Assingment 4 workspace\Lib_MCU\Debug\libLib_MCU.a(lpc17xx_clkpwr.o)
 .debug_ranges  0x000006e8       0x10 c:/nxp/lpcxpresso_7.9.2_493/lpcxpresso/tools/bin/../lib/gcc/arm-none-eabi/4.9.3/../../../../arm-none-eabi/lib/armv7-m\libcr_newlib_semihost.a(_cr_sbrk.o)
 .debug_ranges  0x000006f8      0x200 c:/nxp/lpcxpresso_7.9.2_493/lpcxpresso/tools/bin/../lib/gcc/arm-none-eabi/4.9.3/../../../../arm-none-eabi/lib/armv7-m\libcr_newlib_semihost.a(syscalls.o)
 .debug_ranges  0x000008f8       0x10 c:/nxp/lpcxpresso_7.9.2_493/lpcxpresso/tools/bin/../lib/gcc/arm-none-eabi/4.9.3/../../../../arm-none-eabi/lib/armv7-m\libcr_newlib_semihost.a(_cr_check_heap.o)

.debug_macro    0x00000000     0x7f56
 .debug_macro   0x00000000       0xbd ./src/tasks/RGB_LED.o
 .debug_macro   0x000000bd      0x874 ./src/tasks/RGB_LED.o
 .debug_macro   0x00000931       0x22 ./src/tasks/RGB_LED.o
 .debug_macro   0x00000953       0x44 ./src/tasks/RGB_LED.o
 .debug_macro   0x00000997       0x58 ./src/tasks/RGB_LED.o
 .debug_macro   0x000009ef       0x22 ./src/tasks/RGB_LED.o
 .debug_macro   0x00000a11      0x1df ./src/tasks/RGB_LED.o
 .debug_macro   0x00000bf0       0x5e ./src/tasks/RGB_LED.o
 .debug_macro   0x00000c4e       0x1c ./src/tasks/RGB_LED.o
 .debug_macro   0x00000c6a       0x1c ./src/tasks/RGB_LED.o
 .debug_macro   0x00000c86      0x7d5 ./src/tasks/RGB_LED.o
 .debug_macro   0x0000145b      0x2c7 ./src/tasks/RGB_LED.o
 .debug_macro   0x00001722       0xe8 ./src/tasks/RGB_LED.o
 .debug_macro   0x0000180a      0x146 ./src/tasks/RGB_LED.o
 .debug_macro   0x00001950       0xcb ./src/tasks/Seven_Segment_Display.o
 .debug_macro   0x00001a1b       0x22 ./src/tasks/Seven_Segment_Display.o
 .debug_macro   0x00001a3d      0x7b7 ./src/tasks/Seven_Segment_Display.o
 .debug_macro   0x000021f4       0x64 ./src/tasks/Seven_Segment_Display.o
 .debug_macro   0x00002258      0x140 ./src/tasks/Seven_Segment_Display.o
 .debug_macro   0x00002398       0x46 ./src/tasks/Seven_Segment_Display.o
 .debug_macro   0x000023de      0x2a6 ./src/tasks/Seven_Segment_Display.o
 .debug_macro   0x00002684       0xee ./src/tasks/Seven_Segment_Display.o
 .debug_macro   0x00002772       0xdc ./src/tasks/led_bank.o
 .debug_macro   0x0000284e      0x192 ./src/tasks/led_bank.o
 .debug_macro   0x000029e0       0xb2 ./src/tasks/led_bank.o
 .debug_macro   0x00002a92       0x82 ./src/tasks/led_bank.o
 .debug_macro   0x00002b14       0x34 ./src/tasks/led_bank.o
 .debug_macro   0x00002b48       0x16 ./src/tasks/led_bank.o
 .debug_macro   0x00002b5e       0x6a ./src/system/cr_startup_lpc17.o
 .debug_macro   0x00002bc8       0xc0 ./src/scheduler/ttc_scheduler_o.o
 .debug_macro   0x00002c88       0x2e ./src/scheduler/ttc_scheduler_o.o
 .debug_macro   0x00002cb6       0x28 ./src/scheduler/ttc_scheduler_o.o
 .debug_macro   0x00002cde      0x234 ./src/main/main.o
 .debug_macro   0x00002f12       0x16 ./src/main/main.o
 .debug_macro   0x00002f28       0x10 ./src/main/main.o
 .debug_macro   0x00002f38      0x11e ./src/main/main.o
 .debug_macro   0x00003056       0x5e ./src/main/main.o
 .debug_macro   0x000030b4       0x40 ./src/main/main.o
 .debug_macro   0x000030f4       0x22 ./src/main/main.o
 .debug_macro   0x00003116       0x58 ./src/main/main.o
 .debug_macro   0x0000316e       0x35 ./src/main/main.o
 .debug_macro   0x000031a3       0x9c ./src/main/main.o
 .debug_macro   0x0000323f      0x166 ./src/main/main.o
 .debug_macro   0x000033a5       0x52 ./src/main/main.o
 .debug_macro   0x000033f7       0x16 ./src/main/main.o
 .debug_macro   0x0000340d       0x43 ./src/main/main.o
 .debug_macro   0x00003450      0x180 ./src/main/main.o
 .debug_macro   0x000035d0      0x1e1 ./src/main/main.o
 .debug_macro   0x000037b1       0x1c ./src/main/main.o
 .debug_macro   0x000037cd       0x35 ./src/main/main.o
 .debug_macro   0x00003802      0x29d ./src/main/main.o
 .debug_macro   0x00003a9f       0x10 ./src/main/main.o
 .debug_macro   0x00003aaf       0x10 ./src/main/main.o
 .debug_macro   0x00003abf       0x22 ./src/main/main.o
 .debug_macro   0x00003ae1       0xbe ./src/main/main.o
 .debug_macro   0x00003b9f       0x16 ./src/main/main.o
 .debug_macro   0x00003bb5      0x197 ./src/main/main.o
 .debug_macro   0x00003d4c      0x1fe ./src/lpcusb/source/USBVcom.o
 .debug_macro   0x00003f4a       0x10 ./src/lpcusb/source/USBVcom.o
 .debug_macro   0x00003f5a       0x16 ./src/lpcusb/source/USBVcom.o
 .debug_macro   0x00003f70       0x16 ./src/lpcusb/source/USBVcom.o
 .debug_macro   0x00003f86       0x29 ./src/lpcusb/source/USBVcom.o
 .debug_macro   0x00003faf      0x118 ./src/lpcusb/source/USBVcom.o
 .debug_macro   0x000040c7       0x10 ./src/lpcusb/source/USBVcom.o
 .debug_macro   0x000040d7       0x37 ./src/lpcusb/source/serial_fifo.o
 .debug_macro   0x0000410e       0x1c ./src/lpcusb/source/serial_fifo.o
 .debug_macro   0x0000412a      0x15a ./src/lpcusb/source/usbcontrol.o
 .debug_macro   0x00004284       0x16 ./src/lpcusb/source/usbcontrol.o
 .debug_macro   0x0000429a       0x4a ./src/lpcusb/source/usbcontrol.o
 .debug_macro   0x000042e4       0x97 ./src/lpcusb/source/usbcontrol.o
 .debug_macro   0x0000437b       0xef ./src/lpcusb/source/usbcontrol.o
 .debug_macro   0x0000446a      0x1e9 ./src/lpcusb/source/usbhw_lpc.o
 .debug_macro   0x00004653      0x1bf ./src/lpcusb/source/usbhw_lpc.o
 .debug_macro   0x00004812      0x144 ./src/lpcusb/source/usbinit.o
 .debug_macro   0x00004956      0x184 ./src/lpcusb/source/usbstdreq.o
 .debug_macro   0x00004ada       0xa5 ./src/adc/adc.o
 .debug_macro   0x00004b7f      0x113 D:\Assingment 4 workspace\Lib_CMSISv1p30_LPC17xx\Debug\libCMSISv1p30_LPC17xx.a(system_LPC17xx.o)
 .debug_macro   0x00004c92      0x86e D:\Assingment 4 workspace\Lib_CMSISv1p30_LPC17xx\Debug\libCMSISv1p30_LPC17xx.a(system_LPC17xx.o)
 .debug_macro   0x00005500       0x10 D:\Assingment 4 workspace\Lib_CMSISv1p30_LPC17xx\Debug\libCMSISv1p30_LPC17xx.a(system_LPC17xx.o)
 .debug_macro   0x00005510      0x12d D:\Assingment 4 workspace\Lib_CMSISv1p30_LPC17xx\Debug\libCMSISv1p30_LPC17xx.a(system_LPC17xx.o)
 .debug_macro   0x0000563d      0x5b2 D:\Assingment 4 workspace\Lib_CMSISv1p30_LPC17xx\Debug\libCMSISv1p30_LPC17xx.a(system_LPC17xx.o)
 .debug_macro   0x00005bef       0xac D:\Assingment 4 workspace\Lib_EaBaseBoard\Debug\libLib_EaBaseBoard.a(led7seg.o)
 .debug_macro   0x00005c9b       0x1c D:\Assingment 4 workspace\Lib_EaBaseBoard\Debug\libLib_EaBaseBoard.a(led7seg.o)
 .debug_macro   0x00005cb7       0x2e D:\Assingment 4 workspace\Lib_EaBaseBoard\Debug\libLib_EaBaseBoard.a(led7seg.o)
 .debug_macro   0x00005ce5       0x18 D:\Assingment 4 workspace\Lib_EaBaseBoard\Debug\libLib_EaBaseBoard.a(led7seg.o)
 .debug_macro   0x00005cfd      0x7af D:\Assingment 4 workspace\Lib_EaBaseBoard\Debug\libLib_EaBaseBoard.a(led7seg.o)
 .debug_macro   0x000064ac      0x2c7 D:\Assingment 4 workspace\Lib_EaBaseBoard\Debug\libLib_EaBaseBoard.a(led7seg.o)
 .debug_macro   0x00006773       0x40 D:\Assingment 4 workspace\Lib_EaBaseBoard\Debug\libLib_EaBaseBoard.a(led7seg.o)
 .debug_macro   0x000067b3       0xb4 D:\Assingment 4 workspace\Lib_EaBaseBoard\Debug\libLib_EaBaseBoard.a(pca9532.o)
 .debug_macro   0x00006867      0x18c D:\Assingment 4 workspace\Lib_EaBaseBoard\Debug\libLib_EaBaseBoard.a(pca9532.o)
 .debug_macro   0x000069f3       0x96 D:\Assingment 4 workspace\Lib_EaBaseBoard\Debug\libLib_EaBaseBoard.a(rgb.o)
 .debug_macro   0x00006a89       0x96 D:\Assingment 4 workspace\Lib_MCU\Debug\libLib_MCU.a(lpc17xx_gpio.o)
 .debug_macro   0x00006b1f      0x86e D:\Assingment 4 workspace\Lib_MCU\Debug\libLib_MCU.a(lpc17xx_gpio.o)
 .debug_macro   0x0000738d       0xda D:\Assingment 4 workspace\Lib_MCU\Debug\libLib_MCU.a(lpc17xx_gpio.o)
 .debug_macro   0x00007467       0xa8 D:\Assingment 4 workspace\Lib_MCU\Debug\libLib_MCU.a(lpc17xx_i2c.o)
 .debug_macro   0x0000750f      0x2fa D:\Assingment 4 workspace\Lib_MCU\Debug\libLib_MCU.a(lpc17xx_i2c.o)
 .debug_macro   0x00007809       0x8d D:\Assingment 4 workspace\Lib_MCU\Debug\libLib_MCU.a(lpc17xx_pinsel.o)
 .debug_macro   0x00007896       0x9f D:\Assingment 4 workspace\Lib_MCU\Debug\libLib_MCU.a(lpc17xx_ssp.o)
 .debug_macro   0x00007935      0x2a0 D:\Assingment 4 workspace\Lib_MCU\Debug\libLib_MCU.a(lpc17xx_ssp.o)
 .debug_macro   0x00007bd5       0x8d D:\Assingment 4 workspace\Lib_MCU\Debug\libLib_MCU.a(lpc17xx_clkpwr.o)
 .debug_macro   0x00007c62      0x2f4 D:\Assingment 4 workspace\Lib_MCU\Debug\libLib_MCU.a(lpc17xx_clkpwr.o)

.debug_line     0x00000000     0x55fb
 .debug_line    0x00000000      0x307 ./src/tasks/RGB_LED.o
 .debug_line    0x00000307      0x348 ./src/tasks/Seven_Segment_Display.o
 .debug_line    0x0000064f      0x39f ./src/tasks/led_bank.o
 .debug_line    0x000009ee      0x2fc ./src/system/cr_startup_lpc17.o
 .debug_line    0x00000cea      0x49e ./src/scheduler/ttc_scheduler_o.o
 .debug_line    0x00001188      0x5b1 ./src/main/main.o
 .debug_line    0x00001739      0x590 ./src/lpcusb/source/USBVcom.o
 .debug_line    0x00001cc9       0xf2 ./src/lpcusb/source/serial_fifo.o
 .debug_line    0x00001dbb      0x33d ./src/lpcusb/source/usbcontrol.o
 .debug_line    0x000020f8      0x55e ./src/lpcusb/source/usbhw_lpc.o
 .debug_line    0x00002656      0x2cc ./src/lpcusb/source/usbinit.o
 .debug_line    0x00002922      0x3b4 ./src/lpcusb/source/usbstdreq.o
 .debug_line    0x00002cd6      0x2c6 ./src/adc/adc.o
 .debug_line    0x00002f9c      0x1e5 D:\Assingment 4 workspace\Lib_CMSISv1p30_LPC17xx\Debug\libCMSISv1p30_LPC17xx.a(system_LPC17xx.o)
 .debug_line    0x00003181      0x23b D:\Assingment 4 workspace\Lib_EaBaseBoard\Debug\libLib_EaBaseBoard.a(led7seg.o)
 .debug_line    0x000033bc      0x35b D:\Assingment 4 workspace\Lib_EaBaseBoard\Debug\libLib_EaBaseBoard.a(pca9532.o)
 .debug_line    0x00003717      0x218 D:\Assingment 4 workspace\Lib_EaBaseBoard\Debug\libLib_EaBaseBoard.a(rgb.o)
 .debug_line    0x0000392f      0x493 D:\Assingment 4 workspace\Lib_MCU\Debug\libLib_MCU.a(lpc17xx_gpio.o)
 .debug_line    0x00003dc2      0x6bf D:\Assingment 4 workspace\Lib_MCU\Debug\libLib_MCU.a(lpc17xx_i2c.o)
 .debug_line    0x00004481      0x24a D:\Assingment 4 workspace\Lib_MCU\Debug\libLib_MCU.a(lpc17xx_pinsel.o)
 .debug_line    0x000046cb      0x556 D:\Assingment 4 workspace\Lib_MCU\Debug\libLib_MCU.a(lpc17xx_ssp.o)
 .debug_line    0x00004c21      0x2b0 D:\Assingment 4 workspace\Lib_MCU\Debug\libLib_MCU.a(lpc17xx_clkpwr.o)
 .debug_line    0x00004ed1      0x101 c:/nxp/lpcxpresso_7.9.2_493/lpcxpresso/tools/bin/../lib/gcc/arm-none-eabi/4.9.3/../../../../arm-none-eabi/lib/armv7-m\libcr_newlib_semihost.a(_cr_sbrk.o)
 .debug_line    0x00004fd2      0x5dc c:/nxp/lpcxpresso_7.9.2_493/lpcxpresso/tools/bin/../lib/gcc/arm-none-eabi/4.9.3/../../../../arm-none-eabi/lib/armv7-m\libcr_newlib_semihost.a(syscalls.o)
 .debug_line    0x000055ae       0x4d c:/nxp/lpcxpresso_7.9.2_493/lpcxpresso/tools/bin/../lib/gcc/arm-none-eabi/4.9.3/../../../../arm-none-eabi/lib/armv7-m\libcr_newlib_semihost.a(_cr_check_heap.o)

.debug_str      0x00000000    0x16032
 .debug_str     0x00000000     0x7c8c ./src/tasks/RGB_LED.o
                               0x7df3 (size before relaxing)
 .debug_str     0x00007c8c     0x12c7 ./src/tasks/Seven_Segment_Display.o
                               0x9025 (size before relaxing)
 .debug_str     0x00008f53     0x10f4 ./src/tasks/led_bank.o
                               0x8e70 (size before relaxing)
 .debug_str     0x0000a047      0x141 ./src/system/cr_startup_lpc17.o
                               0x3143 (size before relaxing)
 .debug_str     0x0000a188      0x570 ./src/scheduler/ttc_scheduler_o.o
                               0x7c73 (size before relaxing)
 .debug_str     0x0000a6f8     0x41e3 ./src/main/main.o
                               0xd8da (size before relaxing)
 .debug_str     0x0000e8db      0x30b ./src/lpcusb/source/USBVcom.o
                               0xacb8 (size before relaxing)
 .debug_str     0x0000ebe6       0x59 ./src/lpcusb/source/serial_fifo.o
                               0x257c (size before relaxing)
 .debug_str     0x0000ec3f       0xfb ./src/lpcusb/source/usbcontrol.o
                               0x5ed3 (size before relaxing)
 .debug_str     0x0000ed3a      0xe02 ./src/lpcusb/source/usbhw_lpc.o
                               0xb4d9 (size before relaxing)
 .debug_str     0x0000fb3c       0x4e ./src/lpcusb/source/usbinit.o
                               0x5db9 (size before relaxing)
 .debug_str     0x0000fb8a      0x257 ./src/lpcusb/source/usbstdreq.o
                               0x6034 (size before relaxing)
 .debug_str     0x0000fde1       0xb1 ./src/adc/adc.o
                               0x8096 (size before relaxing)
 .debug_str     0x0000fe92     0x1a07 D:\Assingment 4 workspace\Lib_CMSISv1p30_LPC17xx\Debug\libCMSISv1p30_LPC17xx.a(system_LPC17xx.o)
                               0x7f88 (size before relaxing)
 .debug_str     0x00011899     0x2197 D:\Assingment 4 workspace\Lib_EaBaseBoard\Debug\libLib_EaBaseBoard.a(led7seg.o)
                               0x9194 (size before relaxing)
 .debug_str     0x00013a30      0x289 D:\Assingment 4 workspace\Lib_EaBaseBoard\Debug\libLib_EaBaseBoard.a(pca9532.o)
                               0x8b97 (size before relaxing)
 .debug_str     0x00013cb9       0x22 D:\Assingment 4 workspace\Lib_EaBaseBoard\Debug\libLib_EaBaseBoard.a(rgb.o)
                               0x80a4 (size before relaxing)
 .debug_str     0x00013cdb      0x5b4 D:\Assingment 4 workspace\Lib_MCU\Debug\libLib_MCU.a(lpc17xx_gpio.o)
                               0x8600 (size before relaxing)
 .debug_str     0x0001428f     0x156c D:\Assingment 4 workspace\Lib_MCU\Debug\libLib_MCU.a(lpc17xx_i2c.o)
                               0xa5e8 (size before relaxing)
 .debug_str     0x000157fb       0xf6 D:\Assingment 4 workspace\Lib_MCU\Debug\libLib_MCU.a(lpc17xx_pinsel.o)
                               0x8527 (size before relaxing)
 .debug_str     0x000158f1      0x1d1 D:\Assingment 4 workspace\Lib_MCU\Debug\libLib_MCU.a(lpc17xx_ssp.o)
                               0xa47f (size before relaxing)
 .debug_str     0x00015ac2       0xd7 D:\Assingment 4 workspace\Lib_MCU\Debug\libLib_MCU.a(lpc17xx_clkpwr.o)
                               0x92af (size before relaxing)
 .debug_str     0x00015b99      0x17a c:/nxp/lpcxpresso_7.9.2_493/lpcxpresso/tools/bin/../lib/gcc/arm-none-eabi/4.9.3/../../../../arm-none-eabi/lib/armv7-m\libcr_newlib_semihost.a(_cr_sbrk.o)
                                0x213 (size before relaxing)
 .debug_str     0x00015d13      0x2fa c:/nxp/lpcxpresso_7.9.2_493/lpcxpresso/tools/bin/../lib/gcc/arm-none-eabi/4.9.3/../../../../arm-none-eabi/lib/armv7-m\libcr_newlib_semihost.a(syscalls.o)
                                0x4e6 (size before relaxing)
 .debug_str     0x0001600d       0x25 c:/nxp/lpcxpresso_7.9.2_493/lpcxpresso/tools/bin/../lib/gcc/arm-none-eabi/4.9.3/../../../../arm-none-eabi/lib/armv7-m\libcr_newlib_semihost.a(_cr_check_heap.o)
                                0x161 (size before relaxing)

.comment        0x00000000       0x70
 .comment       0x00000000       0x70 ./src/tasks/RGB_LED.o
                                 0x71 (size before relaxing)
 .comment       0x00000000       0x71 ./src/tasks/Seven_Segment_Display.o
 .comment       0x00000000       0x71 ./src/tasks/led_bank.o
 .comment       0x00000000       0x71 ./src/system/cr_startup_lpc17.o
 .comment       0x00000000       0x71 ./src/scheduler/ttc_scheduler_o.o
 .comment       0x00000000       0x71 ./src/main/main.o
 .comment       0x00000000       0x71 ./src/lpcusb/source/USBVcom.o
 .comment       0x00000000       0x71 ./src/lpcusb/source/serial_fifo.o
 .comment       0x00000000       0x71 ./src/lpcusb/source/usbcontrol.o
 .comment       0x00000000       0x71 ./src/lpcusb/source/usbhw_lpc.o
 .comment       0x00000000       0x71 ./src/lpcusb/source/usbinit.o
 .comment       0x00000000       0x71 ./src/lpcusb/source/usbstdreq.o
 .comment       0x00000000       0x71 ./src/adc/adc.o
 .comment       0x00000000       0x71 D:\Assingment 4 workspace\Lib_CMSISv1p30_LPC17xx\Debug\libCMSISv1p30_LPC17xx.a(system_LPC17xx.o)
 .comment       0x00000000       0x71 D:\Assingment 4 workspace\Lib_EaBaseBoard\Debug\libLib_EaBaseBoard.a(led7seg.o)
 .comment       0x00000000       0x71 D:\Assingment 4 workspace\Lib_EaBaseBoard\Debug\libLib_EaBaseBoard.a(pca9532.o)
 .comment       0x00000000       0x71 D:\Assingment 4 workspace\Lib_EaBaseBoard\Debug\libLib_EaBaseBoard.a(rgb.o)
 .comment       0x00000000       0x71 D:\Assingment 4 workspace\Lib_MCU\Debug\libLib_MCU.a(lpc17xx_gpio.o)
 .comment       0x00000000       0x71 D:\Assingment 4 workspace\Lib_MCU\Debug\libLib_MCU.a(lpc17xx_i2c.o)
 .comment       0x00000000       0x71 D:\Assingment 4 workspace\Lib_MCU\Debug\libLib_MCU.a(lpc17xx_pinsel.o)
 .comment       0x00000000       0x71 D:\Assingment 4 workspace\Lib_MCU\Debug\libLib_MCU.a(lpc17xx_ssp.o)
 .comment       0x00000000       0x71 D:\Assingment 4 workspace\Lib_MCU\Debug\libLib_MCU.a(lpc17xx_clkpwr.o)
 .comment       0x00000000       0x71 c:/nxp/lpcxpresso_7.9.2_493/lpcxpresso/tools/bin/../lib/gcc/arm-none-eabi/4.9.3/../../../../arm-none-eabi/lib/armv7-m\libcr_newlib_semihost.a(_cr_sbrk.o)
 .comment       0x00000000       0x71 c:/nxp/lpcxpresso_7.9.2_493/lpcxpresso/tools/bin/../lib/gcc/arm-none-eabi/4.9.3/../../../../arm-none-eabi/lib/armv7-m\libcr_newlib_semihost.a(syscalls.o)
 .comment       0x00000000       0x71 c:/nxp/lpcxpresso_7.9.2_493/lpcxpresso/tools/bin/../lib/gcc/arm-none-eabi/4.9.3/../../../../arm-none-eabi/lib/armv7-m\libcr_newlib_semihost.a(_cr_check_heap.o)

.ARM.attributes
                0x00000000       0x31
 .ARM.attributes
                0x00000000       0x33 ./src/tasks/RGB_LED.o
 .ARM.attributes
                0x00000033       0x33 ./src/tasks/Seven_Segment_Display.o
 .ARM.attributes
                0x00000066       0x33 ./src/tasks/led_bank.o
 .ARM.attributes
                0x00000099       0x33 ./src/system/cr_startup_lpc17.o
 .ARM.attributes
                0x000000cc       0x33 ./src/scheduler/ttc_scheduler_o.o
 .ARM.attributes
                0x000000ff       0x33 ./src/main/main.o
 .ARM.attributes
                0x00000132       0x33 ./src/lpcusb/source/USBVcom.o
 .ARM.attributes
                0x00000165       0x33 ./src/lpcusb/source/serial_fifo.o
 .ARM.attributes
                0x00000198       0x33 ./src/lpcusb/source/usbcontrol.o
 .ARM.attributes
                0x000001cb       0x33 ./src/lpcusb/source/usbhw_lpc.o
 .ARM.attributes
                0x000001fe       0x33 ./src/lpcusb/source/usbinit.o
 .ARM.attributes
                0x00000231       0x33 ./src/lpcusb/source/usbstdreq.o
 .ARM.attributes
                0x00000264       0x33 ./src/adc/adc.o
 .ARM.attributes
                0x00000297       0x33 D:\Assingment 4 workspace\Lib_CMSISv1p30_LPC17xx\Debug\libCMSISv1p30_LPC17xx.a(system_LPC17xx.o)
 .ARM.attributes
                0x000002ca       0x33 D:\Assingment 4 workspace\Lib_EaBaseBoard\Debug\libLib_EaBaseBoard.a(led7seg.o)
 .ARM.attributes
                0x000002fd       0x33 D:\Assingment 4 workspace\Lib_EaBaseBoard\Debug\libLib_EaBaseBoard.a(pca9532.o)
 .ARM.attributes
                0x00000330       0x33 D:\Assingment 4 workspace\Lib_EaBaseBoard\Debug\libLib_EaBaseBoard.a(rgb.o)
 .ARM.attributes
                0x00000363       0x33 D:\Assingment 4 workspace\Lib_MCU\Debug\libLib_MCU.a(lpc17xx_gpio.o)
 .ARM.attributes
                0x00000396       0x33 D:\Assingment 4 workspace\Lib_MCU\Debug\libLib_MCU.a(lpc17xx_i2c.o)
 .ARM.attributes
                0x000003c9       0x33 D:\Assingment 4 workspace\Lib_MCU\Debug\libLib_MCU.a(lpc17xx_pinsel.o)
 .ARM.attributes
                0x000003fc       0x33 D:\Assingment 4 workspace\Lib_MCU\Debug\libLib_MCU.a(lpc17xx_ssp.o)
 .ARM.attributes
                0x0000042f       0x33 D:\Assingment 4 workspace\Lib_MCU\Debug\libLib_MCU.a(lpc17xx_clkpwr.o)
 .ARM.attributes
                0x00000462       0x1d c:/nxp/lpcxpresso_7.9.2_493/lpcxpresso/tools/bin/../lib/gcc/arm-none-eabi/4.9.3/armv7-m\libgcc.a(_arm_addsubdf3.o)
 .ARM.attributes
                0x0000047f       0x1d c:/nxp/lpcxpresso_7.9.2_493/lpcxpresso/tools/bin/../lib/gcc/arm-none-eabi/4.9.3/armv7-m\libgcc.a(_arm_fixunsdfsi.o)
 .ARM.attributes
                0x0000049c       0x1d c:/nxp/lpcxpresso_7.9.2_493/lpcxpresso/tools/bin/../lib/gcc/arm-none-eabi/4.9.3/armv7-m\libgcc.a(_arm_addsubsf3.o)
 .ARM.attributes
                0x000004b9       0x1d c:/nxp/lpcxpresso_7.9.2_493/lpcxpresso/tools/bin/../lib/gcc/arm-none-eabi/4.9.3/armv7-m\libgcc.a(_arm_muldivsf3.o)
 .ARM.attributes
                0x000004d6       0x1d c:/nxp/lpcxpresso_7.9.2_493/lpcxpresso/tools/bin/../lib/gcc/arm-none-eabi/4.9.3/armv7-m\libgcc.a(_arm_fixunssfsi.o)
 .ARM.attributes