Archive member included because of file (symbol)

/Users/nja/LPC/Workspace3/Lib_CMSISv1p30_LPC17xx/Debug/libCMSISv1p30_LPC17xx.a(system_LPC17xx.o)
                              ./src/system/cr_startup_lpc17.o (SystemInit)
/Users/nja/LPC/Workspace3/Lib_EaBaseBoard/Debug/libLib_EaBaseBoard.a(joystick.o)
                              ./src/tasks/joystick_input.o (joystick_init)
/Users/nja/LPC/Workspace3/Lib_EaBaseBoard/Debug/libLib_EaBaseBoard.a(led7seg.o)
                              ./src/tasks/seven_seg.o (led7seg_init)
/Users/nja/LPC/Workspace3/Lib_MCU/Debug/libLib_MCU.a(lpc17xx_gpio.o)
                              /Users/nja/LPC/Workspace3/Lib_EaBaseBoard/Debug/libLib_EaBaseBoard.a(joystick.o) (GPIO_SetDir)
/Users/nja/LPC/Workspace3/Lib_MCU/Debug/libLib_MCU.a(lpc17xx_pinsel.o)
                              ./src/tasks/seven_seg.o (PINSEL_ConfigPin)
/Users/nja/LPC/Workspace3/Lib_MCU/Debug/libLib_MCU.a(lpc17xx_ssp.o)
                              ./src/tasks/seven_seg.o (SSP_Init)
/Users/nja/LPC/Workspace3/Lib_MCU/Debug/libLib_MCU.a(lpc17xx_clkpwr.o)
                              /Users/nja/LPC/Workspace3/Lib_MCU/Debug/libLib_MCU.a(lpc17xx_ssp.o) (CLKPWR_GetPCLK)
/Applications/lpcxpresso_7.4.0_229/lpcxpresso/tools/bin/../lib/gcc/arm-none-eabi/4.8.4/armv7-m/libgcc.a(_aeabi_uldivmod.o)
                              /Users/nja/LPC/Workspace3/Lib_CMSISv1p30_LPC17xx/Debug/libCMSISv1p30_LPC17xx.a(system_LPC17xx.o) (__aeabi_uldivmod)
/Applications/lpcxpresso_7.4.0_229/lpcxpresso/tools/bin/../lib/gcc/arm-none-eabi/4.8.4/armv7-m/libgcc.a(bpabi.o)
                              /Applications/lpcxpresso_7.4.0_229/lpcxpresso/tools/bin/../lib/gcc/arm-none-eabi/4.8.4/armv7-m/libgcc.a(_aeabi_uldivmod.o) (__gnu_uldivmod_helper)
/Applications/lpcxpresso_7.4.0_229/lpcxpresso/tools/bin/../lib/gcc/arm-none-eabi/4.8.4/armv7-m/libgcc.a(_dvmd_tls.o)
                              /Applications/lpcxpresso_7.4.0_229/lpcxpresso/tools/bin/../lib/gcc/arm-none-eabi/4.8.4/armv7-m/libgcc.a(_aeabi_uldivmod.o) (__aeabi_ldiv0)
/Applications/lpcxpresso_7.4.0_229/lpcxpresso/tools/bin/../lib/gcc/arm-none-eabi/4.8.4/armv7-m/libgcc.a(_divdi3.o)
                              /Applications/lpcxpresso_7.4.0_229/lpcxpresso/tools/bin/../lib/gcc/arm-none-eabi/4.8.4/armv7-m/libgcc.a(bpabi.o) (__divdi3)
/Applications/lpcxpresso_7.4.0_229/lpcxpresso/tools/bin/../lib/gcc/arm-none-eabi/4.8.4/armv7-m/libgcc.a(_udivdi3.o)
                              /Applications/lpcxpresso_7.4.0_229/lpcxpresso/tools/bin/../lib/gcc/arm-none-eabi/4.8.4/armv7-m/libgcc.a(bpabi.o) (__udivdi3)

Allocating common symbols
Common symbol       size              file

Error_code_G        0x4               ./src/scheduler/ttc_scheduler_o.o
SCH_tasks_G         0xa0              ./src/scheduler/ttc_scheduler_o.o

Discarded input sections

 .group         0x0000000000000000        0x8 ./src/tasks/joystick_input.o
 .group         0x0000000000000000        0x8 ./src/tasks/joystick_input.o
 .group         0x0000000000000000        0x8 ./src/tasks/joystick_input.o
 .group         0x0000000000000000        0x8 ./src/tasks/joystick_input.o
 .group         0x0000000000000000        0x8 ./src/tasks/joystick_input.o
 .group         0x0000000000000000        0x8 ./src/tasks/joystick_input.o
 .text          0x0000000000000000        0x0 ./src/tasks/joystick_input.o
 .data          0x0000000000000000        0x0 ./src/tasks/joystick_input.o
 .group         0x0000000000000000        0x8 ./src/tasks/seven_seg.o
 .group         0x0000000000000000        0x8 ./src/tasks/seven_seg.o
 .group         0x0000000000000000        0x8 ./src/tasks/seven_seg.o
 .group         0x0000000000000000        0x8 ./src/tasks/seven_seg.o
 .group         0x0000000000000000        0x8 ./src/tasks/seven_seg.o
 .group         0x0000000000000000        0x8 ./src/tasks/seven_seg.o
 .group         0x0000000000000000        0x8 ./src/tasks/seven_seg.o
 .group         0x0000000000000000        0x8 ./src/tasks/seven_seg.o
 .group         0x0000000000000000        0x8 ./src/tasks/seven_seg.o
 .group         0x0000000000000000        0x8 ./src/tasks/seven_seg.o
 .group         0x0000000000000000        0x8 ./src/tasks/seven_seg.o
 .group         0x0000000000000000        0x8 ./src/tasks/seven_seg.o
 .group         0x0000000000000000        0x8 ./src/tasks/seven_seg.o
 .text          0x0000000000000000        0x0 ./src/tasks/seven_seg.o
 .data          0x0000000000000000        0x0 ./src/tasks/seven_seg.o
 .bss           0x0000000000000000        0x0 ./src/tasks/seven_seg.o
 .debug_macro   0x0000000000000000      0x856 ./src/tasks/seven_seg.o
 .debug_macro   0x0000000000000000       0x16 ./src/tasks/seven_seg.o
 .debug_macro   0x0000000000000000       0x44 ./src/tasks/seven_seg.o
 .debug_macro   0x0000000000000000      0x209 ./src/tasks/seven_seg.o
 .debug_macro   0x0000000000000000       0x28 ./src/tasks/seven_seg.o
 .group         0x0000000000000000        0x8 ./src/system/cr_startup_lpc17.o
 .group         0x0000000000000000        0x8 ./src/system/cr_startup_lpc17.o
 .group         0x0000000000000000        0x8 ./src/system/cr_startup_lpc17.o
 .group         0x0000000000000000        0x8 ./src/system/cr_startup_lpc17.o
 .text          0x0000000000000000        0x0 ./src/system/cr_startup_lpc17.o
 .data          0x0000000000000000        0x0 ./src/system/cr_startup_lpc17.o
 .bss           0x0000000000000000        0x0 ./src/system/cr_startup_lpc17.o
 .text.SysTick_Handler
                0x0000000000000000        0x8 ./src/system/cr_startup_lpc17.o
 .debug_macro   0x0000000000000000      0x856 ./src/system/cr_startup_lpc17.o
 .debug_macro   0x0000000000000000       0x16 ./src/system/cr_startup_lpc17.o
 .debug_macro   0x0000000000000000       0x44 ./src/system/cr_startup_lpc17.o
 .debug_macro   0x0000000000000000      0x209 ./src/system/cr_startup_lpc17.o
 .group         0x0000000000000000        0x8 ./src/scheduler/ttc_scheduler_o.o
 .group         0x0000000000000000        0x8 ./src/scheduler/ttc_scheduler_o.o
 .group         0x0000000000000000        0x8 ./src/scheduler/ttc_scheduler_o.o
 .group         0x0000000000000000        0x8 ./src/scheduler/ttc_scheduler_o.o
 .group         0x0000000000000000        0x8 ./src/scheduler/ttc_scheduler_o.o
 .group         0x0000000000000000        0x8 ./src/scheduler/ttc_scheduler_o.o
 .group         0x0000000000000000        0x8 ./src/scheduler/ttc_scheduler_o.o
 .group         0x0000000000000000        0x8 ./src/scheduler/ttc_scheduler_o.o
 .group         0x0000000000000000        0x8 ./src/scheduler/ttc_scheduler_o.o
 .group         0x0000000000000000        0x8 ./src/scheduler/ttc_scheduler_o.o
 .group         0x0000000000000000        0x8 ./src/scheduler/ttc_scheduler_o.o
 .group         0x0000000000000000        0x8 ./src/scheduler/ttc_scheduler_o.o
 .text          0x0000000000000000        0x0 ./src/scheduler/ttc_scheduler_o.o
 .data          0x0000000000000000        0x0 ./src/scheduler/ttc_scheduler_o.o
 .debug_macro   0x0000000000000000      0x856 ./src/scheduler/ttc_scheduler_o.o
 .debug_macro   0x0000000000000000       0x1c ./src/scheduler/ttc_scheduler_o.o
 .debug_macro   0x0000000000000000       0x22 ./src/scheduler/ttc_scheduler_o.o
 .debug_macro   0x0000000000000000       0x16 ./src/scheduler/ttc_scheduler_o.o
 .debug_macro   0x0000000000000000       0x44 ./src/scheduler/ttc_scheduler_o.o
 .debug_macro   0x0000000000000000      0x209 ./src/scheduler/ttc_scheduler_o.o
 .debug_macro   0x0000000000000000      0x7b7 ./src/scheduler/ttc_scheduler_o.o
 .debug_macro   0x0000000000000000      0x2c7 ./src/scheduler/ttc_scheduler_o.o
 .debug_macro   0x0000000000000000       0x64 ./src/scheduler/ttc_scheduler_o.o
 .group         0x0000000000000000        0x8 ./src/main/main.o
 .group         0x0000000000000000        0x8 ./src/main/main.o
 .group         0x0000000000000000        0x8 ./src/main/main.o
 .group         0x0000000000000000        0x8 ./src/main/main.o
 .group         0x0000000000000000        0x8 ./src/main/main.o
 .group         0x0000000000000000        0x8 ./src/main/main.o
 .group         0x0000000000000000        0x8 ./src/main/main.o
 .group         0x0000000000000000        0x8 ./src/main/main.o
 .group         0x0000000000000000        0x8 ./src/main/main.o
 .group         0x0000000000000000        0x8 ./src/main/main.o
 .group         0x0000000000000000        0x8 ./src/main/main.o
 .text          0x0000000000000000        0x0 ./src/main/main.o
 .data          0x0000000000000000        0x0 ./src/main/main.o
 .bss           0x0000000000000000        0x0 ./src/main/main.o
 .debug_macro   0x0000000000000000      0x856 ./src/main/main.o
 .debug_macro   0x0000000000000000       0x1c ./src/main/main.o
 .debug_macro   0x0000000000000000       0x22 ./src/main/main.o
 .debug_macro   0x0000000000000000       0x16 ./src/main/main.o
 .debug_macro   0x0000000000000000       0x44 ./src/main/main.o
 .debug_macro   0x0000000000000000      0x209 ./src/main/main.o
 .debug_macro   0x0000000000000000      0x7b7 ./src/main/main.o
 .debug_macro   0x0000000000000000      0x2c7 ./src/main/main.o
 .debug_macro   0x0000000000000000       0x64 ./src/main/main.o
 .debug_macro   0x0000000000000000       0x16 ./src/main/main.o
 .group         0x0000000000000000        0x8 /Users/nja/LPC/Workspace3/Lib_CMSISv1p30_LPC17xx/Debug/libCMSISv1p30_LPC17xx.a(system_LPC17xx.o)
 .group         0x0000000000000000        0x8 /Users/nja/LPC/Workspace3/Lib_CMSISv1p30_LPC17xx/Debug/libCMSISv1p30_LPC17xx.a(system_LPC17xx.o)
 .group         0x0000000000000000        0x8 /Users/nja/LPC/Workspace3/Lib_CMSISv1p30_LPC17xx/Debug/libCMSISv1p30_LPC17xx.a(system_LPC17xx.o)
 .group         0x0000000000000000        0x8 /Users/nja/LPC/Workspace3/Lib_CMSISv1p30_LPC17xx/Debug/libCMSISv1p30_LPC17xx.a(system_LPC17xx.o)
 .group         0x0000000000000000        0x8 /Users/nja/LPC/Workspace3/Lib_CMSISv1p30_LPC17xx/Debug/libCMSISv1p30_LPC17xx.a(system_LPC17xx.o)
 .group         0x0000000000000000        0x8 /Users/nja/LPC/Workspace3/Lib_CMSISv1p30_LPC17xx/Debug/libCMSISv1p30_LPC17xx.a(system_LPC17xx.o)
 .group         0x0000000000000000        0x8 /Users/nja/LPC/Workspace3/Lib_CMSISv1p30_LPC17xx/Debug/libCMSISv1p30_LPC17xx.a(system_LPC17xx.o)
 .text          0x0000000000000000        0x0 /Users/nja/LPC/Workspace3/Lib_CMSISv1p30_LPC17xx/Debug/libCMSISv1p30_LPC17xx.a(system_LPC17xx.o)
 .bss           0x0000000000000000        0x0 /Users/nja/LPC/Workspace3/Lib_CMSISv1p30_LPC17xx/Debug/libCMSISv1p30_LPC17xx.a(system_LPC17xx.o)
 .text.SystemCoreClockUpdate
                0x0000000000000000      0x184 /Users/nja/LPC/Workspace3/Lib_CMSISv1p30_LPC17xx/Debug/libCMSISv1p30_LPC17xx.a(system_LPC17xx.o)
 .debug_macro   0x0000000000000000       0x16 /Users/nja/LPC/Workspace3/Lib_CMSISv1p30_LPC17xx/Debug/libCMSISv1p30_LPC17xx.a(system_LPC17xx.o)
 .debug_macro   0x0000000000000000       0x44 /Users/nja/LPC/Workspace3/Lib_CMSISv1p30_LPC17xx/Debug/libCMSISv1p30_LPC17xx.a(system_LPC17xx.o)
 .debug_macro   0x0000000000000000      0x209 /Users/nja/LPC/Workspace3/Lib_CMSISv1p30_LPC17xx/Debug/libCMSISv1p30_LPC17xx.a(system_LPC17xx.o)
 .debug_macro   0x0000000000000000       0x1c /Users/nja/LPC/Workspace3/Lib_CMSISv1p30_LPC17xx/Debug/libCMSISv1p30_LPC17xx.a(system_LPC17xx.o)
 .debug_macro   0x0000000000000000      0x2c7 /Users/nja/LPC/Workspace3/Lib_CMSISv1p30_LPC17xx/Debug/libCMSISv1p30_LPC17xx.a(system_LPC17xx.o)
 .group         0x0000000000000000        0x8 /Users/nja/LPC/Workspace3/Lib_EaBaseBoard/Debug/libLib_EaBaseBoard.a(joystick.o)
 .group         0x0000000000000000        0x8 /Users/nja/LPC/Workspace3/Lib_EaBaseBoard/Debug/libLib_EaBaseBoard.a(joystick.o)
 .group         0x0000000000000000        0x8 /Users/nja/LPC/Workspace3/Lib_EaBaseBoard/Debug/libLib_EaBaseBoard.a(joystick.o)
 .group         0x0000000000000000        0x8 /Users/nja/LPC/Workspace3/Lib_EaBaseBoard/Debug/libLib_EaBaseBoard.a(joystick.o)
 .group         0x0000000000000000        0x8 /Users/nja/LPC/Workspace3/Lib_EaBaseBoard/Debug/libLib_EaBaseBoard.a(joystick.o)
 .group         0x0000000000000000        0x8 /Users/nja/LPC/Workspace3/Lib_EaBaseBoard/Debug/libLib_EaBaseBoard.a(joystick.o)
 .group         0x0000000000000000        0x8 /Users/nja/LPC/Workspace3/Lib_EaBaseBoard/Debug/libLib_EaBaseBoard.a(joystick.o)
 .group         0x0000000000000000        0x8 /Users/nja/LPC/Workspace3/Lib_EaBaseBoard/Debug/libLib_EaBaseBoard.a(joystick.o)
 .group         0x0000000000000000        0x8 /Users/nja/LPC/Workspace3/Lib_EaBaseBoard/Debug/libLib_EaBaseBoard.a(joystick.o)
 .group         0x0000000000000000        0x8 /Users/nja/LPC/Workspace3/Lib_EaBaseBoard/Debug/libLib_EaBaseBoard.a(joystick.o)
 .group         0x0000000000000000        0x8 /Users/nja/LPC/Workspace3/Lib_EaBaseBoard/Debug/libLib_EaBaseBoard.a(joystick.o)
 .text          0x0000000000000000        0x0 /Users/nja/LPC/Workspace3/Lib_EaBaseBoard/Debug/libLib_EaBaseBoard.a(joystick.o)
 .data          0x0000000000000000        0x0 /Users/nja/LPC/Workspace3/Lib_EaBaseBoard/Debug/libLib_EaBaseBoard.a(joystick.o)
 .bss           0x0000000000000000        0x0 /Users/nja/LPC/Workspace3/Lib_EaBaseBoard/Debug/libLib_EaBaseBoard.a(joystick.o)
 .debug_macro   0x0000000000000000      0x850 /Users/nja/LPC/Workspace3/Lib_EaBaseBoard/Debug/libLib_EaBaseBoard.a(joystick.o)
 .debug_macro   0x0000000000000000       0x1c /Users/nja/LPC/Workspace3/Lib_EaBaseBoard/Debug/libLib_EaBaseBoard.a(joystick.o)
 .debug_macro   0x0000000000000000       0x22 /Users/nja/LPC/Workspace3/Lib_EaBaseBoard/Debug/libLib_EaBaseBoard.a(joystick.o)
 .debug_macro   0x0000000000000000       0x16 /Users/nja/LPC/Workspace3/Lib_EaBaseBoard/Debug/libLib_EaBaseBoard.a(joystick.o)
 .debug_macro   0x0000000000000000       0x44 /Users/nja/LPC/Workspace3/Lib_EaBaseBoard/Debug/libLib_EaBaseBoard.a(joystick.o)
 .debug_macro   0x0000000000000000      0x209 /Users/nja/LPC/Workspace3/Lib_EaBaseBoard/Debug/libLib_EaBaseBoard.a(joystick.o)
 .debug_macro   0x0000000000000000      0x7b7 /Users/nja/LPC/Workspace3/Lib_EaBaseBoard/Debug/libLib_EaBaseBoard.a(joystick.o)
 .debug_macro   0x0000000000000000      0x2c7 /Users/nja/LPC/Workspace3/Lib_EaBaseBoard/Debug/libLib_EaBaseBoard.a(joystick.o)
 .debug_macro   0x0000000000000000       0x64 /Users/nja/LPC/Workspace3/Lib_EaBaseBoard/Debug/libLib_EaBaseBoard.a(joystick.o)
 .debug_macro   0x0000000000000000       0x28 /Users/nja/LPC/Workspace3/Lib_EaBaseBoard/Debug/libLib_EaBaseBoard.a(joystick.o)
 .group         0x0000000000000000        0x8 /Users/nja/LPC/Workspace3/Lib_EaBaseBoard/Debug/libLib_EaBaseBoard.a(led7seg.o)
 .group         0x0000000000000000        0x8 /Users/nja/LPC/Workspace3/Lib_EaBaseBoard/Debug/libLib_EaBaseBoard.a(led7seg.o)
 .group         0x0000000000000000        0x8 /Users/nja/LPC/Workspace3/Lib_EaBaseBoard/Debug/libLib_EaBaseBoard.a(led7seg.o)
 .group         0x0000000000000000        0x8 /Users/nja/LPC/Workspace3/Lib_EaBaseBoard/Debug/libLib_EaBaseBoard.a(led7seg.o)
 .group         0x0000000000000000        0x8 /Users/nja/LPC/Workspace3/Lib_EaBaseBoard/Debug/libLib_EaBaseBoard.a(led7seg.o)
 .group         0x0000000000000000        0x8 /Users/nja/LPC/Workspace3/Lib_EaBaseBoard/Debug/libLib_EaBaseBoard.a(led7seg.o)
 .group         0x0000000000000000        0x8 /Users/nja/LPC/Workspace3/Lib_EaBaseBoard/Debug/libLib_EaBaseBoard.a(led7seg.o)
 .group         0x0000000000000000        0x8 /Users/nja/LPC/Workspace3/Lib_EaBaseBoard/Debug/libLib_EaBaseBoard.a(led7seg.o)
 .group         0x0000000000000000        0x8 /Users/nja/LPC/Workspace3/Lib_EaBaseBoard/Debug/libLib_EaBaseBoard.a(led7seg.o)
 .group         0x0000000000000000        0x8 /Users/nja/LPC/Workspace3/Lib_EaBaseBoard/Debug/libLib_EaBaseBoard.a(led7seg.o)
 .group         0x0000000000000000        0x8 /Users/nja/LPC/Workspace3/Lib_EaBaseBoard/Debug/libLib_EaBaseBoard.a(led7seg.o)
 .text          0x0000000000000000        0x0 /Users/nja/LPC/Workspace3/Lib_EaBaseBoard/Debug/libLib_EaBaseBoard.a(led7seg.o)
 .data          0x0000000000000000        0x0 /Users/nja/LPC/Workspace3/Lib_EaBaseBoard/Debug/libLib_EaBaseBoard.a(led7seg.o)
 .bss           0x0000000000000000        0x0 /Users/nja/LPC/Workspace3/Lib_EaBaseBoard/Debug/libLib_EaBaseBoard.a(led7seg.o)
 .debug_macro   0x0000000000000000      0x850 /Users/nja/LPC/Workspace3/Lib_EaBaseBoard/Debug/libLib_EaBaseBoard.a(led7seg.o)
 .debug_macro   0x0000000000000000       0x1c /Users/nja/LPC/Workspace3/Lib_EaBaseBoard/Debug/libLib_EaBaseBoard.a(led7seg.o)
 .debug_macro   0x0000000000000000       0x22 /Users/nja/LPC/Workspace3/Lib_EaBaseBoard/Debug/libLib_EaBaseBoard.a(led7seg.o)
 .debug_macro   0x0000000000000000       0x16 /Users/nja/LPC/Workspace3/Lib_EaBaseBoard/Debug/libLib_EaBaseBoard.a(led7seg.o)
 .debug_macro   0x0000000000000000       0x44 /Users/nja/LPC/Workspace3/Lib_EaBaseBoard/Debug/libLib_EaBaseBoard.a(led7seg.o)
 .debug_macro   0x0000000000000000      0x209 /Users/nja/LPC/Workspace3/Lib_EaBaseBoard/Debug/libLib_EaBaseBoard.a(led7seg.o)
 .debug_macro   0x0000000000000000      0x7b7 /Users/nja/LPC/Workspace3/Lib_EaBaseBoard/Debug/libLib_EaBaseBoard.a(led7seg.o)
 .debug_macro   0x0000000000000000      0x2c7 /Users/nja/LPC/Workspace3/Lib_EaBaseBoard/Debug/libLib_EaBaseBoard.a(led7seg.o)
 .debug_macro   0x0000000000000000       0x64 /Users/nja/LPC/Workspace3/Lib_EaBaseBoard/Debug/libLib_EaBaseBoard.a(led7seg.o)
 .debug_macro   0x0000000000000000       0x40 /Users/nja/LPC/Workspace3/Lib_EaBaseBoard/Debug/libLib_EaBaseBoard.a(led7seg.o)
 .debug_macro   0x0000000000000000      0x2a6 /Users/nja/LPC/Workspace3/Lib_EaBaseBoard/Debug/libLib_EaBaseBoard.a(led7seg.o)
 .group         0x0000000000000000        0x8 /Users/nja/LPC/Workspace3/Lib_MCU/Debug/libLib_MCU.a(lpc17xx_gpio.o)
 .group         0x0000000000000000        0x8 /Users/nja/LPC/Workspace3/Lib_MCU/Debug/libLib_MCU.a(lpc17xx_gpio.o)
 .group         0x0000000000000000        0x8 /Users/nja/LPC/Workspace3/Lib_MCU/Debug/libLib_MCU.a(lpc17xx_gpio.o)
 .group         0x0000000000000000        0x8 /Users/nja/LPC/Workspace3/Lib_MCU/Debug/libLib_MCU.a(lpc17xx_gpio.o)
 .group         0x0000000000000000        0x8 /Users/nja/LPC/Workspace3/Lib_MCU/Debug/libLib_MCU.a(lpc17xx_gpio.o)
 .group         0x0000000000000000        0x8 /Users/nja/LPC/Workspace3/Lib_MCU/Debug/libLib_MCU.a(lpc17xx_gpio.o)
 .group         0x0000000000000000        0x8 /Users/nja/LPC/Workspace3/Lib_MCU/Debug/libLib_MCU.a(lpc17xx_gpio.o)
 .group         0x0000000000000000        0x8 /Users/nja/LPC/Workspace3/Lib_MCU/Debug/libLib_MCU.a(lpc17xx_gpio.o)
 .group         0x0000000000000000        0x8 /Users/nja/LPC/Workspace3/Lib_MCU/Debug/libLib_MCU.a(lpc17xx_gpio.o)
 .group         0x0000000000000000        0x8 /Users/nja/LPC/Workspace3/Lib_MCU/Debug/libLib_MCU.a(lpc17xx_gpio.o)
 .group         0x0000000000000000        0x8 /Users/nja/LPC/Workspace3/Lib_MCU/Debug/libLib_MCU.a(lpc17xx_gpio.o)
 .text          0x0000000000000000        0x0 /Users/nja/LPC/Workspace3/Lib_MCU/Debug/libLib_MCU.a(lpc17xx_gpio.o)
 .data          0x0000000000000000        0x0 /Users/nja/LPC/Workspace3/Lib_MCU/Debug/libLib_MCU.a(lpc17xx_gpio.o)
 .bss           0x0000000000000000        0x0 /Users/nja/LPC/Workspace3/Lib_MCU/Debug/libLib_MCU.a(lpc17xx_gpio.o)
 .text.FIO_HalfWordGetPointer
                0x0000000000000000       0x3c /Users/nja/LPC/Workspace3/Lib_MCU/Debug/libLib_MCU.a(lpc17xx_gpio.o)
 .text.FIO_ByteGetPointer
                0x0000000000000000       0x3c /Users/nja/LPC/Workspace3/Lib_MCU/Debug/libLib_MCU.a(lpc17xx_gpio.o)
 .text.GPIO_IntCmd
                0x0000000000000000       0x38 /Users/nja/LPC/Workspace3/Lib_MCU/Debug/libLib_MCU.a(lpc17xx_gpio.o)
 .text.GPIO_GetIntStatus
                0x0000000000000000       0x58 /Users/nja/LPC/Workspace3/Lib_MCU/Debug/libLib_MCU.a(lpc17xx_gpio.o)
 .text.GPIO_ClearInt
                0x0000000000000000       0x18 /Users/nja/LPC/Workspace3/Lib_MCU/Debug/libLib_MCU.a(lpc17xx_gpio.o)
 .text.FIO_SetDir
                0x0000000000000000        0x8 /Users/nja/LPC/Workspace3/Lib_MCU/Debug/libLib_MCU.a(lpc17xx_gpio.o)
 .text.FIO_SetValue
                0x0000000000000000        0x8 /Users/nja/LPC/Workspace3/Lib_MCU/Debug/libLib_MCU.a(lpc17xx_gpio.o)
 .text.FIO_ClearValue
                0x0000000000000000        0x8 /Users/nja/LPC/Workspace3/Lib_MCU/Debug/libLib_MCU.a(lpc17xx_gpio.o)
 .text.FIO_ReadValue
                0x0000000000000000        0x8 /Users/nja/LPC/Workspace3/Lib_MCU/Debug/libLib_MCU.a(lpc17xx_gpio.o)
 .text.FIO_IntCmd
                0x0000000000000000        0x8 /Users/nja/LPC/Workspace3/Lib_MCU/Debug/libLib_MCU.a(lpc17xx_gpio.o)
 .text.FIO_GetIntStatus
                0x0000000000000000        0x8 /Users/nja/LPC/Workspace3/Lib_MCU/Debug/libLib_MCU.a(lpc17xx_gpio.o)
 .text.FIO_ClearInt
                0x0000000000000000        0x8 /Users/nja/LPC/Workspace3/Lib_MCU/Debug/libLib_MCU.a(lpc17xx_gpio.o)
 .text.FIO_SetMask
                0x0000000000000000       0x20 /Users/nja/LPC/Workspace3/Lib_MCU/Debug/libLib_MCU.a(lpc17xx_gpio.o)
 .text.FIO_HalfWordSetDir
                0x0000000000000000       0x40 /Users/nja/LPC/Workspace3/Lib_MCU/Debug/libLib_MCU.a(lpc17xx_gpio.o)
 .text.FIO_HalfWordSetMask
                0x0000000000000000       0x40 /Users/nja/LPC/Workspace3/Lib_MCU/Debug/libLib_MCU.a(lpc17xx_gpio.o)
 .text.FIO_HalfWordSetValue
                0x0000000000000000       0x18 /Users/nja/LPC/Workspace3/Lib_MCU/Debug/libLib_MCU.a(lpc17xx_gpio.o)
 .text.FIO_HalfWordClearValue
                0x0000000000000000       0x18 /Users/nja/LPC/Workspace3/Lib_MCU/Debug/libLib_MCU.a(lpc17xx_gpio.o)
 .text.FIO_HalfWordReadValue
                0x0000000000000000       0x1c /Users/nja/LPC/Workspace3/Lib_MCU/Debug/libLib_MCU.a(lpc17xx_gpio.o)
 .text.FIO_ByteSetDir
                0x0000000000000000       0x2c /Users/nja/LPC/Workspace3/Lib_MCU/Debug/libLib_MCU.a(lpc17xx_gpio.o)
 .text.FIO_ByteSetMask
                0x0000000000000000       0x30 /Users/nja/LPC/Workspace3/Lib_MCU/Debug/libLib_MCU.a(lpc17xx_gpio.o)
 .text.FIO_ByteSetValue
                0x0000000000000000       0x18 /Users/nja/LPC/Workspace3/Lib_MCU/Debug/libLib_MCU.a(lpc17xx_gpio.o)
 .text.FIO_ByteClearValue
                0x0000000000000000       0x18 /Users/nja/LPC/Workspace3/Lib_MCU/Debug/libLib_MCU.a(lpc17xx_gpio.o)
 .text.FIO_ByteReadValue
                0x0000000000000000       0x20 /Users/nja/LPC/Workspace3/Lib_MCU/Debug/libLib_MCU.a(lpc17xx_gpio.o)
 .debug_macro   0x0000000000000000      0x850 /Users/nja/LPC/Workspace3/Lib_MCU/Debug/libLib_MCU.a(lpc17xx_gpio.o)
 .debug_macro   0x0000000000000000       0x1c /Users/nja/LPC/Workspace3/Lib_MCU/Debug/libLib_MCU.a(lpc17xx_gpio.o)
 .debug_macro   0x0000000000000000       0x22 /Users/nja/LPC/Workspace3/Lib_MCU/Debug/libLib_MCU.a(lpc17xx_gpio.o)
 .debug_macro   0x0000000000000000       0x16 /Users/nja/LPC/Workspace3/Lib_MCU/Debug/libLib_MCU.a(lpc17xx_gpio.o)
 .debug_macro   0x0000000000000000       0x44 /Users/nja/LPC/Workspace3/Lib_MCU/Debug/libLib_MCU.a(lpc17xx_gpio.o)
 .debug_macro   0x0000000000000000      0x209 /Users/nja/LPC/Workspace3/Lib_MCU/Debug/libLib_MCU.a(lpc17xx_gpio.o)
 .debug_macro   0x0000000000000000      0x7b7 /Users/nja/LPC/Workspace3/Lib_MCU/Debug/libLib_MCU.a(lpc17xx_gpio.o)
 .debug_macro   0x0000000000000000      0x2c7 /Users/nja/LPC/Workspace3/Lib_MCU/Debug/libLib_MCU.a(lpc17xx_gpio.o)
 .debug_macro   0x0000000000000000       0x64 /Users/nja/LPC/Workspace3/Lib_MCU/Debug/libLib_MCU.a(lpc17xx_gpio.o)
 .debug_macro   0x0000000000000000       0x40 /Users/nja/LPC/Workspace3/Lib_MCU/Debug/libLib_MCU.a(lpc17xx_gpio.o)
 .group         0x0000000000000000        0x8 /Users/nja/LPC/Workspace3/Lib_MCU/Debug/libLib_MCU.a(lpc17xx_pinsel.o)
 .group         0x0000000000000000        0x8 /Users/nja/LPC/Workspace3/Lib_MCU/Debug/libLib_MCU.a(lpc17xx_pinsel.o)
 .group         0x0000000000000000        0x8 /Users/nja/LPC/Workspace3/Lib_MCU/Debug/libLib_MCU.a(lpc17xx_pinsel.o)
 .group         0x0000000000000000        0x8 /Users/nja/LPC/Workspace3/Lib_MCU/Debug/libLib_MCU.a(lpc17xx_pinsel.o)
 .group         0x0000000000000000        0x8 /Users/nja/LPC/Workspace3/Lib_MCU/Debug/libLib_MCU.a(lpc17xx_pinsel.o)
 .group         0x0000000000000000        0x8 /Users/nja/LPC/Workspace3/Lib_MCU/Debug/libLib_MCU.a(lpc17xx_pinsel.o)
 .group         0x0000000000000000        0x8 /Users/nja/LPC/Workspace3/Lib_MCU/Debug/libLib_MCU.a(lpc17xx_pinsel.o)
 .group         0x0000000000000000        0x8 /Users/nja/LPC/Workspace3/Lib_MCU/Debug/libLib_MCU.a(lpc17xx_pinsel.o)
 .group         0x0000000000000000        0x8 /Users/nja/LPC/Workspace3/Lib_MCU/Debug/libLib_MCU.a(lpc17xx_pinsel.o)
 .group         0x0000000000000000        0x8 /Users/nja/LPC/Workspace3/Lib_MCU/Debug/libLib_MCU.a(lpc17xx_pinsel.o)
 .text          0x0000000000000000        0x0 /Users/nja/LPC/Workspace3/Lib_MCU/Debug/libLib_MCU.a(lpc17xx_pinsel.o)
 .data          0x0000000000000000        0x0 /Users/nja/LPC/Workspace3/Lib_MCU/Debug/libLib_MCU.a(lpc17xx_pinsel.o)
 .bss           0x0000000000000000        0x0 /Users/nja/LPC/Workspace3/Lib_MCU/Debug/libLib_MCU.a(lpc17xx_pinsel.o)
 .text.PINSEL_ConfigTraceFunc
                0x0000000000000000       0x24 /Users/nja/LPC/Workspace3/Lib_MCU/Debug/libLib_MCU.a(lpc17xx_pinsel.o)
 .text.PINSEL_SetI2C0Pins
                0x0000000000000000       0x14 /Users/nja/LPC/Workspace3/Lib_MCU/Debug/libLib_MCU.a(lpc17xx_pinsel.o)
 .debug_macro   0x0000000000000000      0x850 /Users/nja/LPC/Workspace3/Lib_MCU/Debug/libLib_MCU.a(lpc17xx_pinsel.o)
 .debug_macro   0x0000000000000000       0x1c /Users/nja/LPC/Workspace3/Lib_MCU/Debug/libLib_MCU.a(lpc17xx_pinsel.o)
 .debug_macro   0x0000000000000000       0x22 /Users/nja/LPC/Workspace3/Lib_MCU/Debug/libLib_MCU.a(lpc17xx_pinsel.o)
 .debug_macro   0x0000000000000000       0x16 /Users/nja/LPC/Workspace3/Lib_MCU/Debug/libLib_MCU.a(lpc17xx_pinsel.o)
 .debug_macro   0x0000000000000000       0x44 /Users/nja/LPC/Workspace3/Lib_MCU/Debug/libLib_MCU.a(lpc17xx_pinsel.o)
 .debug_macro   0x0000000000000000      0x209 /Users/nja/LPC/Workspace3/Lib_MCU/Debug/libLib_MCU.a(lpc17xx_pinsel.o)
 .debug_macro   0x0000000000000000      0x7b7 /Users/nja/LPC/Workspace3/Lib_MCU/Debug/libLib_MCU.a(lpc17xx_pinsel.o)
 .debug_macro   0x0000000000000000      0x2c7 /Users/nja/LPC/Workspace3/Lib_MCU/Debug/libLib_MCU.a(lpc17xx_pinsel.o)
 .debug_macro   0x0000000000000000       0x64 /Users/nja/LPC/Workspace3/Lib_MCU/Debug/libLib_MCU.a(lpc17xx_pinsel.o)
 .debug_macro   0x0000000000000000      0x140 /Users/nja/LPC/Workspace3/Lib_MCU/Debug/libLib_MCU.a(lpc17xx_pinsel.o)
 .group         0x0000000000000000        0x8 /Users/nja/LPC/Workspace3/Lib_MCU/Debug/libLib_MCU.a(lpc17xx_ssp.o)
 .group         0x0000000000000000        0x8 /Users/nja/LPC/Workspace3/Lib_MCU/Debug/libLib_MCU.a(lpc17xx_ssp.o)
 .group         0x0000000000000000        0x8 /Users/nja/LPC/Workspace3/Lib_MCU/Debug/libLib_MCU.a(lpc17xx_ssp.o)
 .group         0x0000000000000000        0x8 /Users/nja/LPC/Workspace3/Lib_MCU/Debug/libLib_MCU.a(lpc17xx_ssp.o)
 .group         0x0000000000000000        0x8 /Users/nja/LPC/Workspace3/Lib_MCU/Debug/libLib_MCU.a(lpc17xx_ssp.o)
 .group         0x0000000000000000        0x8 /Users/nja/LPC/Workspace3/Lib_MCU/Debug/libLib_MCU.a(lpc17xx_ssp.o)
 .group         0x0000000000000000        0x8 /Users/nja/LPC/Workspace3/Lib_MCU/Debug/libLib_MCU.a(lpc17xx_ssp.o)
 .group         0x0000000000000000        0x8 /Users/nja/LPC/Workspace3/Lib_MCU/Debug/libLib_MCU.a(lpc17xx_ssp.o)
 .group         0x0000000000000000        0x8 /Users/nja/LPC/Workspace3/Lib_MCU/Debug/libLib_MCU.a(lpc17xx_ssp.o)
 .group         0x0000000000000000        0x8 /Users/nja/LPC/Workspace3/Lib_MCU/Debug/libLib_MCU.a(lpc17xx_ssp.o)
 .group         0x0000000000000000        0x8 /Users/nja/LPC/Workspace3/Lib_MCU/Debug/libLib_MCU.a(lpc17xx_ssp.o)
 .group         0x0000000000000000        0x8 /Users/nja/LPC/Workspace3/Lib_MCU/Debug/libLib_MCU.a(lpc17xx_ssp.o)
 .text          0x0000000000000000        0x0 /Users/nja/LPC/Workspace3/Lib_MCU/Debug/libLib_MCU.a(lpc17xx_ssp.o)
 .data          0x0000000000000000        0x0 /Users/nja/LPC/Workspace3/Lib_MCU/Debug/libLib_MCU.a(lpc17xx_ssp.o)
 .bss           0x0000000000000000        0x0 /Users/nja/LPC/Workspace3/Lib_MCU/Debug/libLib_MCU.a(lpc17xx_ssp.o)
 .text.SSP_DeInit
                0x0000000000000000       0x4c /Users/nja/LPC/Workspace3/Lib_MCU/Debug/libLib_MCU.a(lpc17xx_ssp.o)
 .text.SSP_LoopBackCmd
                0x0000000000000000       0x48 /Users/nja/LPC/Workspace3/Lib_MCU/Debug/libLib_MCU.a(lpc17xx_ssp.o)
 .text.SSP_SlaveOutputCmd
                0x0000000000000000       0x4c /Users/nja/LPC/Workspace3/Lib_MCU/Debug/libLib_MCU.a(lpc17xx_ssp.o)
 .text.SSP_GetStatus
                0x0000000000000000       0x50 /Users/nja/LPC/Workspace3/Lib_MCU/Debug/libLib_MCU.a(lpc17xx_ssp.o)
 .text.SSP_IntConfig
                0x0000000000000000       0x44 /Users/nja/LPC/Workspace3/Lib_MCU/Debug/libLib_MCU.a(lpc17xx_ssp.o)
 .text.SSP_GetRawIntStatus
                0x0000000000000000       0x4c /Users/nja/LPC/Workspace3/Lib_MCU/Debug/libLib_MCU.a(lpc17xx_ssp.o)
 .text.SSP_GetRawIntStatusReg
                0x0000000000000000       0x28 /Users/nja/LPC/Workspace3/Lib_MCU/Debug/libLib_MCU.a(lpc17xx_ssp.o)
 .text.SSP_GetIntStatus
                0x0000000000000000       0x4c /Users/nja/LPC/Workspace3/Lib_MCU/Debug/libLib_MCU.a(lpc17xx_ssp.o)
 .text.SSP_ClearIntPending
                0x0000000000000000       0x3c /Users/nja/LPC/Workspace3/Lib_MCU/Debug/libLib_MCU.a(lpc17xx_ssp.o)
 .text.SSP_DMACmd
                0x0000000000000000       0x60 /Users/nja/LPC/Workspace3/Lib_MCU/Debug/libLib_MCU.a(lpc17xx_ssp.o)
 .debug_macro   0x0000000000000000      0x850 /Users/nja/LPC/Workspace3/Lib_MCU/Debug/libLib_MCU.a(lpc17xx_ssp.o)
 .debug_macro   0x0000000000000000       0x1c /Users/nja/LPC/Workspace3/Lib_MCU/Debug/libLib_MCU.a(lpc17xx_ssp.o)
 .debug_macro   0x0000000000000000       0x22 /Users/nja/LPC/Workspace3/Lib_MCU/Debug/libLib_MCU.a(lpc17xx_ssp.o)
 .debug_macro   0x0000000000000000       0x16 /Users/nja/LPC/Workspace3/Lib_MCU/Debug/libLib_MCU.a(lpc17xx_ssp.o)
 .debug_macro   0x0000000000000000       0x44 /Users/nja/LPC/Workspace3/Lib_MCU/Debug/libLib_MCU.a(lpc17xx_ssp.o)
 .debug_macro   0x0000000000000000      0x209 /Users/nja/LPC/Workspace3/Lib_MCU/Debug/libLib_MCU.a(lpc17xx_ssp.o)
 .debug_macro   0x0000000000000000      0x7b7 /Users/nja/LPC/Workspace3/Lib_MCU/Debug/libLib_MCU.a(lpc17xx_ssp.o)
 .debug_macro   0x0000000000000000      0x2c7 /Users/nja/LPC/Workspace3/Lib_MCU/Debug/libLib_MCU.a(lpc17xx_ssp.o)
 .debug_macro   0x0000000000000000       0x64 /Users/nja/LPC/Workspace3/Lib_MCU/Debug/libLib_MCU.a(lpc17xx_ssp.o)
 .debug_macro   0x0000000000000000       0xda /Users/nja/LPC/Workspace3/Lib_MCU/Debug/libLib_MCU.a(lpc17xx_ssp.o)
 .group         0x0000000000000000        0x8 /Users/nja/LPC/Workspace3/Lib_MCU/Debug/libLib_MCU.a(lpc17xx_clkpwr.o)
 .group         0x0000000000000000        0x8 /Users/nja/LPC/Workspace3/Lib_MCU/Debug/libLib_MCU.a(lpc17xx_clkpwr.o)
 .group         0x0000000000000000        0x8 /Users/nja/LPC/Workspace3/Lib_MCU/Debug/libLib_MCU.a(lpc17xx_clkpwr.o)
 .group         0x0000000000000000        0x8 /Users/nja/LPC/Workspace3/Lib_MCU/Debug/libLib_MCU.a(lpc17xx_clkpwr.o)
 .group         0x0000000000000000        0x8 /Users/nja/LPC/Workspace3/Lib_MCU/Debug/libLib_MCU.a(lpc17xx_clkpwr.o)
 .group         0x0000000000000000        0x8 /Users/nja/LPC/Workspace3/Lib_MCU/Debug/libLib_MCU.a(lpc17xx_clkpwr.o)
 .group         0x0000000000000000        0x8 /Users/nja/LPC/Workspace3/Lib_MCU/Debug/libLib_MCU.a(lpc17xx_clkpwr.o)
 .group         0x0000000000000000        0x8 /Users/nja/LPC/Workspace3/Lib_MCU/Debug/libLib_MCU.a(lpc17xx_clkpwr.o)
 .group         0x0000000000000000        0x8 /Users/nja/LPC/Workspace3/Lib_MCU/Debug/libLib_MCU.a(lpc17xx_clkpwr.o)
 .group         0x0000000000000000        0x8 /Users/nja/LPC/Workspace3/Lib_MCU/Debug/libLib_MCU.a(lpc17xx_clkpwr.o)
 .text          0x0000000000000000        0x0 /Users/nja/LPC/Workspace3/Lib_MCU/Debug/libLib_MCU.a(lpc17xx_clkpwr.o)
 .data          0x0000000000000000        0x0 /Users/nja/LPC/Workspace3/Lib_MCU/Debug/libLib_MCU.a(lpc17xx_clkpwr.o)
 .bss           0x0000000000000000        0x0 /Users/nja/LPC/Workspace3/Lib_MCU/Debug/libLib_MCU.a(lpc17xx_clkpwr.o)
 .text.CLKPWR_SetPCLKDiv
                0x0000000000000000       0x60 /Users/nja/LPC/Workspace3/Lib_MCU/Debug/libLib_MCU.a(lpc17xx_clkpwr.o)
 .text.CLKPWR_Sleep
                0x0000000000000000       0x10 /Users/nja/LPC/Workspace3/Lib_MCU/Debug/libLib_MCU.a(lpc17xx_clkpwr.o)
 .text.CLKPWR_DeepSleep
                0x0000000000000000       0x1c /Users/nja/LPC/Workspace3/Lib_MCU/Debug/libLib_MCU.a(lpc17xx_clkpwr.o)
 .text.CLKPWR_PowerDown
                0x0000000000000000       0x1c /Users/nja/LPC/Workspace3/Lib_MCU/Debug/libLib_MCU.a(lpc17xx_clkpwr.o)
 .text.CLKPWR_DeepPowerDown
                0x0000000000000000       0x1c /Users/nja/LPC/Workspace3/Lib_MCU/Debug/libLib_MCU.a(lpc17xx_clkpwr.o)
 .debug_macro   0x0000000000000000      0x850 /Users/nja/LPC/Workspace3/Lib_MCU/Debug/libLib_MCU.a(lpc17xx_clkpwr.o)
 .debug_macro   0x0000000000000000       0x1c /Users/nja/LPC/Workspace3/Lib_MCU/Debug/libLib_MCU.a(lpc17xx_clkpwr.o)
 .debug_macro   0x0000000000000000       0x22 /Users/nja/LPC/Workspace3/Lib_MCU/Debug/libLib_MCU.a(lpc17xx_clkpwr.o)
 .debug_macro   0x0000000000000000       0x16 /Users/nja/LPC/Workspace3/Lib_MCU/Debug/libLib_MCU.a(lpc17xx_clkpwr.o)
 .debug_macro   0x0000000000000000       0x44 /Users/nja/LPC/Workspace3/Lib_MCU/Debug/libLib_MCU.a(lpc17xx_clkpwr.o)
 .debug_macro   0x0000000000000000      0x209 /Users/nja/LPC/Workspace3/Lib_MCU/Debug/libLib_MCU.a(lpc17xx_clkpwr.o)
 .debug_macro   0x0000000000000000      0x7b7 /Users/nja/LPC/Workspace3/Lib_MCU/Debug/libLib_MCU.a(lpc17xx_clkpwr.o)
 .debug_macro   0x0000000000000000      0x2c7 /Users/nja/LPC/Workspace3/Lib_MCU/Debug/libLib_MCU.a(lpc17xx_clkpwr.o)
 .debug_macro   0x0000000000000000       0x64 /Users/nja/LPC/Workspace3/Lib_MCU/Debug/libLib_MCU.a(lpc17xx_clkpwr.o)
 .text          0x0000000000000000       0x2c /Applications/lpcxpresso_7.4.0_229/lpcxpresso/tools/bin/../lib/gcc/arm-none-eabi/4.8.4/armv7-m/libgcc.a(_aeabi_uldivmod.o)
 .data          0x0000000000000000        0x0 /Applications/lpcxpresso_7.4.0_229/lpcxpresso/tools/bin/../lib/gcc/arm-none-eabi/4.8.4/armv7-m/libgcc.a(_aeabi_uldivmod.o)
 .bss           0x0000000000000000        0x0 /Applications/lpcxpresso_7.4.0_229/lpcxpresso/tools/bin/../lib/gcc/arm-none-eabi/4.8.4/armv7-m/libgcc.a(_aeabi_uldivmod.o)
 .ARM.attributes
                0x0000000000000000       0x1d /Applications/lpcxpresso_7.4.0_229/lpcxpresso/tools/bin/../lib/gcc/arm-none-eabi/4.8.4/armv7-m/libgcc.a(_aeabi_uldivmod.o)
 .text          0x0000000000000000       0x60 /Applications/lpcxpresso_7.4.0_229/lpcxpresso/tools/bin/../lib/gcc/arm-none-eabi/4.8.4/armv7-m/libgcc.a(bpabi.o)
 .data          0x0000000000000000        0x0 /Applications/lpcxpresso_7.4.0_229/lpcxpresso/tools/bin/../lib/gcc/arm-none-eabi/4.8.4/armv7-m/libgcc.a(bpabi.o)
 .bss           0x0000000000000000        0x0 /Applications/lpcxpresso_7.4.0_229/lpcxpresso/tools/bin/../lib/gcc/arm-none-eabi/4.8.4/armv7-m/libgcc.a(bpabi.o)
 .ARM.attributes
                0x0000000000000000       0x2d /Applications/lpcxpresso_7.4.0_229/lpcxpresso/tools/bin/../lib/gcc/arm-none-eabi/4.8.4/armv7-m/libgcc.a(bpabi.o)
 .debug_frame   0x0000000000000000       0x58 /Applications/lpcxpresso_7.4.0_229/lpcxpresso/tools/bin/../lib/gcc/arm-none-eabi/4.8.4/armv7-m/libgcc.a(bpabi.o)
 .text          0x0000000000000000        0x4 /Applications/lpcxpresso_7.4.0_229/lpcxpresso/tools/bin/../lib/gcc/arm-none-eabi/4.8.4/armv7-m/libgcc.a(_dvmd_tls.o)
 .data          0x0000000000000000        0x0 /Applications/lpcxpresso_7.4.0_229/lpcxpresso/tools/bin/../lib/gcc/arm-none-eabi/4.8.4/armv7-m/libgcc.a(_dvmd_tls.o)
 .bss           0x0000000000000000        0x0 /Applications/lpcxpresso_7.4.0_229/lpcxpresso/tools/bin/../lib/gcc/arm-none-eabi/4.8.4/armv7-m/libgcc.a(_dvmd_tls.o)
 .ARM.attributes
                0x0000000000000000       0x1d /Applications/lpcxpresso_7.4.0_229/lpcxpresso/tools/bin/../lib/gcc/arm-none-eabi/4.8.4/armv7-m/libgcc.a(_dvmd_tls.o)
 .text          0x0000000000000000      0x2a0 /Applications/lpcxpresso_7.4.0_229/lpcxpresso/tools/bin/../lib/gcc/arm-none-eabi/4.8.4/armv7-m/libgcc.a(_divdi3.o)
 .data          0x0000000000000000        0x0 /Applications/lpcxpresso_7.4.0_229/lpcxpresso/tools/bin/../lib/gcc/arm-none-eabi/4.8.4/armv7-m/libgcc.a(_divdi3.o)
 .bss           0x0000000000000000        0x0 /Applications/lpcxpresso_7.4.0_229/lpcxpresso/tools/bin/../lib/gcc/arm-none-eabi/4.8.4/armv7-m/libgcc.a(_divdi3.o)
 .ARM.extab     0x0000000000000000        0x0 /Applications/lpcxpresso_7.4.0_229/lpcxpresso/tools/bin/../lib/gcc/arm-none-eabi/4.8.4/armv7-m/libgcc.a(_divdi3.o)
 .ARM.exidx     0x0000000000000000        0x8 /Applications/lpcxpresso_7.4.0_229/lpcxpresso/tools/bin/../lib/gcc/arm-none-eabi/4.8.4/armv7-m/libgcc.a(_divdi3.o)
 .ARM.attributes
                0x0000000000000000       0x2d /Applications/lpcxpresso_7.4.0_229/lpcxpresso/tools/bin/../lib/gcc/arm-none-eabi/4.8.4/armv7-m/libgcc.a(_divdi3.o)
 .debug_frame   0x0000000000000000       0x34 /Applications/lpcxpresso_7.4.0_229/lpcxpresso/tools/bin/../lib/gcc/arm-none-eabi/4.8.4/armv7-m/libgcc.a(_divdi3.o)
 .text          0x0000000000000000      0x290 /Applications/lpcxpresso_7.4.0_229/lpcxpresso/tools/bin/../lib/gcc/arm-none-eabi/4.8.4/armv7-m/libgcc.a(_udivdi3.o)
 .data          0x0000000000000000        0x0 /Applications/lpcxpresso_7.4.0_229/lpcxpresso/tools/bin/../lib/gcc/arm-none-eabi/4.8.4/armv7-m/libgcc.a(_udivdi3.o)
 .bss           0x0000000000000000        0x0 /Applications/lpcxpresso_7.4.0_229/lpcxpresso/tools/bin/../lib/gcc/arm-none-eabi/4.8.4/armv7-m/libgcc.a(_udivdi3.o)
 .ARM.extab     0x0000000000000000        0x0 /Applications/lpcxpresso_7.4.0_229/lpcxpresso/tools/bin/../lib/gcc/arm-none-eabi/4.8.4/armv7-m/libgcc.a(_udivdi3.o)
 .ARM.exidx     0x0000000000000000        0x8 /Applications/lpcxpresso_7.4.0_229/lpcxpresso/tools/bin/../lib/gcc/arm-none-eabi/4.8.4/armv7-m/libgcc.a(_udivdi3.o)
 .ARM.attributes
                0x0000000000000000       0x2d /Applications/lpcxpresso_7.4.0_229/lpcxpresso/tools/bin/../lib/gcc/arm-none-eabi/4.8.4/armv7-m/libgcc.a(_udivdi3.o)
 .debug_frame   0x0000000000000000       0x34 /Applications/lpcxpresso_7.4.0_229/lpcxpresso/tools/bin/../lib/gcc/arm-none-eabi/4.8.4/armv7-m/libgcc.a(_udivdi3.o)

Memory Configuration

Name             Origin             Length             Attributes
MFlash512        0x0000000000000000 0x0000000000080000 xr
RamLoc32         0x0000000010000000 0x0000000000008000 xrw
RamAHB32         0x000000002007c000 0x0000000000008000 xrw
*default*        0x0000000000000000 0xffffffffffffffff

Linker script and memory map

LOAD ./src/tasks/joystick_input.o
LOAD ./src/tasks/seven_seg.o
LOAD ./src/system/cr_startup_lpc17.o
LOAD ./src/scheduler/ttc_scheduler_o.o
LOAD ./src/main/main.o
LOAD /Users/nja/LPC/Workspace3/Lib_CMSISv1p30_LPC17xx/Debug/libCMSISv1p30_LPC17xx.a
LOAD /Users/nja/LPC/Workspace3/Lib_EaBaseBoard/Debug/libLib_EaBaseBoard.a
LOAD /Users/nja/LPC/Workspace3/Lib_MCU/Debug/libLib_MCU.a
START GROUP
LOAD /Applications/lpcxpresso_7.4.0_229/lpcxpresso/tools/bin/../lib/gcc/arm-none-eabi/4.8.4/armv7-m/libgcc.a
LOAD /Applications/lpcxpresso_7.4.0_229/lpcxpresso/tools/bin/../lib/gcc/arm-none-eabi/4.8.4/../../../../arm-none-eabi/lib/armv7-m/libc.a
LOAD /Applications/lpcxpresso_7.4.0_229/lpcxpresso/tools/bin/../lib/gcc/arm-none-eabi/4.8.4/../../../../arm-none-eabi/lib/armv7-m/libm.a
LOAD /Applications/lpcxpresso_7.4.0_229/lpcxpresso/tools/bin/../lib/gcc/arm-none-eabi/4.8.4/../../../../arm-none-eabi/lib/armv7-m/libcr_newlib_semihost.a
END GROUP
                0x0000000000080000                __top_MFlash512 = 0x80000
                0x0000000010008000                __top_RamLoc32 = 0x10008000
                0x0000000020084000                __top_RamAHB32 = 0x20084000

.text           0x0000000000000000      0xe60
 FILL mask 0xff
                0x0000000000000000                __vectors_start__ = ABSOLUTE (.)
 *(.isr_vector)
 .isr_vector    0x0000000000000000       0xcc ./src/system/cr_startup_lpc17.o
                0x0000000000000000                g_pfnVectors
                0x00000000000000cc                . = ALIGN (0x4)
                0x00000000000000cc                __section_table_start = .
                0x00000000000000cc                __data_section_table = .
                0x00000000000000cc        0x4 LONG 0xe60 LOADADDR (.data)
                0x00000000000000d0        0x4 LONG 0x10000000 ADDR (.data)
                0x00000000000000d4        0x4 LONG 0x4 SIZEOF (.data)
                0x00000000000000d8        0x4 LONG 0xe60 LOADADDR (.data_RAM2)
                0x00000000000000dc        0x4 LONG 0x2007c000 ADDR (.data_RAM2)
                0x00000000000000e0        0x4 LONG 0x0 SIZEOF (.data_RAM2)
                0x00000000000000e4                __data_section_table_end = .
                0x00000000000000e4                __bss_section_table = .
                0x00000000000000e4        0x4 LONG 0x10000004 ADDR (.bss)
                0x00000000000000e8        0x4 LONG 0xb0 SIZEOF (.bss)
                0x00000000000000ec        0x4 LONG 0x2007c000 ADDR (.bss_RAM2)
                0x00000000000000f0        0x4 LONG 0x0 SIZEOF (.bss_RAM2)
                0x00000000000000f4                __bss_section_table_end = .
                0x00000000000000f4                __section_table_end = .
 *(.after_vectors*)
 *(.text*)
 .text.Joystick_Init
                0x00000000000000f4        0xc ./src/tasks/joystick_input.o
                0x00000000000000f4                Joystick_Init
 .text.Joystick_Read
                0x0000000000000100       0x18 ./src/tasks/joystick_input.o
                0x0000000000000100                Joystick_Read
 .text.SevenSeg_Init
                0x0000000000000118       0x80 ./src/tasks/seven_seg.o
                0x0000000000000118                SevenSeg_Init
 .text.SevenSeg_Joystick
                0x0000000000000198       0x84 ./src/tasks/seven_seg.o
                0x0000000000000198                SevenSeg_Joystick
 .text.ResetISR
                0x000000000000021c       0x5c ./src/system/cr_startup_lpc17.o
                0x000000000000021c                ResetISR
 .text.NMI_Handler
                0x0000000000000278        0x8 ./src/system/cr_startup_lpc17.o
                0x0000000000000278                NMI_Handler
 .text.HardFault_Handler
                0x0000000000000280        0x8 ./src/system/cr_startup_lpc17.o
                0x0000000000000280                HardFault_Handler
 .text.MemManage_Handler
                0x0000000000000288        0x8 ./src/system/cr_startup_lpc17.o
                0x0000000000000288                MemManage_Handler
 .text.BusFault_Handler
                0x0000000000000290        0x8 ./src/system/cr_startup_lpc17.o
                0x0000000000000290                BusFault_Handler
 .text.UsageFault_Handler
                0x0000000000000298        0x8 ./src/system/cr_startup_lpc17.o
                0x0000000000000298                UsageFault_Handler
 .text.SVCall_Handler
                0x00000000000002a0        0x8 ./src/system/cr_startup_lpc17.o
                0x00000000000002a0                SVCall_Handler
 .text.DebugMon_Handler
                0x00000000000002a8        0x8 ./src/system/cr_startup_lpc17.o
                0x00000000000002a8                DebugMon_Handler
 .text.PendSV_Handler
                0x00000000000002b0        0x8 ./src/system/cr_startup_lpc17.o
                0x00000000000002b0                PendSV_Handler
 .text.IntDefaultHandler
                0x00000000000002b8        0x8 ./src/system/cr_startup_lpc17.o
                0x00000000000002b8                ENET_IRQHandler
                0x00000000000002b8                RIT_IRQHandler
                0x00000000000002b8                I2C0_IRQHandler
                0x00000000000002b8                USBActivity_IRQHandler
                0x00000000000002b8                PWM1_IRQHandler
                0x00000000000002b8                I2C1_IRQHandler
                0x00000000000002b8                EINT2_IRQHandler
                0x00000000000002b8                UART1_IRQHandler
                0x00000000000002b8                EINT3_IRQHandler
                0x00000000000002b8                CANActivity_IRQHandler
                0x00000000000002b8                TIMER3_IRQHandler
                0x00000000000002b8                UART0_IRQHandler
                0x00000000000002b8                IntDefaultHandler
                0x00000000000002b8                PLL0_IRQHandler
                0x00000000000002b8                CAN_IRQHandler
                0x00000000000002b8                PLL1_IRQHandler
                0x00000000000002b8                SSP0_IRQHandler
                0x00000000000002b8                I2S_IRQHandler
                0x00000000000002b8                I2C2_IRQHandler
                0x00000000000002b8                RTC_IRQHandler
                0x00000000000002b8                TIMER0_IRQHandler
                0x00000000000002b8                SPI_IRQHandler
                0x00000000000002b8                EINT1_IRQHandler
                0x00000000000002b8                TIMER1_IRQHandler
                0x00000000000002b8                UART2_IRQHandler
                0x00000000000002b8                ADC_IRQHandler
                0x00000000000002b8                SSP1_IRQHandler
                0x00000000000002b8                USB_IRQHandler
                0x00000000000002b8                BOD_IRQHandler
                0x00000000000002b8                WDT_IRQHandler
                0x00000000000002b8                QEI_IRQHandler
                0x00000000000002b8                EINT0_IRQHandler
                0x00000000000002b8                DMA_IRQHandler
                0x00000000000002b8                UART3_IRQHandler
                0x00000000000002b8                MCPWM_IRQHandler
                0x00000000000002b8                TIMER2_IRQHandler
 .text.__enable_irq
                0x00000000000002c0       0x10 ./src/scheduler/ttc_scheduler_o.o
 .text.__disable_irq
                0x00000000000002d0       0x10 ./src/scheduler/ttc_scheduler_o.o
 .text.__WFI    0x00000000000002e0       0x10 ./src/scheduler/ttc_scheduler_o.o
 .text.NVIC_SetPriority
                0x00000000000002f0       0x54 ./src/scheduler/ttc_scheduler_o.o
 .text.SysTick_Config
                0x0000000000000344       0x44 ./src/scheduler/ttc_scheduler_o.o
 .text.SCH_Init
                0x0000000000000388       0x64 ./src/scheduler/ttc_scheduler_o.o
                0x0000000000000388                SCH_Init
 .text.SCH_Start
                0x00000000000003ec       0x28 ./src/scheduler/ttc_scheduler_o.o
                0x00000000000003ec                SCH_Start
 .text.SysTick_Handler
                0x0000000000000414       0x30 ./src/scheduler/ttc_scheduler_o.o
                0x0000000000000414                SysTick_Handler
 .text.SCH_Dispatch_Tasks
                0x0000000000000444      0x10c ./src/scheduler/ttc_scheduler_o.o
                0x0000000000000444                SCH_Dispatch_Tasks
 .text.SCH_Add_Task
                0x0000000000000550       0x7c ./src/scheduler/ttc_scheduler_o.o
                0x0000000000000550                SCH_Add_Task
 .text.SCH_Delete_Task
                0x00000000000005cc       0x70 ./src/scheduler/ttc_scheduler_o.o
                0x00000000000005cc                SCH_Delete_Task
 .text.SCH_Go_To_Sleep
                0x000000000000063c        0xc ./src/scheduler/ttc_scheduler_o.o
 .text.main     0x0000000000000648       0x38 ./src/main/main.o
                0x0000000000000648                main
 .text.check_failed
                0x0000000000000680        0xc ./src/main/main.o
                0x0000000000000680                check_failed
 .text.SystemInit
                0x000000000000068c       0xec /Users/nja/LPC/Workspace3/Lib_CMSISv1p30_LPC17xx/Debug/libCMSISv1p30_LPC17xx.a(system_LPC17xx.o)
                0x000000000000068c                SystemInit
 .text.joystick_init
                0x0000000000000778       0x1c /Users/nja/LPC/Workspace3/Lib_EaBaseBoard/Debug/libLib_EaBaseBoard.a(joystick.o)
                0x0000000000000778                joystick_init
 .text.joystick_read
                0x0000000000000794       0x48 /Users/nja/LPC/Workspace3/Lib_EaBaseBoard/Debug/libLib_EaBaseBoard.a(joystick.o)
                0x0000000000000794                joystick_read
 .text.led7seg_init
                0x00000000000007dc       0x18 /Users/nja/LPC/Workspace3/Lib_EaBaseBoard/Debug/libLib_EaBaseBoard.a(led7seg.o)
                0x00000000000007dc                led7seg_init
 .text.led7seg_setChar
                0x00000000000007f4       0x5c /Users/nja/LPC/Workspace3/Lib_EaBaseBoard/Debug/libLib_EaBaseBoard.a(led7seg.o)
                0x00000000000007f4                led7seg_setChar
 .text.GPIO_GetPointer
                0x0000000000000850       0x3c /Users/nja/LPC/Workspace3/Lib_MCU/Debug/libLib_MCU.a(lpc17xx_gpio.o)
 .text.GPIO_SetDir
                0x000000000000088c       0x20 /Users/nja/LPC/Workspace3/Lib_MCU/Debug/libLib_MCU.a(lpc17xx_gpio.o)
                0x000000000000088c                GPIO_SetDir
 .text.GPIO_SetValue
                0x00000000000008ac       0x10 /Users/nja/LPC/Workspace3/Lib_MCU/Debug/libLib_MCU.a(lpc17xx_gpio.o)
                0x00000000000008ac                GPIO_SetValue
 .text.GPIO_ClearValue
                0x00000000000008bc       0x10 /Users/nja/LPC/Workspace3/Lib_MCU/Debug/libLib_MCU.a(lpc17xx_gpio.o)
                0x00000000000008bc                GPIO_ClearValue
 .text.GPIO_ReadValue
                0x00000000000008cc       0x10 /Users/nja/LPC/Workspace3/Lib_MCU/Debug/libLib_MCU.a(lpc17xx_gpio.o)
                0x00000000000008cc                GPIO_ReadValue
 .text.set_PinFunc
                0x00000000000008dc       0x38 /Users/nja/LPC/Workspace3/Lib_MCU/Debug/libLib_MCU.a(lpc17xx_pinsel.o)
 .text.set_ResistorMode
                0x0000000000000914       0x34 /Users/nja/LPC/Workspace3/Lib_MCU/Debug/libLib_MCU.a(lpc17xx_pinsel.o)
 .text.set_OpenDrainMode
                0x0000000000000948       0x30 /Users/nja/LPC/Workspace3/Lib_MCU/Debug/libLib_MCU.a(lpc17xx_pinsel.o)
 .text.PINSEL_ConfigPin
                0x0000000000000978       0x24 /Users/nja/LPC/Workspace3/Lib_MCU/Debug/libLib_MCU.a(lpc17xx_pinsel.o)
                0x0000000000000978                PINSEL_ConfigPin
 .text.setSSPclock
                0x000000000000099c       0x84 /Users/nja/LPC/Workspace3/Lib_MCU/Debug/libLib_MCU.a(lpc17xx_ssp.o)
 .text.SSP_Init
                0x0000000000000a20       0x70 /Users/nja/LPC/Workspace3/Lib_MCU/Debug/libLib_MCU.a(lpc17xx_ssp.o)
                0x0000000000000a20                SSP_Init
 .text.SSP_GetDataSize
                0x0000000000000a90       0x2c /Users/nja/LPC/Workspace3/Lib_MCU/Debug/libLib_MCU.a(lpc17xx_ssp.o)
                0x0000000000000a90                SSP_GetDataSize
 .text.SSP_ConfigStructInit
                0x0000000000000abc       0x18 /Users/nja/LPC/Workspace3/Lib_MCU/Debug/libLib_MCU.a(lpc17xx_ssp.o)
                0x0000000000000abc                SSP_ConfigStructInit
 .text.SSP_Cmd  0x0000000000000ad4       0x48 /Users/nja/LPC/Workspace3/Lib_MCU/Debug/libLib_MCU.a(lpc17xx_ssp.o)
                0x0000000000000ad4                SSP_Cmd
 .text.SSP_SendData
                0x0000000000000b1c       0x2c /Users/nja/LPC/Workspace3/Lib_MCU/Debug/libLib_MCU.a(lpc17xx_ssp.o)
                0x0000000000000b1c                SSP_SendData
 .text.SSP_ReceiveData
                0x0000000000000b48       0x2c /Users/nja/LPC/Workspace3/Lib_MCU/Debug/libLib_MCU.a(lpc17xx_ssp.o)
                0x0000000000000b48                SSP_ReceiveData
 .text.SSP_ReadWrite
                0x0000000000000b74      0x204 /Users/nja/LPC/Workspace3/Lib_MCU/Debug/libLib_MCU.a(lpc17xx_ssp.o)
                0x0000000000000b74                SSP_ReadWrite
 .text.CLKPWR_GetPCLKSEL
                0x0000000000000d78       0x24 /Users/nja/LPC/Workspace3/Lib_MCU/Debug/libLib_MCU.a(lpc17xx_clkpwr.o)
                0x0000000000000d78                CLKPWR_GetPCLKSEL
 .text.CLKPWR_GetPCLK
                0x0000000000000d9c       0x28 /Users/nja/LPC/Workspace3/Lib_MCU/Debug/libLib_MCU.a(lpc17xx_clkpwr.o)
                0x0000000000000d9c                CLKPWR_GetPCLK
 .text.CLKPWR_ConfigPPWR
                0x0000000000000dc4       0x34 /Users/nja/LPC/Workspace3/Lib_MCU/Debug/libLib_MCU.a(lpc17xx_clkpwr.o)
                0x0000000000000dc4                CLKPWR_ConfigPPWR
 *(.rodata .rodata.* .constdata .constdata.*)
 .rodata        0x0000000000000df8       0x50 /Users/nja/LPC/Workspace3/Lib_EaBaseBoard/Debug/libLib_EaBaseBoard.a(led7seg.o)
 .rodata.str1.4
                0x0000000000000e48       0x18 /Users/nja/LPC/Workspace3/Lib_MCU/Debug/libLib_MCU.a(lpc17xx_ssp.o)
                0x0000000000000e60                . = ALIGN (0x4)

.glue_7         0x0000000000000e60        0x0
 .glue_7        0x0000000000000000        0x0 linker stubs

.glue_7t        0x0000000000000e60        0x0
 .glue_7t       0x0000000000000000        0x0 linker stubs

.vfp11_veneer   0x0000000000000e60        0x0
 .vfp11_veneer  0x0000000000000000        0x0 linker stubs

.v4_bx          0x0000000000000e60        0x0
 .v4_bx         0x0000000000000000        0x0 linker stubs

.iplt           0x0000000000000e60        0x0
 .iplt          0x0000000000000000        0x0 ./src/tasks/joystick_input.o

.rel.dyn        0x0000000000000e60        0x0
 .rel.iplt      0x0000000000000000        0x0 ./src/tasks/joystick_input.o

.ARM.extab
 *(.ARM.extab* .gnu.linkonce.armextab.*)
                0x0000000000000e60                __exidx_start = .

.ARM.exidx
 *(.ARM.exidx* .gnu.linkonce.armexidx.*)
                0x0000000000000e60                __exidx_end = .
                0x0000000000000e60                _etext = .

.data_RAM2      0x000000002007c000        0x0 load address 0x0000000000000e60
 FILL mask 0xff
 *(.ramfunc.$RAM2)
 *(.ramfunc.$RamAHB32)
 *(.data.$RAM2*)
 *(.data.$RamAHB32*)
                0x000000002007c000                . = ALIGN (0x4)

.uninit_RESERVED
                0x0000000010000000        0x0
 *(.bss.$RESERVED*)
                0x0000000010000000                . = ALIGN (0x4)
                0x0000000010000000                _end_uninit_RESERVED = .

.data           0x0000000010000000        0x4 load address 0x0000000000000e60
 FILL mask 0xff
                0x0000000010000000                _data = .
 *(vtable)
 *(.ramfunc*)
 *(.data*)
 .data          0x0000000010000000        0x4 /Users/nja/LPC/Workspace3/Lib_CMSISv1p30_LPC17xx/Debug/libCMSISv1p30_LPC17xx.a(system_LPC17xx.o)
                0x0000000010000000                SystemCoreClock
                0x0000000010000004                . = ALIGN (0x4)
                0x0000000010000004                _edata = .

.igot.plt       0x0000000010000004        0x0 load address 0x0000000000000e64
 .igot.plt      0x0000000000000000        0x0 ./src/tasks/joystick_input.o

.bss_RAM2       0x000000002007c000        0x0
 *(.bss.$RAM2*)
 *(.bss.$RamAHB32*)
                0x000000002007c000                . = ALIGN (0x4)

.bss            0x0000000010000004       0xb0
                0x0000000010000004                _bss = .
 *(.bss*)
 .bss           0x0000000010000004        0x1 ./src/tasks/joystick_input.o
                0x0000000010000004                joystick_state
 *fill*         0x0000000010000005        0x3 
 .bss           0x0000000010000008        0x8 ./src/scheduler/ttc_scheduler_o.o
 *(COMMON)
 COMMON         0x0000000010000010       0xa4 ./src/scheduler/ttc_scheduler_o.o
                0x0000000010000010                Error_code_G
                0x0000000010000014                SCH_tasks_G
                0x00000000100000b4                . = ALIGN (0x4)
                0x00000000100000b4                _ebss = .
                0x00000000100000b4                PROVIDE (end, .)

.noinit_RAM2    0x000000002007c000        0x0
 *(.noinit.$RAM2*)
 *(.noinit.$RamAHB32*)
                0x000000002007c000                . = ALIGN (0x4)

.noinit         0x00000000100000b4        0x0
                0x00000000100000b4                _noinit = .
 *(.noinit*)
                0x00000000100000b4                . = ALIGN (0x4)
                0x00000000100000b4                _end_noinit = .
                0x00000000100000b4                PROVIDE (_pvHeapStart, DEFINED (__user_heap_base)?__user_heap_base:.)
                0x0000000010008000                PROVIDE (_vStackTop, DEFINED (__user_stack_top)?__user_stack_top:(__top_RamLoc32 - 0x0))
OUTPUT(rgb_joystick_scheduler.axf elf32-littlearm)

.debug_info     0x0000000000000000     0x39fc
 .debug_info    0x0000000000000000       0xc0 ./src/tasks/joystick_input.o
 .debug_info    0x00000000000000c0      0x29a ./src/tasks/seven_seg.o
 .debug_info    0x000000000000035a      0x1b1 ./src/system/cr_startup_lpc17.o
 .debug_info    0x000000000000050b      0x709 ./src/scheduler/ttc_scheduler_o.o
 .debug_info    0x0000000000000c14      0x108 ./src/main/main.o
 .debug_info    0x0000000000000d1c      0x2ee /Users/nja/LPC/Workspace3/Lib_CMSISv1p30_LPC17xx/Debug/libCMSISv1p30_LPC17xx.a(system_LPC17xx.o)
 .debug_info    0x000000000000100a      0x19e /Users/nja/LPC/Workspace3/Lib_EaBaseBoard/Debug/libLib_EaBaseBoard.a(joystick.o)
 .debug_info    0x00000000000011a8      0x377 /Users/nja/LPC/Workspace3/Lib_EaBaseBoard/Debug/libLib_EaBaseBoard.a(led7seg.o)
 .debug_info    0x000000000000151f      0xe69 /Users/nja/LPC/Workspace3/Lib_MCU/Debug/libLib_MCU.a(lpc17xx_gpio.o)
 .debug_info    0x0000000000002388      0x486 /Users/nja/LPC/Workspace3/Lib_MCU/Debug/libLib_MCU.a(lpc17xx_pinsel.o)
 .debug_info    0x000000000000280e      0xbe7 /Users/nja/LPC/Workspace3/Lib_MCU/Debug/libLib_MCU.a(lpc17xx_ssp.o)
 .debug_info    0x00000000000033f5      0x607 /Users/nja/LPC/Workspace3/Lib_MCU/Debug/libLib_MCU.a(lpc17xx_clkpwr.o)

.debug_abbrev   0x0000000000000000      0xfa1
 .debug_abbrev  0x0000000000000000       0x63 ./src/tasks/joystick_input.o
 .debug_abbrev  0x0000000000000063       0xfd ./src/tasks/seven_seg.o
 .debug_abbrev  0x0000000000000160       0xb9 ./src/system/cr_startup_lpc17.o
 .debug_abbrev  0x0000000000000219      0x23e ./src/scheduler/ttc_scheduler_o.o
 .debug_abbrev  0x0000000000000457       0x9e ./src/main/main.o
 .debug_abbrev  0x00000000000004f5       0xe6 /Users/nja/LPC/Workspace3/Lib_CMSISv1p30_LPC17xx/Debug/libCMSISv1p30_LPC17xx.a(system_LPC17xx.o)
 .debug_abbrev  0x00000000000005db       0xe8 /Users/nja/LPC/Workspace3/Lib_EaBaseBoard/Debug/libLib_EaBaseBoard.a(joystick.o)
 .debug_abbrev  0x00000000000006c3      0x172 /Users/nja/LPC/Workspace3/Lib_EaBaseBoard/Debug/libLib_EaBaseBoard.a(led7seg.o)
 .debug_abbrev  0x0000000000000835      0x21b /Users/nja/LPC/Workspace3/Lib_MCU/Debug/libLib_MCU.a(lpc17xx_gpio.o)
 .debug_abbrev  0x0000000000000a50      0x16e /Users/nja/LPC/Workspace3/Lib_MCU/Debug/libLib_MCU.a(lpc17xx_pinsel.o)
 .debug_abbrev  0x0000000000000bbe      0x22d /Users/nja/LPC/Workspace3/Lib_MCU/Debug/libLib_MCU.a(lpc17xx_ssp.o)
 .debug_abbrev  0x0000000000000deb      0x1b6 /Users/nja/LPC/Workspace3/Lib_MCU/Debug/libLib_MCU.a(lpc17xx_clkpwr.o)

.debug_aranges  0x0000000000000000      0x418
 .debug_aranges
                0x0000000000000000       0x28 ./src/tasks/joystick_input.o
 .debug_aranges
                0x0000000000000028       0x28 ./src/tasks/seven_seg.o
 .debug_aranges
                0x0000000000000050       0x70 ./src/system/cr_startup_lpc17.o
 .debug_aranges
                0x00000000000000c0       0x78 ./src/scheduler/ttc_scheduler_o.o
 .debug_aranges
                0x0000000000000138       0x28 ./src/main/main.o
 .debug_aranges
                0x0000000000000160       0x28 /Users/nja/LPC/Workspace3/Lib_CMSISv1p30_LPC17xx/Debug/libCMSISv1p30_LPC17xx.a(system_LPC17xx.o)
 .debug_aranges
                0x0000000000000188       0x28 /Users/nja/LPC/Workspace3/Lib_EaBaseBoard/Debug/libLib_EaBaseBoard.a(joystick.o)
 .debug_aranges
                0x00000000000001b0       0x28 /Users/nja/LPC/Workspace3/Lib_EaBaseBoard/Debug/libLib_EaBaseBoard.a(led7seg.o)
 .debug_aranges
                0x00000000000001d8       0xf8 /Users/nja/LPC/Workspace3/Lib_MCU/Debug/libLib_MCU.a(lpc17xx_gpio.o)
 .debug_aranges
                0x00000000000002d0       0x48 /Users/nja/LPC/Workspace3/Lib_MCU/Debug/libLib_MCU.a(lpc17xx_pinsel.o)
 .debug_aranges
                0x0000000000000318       0xa8 /Users/nja/LPC/Workspace3/Lib_MCU/Debug/libLib_MCU.a(lpc17xx_ssp.o)
 .debug_aranges
                0x00000000000003c0       0x58 /Users/nja/LPC/Workspace3/Lib_MCU/Debug/libLib_MCU.a(lpc17xx_clkpwr.o)

.debug_ranges   0x0000000000000000      0x358
 .debug_ranges  0x0000000000000000       0x18 ./src/tasks/joystick_input.o
 .debug_ranges  0x0000000000000018       0x18 ./src/tasks/seven_seg.o
 .debug_ranges  0x0000000000000030       0x60 ./src/system/cr_startup_lpc17.o
 .debug_ranges  0x0000000000000090       0x68 ./src/scheduler/ttc_scheduler_o.o
 .debug_ranges  0x00000000000000f8       0x18 ./src/main/main.o
 .debug_ranges  0x0000000000000110       0x18 /Users/nja/LPC/Workspace3/Lib_CMSISv1p30_LPC17xx/Debug/libCMSISv1p30_LPC17xx.a(system_LPC17xx.o)
 .debug_ranges  0x0000000000000128       0x18 /Users/nja/LPC/Workspace3/Lib_EaBaseBoard/Debug/libLib_EaBaseBoard.a(joystick.o)
 .debug_ranges  0x0000000000000140       0x18 /Users/nja/LPC/Workspace3/Lib_EaBaseBoard/Debug/libLib_EaBaseBoard.a(led7seg.o)
 .debug_ranges  0x0000000000000158       0xe8 /Users/nja/LPC/Workspace3/Lib_MCU/Debug/libLib_MCU.a(lpc17xx_gpio.o)
 .debug_ranges  0x0000000000000240       0x38 /Users/nja/LPC/Workspace3/Lib_MCU/Debug/libLib_MCU.a(lpc17xx_pinsel.o)
 .debug_ranges  0x0000000000000278       0x98 /Users/nja/LPC/Workspace3/Lib_MCU/Debug/libLib_MCU.a(lpc17xx_ssp.o)
 .debug_ranges  0x0000000000000310       0x48 /Users/nja/LPC/Workspace3/Lib_MCU/Debug/libLib_MCU.a(lpc17xx_clkpwr.o)

.debug_macro    0x0000000000000000     0x3be6
 .debug_macro   0x0000000000000000       0x5a ./src/tasks/joystick_input.o
 .debug_macro   0x000000000000005a      0x856 ./src/tasks/joystick_input.o
 .debug_macro   0x00000000000008b0       0x16 ./src/tasks/joystick_input.o
 .debug_macro   0x00000000000008c6       0x44 ./src/tasks/joystick_input.o
 .debug_macro   0x000000000000090a      0x209 ./src/tasks/joystick_input.o
 .debug_macro   0x0000000000000b13       0x5e ./src/tasks/joystick_input.o
 .debug_macro   0x0000000000000b71       0x28 ./src/tasks/joystick_input.o
 .debug_macro   0x0000000000000b99       0xb3 ./src/tasks/seven_seg.o
 .debug_macro   0x0000000000000c4c       0x1c ./src/tasks/seven_seg.o
 .debug_macro   0x0000000000000c68       0x22 ./src/tasks/seven_seg.o
 .debug_macro   0x0000000000000c8a      0x7b7 ./src/tasks/seven_seg.o
 .debug_macro   0x0000000000001441      0x2c7 ./src/tasks/seven_seg.o
 .debug_macro   0x0000000000001708       0x64 ./src/tasks/seven_seg.o
 .debug_macro   0x000000000000176c      0x140 ./src/tasks/seven_seg.o
 .debug_macro   0x00000000000018ac       0x46 ./src/tasks/seven_seg.o
 .debug_macro   0x00000000000018f2      0x2a6 ./src/tasks/seven_seg.o
 .debug_macro   0x0000000000001b98       0x58 ./src/system/cr_startup_lpc17.o
 .debug_macro   0x0000000000001bf0       0x9c ./src/scheduler/ttc_scheduler_o.o
 .debug_macro   0x0000000000001c8c       0x16 ./src/scheduler/ttc_scheduler_o.o
 .debug_macro   0x0000000000001ca2       0x2e ./src/scheduler/ttc_scheduler_o.o
 .debug_macro   0x0000000000001cd0       0x28 ./src/scheduler/ttc_scheduler_o.o
 .debug_macro   0x0000000000001cf8       0xa3 ./src/main/main.o
 .debug_macro   0x0000000000001d9b       0x22 ./src/main/main.o
 .debug_macro   0x0000000000001dbd      0x119 /Users/nja/LPC/Workspace3/Lib_CMSISv1p30_LPC17xx/Debug/libCMSISv1p30_LPC17xx.a(system_LPC17xx.o)
 .debug_macro   0x0000000000001ed6      0x850 /Users/nja/LPC/Workspace3/Lib_CMSISv1p30_LPC17xx/Debug/libCMSISv1p30_LPC17xx.a(system_LPC17xx.o)
 .debug_macro   0x0000000000002726      0x7d5 /Users/nja/LPC/Workspace3/Lib_CMSISv1p30_LPC17xx/Debug/libCMSISv1p30_LPC17xx.a(system_LPC17xx.o)
 .debug_macro   0x0000000000002efb       0x89 /Users/nja/LPC/Workspace3/Lib_EaBaseBoard/Debug/libLib_EaBaseBoard.a(joystick.o)
 .debug_macro   0x0000000000002f84       0x40 /Users/nja/LPC/Workspace3/Lib_EaBaseBoard/Debug/libLib_EaBaseBoard.a(joystick.o)
 .debug_macro   0x0000000000002fc4       0x9f /Users/nja/LPC/Workspace3/Lib_EaBaseBoard/Debug/libLib_EaBaseBoard.a(led7seg.o)
 .debug_macro   0x0000000000003063       0x89 /Users/nja/LPC/Workspace3/Lib_MCU/Debug/libLib_MCU.a(lpc17xx_gpio.o)
 .debug_macro   0x00000000000030ec       0xda /Users/nja/LPC/Workspace3/Lib_MCU/Debug/libLib_MCU.a(lpc17xx_gpio.o)
 .debug_macro   0x00000000000031c6       0x80 /Users/nja/LPC/Workspace3/Lib_MCU/Debug/libLib_MCU.a(lpc17xx_pinsel.o)
 .debug_macro   0x0000000000003246       0x92 /Users/nja/LPC/Workspace3/Lib_MCU/Debug/libLib_MCU.a(lpc17xx_ssp.o)
 .debug_macro   0x00000000000032d8      0x2a0 /Users/nja/LPC/Workspace3/Lib_MCU/Debug/libLib_MCU.a(lpc17xx_ssp.o)
 .debug_macro   0x0000000000003578      0x2fa /Users/nja/LPC/Workspace3/Lib_MCU/Debug/libLib_MCU.a(lpc17xx_ssp.o)
 .debug_macro   0x0000000000003872       0x80 /Users/nja/LPC/Workspace3/Lib_MCU/Debug/libLib_MCU.a(lpc17xx_clkpwr.o)
 .debug_macro   0x00000000000038f2      0x2f4 /Users/nja/LPC/Workspace3/Lib_MCU/Debug/libLib_MCU.a(lpc17xx_clkpwr.o)

.debug_line     0x0000000000000000     0x289c
 .debug_line    0x0000000000000000      0x24d ./src/tasks/joystick_input.o
 .debug_line    0x000000000000024d      0x342 ./src/tasks/seven_seg.o
 .debug_line    0x000000000000058f      0x2fe ./src/system/cr_startup_lpc17.o
 .debug_line    0x000000000000088d      0x43d ./src/scheduler/ttc_scheduler_o.o
 .debug_line    0x0000000000000cca      0x30a ./src/main/main.o
 .debug_line    0x0000000000000fd4      0x29b /Users/nja/LPC/Workspace3/Lib_CMSISv1p30_LPC17xx/Debug/libCMSISv1p30_LPC17xx.a(system_LPC17xx.o)
 .debug_line    0x000000000000126f      0x2c8 /Users/nja/LPC/Workspace3/Lib_EaBaseBoard/Debug/libLib_EaBaseBoard.a(joystick.o)
 .debug_line    0x0000000000001537      0x2d2 /Users/nja/LPC/Workspace3/Lib_EaBaseBoard/Debug/libLib_EaBaseBoard.a(led7seg.o)
 .debug_line    0x0000000000001809      0x511 /Users/nja/LPC/Workspace3/Lib_MCU/Debug/libLib_MCU.a(lpc17xx_gpio.o)
 .debug_line    0x0000000000001d1a      0x2de /Users/nja/LPC/Workspace3/Lib_MCU/Debug/libLib_MCU.a(lpc17xx_pinsel.o)
 .debug_line    0x0000000000001ff8      0x57a /Users/nja/LPC/Workspace3/Lib_MCU/Debug/libLib_MCU.a(lpc17xx_ssp.o)
 .debug_line    0x0000000000002572      0x32a /Users/nja/LPC/Workspace3/Lib_MCU/Debug/libLib_MCU.a(lpc17xx_clkpwr.o)

.debug_str      0x0000000000000000     0xb1c4
 .debug_str     0x0000000000000000     0x2faa ./src/tasks/joystick_input.o
                                       0x30fc (size before relaxing)
 .debug_str     0x0000000000002faa     0x57e9 ./src/tasks/seven_seg.o
                                       0x88b9 (size before relaxing)
 .debug_str     0x0000000000008793      0x16f ./src/system/cr_startup_lpc17.o
                                       0x2ff7 (size before relaxing)
 .debug_str     0x0000000000008902      0x5d0 ./src/scheduler/ttc_scheduler_o.o
                                       0x760b (size before relaxing)
 .debug_str     0x0000000000008ed2       0x3b ./src/main/main.o
                                       0x7177 (size before relaxing)
 .debug_str     0x0000000000008f0d      0x4cf /Users/nja/LPC/Workspace3/Lib_CMSISv1p30_LPC17xx/Debug/libCMSISv1p30_LPC17xx.a(system_LPC17xx.o)
                                       0x7287 (size before relaxing)
 .debug_str     0x00000000000093dc       0x85 /Users/nja/LPC/Workspace3/Lib_EaBaseBoard/Debug/libLib_EaBaseBoard.a(joystick.o)
                                       0x7309 (size before relaxing)
 .debug_str     0x0000000000009461      0x147 /Users/nja/LPC/Workspace3/Lib_EaBaseBoard/Debug/libLib_EaBaseBoard.a(led7seg.o)
                                       0x83df (size before relaxing)
 .debug_str     0x00000000000095a8      0x586 /Users/nja/LPC/Workspace3/Lib_MCU/Debug/libLib_MCU.a(lpc17xx_gpio.o)
                                       0x77fa (size before relaxing)
 .debug_str     0x0000000000009b2e      0x20b /Users/nja/LPC/Workspace3/Lib_MCU/Debug/libLib_MCU.a(lpc17xx_pinsel.o)
                                       0x7716 (size before relaxing)
 .debug_str     0x0000000000009d39     0x13e7 /Users/nja/LPC/Workspace3/Lib_MCU/Debug/libLib_MCU.a(lpc17xx_ssp.o)
                                       0x96b9 (size before relaxing)
 .debug_str     0x000000000000b120       0xa4 /Users/nja/LPC/Workspace3/Lib_MCU/Debug/libLib_MCU.a(lpc17xx_clkpwr.o)
                                       0x8485 (size before relaxing)

.comment        0x0000000000000000       0x70
 .comment       0x0000000000000000       0x70 ./src/tasks/joystick_input.o
                                         0x71 (size before relaxing)
 .comment       0x0000000000000000       0x71 ./src/tasks/seven_seg.o
 .comment       0x0000000000000000       0x71 ./src/system/cr_startup_lpc17.o
 .comment       0x0000000000000000       0x71 ./src/scheduler/ttc_scheduler_o.o
 .comment       0x0000000000000000       0x71 ./src/main/main.o
 .comment       0x0000000000000000       0x71 /Users/nja/LPC/Workspace3/Lib_CMSISv1p30_LPC17xx/Debug/libCMSISv1p30_LPC17xx.a(system_LPC17xx.o)
 .comment       0x0000000000000000       0x71 /Users/nja/LPC/Workspace3/Lib_EaBaseBoard/Debug/libLib_EaBaseBoard.a(joystick.o)
 .comment       0x0000000000000000       0x71 /Users/nja/LPC/Workspace3/Lib_EaBaseBoard/Debug/libLib_EaBaseBoard.a(led7seg.o)
 .comment       0x0000000000000000       0x71 /Users/nja/LPC/Workspace3/Lib_MCU/Debug/libLib_MCU.a(lpc17xx_gpio.o)
 .comment       0x0000000000000000       0x71 /Users/nja/LPC/Workspace3/Lib_MCU/Debug/libLib_MCU.a(lpc17xx_pinsel.o)
 .comment       0x0000000000000000       0x71 /Users/nja/LPC/Workspace3/Lib_MCU/Debug/libLib_MCU.a(lpc17xx_ssp.o)
 .comment       0x0000000000000000       0x71 /Users/nja/LPC/Workspace3/Lib_MCU/Debug/libLib_MCU.a(lpc17xx_clkpwr.o)

.ARM.attributes
                0x0000000000000000       0x33
 .ARM.attributes
                0x0000000000000000       0x33 ./src/tasks/joystick_input.o
 .ARM.attributes
                0x0000000000000033       0x33 ./src/tasks/seven_seg.o
 .ARM.attributes
                0x0000000000000066       0x33 ./src/system/cr_startup_lpc17.o
 .ARM.attributes
                0x0000000000000099       0x33 ./src/scheduler/ttc_scheduler_o.o
 .ARM.attributes
                0x00000000000000cc       0x33 ./src/main/main.o
 .ARM.attributes
                0x00000000000000ff       0x33 /Users/nja/LPC/Workspace3/Lib_CMSISv1p30_LPC17xx/Debug/libCMSISv1p30_LPC17xx.a(system_LPC17xx.o)
 .ARM.attributes
                0x0000000000000132       0x33 /Users/nja/LPC/Workspace3/Lib_EaBaseBoard/Debug/libLib_EaBaseBoard.a(joystick.o)
 .ARM.attributes
                0x0000000000000165       0x33 /Users/nja/LPC/Workspace3/Lib_EaBaseBoard/Debug/libLib_EaBaseBoard.a(led7seg.o)
 .ARM.attributes
                0x0000000000000198       0x33 /Users/nja/LPC/Workspace3/Lib_MCU/Debug/libLib_MCU.a(lpc17xx_gpio.o)
 .ARM.attributes
                0x00000000000001cb       0x33 /Users/nja/LPC/Workspace3/Lib_MCU/Debug/libLib_MCU.a(lpc17xx_pinsel.o)
 .ARM.attributes
                0x00000000000001fe       0x33 /Users/nja/LPC/Workspace3/Lib_MCU/Debug/libLib_MCU.a(lpc17xx_ssp.o)
 .ARM.attributes
                0x0000000000000231       0x33 /Users/nja/LPC/Workspace3/Lib_MCU/Debug/libLib_MCU.a(lpc17xx_clkpwr.o)

.debug_frame    0x0000000000000000      0x9ec
 .debug_frame   0x0000000000000000       0x48 ./src/tasks/joystick_input.o
 .debug_frame   0x0000000000000048       0x50 ./src/tasks/seven_seg.o
 .debug_frame   0x0000000000000098      0x120 ./src/system/cr_startup_lpc17.o
 .debug_frame   0x00000000000001b8      0x158 ./src/scheduler/ttc_scheduler_o.o
 .debug_frame   0x0000000000000310       0x48 ./src/main/main.o
 .debug_frame   0x0000000000000358       0x3c /Users/nja/LPC/Workspace3/Lib_CMSISv1p30_LPC17xx/Debug/libCMSISv1p30_LPC17xx.a(system_LPC17xx.o)
 .debug_frame   0x0000000000000394       0x40 /Users/nja/LPC/Workspace3/Lib_EaBaseBoard/Debug/libLib_EaBaseBoard.a(joystick.o)
 .debug_frame   0x00000000000003d4       0x44 /Users/nja/LPC/Workspace3/Lib_EaBaseBoard/Debug/libLib_EaBaseBoard.a(led7seg.o)
 .debug_frame   0x0000000000000418      0x2b0 /Users/nja/LPC/Workspace3/Lib_MCU/Debug/libLib_MCU.a(lpc17xx_gpio.o)
 .debug_frame   0x00000000000006c8       0x88 /Users/nja/LPC/Workspace3/Lib_MCU/Debug/libLib_MCU.a(lpc17xx_pinsel.o)
 .debug_frame   0x0000000000000750      0x1fc /Users/nja/LPC/Workspace3/Lib_MCU/Debug/libLib_MCU.a(lpc17xx_ssp.o)
 .debug_frame   0x000000000000094c       0xa0 /Users/nja/LPC/Workspace3/Lib_MCU/Debug/libLib_MCU.a(lpc17xx_clkpwr.o)

.debug_loc      0x0000000000000000     0x17f4
 .debug_loc     0x0000000000000000       0x68 /Users/nja/LPC/Workspace3/Lib_EaBaseBoard/Debug/libLib_EaBaseBoard.a(joystick.o)
 .debug_loc     0x0000000000000068       0x42 /Users/nja/LPC/Workspace3/Lib_EaBaseBoard/Debug/libLib_EaBaseBoard.a(led7seg.o)
 .debug_loc     0x00000000000000aa      0xc56 /Users/nja/LPC/Workspace3/Lib_MCU/Debug/libLib_MCU.a(lpc17xx_gpio.o)
 .debug_loc     0x0000000000000d00      0x1c6 /Users/nja/LPC/Workspace3/Lib_MCU/Debug/libLib_MCU.a(lpc17xx_pinsel.o)
 .debug_loc     0x0000000000000ec6      0x786 /Users/nja/LPC/Workspace3/Lib_MCU/Debug/libLib_MCU.a(lpc17xx_ssp.o)
 .debug_loc     0x000000000000164c      0x1a8 /Users/nja/LPC/Workspace3/Lib_MCU/Debug/libLib_MCU.a(lpc17xx_clkpwr.o)
