Archive member included because of file (symbol)

../app_master_bsp/\libhal_bsp.a(alt_iic.o)
                              obj/default/TTC_Scheduler/2_50_XXg.o (alt_ic_isr_register)
../app_master_bsp/\libhal_bsp.a(alt_iic_isr_register.o)
                              ../app_master_bsp/\libhal_bsp.a(alt_iic.o) (alt_iic_isr_register)
../app_master_bsp/\libhal_bsp.a(alt_irq_entry.o)
                              ../app_master_bsp/\libhal_bsp.a(alt_iic_isr_register.o) (alt_irq_entry)
../app_master_bsp/\libhal_bsp.a(alt_irq_handler.o)
                              ../app_master_bsp/\libhal_bsp.a(alt_iic_isr_register.o) (alt_irq)
../app_master_bsp/\libhal_bsp.a(alt_irq_vars.o)
                              ../app_master_bsp/\libhal_bsp.a(alt_iic.o) (alt_irq_active)
../app_master_bsp/\libhal_bsp.a(alt_load.o)
                              ../app_master_bsp//obj/HAL/src/crt0.o (alt_load)
../app_master_bsp/\libhal_bsp.a(altera_avalon_spi.o)
                              obj/default/SPImcp2515/spi_mcp2515.o (alt_avalon_spi_command)
../app_master_bsp/\libhal_bsp.a(alt_dcache_flush_all.o)
                              ../app_master_bsp/\libhal_bsp.a(alt_load.o) (alt_dcache_flush_all)
../app_master_bsp/\libhal_bsp.a(alt_exception_entry.o)
                              ../app_master_bsp/\libhal_bsp.a(alt_irq_entry.o) (alt_exception)
../app_master_bsp/\libhal_bsp.a(alt_icache_flush_all.o)
                              ../app_master_bsp/\libhal_bsp.a(alt_load.o) (alt_icache_flush_all)

Allocating common symbols
Common symbol       size              file

alt_irq             0x100             ../app_master_bsp/\libhal_bsp.a(alt_irq_handler.o)
Tick_message_data_G
                    0x1               obj/default/Tasks/PushButton.o
SCH_tasks_G         0x30              obj/default/TTC_Scheduler/Sch51.o
write_data          0x32              obj/default/SPImcp2515/spi_mcp2515.o
read_data           0x32              obj/default/SPImcp2515/spi_mcp2515.o
Ack_message_data_G  0x1               obj/default/TTC_Scheduler/2_50_XXg.o

Memory Configuration

Name             Origin             Length             Attributes
reset            0x00000000         0x00000020
onchip_memory2_0 0x00000020         0x00003fbc
*default*        0x00000000         0xffffffff

Linker script and memory map

LOAD ../app_master_bsp//obj/HAL/src/crt0.o
LOAD obj/default/SPImcp2515/spi_mcp2515.o
LOAD obj/default/TTC_Scheduler/2_50_XXg.o
LOAD obj/default/TTC_Scheduler/Main.o
LOAD obj/default/TTC_Scheduler/Sch51.o
LOAD obj/default/Tasks/HEARTBEAT.o
LOAD obj/default/Tasks/LED_ONOFF.o
LOAD obj/default/Tasks/PushButton.o
LOAD c:/altera/13.1/nios2eds/bin/gnu/h-i686-mingw32/bin/../lib/gcc/nios2-elf/4.7.3/../../../../../H-i686-mingw32/nios2-elf/lib/mno-hw-mul\libstdc++.a
LOAD c:/altera/13.1/nios2eds/bin/gnu/h-i686-mingw32/bin/../lib/gcc/nios2-elf/4.7.3/../../../../../H-i686-mingw32/nios2-elf/lib/mno-hw-mul\libm.a
LOAD c:/altera/13.1/nios2eds/bin/gnu/h-i686-mingw32/bin/../lib/gcc/nios2-elf/4.7.3/mno-hw-mul\libgcc.a
START GROUP
LOAD c:/altera/13.1/nios2eds/bin/gnu/h-i686-mingw32/bin/../lib/gcc/nios2-elf/4.7.3/../../../../../H-i686-mingw32/nios2-elf/lib/mno-hw-mul\libc.a
LOAD c:/altera/13.1/nios2eds/bin/gnu/h-i686-mingw32/bin/../lib/gcc/nios2-elf/4.7.3/mno-hw-mul\libgcc.a
LOAD ../app_master_bsp/\libhal_bsp.a
END GROUP
LOAD c:/altera/13.1/nios2eds/bin/gnu/h-i686-mingw32/bin/../lib/gcc/nios2-elf/4.7.3/mno-hw-mul\libgcc.a
                0x00000000                __alt_mem_onchip_memory2_0 = 0x0

.entry          0x00000000       0x20
 *(.entry)
 .entry         0x00000000       0x20 ../app_master_bsp//obj/HAL/src/crt0.o
                0x00000000                __reset

.exceptions     0x00000020      0x198
                0x00000020                PROVIDE (__ram_exceptions_start, ABSOLUTE (.))
                0x00000020                . = ALIGN (0x20)
 *(.irq)
 *(.exceptions.entry.label)
 .exceptions.entry.label
                0x00000020        0x0 ../app_master_bsp/\libhal_bsp.a(alt_irq_entry.o)
                0x00000020                alt_irq_entry
 .exceptions.entry.label
                0x00000020        0x0 ../app_master_bsp/\libhal_bsp.a(alt_exception_entry.o)
                0x00000020                alt_exception
 *(.exceptions.entry.user)
 *(.exceptions.entry.ecc_fatal)
 *(.exceptions.entry)
 .exceptions.entry
                0x00000020       0x54 ../app_master_bsp/\libhal_bsp.a(alt_exception_entry.o)
 *(.exceptions.irqtest.user)
 *(.exceptions.irqtest)
 .exceptions.irqtest
                0x00000074       0x10 ../app_master_bsp/\libhal_bsp.a(alt_irq_entry.o)
 *(.exceptions.irqhandler.user)
 *(.exceptions.irqhandler)
 .exceptions.irqhandler
                0x00000084        0x4 ../app_master_bsp/\libhal_bsp.a(alt_irq_entry.o)
 *(.exceptions.irqreturn.user)
 *(.exceptions.irqreturn)
 .exceptions.irqreturn
                0x00000088        0x4 ../app_master_bsp/\libhal_bsp.a(alt_irq_entry.o)
 *(.exceptions.notirq.label)
 .exceptions.notirq.label
                0x0000008c        0x0 ../app_master_bsp/\libhal_bsp.a(alt_irq_entry.o)
 *(.exceptions.notirq.user)
 *(.exceptions.notirq)
 .exceptions.notirq
                0x0000008c        0x8 ../app_master_bsp/\libhal_bsp.a(alt_exception_entry.o)
 *(.exceptions.soft.user)
 *(.exceptions.soft)
 *(.exceptions.unknown.user)
 *(.exceptions.unknown)
 .exceptions.unknown
                0x00000094        0x4 ../app_master_bsp/\libhal_bsp.a(alt_exception_entry.o)
 *(.exceptions.exit.label)
 .exceptions.exit.label
                0x00000098        0x0 ../app_master_bsp/\libhal_bsp.a(alt_irq_entry.o)
 .exceptions.exit.label
                0x00000098        0x0 ../app_master_bsp/\libhal_bsp.a(alt_exception_entry.o)
 *(.exceptions.exit.user)
 *(.exceptions.exit)
 .exceptions.exit
                0x00000098       0x54 ../app_master_bsp/\libhal_bsp.a(alt_exception_entry.o)
 *(.exceptions)
 .exceptions    0x000000ec       0xcc ../app_master_bsp/\libhal_bsp.a(alt_irq_handler.o)
                0x000000ec                alt_irq_handler
                0x000001b8                PROVIDE (__ram_exceptions_end, ABSOLUTE (.))
                0x00000020                PROVIDE (__flash_exceptions_start, LOADADDR (.exceptions))

.text           0x000001b8     0x171c
                0x000001b8                PROVIDE (stext, ABSOLUTE (.))
 *(.interp)
 *(.hash)
 *(.dynsym)
 *(.dynstr)
 *(.gnu.version)
 *(.gnu.version_d)
 *(.gnu.version_r)
 *(.rel.init)
 *(.rela.init)
 *(.rel.text .rel.text.* .rel.gnu.linkonce.t.*)
 *(.rela.text .rela.text.* .rela.gnu.linkonce.t.*)
 *(.rel.fini)
 *(.rela.fini)
 *(.rel.rodata .rel.rodata.* .rel.gnu.linkonce.r.*)
 *(.rela.rodata .rela.rodata.* .rela.gnu.linkonce.r.*)
 *(.rel.data .rel.data.* .rel.gnu.linkonce.d.*)
 *(.rela.data .rela.data.* .rela.gnu.linkonce.d.*)
 *(.rel.tdata .rel.tdata.* .rel.gnu.linkonce.td.*)
 *(.rela.tdata .rela.tdata.* .rela.gnu.linkonce.td.*)
 *(.rel.tbss .rel.tbss.* .rel.gnu.linkonce.tb.*)
 *(.rela.tbss .rela.tbss.* .rela.gnu.linkonce.tb.*)
 *(.rel.ctors)
 *(.rela.ctors)
 *(.rel.dtors)
 *(.rela.dtors)
 *(.rel.got)
 *(.rela.got)
 *(.rel.sdata .rel.sdata.* .rel.gnu.linkonce.s.*)
 *(.rela.sdata .rela.sdata.* .rela.gnu.linkonce.s.*)
 *(.rel.sbss .rel.sbss.* .rel.gnu.linkonce.sb.*)
 *(.rela.sbss .rela.sbss.* .rela.gnu.linkonce.sb.*)
 *(.rel.sdata2 .rel.sdata2.* .rel.gnu.linkonce.s2.*)
 *(.rela.sdata2 .rela.sdata2.* .rela.gnu.linkonce.s2.*)
 *(.rel.sbss2 .rel.sbss2.* .rel.gnu.linkonce.sb2.*)
 *(.rela.sbss2 .rela.sbss2.* .rela.gnu.linkonce.sb2.*)
 *(.rel.bss .rel.bss.* .rel.gnu.linkonce.b.*)
 *(.rela.bss .rela.bss.* .rela.gnu.linkonce.b.*)
 *(.rel.plt)
 *(.rela.plt)
 *(.rel.dyn)
 *(.init)
 *(.plt)
 *(.text .stub .text.* .gnu.linkonce.t.*)
 .text          0x000001b8       0x3c ../app_master_bsp//obj/HAL/src/crt0.o
                0x000001b8                _start
 .text          0x000001f4      0x5b4 obj/default/SPImcp2515/spi_mcp2515.o
                0x000001f4                MCP2515_Init
                0x000003e0                MCP2515_SetBitTiming
                0x0000044c                MCP2515_changeBits
                0x000004d4                MCP2515_Reset
                0x00000534                MCP2515_SetMode
                0x000005a0                MCP2515_Read_Register
                0x00000630                MCP2515_Read_Rx_Buffer_Register
                0x000006b0                MCP2515_Write_Register
                0x00000740                MCP2515_RTS_TXB_Instruction_CMD
 .text          0x000007a8      0x620 obj/default/TTC_Scheduler/2_50_XXg.o
                0x000007a8                SCH_Init_T0
                0x000008c0                SCH_Start
                0x00000b6c                SCC_A_MASTER_Send_Tick_Message
                0x00000c40                SCC_A_MASTER_Start_Slave
                0x00000d0c                SCC_A_MASTER_Process_Ack
 .text          0x00000dc8       0x68 obj/default/TTC_Scheduler/Main.o
                0x00000dc8                alt_main
 .text          0x00000e30      0x2f0 obj/default/TTC_Scheduler/Sch51.o
                0x00000e30                SCH_Dispatch_Tasks
                0x00000f24                SCH_Add_Task
                0x00001020                SCH_Delete_Task
                0x000010e8                SCH_Report_Status
 .text          0x00001120       0x4c obj/default/Tasks/HEARTBEAT.o
                0x00001120                HEARTBEAT_Init
                0x0000113c                HEARTBEAT_Update
 .text          0x0000116c       0x74 obj/default/Tasks/LED_ONOFF.o
                0x0000116c                LED_ONOFF_Init
                0x00001188                LED_ONOFF_Update
 .text          0x000011e0      0x100 obj/default/Tasks/PushButton.o
                0x000011e0                PushButton_Init
                0x000011fc                PushButton_Update
 .text          0x000012e0      0x1d8 ../app_master_bsp/\libhal_bsp.a(alt_iic.o)
                0x000012e0                alt_ic_isr_register
                0x00001330                alt_ic_irq_enable
                0x000013cc                alt_ic_irq_disable
                0x0000146c                alt_ic_irq_enabled
 .text          0x000014b8       0xf0 ../app_master_bsp/\libhal_bsp.a(alt_iic_isr_register.o)
                0x000014b8                alt_iic_isr_register
 .text          0x000015a8        0x0 ../app_master_bsp/\libhal_bsp.a(alt_irq_entry.o)
 .text          0x000015a8        0x0 ../app_master_bsp/\libhal_bsp.a(alt_irq_handler.o)
 .text          0x000015a8        0x0 ../app_master_bsp/\libhal_bsp.a(alt_irq_vars.o)
 .text          0x000015a8       0xec ../app_master_bsp/\libhal_bsp.a(alt_load.o)
                0x00001614                alt_load
 .text          0x00001694      0x208 ../app_master_bsp/\libhal_bsp.a(altera_avalon_spi.o)
                0x00001694                alt_avalon_spi_command
 .text          0x0000189c       0x1c ../app_master_bsp/\libhal_bsp.a(alt_dcache_flush_all.o)
                0x0000189c                alt_dcache_flush_all
 .text          0x000018b8        0x0 ../app_master_bsp/\libhal_bsp.a(alt_exception_entry.o)
 .text          0x000018b8       0x1c ../app_master_bsp/\libhal_bsp.a(alt_icache_flush_all.o)
                0x000018b8                alt_icache_flush_all
 *(.gnu.warning.*)
 *(.fini)
                0x000018d4                PROVIDE (__etext, ABSOLUTE (.))
                0x000018d4                PROVIDE (_etext, ABSOLUTE (.))
                0x000018d4                PROVIDE (etext, ABSOLUTE (.))
 *(.eh_frame_hdr)
                0x000018d4                . = ALIGN (0x4)
                0x000018d4                PROVIDE (__preinit_array_start, ABSOLUTE (.))
 *(.preinit_array)
                0x000018d4                PROVIDE (__preinit_array_end, ABSOLUTE (.))
                0x000018d4                PROVIDE (__init_array_start, ABSOLUTE (.))
 *(.init_array)
                0x000018d4                PROVIDE (__init_array_end, ABSOLUTE (.))
                0x000018d4                PROVIDE (__fini_array_start, ABSOLUTE (.))
 *(.fini_array)
                0x000018d4                PROVIDE (__fini_array_end, ABSOLUTE (.))
 *(.eh_frame)
 *(.gcc_except_table .gcc_except_table.*)
 *(.dynamic)
                0x000018d4                PROVIDE (__CTOR_LIST__, ABSOLUTE (.))
 *(.ctors)
 *(SORT(.ctors.*))
                0x000018d4                PROVIDE (__CTOR_END__, ABSOLUTE (.))
                0x000018d4                PROVIDE (__DTOR_LIST__, ABSOLUTE (.))
 *(.dtors)
 *(SORT(.dtors.*))
                0x000018d4                PROVIDE (__DTOR_END__, ABSOLUTE (.))
 *(.jcr)
                0x000018d4                . = ALIGN (0x4)

.rodata         0x000018d4        0x0
                0x000018d4                PROVIDE (__ram_rodata_start, ABSOLUTE (.))
                0x000018d4                . = ALIGN (0x4)
 *(.rodata .rodata.* .gnu.linkonce.r.*)
 *(.rodata1)
                0x000018d4                . = ALIGN (0x4)
                0x000018d4                PROVIDE (__ram_rodata_end, ABSOLUTE (.))
                0x000018d4                PROVIDE (__flash_rodata_start, LOADADDR (.rodata))

.rwdata         0x000018d4        0x8 load address 0x000018dc
                0x000018d4                PROVIDE (__ram_rwdata_start, ABSOLUTE (.))
                0x000018d4                . = ALIGN (0x4)
 *(.got.plt)
 *(.got)
 *(.data1)
 *(.data .data.* .gnu.linkonce.d.*)
 .data          0x000018d4        0x0 ../app_master_bsp//obj/HAL/src/crt0.o
 .data          0x000018d4        0x0 obj/default/SPImcp2515/spi_mcp2515.o
 .data          0x000018d4        0x0 obj/default/TTC_Scheduler/2_50_XXg.o
 .data          0x000018d4        0x0 obj/default/TTC_Scheduler/Main.o
 .data          0x000018d4        0x0 obj/default/TTC_Scheduler/Sch51.o
 .data          0x000018d4        0x0 obj/default/Tasks/HEARTBEAT.o
 .data          0x000018d4        0x0 obj/default/Tasks/LED_ONOFF.o
 .data          0x000018d4        0x0 obj/default/Tasks/PushButton.o
 .data          0x000018d4        0x0 ../app_master_bsp/\libhal_bsp.a(alt_iic.o)
 .data          0x000018d4        0x0 ../app_master_bsp/\libhal_bsp.a(alt_iic_isr_register.o)
 .data          0x000018d4        0x0 ../app_master_bsp/\libhal_bsp.a(alt_irq_entry.o)
 .data          0x000018d4        0x0 ../app_master_bsp/\libhal_bsp.a(alt_irq_handler.o)
 .data          0x000018d4        0x0 ../app_master_bsp/\libhal_bsp.a(alt_irq_vars.o)
 .data          0x000018d4        0x0 ../app_master_bsp/\libhal_bsp.a(alt_load.o)
 .data          0x000018d4        0x0 ../app_master_bsp/\libhal_bsp.a(altera_avalon_spi.o)
 .data          0x000018d4        0x0 ../app_master_bsp/\libhal_bsp.a(alt_dcache_flush_all.o)
 .data          0x000018d4        0x0 ../app_master_bsp/\libhal_bsp.a(alt_exception_entry.o)
 .data          0x000018d4        0x0 ../app_master_bsp/\libhal_bsp.a(alt_icache_flush_all.o)
                0x000098d4                _gp = ABSOLUTE ((. + 0x8000))
                0x000098d4                PROVIDE (gp, _gp)
 *(.rwdata .rwdata.*)
 *(.sdata .sdata.* .gnu.linkonce.s.*)
 .sdata         0x000018d4        0x3 obj/default/TTC_Scheduler/2_50_XXg.o
                0x000018d6                First_ack_G
 *fill*         0x000018d7        0x1 
 .sdata         0x000018d8        0x4 ../app_master_bsp/\libhal_bsp.a(alt_irq_vars.o)
                0x000018d8                alt_priority_mask
 *(.sdata2 .sdata2.* .gnu.linkonce.s2.*)
                0x000018dc                . = ALIGN (0x4)
                0x000018dc                _edata = ABSOLUTE (.)
                0x000018dc                PROVIDE (edata, ABSOLUTE (.))
                0x000018dc                PROVIDE (__ram_rwdata_end, ABSOLUTE (.))
                0x000018dc                PROVIDE (__flash_rwdata_start, LOADADDR (.rwdata))

.bss            0x000018e4      0x1b4
                0x000018e4                __bss_start = ABSOLUTE (.)
                0x000018e4                PROVIDE (__sbss_start, ABSOLUTE (.))
                0x000018e4                PROVIDE (___sbss_start, ABSOLUTE (.))
 *(.dynsbss)
 *(.sbss .sbss.* .gnu.linkonce.sb.*)
 .sbss          0x000018e4        0x8 obj/default/TTC_Scheduler/2_50_XXg.o
                0x000018e4                Current_Slave_IDs_G
                0x000018e5                Slave_index_G
 .sbss          0x000018ec        0x1 obj/default/TTC_Scheduler/2_50_XXg.o
                0x000018ec                Ack_message_data_G
 .sbss          0x000018ed        0x1 obj/default/TTC_Scheduler/Sch51.o
                0x000018ed                Error_code_G
 *fill*         0x000018ee        0x2 
 .sbss          0x000018f0        0xd obj/default/Tasks/PushButton.o
                0x000018f0                Sw_pressed_G
                0x000018fc                Tick_message_data_G
 *fill*         0x000018fd        0x3 
 .sbss          0x00001900        0x4 ../app_master_bsp/\libhal_bsp.a(alt_irq_vars.o)
                0x00001900                alt_irq_active
 *(.sbss2 .sbss2.* .gnu.linkonce.sb2.*)
 *(.scommon)
                0x00001904                PROVIDE (__sbss_end, ABSOLUTE (.))
                0x00001904                PROVIDE (___sbss_end, ABSOLUTE (.))
 *(.dynbss)
 *(.bss .bss.* .gnu.linkonce.b.*)
 .bss           0x00001904        0x0 ../app_master_bsp//obj/HAL/src/crt0.o
 .bss           0x00001904        0x0 obj/default/SPImcp2515/spi_mcp2515.o
 .bss           0x00001904        0x0 obj/default/TTC_Scheduler/2_50_XXg.o
 .bss           0x00001904        0x0 obj/default/TTC_Scheduler/Main.o
 .bss           0x00001904        0x0 obj/default/TTC_Scheduler/Sch51.o
 .bss           0x00001904        0x0 obj/default/Tasks/HEARTBEAT.o
 .bss           0x00001904        0x0 obj/default/Tasks/LED_ONOFF.o
 .bss           0x00001904        0x0 obj/default/Tasks/PushButton.o
 .bss           0x00001904        0x0 ../app_master_bsp/\libhal_bsp.a(alt_iic.o)
 .bss           0x00001904        0x0 ../app_master_bsp/\libhal_bsp.a(alt_iic_isr_register.o)
 .bss           0x00001904        0x0 ../app_master_bsp/\libhal_bsp.a(alt_irq_entry.o)
 .bss           0x00001904        0x0 ../app_master_bsp/\libhal_bsp.a(alt_irq_handler.o)
 .bss           0x00001904        0x0 ../app_master_bsp/\libhal_bsp.a(alt_irq_vars.o)
 .bss           0x00001904        0x0 ../app_master_bsp/\libhal_bsp.a(alt_load.o)
 .bss           0x00001904        0x0 ../app_master_bsp/\libhal_bsp.a(altera_avalon_spi.o)
 .bss           0x00001904        0x0 ../app_master_bsp/\libhal_bsp.a(alt_dcache_flush_all.o)
 .bss           0x00001904        0x0 ../app_master_bsp/\libhal_bsp.a(alt_exception_entry.o)
 .bss           0x00001904        0x0 ../app_master_bsp/\libhal_bsp.a(alt_icache_flush_all.o)
 *(COMMON)
 COMMON         0x00001904       0x64 obj/default/SPImcp2515/spi_mcp2515.o
                0x00001904                write_data
                0x00001936                read_data
 COMMON         0x00001968       0x30 obj/default/TTC_Scheduler/Sch51.o
                0x00001968                SCH_tasks_G
 COMMON         0x00001998      0x100 ../app_master_bsp/\libhal_bsp.a(alt_irq_handler.o)
                0x00001998                alt_irq
                0x00001a98                . = ALIGN (0x4)
                0x00001a98                __bss_end = ABSOLUTE (.)

.onchip_memory2_0
                0x00001a98        0x0
                0x00001a98                PROVIDE (_alt_partition_onchip_memory2_0_start, ABSOLUTE (.))
 *(.onchip_memory2_0 .onchip_memory2_0. onchip_memory2_0.*)
                0x00001a98                . = ALIGN (0x4)
                0x00001a98                PROVIDE (_alt_partition_onchip_memory2_0_end, ABSOLUTE (.))
                0x00001a98                _end = ABSOLUTE (.)
                0x00001a98                end = ABSOLUTE (.)
                0x00001a98                __alt_stack_base = ABSOLUTE (.)
                0x00001a98                PROVIDE (_alt_partition_onchip_memory2_0_load_addr, LOADADDR (.onchip_memory2_0))

.stab
 *(.stab)

.stabstr
 *(.stabstr)

.stab.excl
 *(.stab.excl)

.stab.exclstr
 *(.stab.exclstr)

.stab.index
 *(.stab.index)

.stab.indexstr
 *(.stab.indexstr)

.comment        0x00000000       0x23
 *(.comment)
 .comment       0x00000000       0x23 obj/default/SPImcp2515/spi_mcp2515.o
                                 0x24 (size before relaxing)
 .comment       0x00000000       0x24 obj/default/TTC_Scheduler/2_50_XXg.o
 .comment       0x00000000       0x24 obj/default/TTC_Scheduler/Main.o
 .comment       0x00000000       0x24 obj/default/TTC_Scheduler/Sch51.o
 .comment       0x00000000       0x24 obj/default/Tasks/HEARTBEAT.o
 .comment       0x00000000       0x24 obj/default/Tasks/LED_ONOFF.o
 .comment       0x00000000       0x24 obj/default/Tasks/PushButton.o
 .comment       0x00000000       0x24 ../app_master_bsp/\libhal_bsp.a(alt_iic.o)
 .comment       0x00000000       0x24 ../app_master_bsp/\libhal_bsp.a(alt_iic_isr_register.o)
 .comment       0x00000000       0x24 ../app_master_bsp/\libhal_bsp.a(alt_irq_handler.o)
 .comment       0x00000000       0x24 ../app_master_bsp/\libhal_bsp.a(alt_irq_vars.o)
 .comment       0x00000000       0x24 ../app_master_bsp/\libhal_bsp.a(alt_load.o)
 .comment       0x00000000       0x24 ../app_master_bsp/\libhal_bsp.a(altera_avalon_spi.o)
 .comment       0x00000000       0x24 ../app_master_bsp/\libhal_bsp.a(alt_dcache_flush_all.o)
 .comment       0x00000000       0x24 ../app_master_bsp/\libhal_bsp.a(alt_icache_flush_all.o)

.debug
 *(.debug)

.line
 *(.line)

.debug_srcinfo
 *(.debug_srcinfo)

.debug_sfnames
 *(.debug_sfnames)

.debug_aranges  0x00000000      0x268
 *(.debug_aranges)
 .debug_aranges
                0x00000000       0x28 ../app_master_bsp//obj/HAL/src/crt0.o
 .debug_aranges
                0x00000028       0x20 obj/default/SPImcp2515/spi_mcp2515.o
 .debug_aranges
                0x00000048       0x20 obj/default/TTC_Scheduler/2_50_XXg.o
 .debug_aranges
                0x00000068       0x20 obj/default/TTC_Scheduler/Main.o
 .debug_aranges
                0x00000088       0x20 obj/default/TTC_Scheduler/Sch51.o
 .debug_aranges
                0x000000a8       0x20 obj/default/Tasks/HEARTBEAT.o
 .debug_aranges
                0x000000c8       0x20 obj/default/Tasks/LED_ONOFF.o
 .debug_aranges
                0x000000e8       0x20 obj/default/Tasks/PushButton.o
 .debug_aranges
                0x00000108       0x20 ../app_master_bsp/\libhal_bsp.a(alt_iic.o)
 .debug_aranges
                0x00000128       0x20 ../app_master_bsp/\libhal_bsp.a(alt_iic_isr_register.o)
 .debug_aranges
                0x00000148       0x30 ../app_master_bsp/\libhal_bsp.a(alt_irq_entry.o)
 .debug_aranges
                0x00000178       0x20 ../app_master_bsp/\libhal_bsp.a(alt_irq_handler.o)
 .debug_aranges
                0x00000198       0x18 ../app_master_bsp/\libhal_bsp.a(alt_irq_vars.o)
 .debug_aranges
                0x000001b0       0x20 ../app_master_bsp/\libhal_bsp.a(alt_load.o)
 .debug_aranges
                0x000001d0       0x20 ../app_master_bsp/\libhal_bsp.a(altera_avalon_spi.o)
 .debug_aranges
                0x000001f0       0x20 ../app_master_bsp/\libhal_bsp.a(alt_dcache_flush_all.o)
 .debug_aranges
                0x00000210       0x38 ../app_master_bsp/\libhal_bsp.a(alt_exception_entry.o)
 .debug_aranges
                0x00000248       0x20 ../app_master_bsp/\libhal_bsp.a(alt_icache_flush_all.o)

.debug_pubnames
 *(.debug_pubnames)

.debug_info     0x00000000     0x1862
 *(.debug_info .gnu.linkonce.wi.*)
 .debug_info    0x00000000       0x8a ../app_master_bsp//obj/HAL/src/crt0.o
 .debug_info    0x0000008a      0x2a7 obj/default/SPImcp2515/spi_mcp2515.o
 .debug_info    0x00000331      0x3d4 obj/default/TTC_Scheduler/2_50_XXg.o
 .debug_info    0x00000705       0x82 obj/default/TTC_Scheduler/Main.o
 .debug_info    0x00000787      0x1de obj/default/TTC_Scheduler/Sch51.o
 .debug_info    0x00000965       0x9c obj/default/Tasks/HEARTBEAT.o
 .debug_info    0x00000a01       0xcb obj/default/Tasks/LED_ONOFF.o
 .debug_info    0x00000acc      0x116 obj/default/Tasks/PushButton.o
 .debug_info    0x00000be2      0x364 ../app_master_bsp/\libhal_bsp.a(alt_iic.o)
 .debug_info    0x00000f46      0x1f6 ../app_master_bsp/\libhal_bsp.a(alt_iic_isr_register.o)
 .debug_info    0x0000113c       0x93 ../app_master_bsp/\libhal_bsp.a(alt_irq_entry.o)
 .debug_info    0x000011cf      0x190 ../app_master_bsp/\libhal_bsp.a(alt_irq_handler.o)
 .debug_info    0x0000135f       0x8a ../app_master_bsp/\libhal_bsp.a(alt_irq_vars.o)
 .debug_info    0x000013e9      0x135 ../app_master_bsp/\libhal_bsp.a(alt_load.o)
 .debug_info    0x0000151e      0x18b ../app_master_bsp/\libhal_bsp.a(altera_avalon_spi.o)
 .debug_info    0x000016a9       0x90 ../app_master_bsp/\libhal_bsp.a(alt_dcache_flush_all.o)
 .debug_info    0x00001739       0x99 ../app_master_bsp/\libhal_bsp.a(alt_exception_entry.o)
 .debug_info    0x000017d2       0x90 ../app_master_bsp/\libhal_bsp.a(alt_icache_flush_all.o)

.debug_abbrev   0x00000000      0xb06
 *(.debug_abbrev)
 .debug_abbrev  0x00000000       0x12 ../app_master_bsp//obj/HAL/src/crt0.o
 .debug_abbrev  0x00000012       0xcd obj/default/SPImcp2515/spi_mcp2515.o
 .debug_abbrev  0x000000df      0x183 obj/default/TTC_Scheduler/2_50_XXg.o
 .debug_abbrev  0x00000262       0x42 obj/default/TTC_Scheduler/Main.o
 .debug_abbrev  0x000002a4      0x110 obj/default/TTC_Scheduler/Sch51.o
 .debug_abbrev  0x000003b4       0x44 obj/default/Tasks/HEARTBEAT.o
 .debug_abbrev  0x000003f8       0x67 obj/default/Tasks/LED_ONOFF.o
 .debug_abbrev  0x0000045f       0xa1 obj/default/Tasks/PushButton.o
 .debug_abbrev  0x00000500      0x16a ../app_master_bsp/\libhal_bsp.a(alt_iic.o)
 .debug_abbrev  0x0000066a      0x169 ../app_master_bsp/\libhal_bsp.a(alt_iic_isr_register.o)
 .debug_abbrev  0x000007d3       0x12 ../app_master_bsp/\libhal_bsp.a(alt_irq_entry.o)
 .debug_abbrev  0x000007e5      0x124 ../app_master_bsp/\libhal_bsp.a(alt_irq_handler.o)
 .debug_abbrev  0x00000909       0x40 ../app_master_bsp/\libhal_bsp.a(alt_irq_vars.o)
 .debug_abbrev  0x00000949       0x9d ../app_master_bsp/\libhal_bsp.a(alt_load.o)
 .debug_abbrev  0x000009e6       0x8a ../app_master_bsp/\libhal_bsp.a(altera_avalon_spi.o)
 .debug_abbrev  0x00000a70       0x42 ../app_master_bsp/\libhal_bsp.a(alt_dcache_flush_all.o)
 .debug_abbrev  0x00000ab2       0x12 ../app_master_bsp/\libhal_bsp.a(alt_exception_entry.o)
 .debug_abbrev  0x00000ac4       0x42 ../app_master_bsp/\libhal_bsp.a(alt_icache_flush_all.o)

.debug_line     0x00000000      0xb95
 *(.debug_line)
 .debug_line    0x00000000       0x66 ../app_master_bsp//obj/HAL/src/crt0.o
 .debug_line    0x00000066      0x118 obj/default/SPImcp2515/spi_mcp2515.o
 .debug_line    0x0000017e      0x199 obj/default/TTC_Scheduler/2_50_XXg.o
 .debug_line    0x00000317       0x59 obj/default/TTC_Scheduler/Main.o
 .debug_line    0x00000370       0xb4 obj/default/TTC_Scheduler/Sch51.o
 .debug_line    0x00000424       0x72 obj/default/Tasks/HEARTBEAT.o
 .debug_line    0x00000496       0x96 obj/default/Tasks/LED_ONOFF.o
 .debug_line    0x0000052c       0xa5 obj/default/Tasks/PushButton.o
 .debug_line    0x000005d1       0xed ../app_master_bsp/\libhal_bsp.a(alt_iic.o)
 .debug_line    0x000006be       0xdb ../app_master_bsp/\libhal_bsp.a(alt_iic_isr_register.o)
 .debug_line    0x00000799       0x6b ../app_master_bsp/\libhal_bsp.a(alt_irq_entry.o)
 .debug_line    0x00000804       0xae ../app_master_bsp/\libhal_bsp.a(alt_irq_handler.o)
 .debug_line    0x000008b2       0x50 ../app_master_bsp/\libhal_bsp.a(alt_irq_vars.o)
 .debug_line    0x00000902       0x92 ../app_master_bsp/\libhal_bsp.a(alt_load.o)
 .debug_line    0x00000994       0xb6 ../app_master_bsp/\libhal_bsp.a(altera_avalon_spi.o)
 .debug_line    0x00000a4a       0x51 ../app_master_bsp/\libhal_bsp.a(alt_dcache_flush_all.o)
 .debug_line    0x00000a9b       0xab ../app_master_bsp/\libhal_bsp.a(alt_exception_entry.o)
 .debug_line    0x00000b46       0x4f ../app_master_bsp/\libhal_bsp.a(alt_icache_flush_all.o)

.debug_frame    0x00000000      0x50c
 *(.debug_frame)
 .debug_frame   0x00000000      0x10c obj/default/SPImcp2515/spi_mcp2515.o
 .debug_frame   0x0000010c       0xbc obj/default/TTC_Scheduler/2_50_XXg.o
 .debug_frame   0x000001c8       0x2c obj/default/TTC_Scheduler/Main.o
 .debug_frame   0x000001f4       0x9c obj/default/TTC_Scheduler/Sch51.o
 .debug_frame   0x00000290       0x48 obj/default/Tasks/HEARTBEAT.o
 .debug_frame   0x000002d8       0x48 obj/default/Tasks/LED_ONOFF.o
 .debug_frame   0x00000320       0x48 obj/default/Tasks/PushButton.o
 .debug_frame   0x00000368       0x80 ../app_master_bsp/\libhal_bsp.a(alt_iic.o)
 .debug_frame   0x000003e8       0x2c ../app_master_bsp/\libhal_bsp.a(alt_iic_isr_register.o)
 .debug_frame   0x00000414       0x2c ../app_master_bsp/\libhal_bsp.a(alt_irq_handler.o)
 .debug_frame   0x00000440       0x48 ../app_master_bsp/\libhal_bsp.a(alt_load.o)
 .debug_frame   0x00000488       0x2c ../app_master_bsp/\libhal_bsp.a(altera_avalon_spi.o)
 .debug_frame   0x000004b4       0x2c ../app_master_bsp/\libhal_bsp.a(alt_dcache_flush_all.o)
 .debug_frame   0x000004e0       0x2c ../app_master_bsp/\libhal_bsp.a(alt_icache_flush_all.o)

.debug_str      0x00000000      0x986
 *(.debug_str)
 .debug_str     0x00000000      0x23a obj/default/SPImcp2515/spi_mcp2515.o
                                0x26e (size before relaxing)
 .debug_str     0x0000023a      0x20b obj/default/TTC_Scheduler/2_50_XXg.o
                                0x310 (size before relaxing)
 .debug_str     0x00000445       0x1e obj/default/TTC_Scheduler/Main.o
                                0x100 (size before relaxing)
 .debug_str     0x00000463       0x96 obj/default/TTC_Scheduler/Sch51.o
                                0x174 (size before relaxing)
 .debug_str     0x000004f9       0x32 obj/default/Tasks/HEARTBEAT.o
                                0x11b (size before relaxing)
 .debug_str     0x0000052b       0x32 obj/default/Tasks/LED_ONOFF.o
                                0x13d (size before relaxing)
 .debug_str     0x0000055d       0x48 obj/default/Tasks/PushButton.o
                                0x16f (size before relaxing)
 .debug_str     0x000005a5      0x157 ../app_master_bsp/\libhal_bsp.a(alt_iic.o)
                                0x211 (size before relaxing)
 .debug_str     0x000006fc       0x4c ../app_master_bsp/\libhal_bsp.a(alt_iic_isr_register.o)
                                0x1bb (size before relaxing)
 .debug_str     0x00000748       0x3a ../app_master_bsp/\libhal_bsp.a(alt_irq_handler.o)
                                0x16a (size before relaxing)
 .debug_str     0x00000782       0x17 ../app_master_bsp/\libhal_bsp.a(alt_irq_vars.o)
                                0x119 (size before relaxing)
 .debug_str     0x00000799       0xe9 ../app_master_bsp/\libhal_bsp.a(alt_load.o)
                                0x1e5 (size before relaxing)
 .debug_str     0x00000882       0x9c ../app_master_bsp/\libhal_bsp.a(altera_avalon_spi.o)
                                0x1b3 (size before relaxing)
 .debug_str     0x0000091e       0x34 ../app_master_bsp/\libhal_bsp.a(alt_dcache_flush_all.o)
                                0x128 (size before relaxing)
 .debug_str     0x00000952       0x34 ../app_master_bsp/\libhal_bsp.a(alt_icache_flush_all.o)
                                0x128 (size before relaxing)

.debug_loc      0x00000000      0x688
 *(.debug_loc)
 .debug_loc     0x00000000      0x18c obj/default/SPImcp2515/spi_mcp2515.o
 .debug_loc     0x0000018c      0x108 obj/default/TTC_Scheduler/2_50_XXg.o
 .debug_loc     0x00000294       0x2c obj/default/TTC_Scheduler/Main.o
 .debug_loc     0x000002c0       0xdc obj/default/TTC_Scheduler/Sch51.o
 .debug_loc     0x0000039c       0x58 obj/default/Tasks/HEARTBEAT.o
 .debug_loc     0x000003f4       0x58 obj/default/Tasks/LED_ONOFF.o
 .debug_loc     0x0000044c       0x58 obj/default/Tasks/PushButton.o
 .debug_loc     0x000004a4       0xb0 ../app_master_bsp/\libhal_bsp.a(alt_iic.o)
 .debug_loc     0x00000554       0x2c ../app_master_bsp/\libhal_bsp.a(alt_iic_isr_register.o)
 .debug_loc     0x00000580       0x2c ../app_master_bsp/\libhal_bsp.a(alt_irq_handler.o)
 .debug_loc     0x000005ac       0x58 ../app_master_bsp/\libhal_bsp.a(alt_load.o)
 .debug_loc     0x00000604       0x2c ../app_master_bsp/\libhal_bsp.a(altera_avalon_spi.o)
 .debug_loc     0x00000630       0x2c ../app_master_bsp/\libhal_bsp.a(alt_dcache_flush_all.o)
 .debug_loc     0x0000065c       0x2c ../app_master_bsp/\libhal_bsp.a(alt_icache_flush_all.o)

.debug_macinfo
 *(.debug_macinfo)

.debug_weaknames
 *(.debug_weaknames)

.debug_funcnames
 *(.debug_funcnames)

.debug_typenames
 *(.debug_typenames)

.debug_varnames
 *(.debug_varnames)

.debug_alt_sim_info
                0x00000000       0x10
 *(.debug_alt_sim_info)
 .debug_alt_sim_info
                0x00000000       0x10 ../app_master_bsp//obj/HAL/src/crt0.o
                0x00003fdc                __alt_data_end = 0x3fdc
                0x00003fdc                PROVIDE (__alt_stack_pointer, __alt_data_end)
                0x00001a98                PROVIDE (__alt_stack_limit, __alt_stack_base)
                0x00001a98                PROVIDE (__alt_heap_start, end)
                0x00003fdc                PROVIDE (__alt_heap_limit, 0x3fdc)
OUTPUT(app_master.elf elf32-littlenios2)

.debug_ranges   0x00000000       0xb8
 .debug_ranges  0x00000000       0x20 ../app_master_bsp//obj/HAL/src/crt0.o
 .debug_ranges  0x00000020       0x30 ../app_master_bsp/\libhal_bsp.a(alt_iic.o)
 .debug_ranges  0x00000050       0x28 ../app_master_bsp/\libhal_bsp.a(alt_irq_entry.o)
 .debug_ranges  0x00000078       0x10 ../app_master_bsp/\libhal_bsp.a(alt_irq_handler.o)
 .debug_ranges  0x00000088       0x30 ../app_master_bsp/\libhal_bsp.a(alt_exception_entry.o)
