Archive member included to satisfy reference by file (symbol)

C:\Users\NTarannum\Documents\LPCXpresso_8.2.2_650\workspace\Assignment3Final\Lib_CMSISv1p30_LPC17xx\Debug\libCMSISv1p30_LPC17xx.a(system_LPC17xx.o)
                              ./src/scheduler/ttc_scheduler_o.o (SystemCoreClock)
C:\Users\NTarannum\Documents\LPCXpresso_8.2.2_650\workspace\Assignment3Final\Lib_EaBaseBoard\Debug\libLib_EaBaseBoard.a(joystick.o)
                              ./src/tasks/joystick_controller.o (joystick_init)
C:\Users\NTarannum\Documents\LPCXpresso_8.2.2_650\workspace\Assignment3Final\Lib_EaBaseBoard\Debug\libLib_EaBaseBoard.a(pca9532.o)
                              ./src/tasks/pca9532_leds.o (pca9532_init)
C:\Users\NTarannum\Documents\LPCXpresso_8.2.2_650\workspace\Assignment3Final\Lib_EaBaseBoard\Debug\libLib_EaBaseBoard.a(rgb.o)
                              ./src/main/main.o (rgb_init)
C:\Users\NTarannum\Documents\LPCXpresso_8.2.2_650\workspace\Assignment3Final\Lib_MCU\Debug\libLib_MCU.a(lpc17xx_adc.o)
                              ./src/tasks/adc_task.o (ADC_Init)
C:\Users\NTarannum\Documents\LPCXpresso_8.2.2_650\workspace\Assignment3Final\Lib_MCU\Debug\libLib_MCU.a(lpc17xx_clkpwr.o)
                              C:\Users\NTarannum\Documents\LPCXpresso_8.2.2_650\workspace\Assignment3Final\Lib_MCU\Debug\libLib_MCU.a(lpc17xx_adc.o) (CLKPWR_GetPCLK)
C:\Users\NTarannum\Documents\LPCXpresso_8.2.2_650\workspace\Assignment3Final\Lib_MCU\Debug\libLib_MCU.a(lpc17xx_gpio.o)
                              C:\Users\NTarannum\Documents\LPCXpresso_8.2.2_650\workspace\Assignment3Final\Lib_EaBaseBoard\Debug\libLib_EaBaseBoard.a(joystick.o) (GPIO_SetDir)
C:\Users\NTarannum\Documents\LPCXpresso_8.2.2_650\workspace\Assignment3Final\Lib_MCU\Debug\libLib_MCU.a(lpc17xx_i2c.o)
                              ./src/tasks/pca9532_leds.o (I2C_Init)
C:\Users\NTarannum\Documents\LPCXpresso_8.2.2_650\workspace\Assignment3Final\Lib_MCU\Debug\libLib_MCU.a(lpc17xx_pinsel.o)
                              ./src/tasks/adc_task.o (PINSEL_ConfigPin)
c:/nxp/lpcxpresso_8.2.2_650/lpcxpresso/tools/bin/../lib/gcc/arm-none-eabi/5.4.1/armv7-m\libgcc.a(_arm_addsubdf3.o)
                              ./src/tasks/pca9532_leds.o (__aeabi_ui2d)
c:/nxp/lpcxpresso_8.2.2_650/lpcxpresso/tools/bin/../lib/gcc/arm-none-eabi/5.4.1/armv7-m\libgcc.a(_arm_muldivdf3.o)
                              ./src/tasks/pca9532_leds.o (__aeabi_ddiv)
c:/nxp/lpcxpresso_8.2.2_650/lpcxpresso/tools/bin/../lib/gcc/arm-none-eabi/5.4.1/armv7-m\libgcc.a(_arm_truncdfsf2.o)
                              ./src/tasks/pca9532_leds.o (__aeabi_d2f)
c:/nxp/lpcxpresso_8.2.2_650/lpcxpresso/tools/bin/../lib/gcc/arm-none-eabi/5.4.1/armv7-m\libgcc.a(_arm_muldivsf3.o)
                              ./src/tasks/pca9532_leds.o (__aeabi_fmul)
c:/nxp/lpcxpresso_8.2.2_650/lpcxpresso/tools/bin/../lib/gcc/arm-none-eabi/5.4.1/armv7-m\libgcc.a(_arm_fixunssfsi.o)
                              ./src/tasks/pca9532_leds.o (__aeabi_f2uiz)
c:/nxp/lpcxpresso_8.2.2_650/lpcxpresso/tools/bin/../lib/gcc/arm-none-eabi/5.4.1/armv7-m\libgcc.a(_aeabi_uldivmod.o)
                              C:\Users\NTarannum\Documents\LPCXpresso_8.2.2_650\workspace\Assignment3Final\Lib_CMSISv1p30_LPC17xx\Debug\libCMSISv1p30_LPC17xx.a(system_LPC17xx.o) (__aeabi_uldivmod)
c:/nxp/lpcxpresso_8.2.2_650/lpcxpresso/tools/bin/../lib/gcc/arm-none-eabi/5.4.1/armv7-m\libgcc.a(_udivmoddi4.o)
                              c:/nxp/lpcxpresso_8.2.2_650/lpcxpresso/tools/bin/../lib/gcc/arm-none-eabi/5.4.1/armv7-m\libgcc.a(_aeabi_uldivmod.o) (__udivmoddi4)
c:/nxp/lpcxpresso_8.2.2_650/lpcxpresso/tools/bin/../lib/gcc/arm-none-eabi/5.4.1/armv7-m\libgcc.a(_dvmd_tls.o)
                              c:/nxp/lpcxpresso_8.2.2_650/lpcxpresso/tools/bin/../lib/gcc/arm-none-eabi/5.4.1/armv7-m\libgcc.a(_aeabi_uldivmod.o) (__aeabi_ldiv0)

Allocating common symbols
Common symbol       size              file

Error_code_G        0x4               ./src/scheduler/ttc_scheduler_o.o
SCH_tasks_G         0xa0              ./src/scheduler/ttc_scheduler_o.o

Discarded input sections

 .group         0x00000000        0x8 ./src/tasks/adc_task.o
 .group         0x00000000        0x8 ./src/tasks/adc_task.o
 .group         0x00000000        0x8 ./src/tasks/adc_task.o
 .group         0x00000000        0x8 ./src/tasks/adc_task.o
 .group         0x00000000        0x8 ./src/tasks/adc_task.o
 .group         0x00000000        0x8 ./src/tasks/adc_task.o
 .group         0x00000000        0x8 ./src/tasks/adc_task.o
 .group         0x00000000        0x8 ./src/tasks/adc_task.o
 .group         0x00000000        0x8 ./src/tasks/adc_task.o
 .group         0x00000000        0x8 ./src/tasks/adc_task.o
 .group         0x00000000        0x8 ./src/tasks/adc_task.o
 .group         0x00000000        0x8 ./src/tasks/adc_task.o
 .group         0x00000000        0x8 ./src/tasks/adc_task.o
 .group         0x00000000        0x8 ./src/tasks/adc_task.o
 .text          0x00000000        0x0 ./src/tasks/adc_task.o
[...]
Memory Configuration

Name             Origin             Length             Attributes
MFlash512        0x00000000         0x00080000         xr
RamLoc32         0x10000000         0x00008000         xrw
RamAHB32         0x2007c000         0x00008000         xrw
*default*        0x00000000         0xffffffff

Linker script and memory map

LOAD ./src/tasks/adc_task.o
LOAD ./src/tasks/joystick_controller.o
LOAD ./src/tasks/pca9532_leds.o
LOAD ./src/system/cr_startup_lpc17.o
LOAD ./src/scheduler/ttc_scheduler_o.o
LOAD ./src/main/main.o
LOAD C:\Users\NTarannum\Documents\LPCXpresso_8.2.2_650\workspace\Assignment3Final\Lib_CMSISv1p30_LPC17xx\Debug\libCMSISv1p30_LPC17xx.a
LOAD C:\Users\NTarannum\Documents\LPCXpresso_8.2.2_650\workspace\Assignment3Final\Lib_EaBaseBoard\Debug\libLib_EaBaseBoard.a
LOAD C:\Users\NTarannum\Documents\LPCXpresso_8.2.2_650\workspace\Assignment3Final\Lib_MCU\Debug\libLib_MCU.a
START GROUP
LOAD c:/nxp/lpcxpresso_8.2.2_650/lpcxpresso/tools/bin/../lib/gcc/arm-none-eabi/5.4.1/armv7-m\libgcc.a
LOAD c:/nxp/lpcxpresso_8.2.2_650/lpcxpresso/tools/bin/../lib/gcc/arm-none-eabi/5.4.1/../../../../arm-none-eabi/lib/armv7-m\libc.a
LOAD c:/nxp/lpcxpresso_8.2.2_650/lpcxpresso/tools/bin/../lib/gcc/arm-none-eabi/5.4.1/../../../../arm-none-eabi/lib/armv7-m\libm.a
LOAD c:/nxp/lpcxpresso_8.2.2_650/lpcxpresso/tools/bin/../lib/gcc/arm-none-eabi/5.4.1/../../../../arm-none-eabi/lib/armv7-m\libcr_newlib_semihost.a
END GROUP
                0x00000000                __base_MFlash512 = 0x0
                0x00000000                __base_Flash = 0x0
                0x00080000                __top_MFlash512 = 0x80000
                0x00080000                __top_Flash = 0x80000
                0x10000000                __base_RamLoc32 = 0x10000000
                0x10000000                __base_RAM = 0x10000000
                0x10008000                __top_RamLoc32 = 0x10008000
                0x10008000                __top_RAM = 0x10008000
                0x2007c000                __base_RamAHB32 = 0x2007c000
                0x2007c000                __base_RAM2 = 0x2007c000
                0x20084000                __top_RamAHB32 = 0x20084000
                0x20084000                __top_RAM2 = 0x20084000

.text           0x00000000     0x265c
 FILL mask 0xff
                0x00000000                __vectors_start__ = ABSOLUTE (.)
 *(.isr_vector)
 .isr_vector    0x00000000       0xcc ./src/system/cr_startup_lpc17.o
                0x00000000                g_pfnVectors
                0x000000cc                . = ALIGN (0x4)
                0x000000cc                __section_table_start = .
                0x000000cc                __data_section_table = .
                0x000000cc        0x4 LONG 0x265c LOADADDR (.data)
                0x000000d0        0x4 LONG 0x10000000 ADDR (.data)
                0x000000d4        0x4 LONG 0x4 SIZEOF (.data)
                0x000000d8        0x4 LONG 0x265c LOADADDR (.data_RAM2)
                0x000000dc        0x4 LONG 0x2007c000 ADDR (.data_RAM2)
                0x000000e0        0x4 LONG 0x0 SIZEOF (.data_RAM2)
                0x000000e4                __data_section_table_end = .
                0x000000e4                __bss_section_table = .
                0x000000e4        0x4 LONG 0x10000004 ADDR (.bss)
                0x000000e8        0x4 LONG 0xf0 SIZEOF (.bss)
                0x000000ec        0x4 LONG 0x2007c000 ADDR (.bss_RAM2)
                0x000000f0        0x4 LONG 0x0 SIZEOF (.bss_RAM2)
                0x000000f4                __bss_section_table_end = .
                0x000000f4                __section_table_end = .
 *(.after_vectors*)
 *(.text*)
 .text.adc_init
                0x000000f4       0x50 ./src/tasks/adc_task.o
                0x000000f4                adc_init
 .text.adc_read
                0x00000144       0x30 ./src/tasks/adc_task.o
                0x00000144                adc_read
 .text.adc_update
                0x00000174       0x18 ./src/tasks/adc_task.o
                0x00000174                adc_update
 .text.joystick_controller_init
                0x0000018c        0xc ./src/tasks/joystick_controller.o
                0x0000018c                joystick_controller_init
 .text.joystick_controller_update
                0x00000198       0x70 ./src/tasks/joystick_controller.o
                0x00000198                joystick_controller_update
 .text.pca9532_leds_init
                0x00000208       0x4c ./src/tasks/pca9532_leds.o
                0x00000208                pca9532_leds_init
 *fill*         0x00000254        0x4 ff
 .text.pca9532_leds_update
                0x00000258       0xe0 ./src/tasks/pca9532_leds.o
                0x00000258                pca9532_leds_update
 .text.ResetISR
                0x00000338       0x58 ./src/system/cr_startup_lpc17.o
                0x00000338                ResetISR
 .text.NMI_Handler
                0x00000390        0x8 ./src/system/cr_startup_lpc17.o
                0x00000390                NMI_Handler
 .text.HardFault_Handler
                0x00000398        0x8 ./src/system/cr_startup_lpc17.o
                0x00000398                HardFault_Handler
 .text.MemManage_Handler
                0x000003a0        0x8 ./src/system/cr_startup_lpc17.o
                0x000003a0                MemManage_Handler
 .text.BusFault_Handler
                0x000003a8        0x8 ./src/system/cr_startup_lpc17.o
                0x000003a8                BusFault_Handler
 .text.UsageFault_Handler
                0x000003b0        0x8 ./src/system/cr_startup_lpc17.o
                0x000003b0                UsageFault_Handler
 .text.SVCall_Handler
                0x000003b8        0x8 ./src/system/cr_startup_lpc17.o
                0x000003b8                SVCall_Handler
 .text.DebugMon_Handler
                0x000003c0        0x8 ./src/system/cr_startup_lpc17.o
                0x000003c0                DebugMon_Handler
 .text.PendSV_Handler
                0x000003c8        0x8 ./src/system/cr_startup_lpc17.o
                0x000003c8                PendSV_Handler
 .text.IntDefaultHandler
                0x000003d0        0x8 ./src/system/cr_startup_lpc17.o
                0x000003d0                TIMER2_IRQHandler
                0x000003d0                RIT_IRQHandler
                0x000003d0                I2C0_IRQHandler
                0x000003d0                USBActivity_IRQHandler
                0x000003d0                PWM1_IRQHandler
                0x000003d0                I2C1_IRQHandler
                0x000003d0                EINT2_IRQHandler
                0x000003d0                UART1_IRQHandler
                0x000003d0                EINT3_IRQHandler
                0x000003d0                CANActivity_IRQHandler
                0x000003d0                TIMER3_IRQHandler
                0x000003d0                UART0_IRQHandler
                0x000003d0                IntDefaultHandler
                0x000003d0                PLL0_IRQHandler
                0x000003d0                CAN_IRQHandler
                0x000003d0                PLL1_IRQHandler
                0x000003d0                SSP0_IRQHandler
                0x000003d0                I2S_IRQHandler
                0x000003d0                I2C2_IRQHandler
                0x000003d0                RTC_IRQHandler
                0x000003d0                TIMER0_IRQHandler
                0x000003d0                SPI_IRQHandler
                0x000003d0                EINT1_IRQHandler
                0x000003d0                TIMER1_IRQHandler
                0x000003d0                UART2_IRQHandler
                0x000003d0                ADC_IRQHandler
                0x000003d0                SSP1_IRQHandler
                0x000003d0                USB_IRQHandler
                0x000003d0                BOD_IRQHandler
                0x000003d0                WDT_IRQHandler
                0x000003d0                QEI_IRQHandler
                0x000003d0                EINT0_IRQHandler
                0x000003d0                DMA_IRQHandler
                0x000003d0                UART3_IRQHandler
                0x000003d0                MCPWM_IRQHandler
                0x000003d0                ENET_IRQHandler
 .text.__enable_irq
                0x000003d8       0x10 ./src/scheduler/ttc_scheduler_o.o
 .text.__disable_irq
                0x000003e8       0x10 ./src/scheduler/ttc_scheduler_o.o
 .text.__WFI    0x000003f8       0x10 ./src/scheduler/ttc_scheduler_o.o
 .text.NVIC_SetPriority
                0x00000408       0x54 ./src/scheduler/ttc_scheduler_o.o
 .text.SysTick_Config
                0x0000045c       0x44 ./src/scheduler/ttc_scheduler_o.o
 .text.SCH_Init
                0x000004a0       0x68 ./src/scheduler/ttc_scheduler_o.o
                0x000004a0                SCH_Init
 .text.SCH_Start
                0x00000508       0x28 ./src/scheduler/ttc_scheduler_o.o
                0x00000508                SCH_Start
 .text.SysTick_Handler
                0x00000530       0x30 ./src/scheduler/ttc_scheduler_o.o
                0x00000530                SysTick_Handler
 .text.SCH_Dispatch_Tasks
                0x00000560      0x114 ./src/scheduler/ttc_scheduler_o.o
                0x00000560                SCH_Dispatch_Tasks
 .text.SCH_Add_Task
                0x00000674       0x7c ./src/scheduler/ttc_scheduler_o.o
                0x00000674                SCH_Add_Task
 .text.SCH_Delete_Task
                0x000006f0       0x70 ./src/scheduler/ttc_scheduler_o.o
                0x000006f0                SCH_Delete_Task
 .text.SCH_Go_To_Sleep
                0x00000760        0xc ./src/scheduler/ttc_scheduler_o.o
 .text.main     0x0000076c       0x4c ./src/main/main.o
                0x0000076c                main
 .text.check_failed
                0x000007b8        0xc ./src/main/main.o
                0x000007b8                check_failed
 .text.SystemInit
                0x000007c4      0x140 C:\Users\NTarannum\Documents\LPCXpresso_8.2.2_650\workspace\Assignment3Final\Lib_CMSISv1p30_LPC17xx\Debug\libCMSISv1p30_LPC17xx.a(system_LPC17xx.o)
                0x000007c4                SystemInit
 .text.joystick_init
                0x00000904       0x20 C:\Users\NTarannum\Documents\LPCXpresso_8.2.2_650\workspace\Assignment3Final\Lib_EaBaseBoard\Debug\libLib_EaBaseBoard.a(joystick.o)
                0x00000904                joystick_init
 .text.joystick_read
                0x00000924       0x88 C:\Users\NTarannum\Documents\LPCXpresso_8.2.2_650\workspace\Assignment3Final\Lib_EaBaseBoard\Debug\libLib_EaBaseBoard.a(joystick.o)
                0x00000924                joystick_read
 .text.I2CWrite
                0x000009ac       0x50 C:\Users\NTarannum\Documents\LPCXpresso_8.2.2_650\workspace\Assignment3Final\Lib_EaBaseBoard\Debug\libLib_EaBaseBoard.a(pca9532.o)
 .text.setLsStates
                0x000009fc       0xcc C:\Users\NTarannum\Documents\LPCXpresso_8.2.2_650\workspace\Assignment3Final\Lib_EaBaseBoard\Debug\libLib_EaBaseBoard.a(pca9532.o)
 .text.setLeds  0x00000ac8       0x70 C:\Users\NTarannum\Documents\LPCXpresso_8.2.2_650\workspace\Assignment3Final\Lib_EaBaseBoard\Debug\libLib_EaBaseBoard.a(pca9532.o)
 .text.pca9532_init
                0x00000b38        0xc C:\Users\NTarannum\Documents\LPCXpresso_8.2.2_650\workspace\Assignment3Final\Lib_EaBaseBoard\Debug\libLib_EaBaseBoard.a(pca9532.o)
                0x00000b38                pca9532_init
 .text.pca9532_setLeds
                0x00000b44       0x80 C:\Users\NTarannum\Documents\LPCXpresso_8.2.2_650\workspace\Assignment3Final\Lib_EaBaseBoard\Debug\libLib_EaBaseBoard.a(pca9532.o)
                0x00000b44                pca9532_setLeds
 .text.pca9532_setBlink0Period
                0x00000bc4       0x28 C:\Users\NTarannum\Documents\LPCXpresso_8.2.2_650\workspace\Assignment3Final\Lib_EaBaseBoard\Debug\libLib_EaBaseBoard.a(pca9532.o)
                0x00000bc4                pca9532_setBlink0Period
 .text.pca9532_setBlink0Duty
                0x00000bec       0x4c C:\Users\NTarannum\Documents\LPCXpresso_8.2.2_650\workspace\Assignment3Final\Lib_EaBaseBoard\Debug\libLib_EaBaseBoard.a(pca9532.o)
                0x00000bec                pca9532_setBlink0Duty
 .text.pca9532_setBlink0Leds
                0x00000c38       0x28 C:\Users\NTarannum\Documents\LPCXpresso_8.2.2_650\workspace\Assignment3Final\Lib_EaBaseBoard\Debug\libLib_EaBaseBoard.a(pca9532.o)
                0x00000c38                pca9532_setBlink0Leds
 .text.rgb_init
                0x00000c60       0x28 C:\Users\NTarannum\Documents\LPCXpresso_8.2.2_650\workspace\Assignment3Final\Lib_EaBaseBoard\Debug\libLib_EaBaseBoard.a(rgb.o)
                0x00000c60                rgb_init
 .text.rgb_setLeds
                0x00000c88       0x6c C:\Users\NTarannum\Documents\LPCXpresso_8.2.2_650\workspace\Assignment3Final\Lib_EaBaseBoard\Debug\libLib_EaBaseBoard.a(rgb.o)
                0x00000c88                rgb_setLeds
 .text.ADC_Init
                0x00000cf4       0x90 C:\Users\NTarannum\Documents\LPCXpresso_8.2.2_650\workspace\Assignment3Final\Lib_MCU\Debug\libLib_MCU.a(lpc17xx_adc.o)
                0x00000cf4                ADC_Init
 .text.ADC_StartCmd
                0x00000d84       0x80 C:\Users\NTarannum\Documents\LPCXpresso_8.2.2_650\workspace\Assignment3Final\Lib_MCU\Debug\libLib_MCU.a(lpc17xx_adc.o)
                0x00000d84                ADC_StartCmd
 .text.ADC_IntConfig
                0x00000e04       0x9c C:\Users\NTarannum\Documents\LPCXpresso_8.2.2_650\workspace\Assignment3Final\Lib_MCU\Debug\libLib_MCU.a(lpc17xx_adc.o)
                0x00000e04                ADC_IntConfig
 .text.ADC_ChannelCmd
                0x00000ea0       0x60 C:\Users\NTarannum\Documents\LPCXpresso_8.2.2_650\workspace\Assignment3Final\Lib_MCU\Debug\libLib_MCU.a(lpc17xx_adc.o)
                0x00000ea0                ADC_ChannelCmd
 .text.ADC_ChannelGetData
                0x00000f00       0x4c C:\Users\NTarannum\Documents\LPCXpresso_8.2.2_650\workspace\Assignment3Final\Lib_MCU\Debug\libLib_MCU.a(lpc17xx_adc.o)
                0x00000f00                ADC_ChannelGetData
 .text.ADC_ChannelGetStatus
                0x00000f4c       0x7c C:\Users\NTarannum\Documents\LPCXpresso_8.2.2_650\workspace\Assignment3Final\Lib_MCU\Debug\libLib_MCU.a(lpc17xx_adc.o)
                0x00000f4c                ADC_ChannelGetStatus
 .text.CLKPWR_SetPCLKDiv
                0x00000fc8       0x8c C:\Users\NTarannum\Documents\LPCXpresso_8.2.2_650\workspace\Assignment3Final\Lib_MCU\Debug\libLib_MCU.a(lpc17xx_clkpwr.o)
                0x00000fc8                CLKPWR_SetPCLKDiv
 .text.CLKPWR_GetPCLKSEL
                0x00001054       0x48 C:\Users\NTarannum\Documents\LPCXpresso_8.2.2_650\workspace\Assignment3Final\Lib_MCU\Debug\libLib_MCU.a(lpc17xx_clkpwr.o)
                0x00001054                CLKPWR_GetPCLKSEL
 .text.CLKPWR_GetPCLK
                0x0000109c       0x64 C:\Users\NTarannum\Documents\LPCXpresso_8.2.2_650\workspace\Assignment3Final\Lib_MCU\Debug\libLib_MCU.a(lpc17xx_clkpwr.o)
                0x0000109c                CLKPWR_GetPCLK
 .text.CLKPWR_ConfigPPWR
                0x00001100       0x58 C:\Users\NTarannum\Documents\LPCXpresso_8.2.2_650\workspace\Assignment3Final\Lib_MCU\Debug\libLib_MCU.a(lpc17xx_clkpwr.o)
                0x00001100                CLKPWR_ConfigPPWR
 .text.GPIO_GetPointer
                0x00001158       0x70 C:\Users\NTarannum\Documents\LPCXpresso_8.2.2_650\workspace\Assignment3Final\Lib_MCU\Debug\libLib_MCU.a(lpc17xx_gpio.o)
 .text.GPIO_SetDir
                0x000011c8       0x4c C:\Users\NTarannum\Documents\LPCXpresso_8.2.2_650\workspace\Assignment3Final\Lib_MCU\Debug\libLib_MCU.a(lpc17xx_gpio.o)
                0x000011c8                GPIO_SetDir
 .text.GPIO_SetValue
                0x00001214       0x2c C:\Users\NTarannum\Documents\LPCXpresso_8.2.2_650\workspace\Assignment3Final\Lib_MCU\Debug\libLib_MCU.a(lpc17xx_gpio.o)
                0x00001214                GPIO_SetValue
 .text.GPIO_ClearValue
                0x00001240       0x2c C:\Users\NTarannum\Documents\LPCXpresso_8.2.2_650\workspace\Assignment3Final\Lib_MCU\Debug\libLib_MCU.a(lpc17xx_gpio.o)
                0x00001240                GPIO_ClearValue
 .text.GPIO_ReadValue
                0x0000126c       0x2c C:\Users\NTarannum\Documents\LPCXpresso_8.2.2_650\workspace\Assignment3Final\Lib_MCU\Debug\libLib_MCU.a(lpc17xx_gpio.o)
                0x0000126c                GPIO_ReadValue
 .text.NVIC_EnableIRQ
                0x00001298       0x30 C:\Users\NTarannum\Documents\LPCXpresso_8.2.2_650\workspace\Assignment3Final\Lib_MCU\Debug\libLib_MCU.a(lpc17xx_i2c.o)
 .text.NVIC_DisableIRQ
                0x000012c8       0x34 C:\Users\NTarannum\Documents\LPCXpresso_8.2.2_650\workspace\Assignment3Final\Lib_MCU\Debug\libLib_MCU.a(lpc17xx_i2c.o)
 .text.I2C_getNum
                0x000012fc       0x48 C:\Users\NTarannum\Documents\LPCXpresso_8.2.2_650\workspace\Assignment3Final\Lib_MCU\Debug\libLib_MCU.a(lpc17xx_i2c.o)
 .text.I2C_Start
                0x00001344       0x3c C:\Users\NTarannum\Documents\LPCXpresso_8.2.2_650\workspace\Assignment3Final\Lib_MCU\Debug\libLib_MCU.a(lpc17xx_i2c.o)
 .text.I2C_Stop
                0x00001380       0x30 C:\Users\NTarannum\Documents\LPCXpresso_8.2.2_650\workspace\Assignment3Final\Lib_MCU\Debug\libLib_MCU.a(lpc17xx_i2c.o)
 .text.I2C_SendByte
                0x000013b0       0x4c C:\Users\NTarannum\Documents\LPCXpresso_8.2.2_650\workspace\Assignment3Final\Lib_MCU\Debug\libLib_MCU.a(lpc17xx_i2c.o)
 .text.I2C_GetByte
                0x000013fc       0x54 C:\Users\NTarannum\Documents\LPCXpresso_8.2.2_650\workspace\Assignment3Final\Lib_MCU\Debug\libLib_MCU.a(lpc17xx_i2c.o)
 .text.I2C_SetClock
                0x00001450       0xa4 C:\Users\NTarannum\Documents\LPCXpresso_8.2.2_650\workspace\Assignment3Final\Lib_MCU\Debug\libLib_MCU.a(lpc17xx_i2c.o)
 .text.I2C_Init
                0x000014f4       0xa4 C:\Users\NTarannum\Documents\LPCXpresso_8.2.2_650\workspace\Assignment3Final\Lib_MCU\Debug\libLib_MCU.a(lpc17xx_i2c.o)
                0x000014f4                I2C_Init
 .text.I2C_Cmd  0x00001598       0x70 C:\Users\NTarannum\Documents\LPCXpresso_8.2.2_650\workspace\Assignment3Final\Lib_MCU\Debug\libLib_MCU.a(lpc17xx_i2c.o)
                0x00001598                I2C_Cmd
 .text.I2C_IntCmd
                0x00001608       0x88 C:\Users\NTarannum\Documents\LPCXpresso_8.2.2_650\workspace\Assignment3Final\Lib_MCU\Debug\libLib_MCU.a(lpc17xx_i2c.o)
                0x00001608                I2C_IntCmd
 .text.I2C_MasterTransferData
                0x00001690      0x2cc C:\Users\NTarannum\Documents\LPCXpresso_8.2.2_650\workspace\Assignment3Final\Lib_MCU\Debug\libLib_MCU.a(lpc17xx_i2c.o)
                0x00001690                I2C_MasterTransferData
 .text.set_PinFunc
                0x0000195c       0x84 C:\Users\NTarannum\Documents\LPCXpresso_8.2.2_650\workspace\Assignment3Final\Lib_MCU\Debug\libLib_MCU.a(lpc17xx_pinsel.o)
 .text.set_ResistorMode
                0x000019e0       0x84 C:\Users\NTarannum\Documents\LPCXpresso_8.2.2_650\workspace\Assignment3Final\Lib_MCU\Debug\libLib_MCU.a(lpc17xx_pinsel.o)
 .text.set_OpenDrainMode
                0x00001a64       0x6c C:\Users\NTarannum\Documents\LPCXpresso_8.2.2_650\workspace\Assignment3Final\Lib_MCU\Debug\libLib_MCU.a(lpc17xx_pinsel.o)
 .text.PINSEL_ConfigPin
                0x00001ad0       0x48 C:\Users\NTarannum\Documents\LPCXpresso_8.2.2_650\workspace\Assignment3Final\Lib_MCU\Debug\libLib_MCU.a(lpc17xx_pinsel.o)
                0x00001ad0                PINSEL_ConfigPin
 .text          0x00001b18      0x370 c:/nxp/lpcxpresso_8.2.2_650/lpcxpresso/tools/bin/../lib/gcc/arm-none-eabi/5.4.1/armv7-m\libgcc.a(_arm_addsubdf3.o)
                0x00001b18                __aeabi_drsub
                0x00001b20                __aeabi_dsub
                0x00001b20                __subdf3
                0x00001b24                __aeabi_dadd
                0x00001b24                __adddf3
                0x00001d9c                __floatunsidf
                0x00001d9c                __aeabi_ui2d
                0x00001dbc                __floatsidf
                0x00001dbc                __aeabi_i2d
                0x00001de0                __aeabi_f2d
                0x00001de0                __extendsfdf2
                0x00001e1c                __floatundidf
                0x00001e1c                __aeabi_ul2d
                0x00001e2c                __floatdidf
                0x00001e2c                __aeabi_l2d
 .text          0x00001e88      0x424 c:/nxp/lpcxpresso_8.2.2_650/lpcxpresso/tools/bin/../lib/gcc/arm-none-eabi/5.4.1/armv7-m\libgcc.a(_arm_muldivdf3.o)
                0x00001e88                __aeabi_dmul
                0x00001e88                __muldf3
                0x000020dc                __divdf3
                0x000020dc                __aeabi_ddiv
 .text          0x000022ac       0xa0 c:/nxp/lpcxpresso_8.2.2_650/lpcxpresso/tools/bin/../lib/gcc/arm-none-eabi/5.4.1/armv7-m\libgcc.a(_arm_truncdfsf2.o)
                0x000022ac                __truncdfsf2
                0x000022ac                __aeabi_d2f
 .text          0x0000234c      0x2a0 c:/nxp/lpcxpresso_8.2.2_650/lpcxpresso/tools/bin/../lib/gcc/arm-none-eabi/5.4.1/armv7-m\libgcc.a(_arm_muldivsf3.o)
                0x0000234c                __mulsf3
                0x0000234c                __aeabi_fmul
                0x000024b4                __aeabi_fdiv
                0x000024b4                __divsf3
 .text          0x000025ec       0x40 c:/nxp/lpcxpresso_8.2.2_650/lpcxpresso/tools/bin/../lib/gcc/arm-none-eabi/5.4.1/armv7-m\libgcc.a(_arm_fixunssfsi.o)
                0x000025ec                __fixunssfsi
                0x000025ec                __aeabi_f2uiz
 *(.rodata .rodata.* .constdata .constdata.*)
 .rodata        0x0000262c       0x15 C:\Users\NTarannum\Documents\LPCXpresso_8.2.2_650\workspace\Assignment3Final\Lib_MCU\Debug\libLib_MCU.a(lpc17xx_adc.o)
 *fill*         0x00002641        0x3 ff
 .rodata        0x00002644       0x15 C:\Users\NTarannum\Documents\LPCXpresso_8.2.2_650\workspace\Assignment3Final\Lib_MCU\Debug\libLib_MCU.a(lpc17xx_i2c.o)
                0x0000265c                . = ALIGN (0x4)
 *fill*         0x00002659        0x3 ff

.glue_7         0x0000265c        0x0
 .glue_7        0x0000265c        0x0 linker stubs

.glue_7t        0x0000265c        0x0
 .glue_7t       0x0000265c        0x0 linker stubs

.vfp11_veneer   0x0000265c        0x0
 .vfp11_veneer  0x0000265c        0x0 linker stubs

.v4_bx          0x0000265c        0x0
 .v4_bx         0x0000265c        0x0 linker stubs

.iplt           0x0000265c        0x0
 .iplt          0x0000265c        0x0 ./src/tasks/adc_task.o

.rel.dyn        0x0000265c        0x0
 .rel.iplt      0x0000265c        0x0 ./src/tasks/adc_task.o

.ARM.extab
 *(.ARM.extab* .gnu.linkonce.armextab.*)
                0x0000265c                __exidx_start = .

.ARM.exidx
 *(.ARM.exidx* .gnu.linkonce.armexidx.*)
                0x0000265c                __exidx_end = .
                0x0000265c                _etext = .

.data_RAM2      0x2007c000        0x0 load address 0x0000265c
 FILL mask 0xff
                [!provide]                PROVIDE (__start_data_RAM2, .)
 *(.ramfunc.$RAM2)
 *(.ramfunc.$RamAHB32)
 *(.data.$RAM2*)
 *(.data.$RamAHB32*)
                0x2007c000                . = ALIGN (0x4)
                [!provide]                PROVIDE (__end_data_RAM2, .)

.uninit_RESERVED
                0x10000000        0x0
 *(.bss.$RESERVED*)
                0x10000000                . = ALIGN (0x4)
                0x10000000                _end_uninit_RESERVED = .

.data           0x10000000        0x4 load address 0x0000265c
 FILL mask 0xff
                0x10000000                _data = .
 *(vtable)
 *(.ramfunc*)
 *(.data*)
 .data          0x10000000        0x4 C:\Users\NTarannum\Documents\LPCXpresso_8.2.2_650\workspace\Assignment3Final\Lib_CMSISv1p30_LPC17xx\Debug\libCMSISv1p30_LPC17xx.a(system_LPC17xx.o)
                0x10000000                SystemCoreClock
                0x10000004                . = ALIGN (0x4)
                0x10000004                _edata = .

.igot.plt       0x10000004        0x0 load address 0x00002660
 .igot.plt      0x10000004        0x0 ./src/tasks/adc_task.o

.bss_RAM2       0x2007c000        0x0
                [!provide]                PROVIDE (__start_bss_RAM2, .)
 *(.bss.$RAM2*)
 *(.bss.$RamAHB32*)
                0x2007c000                . = ALIGN ((. != 0x0)?0x4:0x1)
                [!provide]                PROVIDE (__end_bss_RAM2, .)

.bss            0x10000004       0xf0
                0x10000004                _bss = .
 *(.bss*)
 .bss           0x10000004        0x4 ./src/tasks/adc_task.o
                0x10000004                reading_pot
 .bss           0x10000008        0x1 ./src/tasks/joystick_controller.o
                0x10000008                mode
 *fill*         0x10000009        0x3 
 .bss           0x1000000c        0x8 ./src/scheduler/ttc_scheduler_o.o
 .bss           0x10000014        0x6 C:\Users\NTarannum\Documents\LPCXpresso_8.2.2_650\workspace\Assignment3Final\Lib_EaBaseBoard\Debug\libLib_EaBaseBoard.a(pca9532.o)
 *fill*         0x1000001a        0x2 
 .bss           0x1000001c       0x34 C:\Users\NTarannum\Documents\LPCXpresso_8.2.2_650\workspace\Assignment3Final\Lib_MCU\Debug\libLib_MCU.a(lpc17xx_i2c.o)
 *(COMMON)
 COMMON         0x10000050       0xa4 ./src/scheduler/ttc_scheduler_o.o
                0x10000050                Error_code_G
                0x10000054                SCH_tasks_G
                0x100000f4                . = ALIGN (0x4)
                0x100000f4                _ebss = .
                [!provide]                PROVIDE (end, .)

.noinit_RAM2    0x2007c000        0x0
 *(.noinit.$RAM2*)
 *(.noinit.$RamAHB32*)
                0x2007c000                . = ALIGN (0x4)

.noinit         0x100000f4        0x0
                0x100000f4                _noinit = .
 *(.noinit*)
                0x100000f4                . = ALIGN (0x4)
                0x100000f4                _end_noinit = .
                [!provide]                PROVIDE (_pvHeapStart, DEFINED (__user_heap_base)?__user_heap_base:.)
                0x10008000                PROVIDE (_vStackTop, DEFINED (__user_stack_top)?__user_stack_top:(__top_RamLoc32 - 0x0))
                [!provide]                PROVIDE (__valid_user_code_checksum, (0x0 - ((((((_vStackTop + (ResetISR + 0x1)) + (NMI_Handler + 0x1)) + (HardFault_Handler + 0x1)) + (DEFINED (MemManage_Handler)?MemManage_Handler:0x0 + 0x1)) + (DEFINED (BusFault_Handler)?BusFault_Handler:0x0 + 0x1)) + (DEFINED (UsageFault_Handler)?UsageFault_Handler:0x0 + 0x1))))
OUTPUT(adc_pca9532_leds.axf elf32-littlearm)

.debug_info     0x00000000     0x44e9
 .debug_info    0x00000000      0x2e8 ./src/tasks/adc_task.o
 .debug_info    0x000002e8       0xd3 ./src/tasks/joystick_controller.o
 .debug_info    0x000003bb      0x2fb ./src/tasks/pca9532_leds.o
 .debug_info    0x000006b6      0x1b6 ./src/system/cr_startup_lpc17.o
 .debug_info    0x0000086c      0x712 ./src/scheduler/ttc_scheduler_o.o
 .debug_info    0x00000f7e      0x108 ./src/main/main.o
 .debug_info    0x00001086      0x2e3 C:\Users\NTarannum\Documents\LPCXpresso_8.2.2_650\workspace\Assignment3Final\Lib_CMSISv1p30_LPC17xx\Debug\libCMSISv1p30_LPC17xx.a(system_LPC17xx.o)
 .debug_info    0x00001369       0xfa C:\Users\NTarannum\Documents\LPCXpresso_8.2.2_650\workspace\Assignment3Final\Lib_EaBaseBoard\Debug\libLib_EaBaseBoard.a(joystick.o)
 .debug_info    0x00001463      0x5d6 C:\Users\NTarannum\Documents\LPCXpresso_8.2.2_650\workspace\Assignment3Final\Lib_EaBaseBoard\Debug\libLib_EaBaseBoard.a(pca9532.o)
 .debug_info    0x00001a39       0xcf C:\Users\NTarannum\Documents\LPCXpresso_8.2.2_650\workspace\Assignment3Final\Lib_EaBaseBoard\Debug\libLib_EaBaseBoard.a(rgb.o)
 .debug_info    0x00001b08      0x5da C:\Users\NTarannum\Documents\LPCXpresso_8.2.2_650\workspace\Assignment3Final\Lib_MCU\Debug\libLib_MCU.a(lpc17xx_adc.o)
 .debug_info    0x000020e2      0x5a5 C:\Users\NTarannum\Documents\LPCXpresso_8.2.2_650\workspace\Assignment3Final\Lib_MCU\Debug\libLib_MCU.a(lpc17xx_clkpwr.o)
 .debug_info    0x00002687      0xd22 C:\Users\NTarannum\Documents\LPCXpresso_8.2.2_650\workspace\Assignment3Final\Lib_MCU\Debug\libLib_MCU.a(lpc17xx_gpio.o)
 .debug_info    0x000033a9      0xcf2 C:\Users\NTarannum\Documents\LPCXpresso_8.2.2_650\workspace\Assignment3Final\Lib_MCU\Debug\libLib_MCU.a(lpc17xx_i2c.o)
 .debug_info    0x0000409b      0x44e C:\Users\NTarannum\Documents\LPCXpresso_8.2.2_650\workspace\Assignment3Final\Lib_MCU\Debug\libLib_MCU.a(lpc17xx_pinsel.o)

.debug_abbrev   0x00000000     0x130f
 .debug_abbrev  0x00000000      0x122 ./src/tasks/adc_task.o
 .debug_abbrev  0x00000122       0x8c ./src/tasks/joystick_controller.o
 .debug_abbrev  0x000001ae      0x104 ./src/tasks/pca9532_leds.o
 .debug_abbrev  0x000002b2       0xb9 ./src/system/cr_startup_lpc17.o
 .debug_abbrev  0x0000036b      0x249 ./src/scheduler/ttc_scheduler_o.o
 .debug_abbrev  0x000005b4       0x9e ./src/main/main.o
 .debug_abbrev  0x00000652       0xe6 C:\Users\NTarannum\Documents\LPCXpresso_8.2.2_650\workspace\Assignment3Final\Lib_CMSISv1p30_LPC17xx\Debug\libCMSISv1p30_LPC17xx.a(system_LPC17xx.o)
 .debug_abbrev  0x00000738       0x95 C:\Users\NTarannum\Documents\LPCXpresso_8.2.2_650\workspace\Assignment3Final\Lib_EaBaseBoard\Debug\libLib_EaBaseBoard.a(joystick.o)
 .debug_abbrev  0x000007cd      0x1d7 C:\Users\NTarannum\Documents\LPCXpresso_8.2.2_650\workspace\Assignment3Final\Lib_EaBaseBoard\Debug\libLib_EaBaseBoard.a(pca9532.o)
 .debug_abbrev  0x000009a4       0x93 C:\Users\NTarannum\Documents\LPCXpresso_8.2.2_650\workspace\Assignment3Final\Lib_EaBaseBoard\Debug\libLib_EaBaseBoard.a(rgb.o)
 .debug_abbrev  0x00000a37      0x165 C:\Users\NTarannum\Documents\LPCXpresso_8.2.2_650\workspace\Assignment3Final\Lib_MCU\Debug\libLib_MCU.a(lpc17xx_adc.o)
 .debug_abbrev  0x00000b9c      0x1be C:\Users\NTarannum\Documents\LPCXpresso_8.2.2_650\workspace\Assignment3Final\Lib_MCU\Debug\libLib_MCU.a(lpc17xx_clkpwr.o)
 .debug_abbrev  0x00000d5a      0x204 C:\Users\NTarannum\Documents\LPCXpresso_8.2.2_650\workspace\Assignment3Final\Lib_MCU\Debug\libLib_MCU.a(lpc17xx_gpio.o)
 .debug_abbrev  0x00000f5e      0x26e C:\Users\NTarannum\Documents\LPCXpresso_8.2.2_650\workspace\Assignment3Final\Lib_MCU\Debug\libLib_MCU.a(lpc17xx_i2c.o)
 .debug_abbrev  0x000011cc      0x143 C:\Users\NTarannum\Documents\LPCXpresso_8.2.2_650\workspace\Assignment3Final\Lib_MCU\Debug\libLib_MCU.a(lpc17xx_pinsel.o)

.debug_aranges  0x00000000      0x578
 .debug_aranges
                0x00000000       0x30 ./src/tasks/adc_task.o
 .debug_aranges
                0x00000030       0x28 ./src/tasks/joystick_controller.o
 .debug_aranges
                0x00000058       0x28 ./src/tasks/pca9532_leds.o
 .debug_aranges
                0x00000080       0x70 ./src/system/cr_startup_lpc17.o
 .debug_aranges
                0x000000f0       0x78 ./src/scheduler/ttc_scheduler_o.o
 .debug_aranges
                0x00000168       0x28 ./src/main/main.o
 .debug_aranges
                0x00000190       0x28 C:\Users\NTarannum\Documents\LPCXpresso_8.2.2_650\workspace\Assignment3Final\Lib_CMSISv1p30_LPC17xx\Debug\libCMSISv1p30_LPC17xx.a(system_LPC17xx.o)
 .debug_aranges
                0x000001b8       0x28 C:\Users\NTarannum\Documents\LPCXpresso_8.2.2_650\workspace\Assignment3Final\Lib_EaBaseBoard\Debug\libLib_EaBaseBoard.a(joystick.o)
 .debug_aranges
                0x000001e0       0x80 C:\Users\NTarannum\Documents\LPCXpresso_8.2.2_650\workspace\Assignment3Final\Lib_EaBaseBoard\Debug\libLib_EaBaseBoard.a(pca9532.o)
 .debug_aranges
                0x00000260       0x28 C:\Users\NTarannum\Documents\LPCXpresso_8.2.2_650\workspace\Assignment3Final\Lib_EaBaseBoard\Debug\libLib_EaBaseBoard.a(rgb.o)
 .debug_aranges
                0x00000288       0x80 C:\Users\NTarannum\Documents\LPCXpresso_8.2.2_650\workspace\Assignment3Final\Lib_MCU\Debug\libLib_MCU.a(lpc17xx_adc.o)
 .debug_aranges
                0x00000308       0x60 C:\Users\NTarannum\Documents\LPCXpresso_8.2.2_650\workspace\Assignment3Final\Lib_MCU\Debug\libLib_MCU.a(lpc17xx_clkpwr.o)
 .debug_aranges
                0x00000368       0xf8 C:\Users\NTarannum\Documents\LPCXpresso_8.2.2_650\workspace\Assignment3Final\Lib_MCU\Debug\libLib_MCU.a(lpc17xx_gpio.o)
 .debug_aranges
                0x00000460       0xd0 C:\Users\NTarannum\Documents\LPCXpresso_8.2.2_650\workspace\Assignment3Final\Lib_MCU\Debug\libLib_MCU.a(lpc17xx_i2c.o)
 .debug_aranges
                0x00000530       0x48 C:\Users\NTarannum\Documents\LPCXpresso_8.2.2_650\workspace\Assignment3Final\Lib_MCU\Debug\libLib_MCU.a(lpc17xx_pinsel.o)

.debug_ranges   0x00000000      0x488
 .debug_ranges  0x00000000       0x20 ./src/tasks/adc_task.o
 .debug_ranges  0x00000020       0x18 ./src/tasks/joystick_controller.o
 .debug_ranges  0x00000038       0x18 ./src/tasks/pca9532_leds.o
 .debug_ranges  0x00000050       0x60 ./src/system/cr_startup_lpc17.o
 .debug_ranges  0x000000b0       0x68 ./src/scheduler/ttc_scheduler_o.o
 .debug_ranges  0x00000118       0x18 ./src/main/main.o
 .debug_ranges  0x00000130       0x18 C:\Users\NTarannum\Documents\LPCXpresso_8.2.2_650\workspace\Assignment3Final\Lib_CMSISv1p30_LPC17xx\Debug\libCMSISv1p30_LPC17xx.a(system_LPC17xx.o)
 .debug_ranges  0x00000148       0x18 C:\Users\NTarannum\Documents\LPCXpresso_8.2.2_650\workspace\Assignment3Final\Lib_EaBaseBoard\Debug\libLib_EaBaseBoard.a(joystick.o)
 .debug_ranges  0x00000160       0x70 C:\Users\NTarannum\Documents\LPCXpresso_8.2.2_650\workspace\Assignment3Final\Lib_EaBaseBoard\Debug\libLib_EaBaseBoard.a(pca9532.o)
 .debug_ranges  0x000001d0       0x18 C:\Users\NTarannum\Documents\LPCXpresso_8.2.2_650\workspace\Assignment3Final\Lib_EaBaseBoard\Debug\libLib_EaBaseBoard.a(rgb.o)
 .debug_ranges  0x000001e8       0x70 C:\Users\NTarannum\Documents\LPCXpresso_8.2.2_650\workspace\Assignment3Final\Lib_MCU\Debug\libLib_MCU.a(lpc17xx_adc.o)
 .debug_ranges  0x00000258       0x50 C:\Users\NTarannum\Documents\LPCXpresso_8.2.2_650\workspace\Assignment3Final\Lib_MCU\Debug\libLib_MCU.a(lpc17xx_clkpwr.o)
 .debug_ranges  0x000002a8       0xe8 C:\Users\NTarannum\Documents\LPCXpresso_8.2.2_650\workspace\Assignment3Final\Lib_MCU\Debug\libLib_MCU.a(lpc17xx_gpio.o)
 .debug_ranges  0x00000390       0xc0 C:\Users\NTarannum\Documents\LPCXpresso_8.2.2_650\workspace\Assignment3Final\Lib_MCU\Debug\libLib_MCU.a(lpc17xx_i2c.o)
 .debug_ranges  0x00000450       0x38 C:\Users\NTarannum\Documents\LPCXpresso_8.2.2_650\workspace\Assignment3Final\Lib_MCU\Debug\libLib_MCU.a(lpc17xx_pinsel.o)

.debug_macro    0x00000000     0x494e
 .debug_macro   0x00000000       0xb4 ./src/tasks/adc_task.o
 .debug_macro   0x000000b4      0x886 ./src/tasks/adc_task.o
 .debug_macro   0x0000093a       0x1c ./src/tasks/adc_task.o
 .debug_macro   0x00000956       0x22 ./src/tasks/adc_task.o
 .debug_macro   0x00000978       0x22 ./src/tasks/adc_task.o
 .debug_macro   0x0000099a       0x87 ./src/tasks/adc_task.o
 .debug_macro   0x00000a21       0x44 ./src/tasks/adc_task.o
 .debug_macro   0x00000a65       0xfd ./src/tasks/adc_task.o
 .debug_macro   0x00000b62       0x5e ./src/tasks/adc_task.o
 .debug_macro   0x00000bc0      0x1df ./src/tasks/adc_task.o
 .debug_macro   0x00000d9f      0x7b7 ./src/tasks/adc_task.o
 .debug_macro   0x00001556      0x2c7 ./src/tasks/adc_task.o
 .debug_macro   0x0000181d       0x64 ./src/tasks/adc_task.o
 .debug_macro   0x00001881       0xe8 ./src/tasks/adc_task.o
 .debug_macro   0x00001969      0x146 ./src/tasks/adc_task.o
 .debug_macro   0x00001aaf       0x97 ./src/tasks/joystick_controller.o
 .debug_macro   0x00001b46       0x5e ./src/tasks/joystick_controller.o
 .debug_macro   0x00001ba4       0x1c ./src/tasks/joystick_controller.o
 .debug_macro   0x00001bc0       0x28 ./src/tasks/joystick_controller.o
 .debug_macro   0x00001be8       0xb2 ./src/tasks/joystick_controller.o
 .debug_macro   0x00001c9a       0xf0 ./src/tasks/pca9532_leds.o
 .debug_macro   0x00001d8a      0x140 ./src/tasks/pca9532_leds.o
 .debug_macro   0x00001eca      0x192 ./src/tasks/pca9532_leds.o
 .debug_macro   0x0000205c       0xee ./src/tasks/pca9532_leds.o
 .debug_macro   0x0000214a       0x79 ./src/system/cr_startup_lpc17.o
 .debug_macro   0x000021c3       0xbd ./src/scheduler/ttc_scheduler_o.o
 .debug_macro   0x00002280       0x16 ./src/scheduler/ttc_scheduler_o.o
 .debug_macro   0x00002296       0x2e ./src/scheduler/ttc_scheduler_o.o
 .debug_macro   0x000022c4       0x28 ./src/scheduler/ttc_scheduler_o.o
 .debug_macro   0x000022ec      0x116 ./src/main/main.o
 .debug_macro   0x00002402       0x22 ./src/main/main.o
 .debug_macro   0x00002424      0x113 C:\Users\NTarannum\Documents\LPCXpresso_8.2.2_650\workspace\Assignment3Final\Lib_CMSISv1p30_LPC17xx\Debug\libCMSISv1p30_LPC17xx.a(system_LPC17xx.o)
 .debug_macro   0x00002537      0x880 C:\Users\NTarannum\Documents\LPCXpresso_8.2.2_650\workspace\Assignment3Final\Lib_CMSISv1p30_LPC17xx\Debug\libCMSISv1p30_LPC17xx.a(system_LPC17xx.o)
 .debug_macro   0x00002db7       0x10 C:\Users\NTarannum\Documents\LPCXpresso_8.2.2_650\workspace\Assignment3Final\Lib_CMSISv1p30_LPC17xx\Debug\libCMSISv1p30_LPC17xx.a(system_LPC17xx.o)
 .debug_macro   0x00002dc7      0x12d C:\Users\NTarannum\Documents\LPCXpresso_8.2.2_650\workspace\Assignment3Final\Lib_CMSISv1p30_LPC17xx\Debug\libCMSISv1p30_LPC17xx.a(system_LPC17xx.o)
 .debug_macro   0x00002ef4      0x5b2 C:\Users\NTarannum\Documents\LPCXpresso_8.2.2_650\workspace\Assignment3Final\Lib_CMSISv1p30_LPC17xx\Debug\libCMSISv1p30_LPC17xx.a(system_LPC17xx.o)
 .debug_macro   0x000034a6      0x7d5 C:\Users\NTarannum\Documents\LPCXpresso_8.2.2_650\workspace\Assignment3Final\Lib_CMSISv1p30_LPC17xx\Debug\libCMSISv1p30_LPC17xx.a(system_LPC17xx.o)
 .debug_macro   0x00003c7b       0x83 C:\Users\NTarannum\Documents\LPCXpresso_8.2.2_650\workspace\Assignment3Final\Lib_EaBaseBoard\Debug\libLib_EaBaseBoard.a(joystick.o)
 .debug_macro   0x00003cfe       0x40 C:\Users\NTarannum\Documents\LPCXpresso_8.2.2_650\workspace\Assignment3Final\Lib_EaBaseBoard\Debug\libLib_EaBaseBoard.a(joystick.o)
 .debug_macro   0x00003d3e       0xa1 C:\Users\NTarannum\Documents\LPCXpresso_8.2.2_650\workspace\Assignment3Final\Lib_EaBaseBoard\Debug\libLib_EaBaseBoard.a(pca9532.o)
 .debug_macro   0x00003ddf      0x18c C:\Users\NTarannum\Documents\LPCXpresso_8.2.2_650\workspace\Assignment3Final\Lib_EaBaseBoard\Debug\libLib_EaBaseBoard.a(pca9532.o)
 .debug_macro   0x00003f6b       0x83 C:\Users\NTarannum\Documents\LPCXpresso_8.2.2_650\workspace\Assignment3Final\Lib_EaBaseBoard\Debug\libLib_EaBaseBoard.a(rgb.o)
 .debug_macro   0x00003fee       0x8c C:\Users\NTarannum\Documents\LPCXpresso_8.2.2_650\workspace\Assignment3Final\Lib_MCU\Debug\libLib_MCU.a(lpc17xx_adc.o)
 .debug_macro   0x0000407a      0x2fa C:\Users\NTarannum\Documents\LPCXpresso_8.2.2_650\workspace\Assignment3Final\Lib_MCU\Debug\libLib_MCU.a(lpc17xx_adc.o)
 .debug_macro   0x00004374       0xda C:\Users\NTarannum\Documents\LPCXpresso_8.2.2_650\workspace\Assignment3Final\Lib_MCU\Debug\libLib_MCU.a(lpc17xx_adc.o)
 .debug_macro   0x0000444e       0x7a C:\Users\NTarannum\Documents\LPCXpresso_8.2.2_650\workspace\Assignment3Final\Lib_MCU\Debug\libLib_MCU.a(lpc17xx_clkpwr.o)
 .debug_macro   0x000044c8      0x2f4 C:\Users\NTarannum\Documents\LPCXpresso_8.2.2_650\workspace\Assignment3Final\Lib_MCU\Debug\libLib_MCU.a(lpc17xx_clkpwr.o)
 .debug_macro   0x000047bc       0x83 C:\Users\NTarannum\Documents\LPCXpresso_8.2.2_650\workspace\Assignment3Final\Lib_MCU\Debug\libLib_MCU.a(lpc17xx_gpio.o)
 .debug_macro   0x0000483f       0x95 C:\Users\NTarannum\Documents\LPCXpresso_8.2.2_650\workspace\Assignment3Final\Lib_MCU\Debug\libLib_MCU.a(lpc17xx_i2c.o)
 .debug_macro   0x000048d4       0x7a C:\Users\NTarannum\Documents\LPCXpresso_8.2.2_650\workspace\Assignment3Final\Lib_MCU\Debug\libLib_MCU.a(lpc17xx_pinsel.o)

.debug_line     0x00000000     0x3775
 .debug_line    0x00000000      0x33b ./src/tasks/adc_task.o
 .debug_line    0x0000033b      0x305 ./src/tasks/joystick_controller.o
 .debug_line    0x00000640      0x3f6 ./src/tasks/pca9532_leds.o
 .debug_line    0x00000a36      0x344 ./src/system/cr_startup_lpc17.o
 .debug_line    0x00000d7a      0x4b3 ./src/scheduler/ttc_scheduler_o.o
 .debug_line    0x0000122d      0x457 ./src/main/main.o
 .debug_line    0x00001684      0x218 C:\Users\NTarannum\Documents\LPCXpresso_8.2.2_650\workspace\Assignment3Final\Lib_CMSISv1p30_LPC17xx\Debug\libCMSISv1p30_LPC17xx.a(system_LPC17xx.o)
 .debug_line    0x0000189c      0x2a5 C:\Users\NTarannum\Documents\LPCXpresso_8.2.2_650\workspace\Assignment3Final\Lib_EaBaseBoard\Debug\libLib_EaBaseBoard.a(joystick.o)
 .debug_line    0x00001b41      0x3d5 C:\Users\NTarannum\Documents\LPCXpresso_8.2.2_650\workspace\Assignment3Final\Lib_EaBaseBoard\Debug\libLib_EaBaseBoard.a(pca9532.o)
 .debug_line    0x00001f16      0x293 C:\Users\NTarannum\Documents\LPCXpresso_8.2.2_650\workspace\Assignment3Final\Lib_EaBaseBoard\Debug\libLib_EaBaseBoard.a(rgb.o)
 .debug_line    0x000021a9      0x42d C:\Users\NTarannum\Documents\LPCXpresso_8.2.2_650\workspace\Assignment3Final\Lib_MCU\Debug\libLib_MCU.a(lpc17xx_adc.o)
 .debug_line    0x000025d6      0x2f4 C:\Users\NTarannum\Documents\LPCXpresso_8.2.2_650\workspace\Assignment3Final\Lib_MCU\Debug\libLib_MCU.a(lpc17xx_clkpwr.o)
 .debug_line    0x000028ca      0x4ff C:\Users\NTarannum\Documents\LPCXpresso_8.2.2_650\workspace\Assignment3Final\Lib_MCU\Debug\libLib_MCU.a(lpc17xx_gpio.o)
 .debug_line    0x00002dc9      0x719 C:\Users\NTarannum\Documents\LPCXpresso_8.2.2_650\workspace\Assignment3Final\Lib_MCU\Debug\libLib_MCU.a(lpc17xx_i2c.o)
 .debug_line    0x000034e2      0x293 C:\Users\NTarannum\Documents\LPCXpresso_8.2.2_650\workspace\Assignment3Final\Lib_MCU\Debug\libLib_MCU.a(lpc17xx_pinsel.o)

.debug_str      0x00000000     0xd619
 .debug_str     0x00000000     0x81c0 ./src/tasks/adc_task.o
                               0x832c (size before relaxing)
 .debug_str     0x000081c0      0x2df ./src/tasks/joystick_controller.o
                               0x3811 (size before relaxing)
 .debug_str     0x0000849f      0x9a8 ./src/tasks/pca9532_leds.o
                               0x8d99 (size before relaxing)
 .debug_str     0x00008e47      0x141 ./src/system/cr_startup_lpc17.o
                               0x34ed (size before relaxing)
 .debug_str     0x00008f88      0x5b4 ./src/scheduler/ttc_scheduler_o.o
                               0x7afc (size before relaxing)
 .debug_str     0x0000953c       0x2a ./src/main/main.o
                               0x8d42 (size before relaxing)
 .debug_str     0x00009566     0x1b39 C:\Users\NTarannum\Documents\LPCXpresso_8.2.2_650\workspace\Assignment3Final\Lib_CMSISv1p30_LPC17xx\Debug\libCMSISv1p30_LPC17xx.a(system_LPC17xx.o)
                               0x800a (size before relaxing)
 .debug_str     0x0000b09f      0x2d4 C:\Users\NTarannum\Documents\LPCXpresso_8.2.2_650\workspace\Assignment3Final\Lib_EaBaseBoard\Debug\libLib_EaBaseBoard.a(joystick.o)
                               0x8067 (size before relaxing)
 .debug_str     0x0000b373      0x28d C:\Users\NTarannum\Documents\LPCXpresso_8.2.2_650\workspace\Assignment3Final\Lib_EaBaseBoard\Debug\libLib_EaBaseBoard.a(pca9532.o)
                               0x8aff (size before relaxing)
 .debug_str     0x0000b600       0x22 C:\Users\NTarannum\Documents\LPCXpresso_8.2.2_650\workspace\Assignment3Final\Lib_EaBaseBoard\Debug\libLib_EaBaseBoard.a(rgb.o)
                               0x800c (size before relaxing)
 .debug_str     0x0000b622     0x15bb C:\Users\NTarannum\Documents\LPCXpresso_8.2.2_650\workspace\Assignment3Final\Lib_MCU\Debug\libLib_MCU.a(lpc17xx_adc.o)
                               0x9bd0 (size before relaxing)
 .debug_str     0x0000cbdd       0xc5 C:\Users\NTarannum\Documents\LPCXpresso_8.2.2_650\workspace\Assignment3Final\Lib_MCU\Debug\libLib_MCU.a(lpc17xx_clkpwr.o)
                               0x91fe (size before relaxing)
 .debug_str     0x0000cca2      0x424 C:\Users\NTarannum\Documents\LPCXpresso_8.2.2_650\workspace\Assignment3Final\Lib_MCU\Debug\libLib_MCU.a(lpc17xx_gpio.o)
                               0x8568 (size before relaxing)
 .debug_str     0x0000d0c6      0x351 C:\Users\NTarannum\Documents\LPCXpresso_8.2.2_650\workspace\Assignment3Final\Lib_MCU\Debug\libLib_MCU.a(lpc17xx_i2c.o)
                               0xa536 (size before relaxing)
 .debug_str     0x0000d417      0x202 C:\Users\NTarannum\Documents\LPCXpresso_8.2.2_650\workspace\Assignment3Final\Lib_MCU\Debug\libLib_MCU.a(lpc17xx_pinsel.o)
                               0x848f (size before relaxing)

.comment        0x00000000       0x6e
 .comment       0x00000000       0x6e ./src/tasks/adc_task.o
                                 0x6f (size before relaxing)
 .comment       0x0000006e       0x6f ./src/tasks/joystick_controller.o
 .comment       0x0000006e       0x6f ./src/tasks/pca9532_leds.o
 .comment       0x0000006e       0x6f ./src/system/cr_startup_lpc17.o
 .comment       0x0000006e       0x6f ./src/scheduler/ttc_scheduler_o.o
 .comment       0x0000006e       0x6f ./src/main/main.o
 .comment       0x0000006e       0x6f C:\Users\NTarannum\Documents\LPCXpresso_8.2.2_650\workspace\Assignment3Final\Lib_CMSISv1p30_LPC17xx\Debug\libCMSISv1p30_LPC17xx.a(system_LPC17xx.o)
 .comment       0x0000006e       0x6f C:\Users\NTarannum\Documents\LPCXpresso_8.2.2_650\workspace\Assignment3Final\Lib_EaBaseBoard\Debug\libLib_EaBaseBoard.a(joystick.o)
 .comment       0x0000006e       0x6f C:\Users\NTarannum\Documents\LPCXpresso_8.2.2_650\workspace\Assignment3Final\Lib_EaBaseBoard\Debug\libLib_EaBaseBoard.a(pca9532.o)
 .comment       0x0000006e       0x6f C:\Users\NTarannum\Documents\LPCXpresso_8.2.2_650\workspace\Assignment3Final\Lib_EaBaseBoard\Debug\libLib_EaBaseBoard.a(rgb.o)
 .comment       0x0000006e       0x6f C:\Users\NTarannum\Documents\LPCXpresso_8.2.2_650\workspace\Assignment3Final\Lib_MCU\Debug\libLib_MCU.a(lpc17xx_adc.o)
 .comment       0x0000006e       0x6f C:\Users\NTarannum\Documents\LPCXpresso_8.2.2_650\workspace\Assignment3Final\Lib_MCU\Debug\libLib_MCU.a(lpc17xx_clkpwr.o)
 .comment       0x0000006e       0x6f C:\Users\NTarannum\Documents\LPCXpresso_8.2.2_650\workspace\Assignment3Final\Lib_MCU\Debug\libLib_MCU.a(lpc17xx_gpio.o)
 .comment       0x0000006e       0x6f C:\Users\NTarannum\Documents\LPCXpresso_8.2.2_650\workspace\Assignment3Final\Lib_MCU\Debug\libLib_MCU.a(lpc17xx_i2c.o)
 .comment       0x0000006e       0x6f C:\Users\NTarannum\Documents\LPCXpresso_8.2.2_650\workspace\Assignment3Final\Lib_MCU\Debug\libLib_MCU.a(lpc17xx_pinsel.o)

.ARM.attributes
                0x00000000       0x33
 .ARM.attributes
                0x00000000       0x33 ./src/tasks/adc_task.o
 .ARM.attributes
                0x00000033       0x33 ./src/tasks/joystick_controller.o
 .ARM.attributes
                0x00000066       0x33 ./src/tasks/pca9532_leds.o
 .ARM.attributes
                0x00000099       0x33 ./src/system/cr_startup_lpc17.o
 .ARM.attributes
                0x000000cc       0x33 ./src/scheduler/ttc_scheduler_o.o
 .ARM.attributes
                0x000000ff       0x33 ./src/main/main.o
 .ARM.attributes
                0x00000132       0x33 C:\Users\NTarannum\Documents\LPCXpresso_8.2.2_650\workspace\Assignment3Final\Lib_CMSISv1p30_LPC17xx\Debug\libCMSISv1p30_LPC17xx.a(system_LPC17xx.o)
 .ARM.attributes
                0x00000165       0x33 C:\Users\NTarannum\Documents\LPCXpresso_8.2.2_650\workspace\Assignment3Final\Lib_EaBaseBoard\Debug\libLib_EaBaseBoard.a(joystick.o)
 .ARM.attributes
                0x00000198       0x33 C:\Users\NTarannum\Documents\LPCXpresso_8.2.2_650\workspace\Assignment3Final\Lib_EaBaseBoard\Debug\libLib_EaBaseBoard.a(pca9532.o)
 .ARM.attributes
                0x000001cb       0x33 C:\Users\NTarannum\Documents\LPCXpresso_8.2.2_650\workspace\Assignment3Final\Lib_EaBaseBoard\Debug\libLib_EaBaseBoard.a(rgb.o)
 .ARM.attributes
                0x000001fe       0x33 C:\Users\NTarannum\Documents\LPCXpresso_8.2.2_650\workspace\Assignment3Final\Lib_MCU\Debug\libLib_MCU.a(lpc17xx_adc.o)
 .ARM.attributes
                0x00000231       0x33 C:\Users\NTarannum\Documents\LPCXpresso_8.2.2_650\workspace\Assignment3Final\Lib_MCU\Debug\libLib_MCU.a(lpc17xx_clkpwr.o)
 .ARM.attributes
                0x00000264       0x33 C:\Users\NTarannum\Documents\LPCXpresso_8.2.2_650\workspace\Assignment3Final\Lib_MCU\Debug\libLib_MCU.a(lpc17xx_gpio.o)
 .ARM.attributes
                0x00000297       0x33 C:\Users\NTarannum\Documents\LPCXpresso_8.2.2_650\workspace\Assignment3Final\Lib_MCU\Debug\libLib_MCU.a(lpc17xx_i2c.o)
 .ARM.attributes
                0x000002ca       0x33 C:\Users\NTarannum\Documents\LPCXpresso_8.2.2_650\workspace\Assignment3Final\Lib_MCU\Debug\libLib_MCU.a(lpc17xx_pinsel.o)
 .ARM.attributes
                0x000002fd       0x1d c:/nxp/lpcxpresso_8.2.2_650/lpcxpresso/tools/bin/../lib/gcc/arm-none-eabi/5.4.1/armv7-m\libgcc.a(_arm_addsubdf3.o)
 .ARM.attributes
                0x0000031a       0x1d c:/nxp/lpcxpresso_8.2.2_650/lpcxpresso/tools/bin/../lib/gcc/arm-none-eabi/5.4.1/armv7-m\libgcc.a(_arm_muldivdf3.o)
 .ARM.attributes
                0x00000337       0x1d c:/nxp/lpcxpresso_8.2.2_650/lpcxpresso/tools/bin/../lib/gcc/arm-none-eabi/5.4.1/armv7-m\libgcc.a(_arm_truncdfsf2.o)
 .ARM.attributes
                0x00000354       0x1d c:/nxp/lpcxpresso_8.2.2_650/lpcxpresso/tools/bin/../lib/gcc/arm-none-eabi/5.4.1/armv7-m\libgcc.a(_arm_muldivsf3.o)
 .ARM.attributes
                0x00000371       0x1d c:/nxp/lpcxpresso_8.2.2_650/lpcxpresso/tools/bin/../lib/gcc/arm-none-eabi/5.4.1/armv7-m\libgcc.a(_arm_fixunssfsi.o)

.debug_frame    0x00000000     0x12d8
 .debug_frame   0x00000000       0x6c ./src/tasks/adc_task.o
 .debug_frame   0x0000006c       0x50 ./src/tasks/joystick_controller.o
 .debug_frame   0x000000bc       0x5c ./src/tasks/pca9532_leds.o
 .debug_frame   0x00000118      0x120 ./src/system/cr_startup_lpc17.o
 .debug_frame   0x00000238      0x1b0 ./src/scheduler/ttc_scheduler_o.o
 .debug_frame   0x000003e8       0x48 ./src/main/main.o
 .debug_frame   0x00000430       0x64 C:\Users\NTarannum\Documents\LPCXpresso_8.2.2_650\workspace\Assignment3Final\Lib_CMSISv1p30_LPC17xx\Debug\libCMSISv1p30_LPC17xx.a(system_LPC17xx.o)
 .debug_frame   0x00000494       0x50 C:\Users\NTarannum\Documents\LPCXpresso_8.2.2_650\workspace\Assignment3Final\Lib_EaBaseBoard\Debug\libLib_EaBaseBoard.a(joystick.o)
 .debug_frame   0x000004e4      0x1e8 C:\Users\NTarannum\Documents\LPCXpresso_8.2.2_650\workspace\Assignment3Final\Lib_EaBaseBoard\Debug\libLib_EaBaseBoard.a(pca9532.o)
 .debug_frame   0x000006cc       0x50 C:\Users\NTarannum\Documents\LPCXpresso_8.2.2_650\workspace\Assignment3Final\Lib_EaBaseBoard\Debug\libLib_EaBaseBoard.a(rgb.o)
 .debug_frame   0x0000071c      0x1e8 C:\Users\NTarannum\Documents\LPCXpresso_8.2.2_650\workspace\Assignment3Final\Lib_MCU\Debug\libLib_MCU.a(lpc17xx_adc.o)
 .debug_frame   0x00000904      0x13c C:\Users\NTarannum\Documents\LPCXpresso_8.2.2_650\workspace\Assignment3Final\Lib_MCU\Debug\libLib_MCU.a(lpc17xx_clkpwr.o)
 .debug_frame   0x00000a40      0x428 C:\Users\NTarannum\Documents\LPCXpresso_8.2.2_650\workspace\Assignment3Final\Lib_MCU\Debug\libLib_MCU.a(lpc17xx_gpio.o)
 .debug_frame   0x00000e68      0x374 C:\Users\NTarannum\Documents\LPCXpresso_8.2.2_650\workspace\Assignment3Final\Lib_MCU\Debug\libLib_MCU.a(lpc17xx_i2c.o)
 .debug_frame   0x000011dc       0xfc C:\Users\NTarannum\Documents\LPCXpresso_8.2.2_650\workspace\Assignment3Final\Lib_MCU\Debug\libLib_MCU.a(lpc17xx_pinsel.o)
