Archive member included because of file (symbol)

Z:\My Documents\EG4214\Sem 2\Assignment 3\final2\Lib_CMSISv1p30_LPC17xx\Debug\libCMSISv1p30_LPC17xx.a(system_LPC17xx.o)
                              ./src/system/cr_startup_lpc17.o (SystemInit)
Z:\My Documents\EG4214\Sem 2\Assignment 3\final2\Lib_EaBaseBoard\Debug\libLib_EaBaseBoard.a(joystick.o)
                              ./src/tasks/joystick_controller.o (joystick_init)
Z:\My Documents\EG4214\Sem 2\Assignment 3\final2\Lib_EaBaseBoard\Debug\libLib_EaBaseBoard.a(pca9532.o)
                              ./src/tasks/pca9532_leds.o (pca9532_init)
Z:\My Documents\EG4214\Sem 2\Assignment 3\final2\Lib_EaBaseBoard\Debug\libLib_EaBaseBoard.a(rgb.o)
                              ./src/main/main.o (rgb_init)
Z:\My Documents\EG4214\Sem 2\Assignment 3\final2\Lib_MCU\Debug\libLib_MCU.a(lpc17xx_adc.o)
                              ./src/tasks/adc_task.o (ADC_Init)
Z:\My Documents\EG4214\Sem 2\Assignment 3\final2\Lib_MCU\Debug\libLib_MCU.a(lpc17xx_clkpwr.o)
                              Z:\My Documents\EG4214\Sem 2\Assignment 3\final2\Lib_MCU\Debug\libLib_MCU.a(lpc17xx_adc.o) (CLKPWR_GetPCLK)
Z:\My Documents\EG4214\Sem 2\Assignment 3\final2\Lib_MCU\Debug\libLib_MCU.a(lpc17xx_gpio.o)
                              Z:\My Documents\EG4214\Sem 2\Assignment 3\final2\Lib_EaBaseBoard\Debug\libLib_EaBaseBoard.a(joystick.o) (GPIO_SetDir)
Z:\My Documents\EG4214\Sem 2\Assignment 3\final2\Lib_MCU\Debug\libLib_MCU.a(lpc17xx_i2c.o)
                              ./src/tasks/pca9532_leds.o (I2C_Init)
Z:\My Documents\EG4214\Sem 2\Assignment 3\final2\Lib_MCU\Debug\libLib_MCU.a(lpc17xx_pinsel.o)
                              ./src/tasks/adc_task.o (PINSEL_ConfigPin)
c:/nxp/lpcxpresso_7.4.0_229/lpcxpresso/tools/bin/../lib/gcc/arm-none-eabi/4.8.4/armv7-m\libgcc.a(_arm_addsubdf3.o)
                              ./src/tasks/pca9532_leds.o (__aeabi_ui2d)
c:/nxp/lpcxpresso_7.4.0_229/lpcxpresso/tools/bin/../lib/gcc/arm-none-eabi/4.8.4/armv7-m\libgcc.a(_arm_muldivdf3.o)
                              ./src/tasks/pca9532_leds.o (__aeabi_ddiv)
c:/nxp/lpcxpresso_7.4.0_229/lpcxpresso/tools/bin/../lib/gcc/arm-none-eabi/4.8.4/armv7-m\libgcc.a(_arm_truncdfsf2.o)
                              ./src/tasks/pca9532_leds.o (__aeabi_d2f)
c:/nxp/lpcxpresso_7.4.0_229/lpcxpresso/tools/bin/../lib/gcc/arm-none-eabi/4.8.4/armv7-m\libgcc.a(_arm_muldivsf3.o)
                              ./src/tasks/pca9532_leds.o (__aeabi_fmul)
c:/nxp/lpcxpresso_7.4.0_229/lpcxpresso/tools/bin/../lib/gcc/arm-none-eabi/4.8.4/armv7-m\libgcc.a(_arm_fixunssfsi.o)
                              ./src/tasks/pca9532_leds.o (__aeabi_f2uiz)
c:/nxp/lpcxpresso_7.4.0_229/lpcxpresso/tools/bin/../lib/gcc/arm-none-eabi/4.8.4/armv7-m\libgcc.a(_aeabi_uldivmod.o)
                              Z:\My Documents\EG4214\Sem 2\Assignment 3\final2\Lib_CMSISv1p30_LPC17xx\Debug\libCMSISv1p30_LPC17xx.a(system_LPC17xx.o) (__aeabi_uldivmod)
c:/nxp/lpcxpresso_7.4.0_229/lpcxpresso/tools/bin/../lib/gcc/arm-none-eabi/4.8.4/armv7-m\libgcc.a(bpabi.o)
                              c:/nxp/lpcxpresso_7.4.0_229/lpcxpresso/tools/bin/../lib/gcc/arm-none-eabi/4.8.4/armv7-m\libgcc.a(_aeabi_uldivmod.o) (__gnu_uldivmod_helper)
c:/nxp/lpcxpresso_7.4.0_229/lpcxpresso/tools/bin/../lib/gcc/arm-none-eabi/4.8.4/armv7-m\libgcc.a(_dvmd_tls.o)
                              c:/nxp/lpcxpresso_7.4.0_229/lpcxpresso/tools/bin/../lib/gcc/arm-none-eabi/4.8.4/armv7-m\libgcc.a(_aeabi_uldivmod.o) (__aeabi_ldiv0)
c:/nxp/lpcxpresso_7.4.0_229/lpcxpresso/tools/bin/../lib/gcc/arm-none-eabi/4.8.4/armv7-m\libgcc.a(_divdi3.o)
                              c:/nxp/lpcxpresso_7.4.0_229/lpcxpresso/tools/bin/../lib/gcc/arm-none-eabi/4.8.4/armv7-m\libgcc.a(bpabi.o) (__divdi3)
c:/nxp/lpcxpresso_7.4.0_229/lpcxpresso/tools/bin/../lib/gcc/arm-none-eabi/4.8.4/armv7-m\libgcc.a(_udivdi3.o)
                              c:/nxp/lpcxpresso_7.4.0_229/lpcxpresso/tools/bin/../lib/gcc/arm-none-eabi/4.8.4/armv7-m\libgcc.a(bpabi.o) (__udivdi3)

Allocating common symbols
Common symbol       size              file

Error_code_G        0x4               ./src/scheduler/ttc_scheduler_o.o
SCH_tasks_G         0xa0              ./src/scheduler/ttc_scheduler_o.o

Discarded input sections

 .group         0x00000000        0x8 ./src/tasks/adc_task.o
 .group         0x00000000        0x8 ./src/tasks/adc_task.o
 .group         0x00000000        0x8 ./src/tasks/adc_task.o
 .group         0x00000000        0x8 ./src/tasks/adc_task.o
 .group         0x00000000        0x8 ./src/tasks/adc_task.o
 .group         0x00000000        0x8 ./src/tasks/adc_task.o
 .group         0x00000000        0x8 ./src/tasks/adc_task.o
 .group         0x00000000        0x8 ./src/tasks/adc_task.o
 .group         0x00000000        0x8 ./src/tasks/adc_task.o
 .group         0x00000000        0x8 ./src/tasks/adc_task.o
 .group         0x00000000        0x8 ./src/tasks/adc_task.o
 .text          0x00000000        0x0 ./src/tasks/adc_task.o
[...]
Memory Configuration

Name             Origin             Length             Attributes
MFlash512        0x00000000         0x00080000         xr
RamLoc32         0x10000000         0x00008000         xrw
RamAHB32         0x2007c000         0x00008000         xrw
*default*        0x00000000         0xffffffff

Linker script and memory map

LOAD ./src/tasks/adc_task.o
LOAD ./src/tasks/joystick_controller.o
LOAD ./src/tasks/pca9532_leds.o
LOAD ./src/system/cr_startup_lpc17.o
LOAD ./src/scheduler/ttc_scheduler_o.o
LOAD ./src/main/main.o
LOAD Z:\My Documents\EG4214\Sem 2\Assignment 3\final2\Lib_CMSISv1p30_LPC17xx\Debug\libCMSISv1p30_LPC17xx.a
LOAD Z:\My Documents\EG4214\Sem 2\Assignment 3\final2\Lib_EaBaseBoard\Debug\libLib_EaBaseBoard.a
LOAD Z:\My Documents\EG4214\Sem 2\Assignment 3\final2\Lib_MCU\Debug\libLib_MCU.a
START GROUP
LOAD c:/nxp/lpcxpresso_7.4.0_229/lpcxpresso/tools/bin/../lib/gcc/arm-none-eabi/4.8.4/armv7-m\libgcc.a
LOAD c:/nxp/lpcxpresso_7.4.0_229/lpcxpresso/tools/bin/../lib/gcc/arm-none-eabi/4.8.4/../../../../arm-none-eabi/lib/armv7-m\libc.a
LOAD c:/nxp/lpcxpresso_7.4.0_229/lpcxpresso/tools/bin/../lib/gcc/arm-none-eabi/4.8.4/../../../../arm-none-eabi/lib/armv7-m\libm.a
LOAD c:/nxp/lpcxpresso_7.4.0_229/lpcxpresso/tools/bin/../lib/gcc/arm-none-eabi/4.8.4/../../../../arm-none-eabi/lib/armv7-m\libcr_newlib_semihost.a
END GROUP
                0x00080000                __top_MFlash512 = 0x80000
                0x10008000                __top_RamLoc32 = 0x10008000
                0x20084000                __top_RamAHB32 = 0x20084000

.text           0x00000000     0x1e4c
 FILL mask 0xff
                0x00000000                __vectors_start__ = ABSOLUTE (.)
 *(.isr_vector)
 .isr_vector    0x00000000       0xcc ./src/system/cr_startup_lpc17.o
                0x00000000                g_pfnVectors
                0x000000cc                . = ALIGN (0x4)
                0x000000cc                __section_table_start = .
                0x000000cc                __data_section_table = .
                0x000000cc        0x4 LONG 0x1e4c LOADADDR (.data)
                0x000000d0        0x4 LONG 0x10000000 ADDR (.data)
                0x000000d4        0x4 LONG 0x4 SIZEOF (.data)
                0x000000d8        0x4 LONG 0x1e4c LOADADDR (.data_RAM2)
                0x000000dc        0x4 LONG 0x2007c000 ADDR (.data_RAM2)
                0x000000e0        0x4 LONG 0x0 SIZEOF (.data_RAM2)
                0x000000e4                __data_section_table_end = .
                0x000000e4                __bss_section_table = .
                0x000000e4        0x4 LONG 0x10000004 ADDR (.bss)
                0x000000e8        0x4 LONG 0xf0 SIZEOF (.bss)
                0x000000ec        0x4 LONG 0x2007c000 ADDR (.bss_RAM2)
                0x000000f0        0x4 LONG 0x0 SIZEOF (.bss_RAM2)
                0x000000f4                __bss_section_table_end = .
                0x000000f4                __section_table_end = .
 *(.after_vectors*)
 *(.text*)
 .text.adc_init
                0x000000f4       0x4c ./src/tasks/adc_task.o
                0x000000f4                adc_init
 .text.adc_read
                0x00000140       0x30 ./src/tasks/adc_task.o
                0x00000140                adc_read
 .text.adc_update
                0x00000170       0x14 ./src/tasks/adc_task.o
                0x00000170                adc_update
 .text.joystick_controller_init
                0x00000184        0xc ./src/tasks/joystick_controller.o
                0x00000184                joystick_controller_init
 .text.joystick_controller_update
                0x00000190       0x5c ./src/tasks/joystick_controller.o
                0x00000190                joystick_controller_update
 .text.pca9532_leds_init
                0x000001ec       0x48 ./src/tasks/pca9532_leds.o
                0x000001ec                pca9532_leds_init
 *fill*         0x00000234        0x4 
 .text.pca9532_leds_update
                0x00000238      0x100 ./src/tasks/pca9532_leds.o
                0x00000238                pca9532_leds_update
 .text.ResetISR
                0x00000338       0x5c ./src/system/cr_startup_lpc17.o
                0x00000338                ResetISR
 .text.NMI_Handler
                0x00000394        0x8 ./src/system/cr_startup_lpc17.o
                0x00000394                NMI_Handler
 .text.HardFault_Handler
                0x0000039c        0x8 ./src/system/cr_startup_lpc17.o
                0x0000039c                HardFault_Handler
 .text.MemManage_Handler
                0x000003a4        0x8 ./src/system/cr_startup_lpc17.o
                0x000003a4                MemManage_Handler
 .text.BusFault_Handler
                0x000003ac        0x8 ./src/system/cr_startup_lpc17.o
                0x000003ac                BusFault_Handler
 .text.UsageFault_Handler
                0x000003b4        0x8 ./src/system/cr_startup_lpc17.o
                0x000003b4                UsageFault_Handler
 .text.SVCall_Handler
                0x000003bc        0x8 ./src/system/cr_startup_lpc17.o
                0x000003bc                SVCall_Handler
 .text.DebugMon_Handler
                0x000003c4        0x8 ./src/system/cr_startup_lpc17.o
                0x000003c4                DebugMon_Handler
 .text.PendSV_Handler
                0x000003cc        0x8 ./src/system/cr_startup_lpc17.o
                0x000003cc                PendSV_Handler
 .text.IntDefaultHandler
                0x000003d4        0x8 ./src/system/cr_startup_lpc17.o
                0x000003d4                TIMER2_IRQHandler
                0x000003d4                RIT_IRQHandler
                0x000003d4                I2C0_IRQHandler
                0x000003d4                USBActivity_IRQHandler
                0x000003d4                PWM1_IRQHandler
                0x000003d4                I2C1_IRQHandler
                0x000003d4                EINT2_IRQHandler
                0x000003d4                UART1_IRQHandler
                0x000003d4                EINT3_IRQHandler
                0x000003d4                CANActivity_IRQHandler
                0x000003d4                TIMER3_IRQHandler
                0x000003d4                UART0_IRQHandler
                0x000003d4                IntDefaultHandler
                0x000003d4                PLL0_IRQHandler
                0x000003d4                CAN_IRQHandler
                0x000003d4                PLL1_IRQHandler
                0x000003d4                SSP0_IRQHandler
                0x000003d4                I2S_IRQHandler
                0x000003d4                I2C2_IRQHandler
                0x000003d4                RTC_IRQHandler
                0x000003d4                TIMER0_IRQHandler
                0x000003d4                SPI_IRQHandler
                0x000003d4                EINT1_IRQHandler
                0x000003d4                TIMER1_IRQHandler
                0x000003d4                UART2_IRQHandler
                0x000003d4                ADC_IRQHandler
                0x000003d4                SSP1_IRQHandler
                0x000003d4                USB_IRQHandler
                0x000003d4                BOD_IRQHandler
                0x000003d4                WDT_IRQHandler
                0x000003d4                QEI_IRQHandler
                0x000003d4                EINT0_IRQHandler
                0x000003d4                DMA_IRQHandler
                0x000003d4                UART3_IRQHandler
                0x000003d4                MCPWM_IRQHandler
                0x000003d4                ENET_IRQHandler
 .text.__enable_irq
                0x000003dc       0x10 ./src/scheduler/ttc_scheduler_o.o
 .text.__disable_irq
                0x000003ec       0x10 ./src/scheduler/ttc_scheduler_o.o
 .text.__WFI    0x000003fc       0x10 ./src/scheduler/ttc_scheduler_o.o
 .text.NVIC_SetPriority
                0x0000040c       0x54 ./src/scheduler/ttc_scheduler_o.o
 .text.SysTick_Config
                0x00000460       0x44 ./src/scheduler/ttc_scheduler_o.o
 .text.SCH_Init
                0x000004a4       0x64 ./src/scheduler/ttc_scheduler_o.o
                0x000004a4                SCH_Init
 .text.SCH_Start
                0x00000508       0x28 ./src/scheduler/ttc_scheduler_o.o
                0x00000508                SCH_Start
 .text.SysTick_Handler
                0x00000530       0x30 ./src/scheduler/ttc_scheduler_o.o
                0x00000530                SysTick_Handler
 .text.SCH_Dispatch_Tasks
                0x00000560      0x10c ./src/scheduler/ttc_scheduler_o.o
                0x00000560                SCH_Dispatch_Tasks
 .text.SCH_Add_Task
                0x0000066c       0x7c ./src/scheduler/ttc_scheduler_o.o
                0x0000066c                SCH_Add_Task
 .text.SCH_Delete_Task
                0x000006e8       0x70 ./src/scheduler/ttc_scheduler_o.o
                0x000006e8                SCH_Delete_Task
 .text.SCH_Go_To_Sleep
                0x00000758        0xc ./src/scheduler/ttc_scheduler_o.o
 .text.main     0x00000764       0x4c ./src/main/main.o
                0x00000764                main
 .text.check_failed
                0x000007b0        0xc ./src/main/main.o
                0x000007b0                check_failed
 .text.SystemInit
                0x000007bc       0xec Z:\My Documents\EG4214\Sem 2\Assignment 3\final2\Lib_CMSISv1p30_LPC17xx\Debug\libCMSISv1p30_LPC17xx.a(system_LPC17xx.o)
                0x000007bc                SystemInit
 .text.joystick_init
                0x000008a8       0x1c Z:\My Documents\EG4214\Sem 2\Assignment 3\final2\Lib_EaBaseBoard\Debug\libLib_EaBaseBoard.a(joystick.o)
                0x000008a8                joystick_init
 .text.joystick_read
                0x000008c4       0x48 Z:\My Documents\EG4214\Sem 2\Assignment 3\final2\Lib_EaBaseBoard\Debug\libLib_EaBaseBoard.a(joystick.o)
                0x000008c4                joystick_read
 .text.setLsStates
                0x0000090c       0x58 Z:\My Documents\EG4214\Sem 2\Assignment 3\final2\Lib_EaBaseBoard\Debug\libLib_EaBaseBoard.a(pca9532.o)
 .text.I2CWrite
                0x00000964       0x34 Z:\My Documents\EG4214\Sem 2\Assignment 3\final2\Lib_EaBaseBoard\Debug\libLib_EaBaseBoard.a(pca9532.o)
 .text.setLeds  0x00000998       0x70 Z:\My Documents\EG4214\Sem 2\Assignment 3\final2\Lib_EaBaseBoard\Debug\libLib_EaBaseBoard.a(pca9532.o)
 .text.pca9532_init
                0x00000a08        0x4 Z:\My Documents\EG4214\Sem 2\Assignment 3\final2\Lib_EaBaseBoard\Debug\libLib_EaBaseBoard.a(pca9532.o)
                0x00000a08                pca9532_init
 .text.pca9532_setLeds
                0x00000a0c       0x28 Z:\My Documents\EG4214\Sem 2\Assignment 3\final2\Lib_EaBaseBoard\Debug\libLib_EaBaseBoard.a(pca9532.o)
                0x00000a0c                pca9532_setLeds
 .text.pca9532_setBlink0Period
                0x00000a34       0x1c Z:\My Documents\EG4214\Sem 2\Assignment 3\final2\Lib_EaBaseBoard\Debug\libLib_EaBaseBoard.a(pca9532.o)
                0x00000a34                pca9532_setBlink0Period
 .text.pca9532_setBlink0Duty
                0x00000a50       0x34 Z:\My Documents\EG4214\Sem 2\Assignment 3\final2\Lib_EaBaseBoard\Debug\libLib_EaBaseBoard.a(pca9532.o)
                0x00000a50                pca9532_setBlink0Duty
 .text.pca9532_setBlink0Leds
                0x00000a84       0x14 Z:\My Documents\EG4214\Sem 2\Assignment 3\final2\Lib_EaBaseBoard\Debug\libLib_EaBaseBoard.a(pca9532.o)
                0x00000a84                pca9532_setBlink0Leds
 .text.rgb_init
                0x00000a98       0x24 Z:\My Documents\EG4214\Sem 2\Assignment 3\final2\Lib_EaBaseBoard\Debug\libLib_EaBaseBoard.a(rgb.o)
                0x00000a98                rgb_init
 .text.rgb_setLeds
                0x00000abc       0x54 Z:\My Documents\EG4214\Sem 2\Assignment 3\final2\Lib_EaBaseBoard\Debug\libLib_EaBaseBoard.a(rgb.o)
                0x00000abc                rgb_setLeds
 .text.ADC_Init
                0x00000b10       0x60 Z:\My Documents\EG4214\Sem 2\Assignment 3\final2\Lib_MCU\Debug\libLib_MCU.a(lpc17xx_adc.o)
                0x00000b10                ADC_Init
 .text.ADC_StartCmd
                0x00000b70       0x3c Z:\My Documents\EG4214\Sem 2\Assignment 3\final2\Lib_MCU\Debug\libLib_MCU.a(lpc17xx_adc.o)
                0x00000b70                ADC_StartCmd
 .text.ADC_IntConfig
                0x00000bac       0x44 Z:\My Documents\EG4214\Sem 2\Assignment 3\final2\Lib_MCU\Debug\libLib_MCU.a(lpc17xx_adc.o)
                0x00000bac                ADC_IntConfig
 .text.ADC_ChannelCmd
                0x00000bf0       0x40 Z:\My Documents\EG4214\Sem 2\Assignment 3\final2\Lib_MCU\Debug\libLib_MCU.a(lpc17xx_adc.o)
                0x00000bf0                ADC_ChannelCmd
 .text.ADC_ChannelGetData
                0x00000c30       0x2c Z:\My Documents\EG4214\Sem 2\Assignment 3\final2\Lib_MCU\Debug\libLib_MCU.a(lpc17xx_adc.o)
                0x00000c30                ADC_ChannelGetData
 .text.ADC_ChannelGetStatus
                0x00000c5c       0x4c Z:\My Documents\EG4214\Sem 2\Assignment 3\final2\Lib_MCU\Debug\libLib_MCU.a(lpc17xx_adc.o)
                0x00000c5c                ADC_ChannelGetStatus
 .text.CLKPWR_SetPCLKDiv
                0x00000ca8       0x60 Z:\My Documents\EG4214\Sem 2\Assignment 3\final2\Lib_MCU\Debug\libLib_MCU.a(lpc17xx_clkpwr.o)
                0x00000ca8                CLKPWR_SetPCLKDiv
 .text.CLKPWR_GetPCLKSEL
                0x00000d08       0x24 Z:\My Documents\EG4214\Sem 2\Assignment 3\final2\Lib_MCU\Debug\libLib_MCU.a(lpc17xx_clkpwr.o)
                0x00000d08                CLKPWR_GetPCLKSEL
 .text.CLKPWR_GetPCLK
                0x00000d2c       0x28 Z:\My Documents\EG4214\Sem 2\Assignment 3\final2\Lib_MCU\Debug\libLib_MCU.a(lpc17xx_clkpwr.o)
                0x00000d2c                CLKPWR_GetPCLK
 .text.CLKPWR_ConfigPPWR
                0x00000d54       0x34 Z:\My Documents\EG4214\Sem 2\Assignment 3\final2\Lib_MCU\Debug\libLib_MCU.a(lpc17xx_clkpwr.o)
                0x00000d54                CLKPWR_ConfigPPWR
 .text.GPIO_GetPointer
                0x00000d88       0x3c Z:\My Documents\EG4214\Sem 2\Assignment 3\final2\Lib_MCU\Debug\libLib_MCU.a(lpc17xx_gpio.o)
 .text.GPIO_SetDir
                0x00000dc4       0x20 Z:\My Documents\EG4214\Sem 2\Assignment 3\final2\Lib_MCU\Debug\libLib_MCU.a(lpc17xx_gpio.o)
                0x00000dc4                GPIO_SetDir
 .text.GPIO_SetValue
                0x00000de4       0x10 Z:\My Documents\EG4214\Sem 2\Assignment 3\final2\Lib_MCU\Debug\libLib_MCU.a(lpc17xx_gpio.o)
                0x00000de4                GPIO_SetValue
 .text.GPIO_ClearValue
                0x00000df4       0x10 Z:\My Documents\EG4214\Sem 2\Assignment 3\final2\Lib_MCU\Debug\libLib_MCU.a(lpc17xx_gpio.o)
                0x00000df4                GPIO_ClearValue
 .text.GPIO_ReadValue
                0x00000e04       0x10 Z:\My Documents\EG4214\Sem 2\Assignment 3\final2\Lib_MCU\Debug\libLib_MCU.a(lpc17xx_gpio.o)
                0x00000e04                GPIO_ReadValue
 .text.I2C_getNum
                0x00000e14       0x2c Z:\My Documents\EG4214\Sem 2\Assignment 3\final2\Lib_MCU\Debug\libLib_MCU.a(lpc17xx_i2c.o)
 .text.I2C_Start
                0x00000e40       0x1c Z:\My Documents\EG4214\Sem 2\Assignment 3\final2\Lib_MCU\Debug\libLib_MCU.a(lpc17xx_i2c.o)
 .text.I2C_Stop
                0x00000e5c       0x18 Z:\My Documents\EG4214\Sem 2\Assignment 3\final2\Lib_MCU\Debug\libLib_MCU.a(lpc17xx_i2c.o)
 .text.I2C_SendByte
                0x00000e74       0x24 Z:\My Documents\EG4214\Sem 2\Assignment 3\final2\Lib_MCU\Debug\libLib_MCU.a(lpc17xx_i2c.o)
 .text.I2C_GetByte
                0x00000e98       0x28 Z:\My Documents\EG4214\Sem 2\Assignment 3\final2\Lib_MCU\Debug\libLib_MCU.a(lpc17xx_i2c.o)
 .text.I2C_SetClock
                0x00000ec0       0x74 Z:\My Documents\EG4214\Sem 2\Assignment 3\final2\Lib_MCU\Debug\libLib_MCU.a(lpc17xx_i2c.o)
 .text.I2C_Init
                0x00000f34       0x90 Z:\My Documents\EG4214\Sem 2\Assignment 3\final2\Lib_MCU\Debug\libLib_MCU.a(lpc17xx_i2c.o)
                0x00000f34                I2C_Init
 .text.I2C_Cmd  0x00000fc4       0x4c Z:\My Documents\EG4214\Sem 2\Assignment 3\final2\Lib_MCU\Debug\libLib_MCU.a(lpc17xx_i2c.o)
                0x00000fc4                I2C_Cmd
 .text.I2C_IntCmd
                0x00001010       0x78 Z:\My Documents\EG4214\Sem 2\Assignment 3\final2\Lib_MCU\Debug\libLib_MCU.a(lpc17xx_i2c.o)
                0x00001010                I2C_IntCmd
 .text.I2C_MasterTransferData
                0x00001088      0x1c0 Z:\My Documents\EG4214\Sem 2\Assignment 3\final2\Lib_MCU\Debug\libLib_MCU.a(lpc17xx_i2c.o)
                0x00001088                I2C_MasterTransferData
 .text.set_PinFunc
                0x00001248       0x38 Z:\My Documents\EG4214\Sem 2\Assignment 3\final2\Lib_MCU\Debug\libLib_MCU.a(lpc17xx_pinsel.o)
 .text.set_ResistorMode
                0x00001280       0x34 Z:\My Documents\EG4214\Sem 2\Assignment 3\final2\Lib_MCU\Debug\libLib_MCU.a(lpc17xx_pinsel.o)
 .text.set_OpenDrainMode
                0x000012b4       0x30 Z:\My Documents\EG4214\Sem 2\Assignment 3\final2\Lib_MCU\Debug\libLib_MCU.a(lpc17xx_pinsel.o)
 .text.PINSEL_ConfigPin
                0x000012e4       0x24 Z:\My Documents\EG4214\Sem 2\Assignment 3\final2\Lib_MCU\Debug\libLib_MCU.a(lpc17xx_pinsel.o)
                0x000012e4                PINSEL_ConfigPin
 .text          0x00001308      0x370 c:/nxp/lpcxpresso_7.4.0_229/lpcxpresso/tools/bin/../lib/gcc/arm-none-eabi/4.8.4/armv7-m\libgcc.a(_arm_addsubdf3.o)
                0x00001308                __aeabi_drsub
                0x00001310                __aeabi_dsub
                0x00001310                __subdf3
                0x00001314                __aeabi_dadd
                0x00001314                __adddf3
                0x0000158c                __floatunsidf
                0x0000158c                __aeabi_ui2d
                0x000015ac                __floatsidf
                0x000015ac                __aeabi_i2d
                0x000015d0                __aeabi_f2d
                0x000015d0                __extendsfdf2
                0x0000160c                __floatundidf
                0x0000160c                __aeabi_ul2d
                0x0000161c                __floatdidf
                0x0000161c                __aeabi_l2d
 .text          0x00001678      0x424 c:/nxp/lpcxpresso_7.4.0_229/lpcxpresso/tools/bin/../lib/gcc/arm-none-eabi/4.8.4/armv7-m\libgcc.a(_arm_muldivdf3.o)
                0x00001678                __aeabi_dmul
                0x00001678                __muldf3
                0x000018cc                __divdf3
                0x000018cc                __aeabi_ddiv
 .text          0x00001a9c       0xa0 c:/nxp/lpcxpresso_7.4.0_229/lpcxpresso/tools/bin/../lib/gcc/arm-none-eabi/4.8.4/armv7-m\libgcc.a(_arm_truncdfsf2.o)
                0x00001a9c                __truncdfsf2
                0x00001a9c                __aeabi_d2f
 .text          0x00001b3c      0x2a0 c:/nxp/lpcxpresso_7.4.0_229/lpcxpresso/tools/bin/../lib/gcc/arm-none-eabi/4.8.4/armv7-m\libgcc.a(_arm_muldivsf3.o)
                0x00001b3c                __mulsf3
                0x00001b3c                __aeabi_fmul
                0x00001ca4                __aeabi_fdiv
                0x00001ca4                __divsf3
 .text          0x00001ddc       0x40 c:/nxp/lpcxpresso_7.4.0_229/lpcxpresso/tools/bin/../lib/gcc/arm-none-eabi/4.8.4/armv7-m\libgcc.a(_arm_fixunssfsi.o)
                0x00001ddc                __fixunssfsi
                0x00001ddc                __aeabi_f2uiz
 *(.rodata .rodata.* .constdata .constdata.*)
 .rodata.str1.4
                0x00001e1c       0x15 Z:\My Documents\EG4214\Sem 2\Assignment 3\final2\Lib_MCU\Debug\libLib_MCU.a(lpc17xx_adc.o)
                                 0x18 (size before relaxing)
 *fill*         0x00001e31        0x3 
 .rodata.str1.4
                0x00001e34       0x18 Z:\My Documents\EG4214\Sem 2\Assignment 3\final2\Lib_MCU\Debug\libLib_MCU.a(lpc17xx_i2c.o)
                0x00001e4c                . = ALIGN (0x4)

.glue_7         0x00001e4c        0x0
 .glue_7        0x00000000        0x0 linker stubs

.glue_7t        0x00001e4c        0x0
 .glue_7t       0x00000000        0x0 linker stubs

.vfp11_veneer   0x00001e4c        0x0
 .vfp11_veneer  0x00000000        0x0 linker stubs

.v4_bx          0x00001e4c        0x0
 .v4_bx         0x00000000        0x0 linker stubs

.iplt           0x00001e4c        0x0
 .iplt          0x00000000        0x0 ./src/tasks/adc_task.o

.rel.dyn        0x00001e4c        0x0
 .rel.iplt      0x00000000        0x0 ./src/tasks/adc_task.o

.ARM.extab
 *(.ARM.extab* .gnu.linkonce.armextab.*)
                0x00001e4c                __exidx_start = .

.ARM.exidx
 *(.ARM.exidx* .gnu.linkonce.armexidx.*)
                0x00001e4c                __exidx_end = .
                0x00001e4c                _etext = .

.data_RAM2      0x2007c000        0x0 load address 0x00001e4c
 FILL mask 0xff
 *(.ramfunc.$RAM2)
 *(.ramfunc.$RamAHB32)
 *(.data.$RAM2*)
 *(.data.$RamAHB32*)
                0x2007c000                . = ALIGN (0x4)

.uninit_RESERVED
                0x10000000        0x0
 *(.bss.$RESERVED*)
                0x10000000                . = ALIGN (0x4)
                0x10000000                _end_uninit_RESERVED = .

.data           0x10000000        0x4 load address 0x00001e4c
 FILL mask 0xff
                0x10000000                _data = .
 *(vtable)
 *(.ramfunc*)
 *(.data*)
 .data          0x10000000        0x4 Z:\My Documents\EG4214\Sem 2\Assignment 3\final2\Lib_CMSISv1p30_LPC17xx\Debug\libCMSISv1p30_LPC17xx.a(system_LPC17xx.o)
                0x10000000                SystemCoreClock
                0x10000004                . = ALIGN (0x4)
                0x10000004                _edata = .

.igot.plt       0x10000004        0x0 load address 0x00001e50
 .igot.plt      0x00000000        0x0 ./src/tasks/adc_task.o

.bss_RAM2       0x2007c000        0x0
 *(.bss.$RAM2*)
 *(.bss.$RamAHB32*)
                0x2007c000                . = ALIGN (0x4)

.bss            0x10000004       0xf0
                0x10000004                _bss = .
 *(.bss*)
 .bss           0x10000004        0x4 ./src/tasks/adc_task.o
                0x10000004                reading_pot
 .bss           0x10000008        0x1 ./src/tasks/joystick_controller.o
                0x10000008                mode
 *fill*         0x10000009        0x3 
 .bss           0x1000000c        0x8 ./src/scheduler/ttc_scheduler_o.o
 .bss           0x10000014        0x6 Z:\My Documents\EG4214\Sem 2\Assignment 3\final2\Lib_EaBaseBoard\Debug\libLib_EaBaseBoard.a(pca9532.o)
 *fill*         0x1000001a        0x2 
 .bss           0x1000001c       0x34 Z:\My Documents\EG4214\Sem 2\Assignment 3\final2\Lib_MCU\Debug\libLib_MCU.a(lpc17xx_i2c.o)
 *(COMMON)
 COMMON         0x10000050       0xa4 ./src/scheduler/ttc_scheduler_o.o
                0x10000050                Error_code_G
                0x10000054                SCH_tasks_G
                0x100000f4                . = ALIGN (0x4)
                0x100000f4                _ebss = .
                0x100000f4                PROVIDE (end, .)

.noinit_RAM2    0x2007c000        0x0
 *(.noinit.$RAM2*)
 *(.noinit.$RamAHB32*)
                0x2007c000                . = ALIGN (0x4)

.noinit         0x100000f4        0x0
                0x100000f4                _noinit = .
 *(.noinit*)
                0x100000f4                . = ALIGN (0x4)
                0x100000f4                _end_noinit = .
                0x100000f4                PROVIDE (_pvHeapStart, DEFINED (__user_heap_base)?__user_heap_base:.)
                0x10008000                PROVIDE (_vStackTop, DEFINED (__user_stack_top)?__user_stack_top:(__top_RamLoc32 - 0x0))
OUTPUT(adc_loop_timer.axf elf32-littlearm)

.debug_info     0x00000000     0x51dd
 .debug_info    0x00000000      0x2d8 ./src/tasks/adc_task.o
 .debug_info    0x000002d8       0xd3 ./src/tasks/joystick_controller.o
 .debug_info    0x000003ab      0x2f7 ./src/tasks/pca9532_leds.o
 .debug_info    0x000006a2      0x1b1 ./src/system/cr_startup_lpc17.o
 .debug_info    0x00000853      0x709 ./src/scheduler/ttc_scheduler_o.o
 .debug_info    0x00000f5c      0x108 ./src/main/main.o
 .debug_info    0x00001064      0x2e3 Z:\My Documents\EG4214\Sem 2\Assignment 3\final2\Lib_CMSISv1p30_LPC17xx\Debug\libCMSISv1p30_LPC17xx.a(system_LPC17xx.o)
 .debug_info    0x00001347      0x188 Z:\My Documents\EG4214\Sem 2\Assignment 3\final2\Lib_EaBaseBoard\Debug\libLib_EaBaseBoard.a(joystick.o)
 .debug_info    0x000014cf      0x7c5 Z:\My Documents\EG4214\Sem 2\Assignment 3\final2\Lib_EaBaseBoard\Debug\libLib_EaBaseBoard.a(pca9532.o)
 .debug_info    0x00001c94      0x208 Z:\My Documents\EG4214\Sem 2\Assignment 3\final2\Lib_EaBaseBoard\Debug\libLib_EaBaseBoard.a(rgb.o)
 .debug_info    0x00001e9c      0x849 Z:\My Documents\EG4214\Sem 2\Assignment 3\final2\Lib_MCU\Debug\libLib_MCU.a(lpc17xx_adc.o)
 .debug_info    0x000026e5      0x5f1 Z:\My Documents\EG4214\Sem 2\Assignment 3\final2\Lib_MCU\Debug\libLib_MCU.a(lpc17xx_clkpwr.o)
 .debug_info    0x00002cd6      0xe48 Z:\My Documents\EG4214\Sem 2\Assignment 3\final2\Lib_MCU\Debug\libLib_MCU.a(lpc17xx_gpio.o)
 .debug_info    0x00003b1e     0x124f Z:\My Documents\EG4214\Sem 2\Assignment 3\final2\Lib_MCU\Debug\libLib_MCU.a(lpc17xx_i2c.o)
 .debug_info    0x00004d6d      0x470 Z:\My Documents\EG4214\Sem 2\Assignment 3\final2\Lib_MCU\Debug\libLib_MCU.a(lpc17xx_pinsel.o)

.debug_abbrev   0x00000000     0x154c
 .debug_abbrev  0x00000000      0x120 ./src/tasks/adc_task.o
 .debug_abbrev  0x00000120       0x8c ./src/tasks/joystick_controller.o
 .debug_abbrev  0x000001ac      0x102 ./src/tasks/pca9532_leds.o
 .debug_abbrev  0x000002ae       0xb9 ./src/system/cr_startup_lpc17.o
 .debug_abbrev  0x00000367      0x23e ./src/scheduler/ttc_scheduler_o.o
 .debug_abbrev  0x000005a5       0x9e ./src/main/main.o
 .debug_abbrev  0x00000643       0xe6 Z:\My Documents\EG4214\Sem 2\Assignment 3\final2\Lib_CMSISv1p30_LPC17xx\Debug\libCMSISv1p30_LPC17xx.a(system_LPC17xx.o)
 .debug_abbrev  0x00000729       0xe8 Z:\My Documents\EG4214\Sem 2\Assignment 3\final2\Lib_EaBaseBoard\Debug\libLib_EaBaseBoard.a(joystick.o)
 .debug_abbrev  0x00000811      0x251 Z:\My Documents\EG4214\Sem 2\Assignment 3\final2\Lib_EaBaseBoard\Debug\libLib_EaBaseBoard.a(pca9532.o)
 .debug_abbrev  0x00000a62       0xca Z:\My Documents\EG4214\Sem 2\Assignment 3\final2\Lib_EaBaseBoard\Debug\libLib_EaBaseBoard.a(rgb.o)
 .debug_abbrev  0x00000b2c      0x1ba Z:\My Documents\EG4214\Sem 2\Assignment 3\final2\Lib_MCU\Debug\libLib_MCU.a(lpc17xx_adc.o)
 .debug_abbrev  0x00000ce6      0x1b6 Z:\My Documents\EG4214\Sem 2\Assignment 3\final2\Lib_MCU\Debug\libLib_MCU.a(lpc17xx_clkpwr.o)
 .debug_abbrev  0x00000e9c      0x21b Z:\My Documents\EG4214\Sem 2\Assignment 3\final2\Lib_MCU\Debug\libLib_MCU.a(lpc17xx_gpio.o)
 .debug_abbrev  0x000010b7      0x327 Z:\My Documents\EG4214\Sem 2\Assignment 3\final2\Lib_MCU\Debug\libLib_MCU.a(lpc17xx_i2c.o)
 .debug_abbrev  0x000013de      0x16e Z:\My Documents\EG4214\Sem 2\Assignment 3\final2\Lib_MCU\Debug\libLib_MCU.a(lpc17xx_pinsel.o)

.debug_aranges  0x00000000      0x560
 .debug_aranges
                0x00000000       0x30 ./src/tasks/adc_task.o
 .debug_aranges
                0x00000030       0x28 ./src/tasks/joystick_controller.o
 .debug_aranges
                0x00000058       0x28 ./src/tasks/pca9532_leds.o
 .debug_aranges
                0x00000080       0x70 ./src/system/cr_startup_lpc17.o
 .debug_aranges
                0x000000f0       0x78 ./src/scheduler/ttc_scheduler_o.o
 .debug_aranges
                0x00000168       0x28 ./src/main/main.o
 .debug_aranges
                0x00000190       0x28 Z:\My Documents\EG4214\Sem 2\Assignment 3\final2\Lib_CMSISv1p30_LPC17xx\Debug\libCMSISv1p30_LPC17xx.a(system_LPC17xx.o)
 .debug_aranges
                0x000001b8       0x28 Z:\My Documents\EG4214\Sem 2\Assignment 3\final2\Lib_EaBaseBoard\Debug\libLib_EaBaseBoard.a(joystick.o)
 .debug_aranges
                0x000001e0       0x80 Z:\My Documents\EG4214\Sem 2\Assignment 3\final2\Lib_EaBaseBoard\Debug\libLib_EaBaseBoard.a(pca9532.o)
 .debug_aranges
                0x00000260       0x28 Z:\My Documents\EG4214\Sem 2\Assignment 3\final2\Lib_EaBaseBoard\Debug\libLib_EaBaseBoard.a(rgb.o)
 .debug_aranges
                0x00000288       0x80 Z:\My Documents\EG4214\Sem 2\Assignment 3\final2\Lib_MCU\Debug\libLib_MCU.a(lpc17xx_adc.o)
 .debug_aranges
                0x00000308       0x58 Z:\My Documents\EG4214\Sem 2\Assignment 3\final2\Lib_MCU\Debug\libLib_MCU.a(lpc17xx_clkpwr.o)
 .debug_aranges
                0x00000360       0xf8 Z:\My Documents\EG4214\Sem 2\Assignment 3\final2\Lib_MCU\Debug\libLib_MCU.a(lpc17xx_gpio.o)
 .debug_aranges
                0x00000458       0xc0 Z:\My Documents\EG4214\Sem 2\Assignment 3\final2\Lib_MCU\Debug\libLib_MCU.a(lpc17xx_i2c.o)
 .debug_aranges
                0x00000518       0x48 Z:\My Documents\EG4214\Sem 2\Assignment 3\final2\Lib_MCU\Debug\libLib_MCU.a(lpc17xx_pinsel.o)

.debug_ranges   0x00000000      0x470
 .debug_ranges  0x00000000       0x20 ./src/tasks/adc_task.o
 .debug_ranges  0x00000020       0x18 ./src/tasks/joystick_controller.o
 .debug_ranges  0x00000038       0x18 ./src/tasks/pca9532_leds.o
 .debug_ranges  0x00000050       0x60 ./src/system/cr_startup_lpc17.o
 .debug_ranges  0x000000b0       0x68 ./src/scheduler/ttc_scheduler_o.o
 .debug_ranges  0x00000118       0x18 ./src/main/main.o
 .debug_ranges  0x00000130       0x18 Z:\My Documents\EG4214\Sem 2\Assignment 3\final2\Lib_CMSISv1p30_LPC17xx\Debug\libCMSISv1p30_LPC17xx.a(system_LPC17xx.o)
 .debug_ranges  0x00000148       0x18 Z:\My Documents\EG4214\Sem 2\Assignment 3\final2\Lib_EaBaseBoard\Debug\libLib_EaBaseBoard.a(joystick.o)
 .debug_ranges  0x00000160       0x70 Z:\My Documents\EG4214\Sem 2\Assignment 3\final2\Lib_EaBaseBoard\Debug\libLib_EaBaseBoard.a(pca9532.o)
 .debug_ranges  0x000001d0       0x18 Z:\My Documents\EG4214\Sem 2\Assignment 3\final2\Lib_EaBaseBoard\Debug\libLib_EaBaseBoard.a(rgb.o)
 .debug_ranges  0x000001e8       0x70 Z:\My Documents\EG4214\Sem 2\Assignment 3\final2\Lib_MCU\Debug\libLib_MCU.a(lpc17xx_adc.o)
 .debug_ranges  0x00000258       0x48 Z:\My Documents\EG4214\Sem 2\Assignment 3\final2\Lib_MCU\Debug\libLib_MCU.a(lpc17xx_clkpwr.o)
 .debug_ranges  0x000002a0       0xe8 Z:\My Documents\EG4214\Sem 2\Assignment 3\final2\Lib_MCU\Debug\libLib_MCU.a(lpc17xx_gpio.o)
 .debug_ranges  0x00000388       0xb0 Z:\My Documents\EG4214\Sem 2\Assignment 3\final2\Lib_MCU\Debug\libLib_MCU.a(lpc17xx_i2c.o)
 .debug_ranges  0x00000438       0x38 Z:\My Documents\EG4214\Sem 2\Assignment 3\final2\Lib_MCU\Debug\libLib_MCU.a(lpc17xx_pinsel.o)

.debug_macro    0x00000000     0x465b
 .debug_macro   0x00000000       0x93 ./src/tasks/adc_task.o
 .debug_macro   0x00000093      0x856 ./src/tasks/adc_task.o
 .debug_macro   0x000008e9       0x1c ./src/tasks/adc_task.o
 .debug_macro   0x00000905       0x22 ./src/tasks/adc_task.o
 .debug_macro   0x00000927       0x16 ./src/tasks/adc_task.o
 .debug_macro   0x0000093d       0x44 ./src/tasks/adc_task.o
 .debug_macro   0x00000981      0x209 ./src/tasks/adc_task.o
 .debug_macro   0x00000b8a      0x7b7 ./src/tasks/adc_task.o
 .debug_macro   0x00001341      0x2c7 ./src/tasks/adc_task.o
 .debug_macro   0x00001608       0x64 ./src/tasks/adc_task.o
 .debug_macro   0x0000166c       0xe8 ./src/tasks/adc_task.o
 .debug_macro   0x00001754      0x146 ./src/tasks/adc_task.o
 .debug_macro   0x0000189a       0x6d ./src/tasks/joystick_controller.o
 .debug_macro   0x00001907       0x5e ./src/tasks/joystick_controller.o
 .debug_macro   0x00001965       0x1c ./src/tasks/joystick_controller.o
 .debug_macro   0x00001981       0x28 ./src/tasks/joystick_controller.o
 .debug_macro   0x000019a9       0xcf ./src/tasks/pca9532_leds.o
 .debug_macro   0x00001a78      0x140 ./src/tasks/pca9532_leds.o
 .debug_macro   0x00001bb8      0x192 ./src/tasks/pca9532_leds.o
 .debug_macro   0x00001d4a       0xb2 ./src/tasks/pca9532_leds.o
 .debug_macro   0x00001dfc       0xee ./src/tasks/pca9532_leds.o
 .debug_macro   0x00001eea       0x58 ./src/system/cr_startup_lpc17.o
 .debug_macro   0x00001f42       0x9c ./src/scheduler/ttc_scheduler_o.o
 .debug_macro   0x00001fde       0x16 ./src/scheduler/ttc_scheduler_o.o
 .debug_macro   0x00001ff4       0x2e ./src/scheduler/ttc_scheduler_o.o
 .debug_macro   0x00002022       0x28 ./src/scheduler/ttc_scheduler_o.o
 .debug_macro   0x0000204a       0xf5 ./src/main/main.o
 .debug_macro   0x0000213f       0x22 ./src/main/main.o
 .debug_macro   0x00002161      0x113 Z:\My Documents\EG4214\Sem 2\Assignment 3\final2\Lib_CMSISv1p30_LPC17xx\Debug\libCMSISv1p30_LPC17xx.a(system_LPC17xx.o)
 .debug_macro   0x00002274      0x850 Z:\My Documents\EG4214\Sem 2\Assignment 3\final2\Lib_CMSISv1p30_LPC17xx\Debug\libCMSISv1p30_LPC17xx.a(system_LPC17xx.o)
 .debug_macro   0x00002ac4       0x10 Z:\My Documents\EG4214\Sem 2\Assignment 3\final2\Lib_CMSISv1p30_LPC17xx\Debug\libCMSISv1p30_LPC17xx.a(system_LPC17xx.o)
 .debug_macro   0x00002ad4      0x12d Z:\My Documents\EG4214\Sem 2\Assignment 3\final2\Lib_CMSISv1p30_LPC17xx\Debug\libCMSISv1p30_LPC17xx.a(system_LPC17xx.o)
 .debug_macro   0x00002c01      0x5b2 Z:\My Documents\EG4214\Sem 2\Assignment 3\final2\Lib_CMSISv1p30_LPC17xx\Debug\libCMSISv1p30_LPC17xx.a(system_LPC17xx.o)
 .debug_macro   0x000031b3      0x7d5 Z:\My Documents\EG4214\Sem 2\Assignment 3\final2\Lib_CMSISv1p30_LPC17xx\Debug\libCMSISv1p30_LPC17xx.a(system_LPC17xx.o)
 .debug_macro   0x00003988       0x83 Z:\My Documents\EG4214\Sem 2\Assignment 3\final2\Lib_EaBaseBoard\Debug\libLib_EaBaseBoard.a(joystick.o)
 .debug_macro   0x00003a0b       0x40 Z:\My Documents\EG4214\Sem 2\Assignment 3\final2\Lib_EaBaseBoard\Debug\libLib_EaBaseBoard.a(joystick.o)
 .debug_macro   0x00003a4b       0xa1 Z:\My Documents\EG4214\Sem 2\Assignment 3\final2\Lib_EaBaseBoard\Debug\libLib_EaBaseBoard.a(pca9532.o)
 .debug_macro   0x00003aec      0x18c Z:\My Documents\EG4214\Sem 2\Assignment 3\final2\Lib_EaBaseBoard\Debug\libLib_EaBaseBoard.a(pca9532.o)
 .debug_macro   0x00003c78       0x83 Z:\My Documents\EG4214\Sem 2\Assignment 3\final2\Lib_EaBaseBoard\Debug\libLib_EaBaseBoard.a(rgb.o)
 .debug_macro   0x00003cfb       0x8c Z:\My Documents\EG4214\Sem 2\Assignment 3\final2\Lib_MCU\Debug\libLib_MCU.a(lpc17xx_adc.o)
 .debug_macro   0x00003d87      0x2fa Z:\My Documents\EG4214\Sem 2\Assignment 3\final2\Lib_MCU\Debug\libLib_MCU.a(lpc17xx_adc.o)
 .debug_macro   0x00004081       0xda Z:\My Documents\EG4214\Sem 2\Assignment 3\final2\Lib_MCU\Debug\libLib_MCU.a(lpc17xx_adc.o)
 .debug_macro   0x0000415b       0x7a Z:\My Documents\EG4214\Sem 2\Assignment 3\final2\Lib_MCU\Debug\libLib_MCU.a(lpc17xx_clkpwr.o)
 .debug_macro   0x000041d5      0x2f4 Z:\My Documents\EG4214\Sem 2\Assignment 3\final2\Lib_MCU\Debug\libLib_MCU.a(lpc17xx_clkpwr.o)
 .debug_macro   0x000044c9       0x83 Z:\My Documents\EG4214\Sem 2\Assignment 3\final2\Lib_MCU\Debug\libLib_MCU.a(lpc17xx_gpio.o)
 .debug_macro   0x0000454c       0x95 Z:\My Documents\EG4214\Sem 2\Assignment 3\final2\Lib_MCU\Debug\libLib_MCU.a(lpc17xx_i2c.o)
 .debug_macro   0x000045e1       0x7a Z:\My Documents\EG4214\Sem 2\Assignment 3\final2\Lib_MCU\Debug\libLib_MCU.a(lpc17xx_pinsel.o)

.debug_line     0x00000000     0x311b
 .debug_line    0x00000000      0x2d4 ./src/tasks/adc_task.o
 .debug_line    0x000002d4      0x28d ./src/tasks/joystick_controller.o
 .debug_line    0x00000561      0x372 ./src/tasks/pca9532_leds.o
 .debug_line    0x000008d3      0x2f9 ./src/system/cr_startup_lpc17.o
 .debug_line    0x00000bcc      0x44f ./src/scheduler/ttc_scheduler_o.o
 .debug_line    0x0000101b      0x3d4 ./src/main/main.o
 .debug_line    0x000013ef      0x1f4 Z:\My Documents\EG4214\Sem 2\Assignment 3\final2\Lib_CMSISv1p30_LPC17xx\Debug\libCMSISv1p30_LPC17xx.a(system_LPC17xx.o)
 .debug_line    0x000015e3      0x24f Z:\My Documents\EG4214\Sem 2\Assignment 3\final2\Lib_EaBaseBoard\Debug\libLib_EaBaseBoard.a(joystick.o)
 .debug_line    0x00001832      0x366 Z:\My Documents\EG4214\Sem 2\Assignment 3\final2\Lib_EaBaseBoard\Debug\libLib_EaBaseBoard.a(pca9532.o)
 .debug_line    0x00001b98      0x23c Z:\My Documents\EG4214\Sem 2\Assignment 3\final2\Lib_EaBaseBoard\Debug\libLib_EaBaseBoard.a(rgb.o)
 .debug_line    0x00001dd4      0x38a Z:\My Documents\EG4214\Sem 2\Assignment 3\final2\Lib_MCU\Debug\libLib_MCU.a(lpc17xx_adc.o)
 .debug_line    0x0000215e      0x29a Z:\My Documents\EG4214\Sem 2\Assignment 3\final2\Lib_MCU\Debug\libLib_MCU.a(lpc17xx_clkpwr.o)
 .debug_line    0x000023f8      0x481 Z:\My Documents\EG4214\Sem 2\Assignment 3\final2\Lib_MCU\Debug\libLib_MCU.a(lpc17xx_gpio.o)
 .debug_line    0x00002879      0x654 Z:\My Documents\EG4214\Sem 2\Assignment 3\final2\Lib_MCU\Debug\libLib_MCU.a(lpc17xx_i2c.o)
 .debug_line    0x00002ecd      0x24e Z:\My Documents\EG4214\Sem 2\Assignment 3\final2\Lib_MCU\Debug\libLib_MCU.a(lpc17xx_pinsel.o)

.debug_str      0x00000000     0xd185
 .debug_str     0x00000000     0x7cf8 ./src/tasks/adc_task.o
                               0x7e53 (size before relaxing)
 .debug_str     0x00007cf8      0x124 ./src/tasks/joystick_controller.o
                               0x317d (size before relaxing)
 .debug_str     0x00007e1c      0xb63 ./src/tasks/pca9532_leds.o
                               0x88c0 (size before relaxing)
 .debug_str     0x0000897f      0x141 ./src/system/cr_startup_lpc17.o
                               0x300f (size before relaxing)
 .debug_str     0x00008ac0      0x5b4 ./src/scheduler/ttc_scheduler_o.o
                               0x7623 (size before relaxing)
 .debug_str     0x00009074       0x2a ./src/main/main.o
                               0x8869 (size before relaxing)
 .debug_str     0x0000909e     0x1ba5 Z:\My Documents\EG4214\Sem 2\Assignment 3\final2\Lib_CMSISv1p30_LPC17xx\Debug\libCMSISv1p30_LPC17xx.a(system_LPC17xx.o)
                               0x7f15 (size before relaxing)
 .debug_str     0x0000ac43      0x2d3 Z:\My Documents\EG4214\Sem 2\Assignment 3\final2\Lib_EaBaseBoard\Debug\libLib_EaBaseBoard.a(joystick.o)
                               0x7f8d (size before relaxing)
 .debug_str     0x0000af16      0x2ba Z:\My Documents\EG4214\Sem 2\Assignment 3\final2\Lib_EaBaseBoard\Debug\libLib_EaBaseBoard.a(pca9532.o)
                               0x8a3e (size before relaxing)
 .debug_str     0x0000b1d0       0x40 Z:\My Documents\EG4214\Sem 2\Assignment 3\final2\Lib_EaBaseBoard\Debug\libLib_EaBaseBoard.a(rgb.o)
                               0x7f4a (size before relaxing)
 .debug_str     0x0000b210     0x15c0 Z:\My Documents\EG4214\Sem 2\Assignment 3\final2\Lib_MCU\Debug\libLib_MCU.a(lpc17xx_adc.o)
                               0x9b09 (size before relaxing)
 .debug_str     0x0000c7d0       0xa4 Z:\My Documents\EG4214\Sem 2\Assignment 3\final2\Lib_MCU\Debug\libLib_MCU.a(lpc17xx_clkpwr.o)
                               0x9109 (size before relaxing)
 .debug_str     0x0000c874      0x3eb Z:\My Documents\EG4214\Sem 2\Assignment 3\final2\Lib_MCU\Debug\libLib_MCU.a(lpc17xx_gpio.o)
                               0x8473 (size before relaxing)
 .debug_str     0x0000cc5f      0x324 Z:\My Documents\EG4214\Sem 2\Assignment 3\final2\Lib_MCU\Debug\libLib_MCU.a(lpc17xx_i2c.o)
                               0xa481 (size before relaxing)
 .debug_str     0x0000cf83      0x202 Z:\My Documents\EG4214\Sem 2\Assignment 3\final2\Lib_MCU\Debug\libLib_MCU.a(lpc17xx_pinsel.o)
                               0x839a (size before relaxing)

.comment        0x00000000       0x70
 .comment       0x00000000       0x70 ./src/tasks/adc_task.o
                                 0x71 (size before relaxing)
 .comment       0x00000000       0x71 ./src/tasks/joystick_controller.o
 .comment       0x00000000       0x71 ./src/tasks/pca9532_leds.o
 .comment       0x00000000       0x71 ./src/system/cr_startup_lpc17.o
 .comment       0x00000000       0x71 ./src/scheduler/ttc_scheduler_o.o
 .comment       0x00000000       0x71 ./src/main/main.o
 .comment       0x00000000       0x71 Z:\My Documents\EG4214\Sem 2\Assignment 3\final2\Lib_CMSISv1p30_LPC17xx\Debug\libCMSISv1p30_LPC17xx.a(system_LPC17xx.o)
 .comment       0x00000000       0x71 Z:\My Documents\EG4214\Sem 2\Assignment 3\final2\Lib_EaBaseBoard\Debug\libLib_EaBaseBoard.a(joystick.o)
 .comment       0x00000000       0x71 Z:\My Documents\EG4214\Sem 2\Assignment 3\final2\Lib_EaBaseBoard\Debug\libLib_EaBaseBoard.a(pca9532.o)
 .comment       0x00000000       0x71 Z:\My Documents\EG4214\Sem 2\Assignment 3\final2\Lib_EaBaseBoard\Debug\libLib_EaBaseBoard.a(rgb.o)
 .comment       0x00000000       0x71 Z:\My Documents\EG4214\Sem 2\Assignment 3\final2\Lib_MCU\Debug\libLib_MCU.a(lpc17xx_adc.o)
 .comment       0x00000000       0x71 Z:\My Documents\EG4214\Sem 2\Assignment 3\final2\Lib_MCU\Debug\libLib_MCU.a(lpc17xx_clkpwr.o)
 .comment       0x00000000       0x71 Z:\My Documents\EG4214\Sem 2\Assignment 3\final2\Lib_MCU\Debug\libLib_MCU.a(lpc17xx_gpio.o)
 .comment       0x00000000       0x71 Z:\My Documents\EG4214\Sem 2\Assignment 3\final2\Lib_MCU\Debug\libLib_MCU.a(lpc17xx_i2c.o)
 .comment       0x00000000       0x71 Z:\My Documents\EG4214\Sem 2\Assignment 3\final2\Lib_MCU\Debug\libLib_MCU.a(lpc17xx_pinsel.o)

.ARM.attributes
                0x00000000       0x33
 .ARM.attributes
                0x00000000       0x33 ./src/tasks/adc_task.o
 .ARM.attributes
                0x00000033       0x33 ./src/tasks/joystick_controller.o
 .ARM.attributes
                0x00000066       0x33 ./src/tasks/pca9532_leds.o
 .ARM.attributes
                0x00000099       0x33 ./src/system/cr_startup_lpc17.o
 .ARM.attributes
                0x000000cc       0x33 ./src/scheduler/ttc_scheduler_o.o
 .ARM.attributes
                0x000000ff       0x33 ./src/main/main.o
 .ARM.attributes
                0x00000132       0x33 Z:\My Documents\EG4214\Sem 2\Assignment 3\final2\Lib_CMSISv1p30_LPC17xx\Debug\libCMSISv1p30_LPC17xx.a(system_LPC17xx.o)
 .ARM.attributes
                0x00000165       0x33 Z:\My Documents\EG4214\Sem 2\Assignment 3\final2\Lib_EaBaseBoard\Debug\libLib_EaBaseBoard.a(joystick.o)
 .ARM.attributes
                0x00000198       0x33 Z:\My Documents\EG4214\Sem 2\Assignment 3\final2\Lib_EaBaseBoard\Debug\libLib_EaBaseBoard.a(pca9532.o)
 .ARM.attributes
                0x000001cb       0x33 Z:\My Documents\EG4214\Sem 2\Assignment 3\final2\Lib_EaBaseBoard\Debug\libLib_EaBaseBoard.a(rgb.o)
 .ARM.attributes
                0x000001fe       0x33 Z:\My Documents\EG4214\Sem 2\Assignment 3\final2\Lib_MCU\Debug\libLib_MCU.a(lpc17xx_adc.o)
 .ARM.attributes
                0x00000231       0x33 Z:\My Documents\EG4214\Sem 2\Assignment 3\final2\Lib_MCU\Debug\libLib_MCU.a(lpc17xx_clkpwr.o)
 .ARM.attributes
                0x00000264       0x33 Z:\My Documents\EG4214\Sem 2\Assignment 3\final2\Lib_MCU\Debug\libLib_MCU.a(lpc17xx_gpio.o)
 .ARM.attributes
                0x00000297       0x33 Z:\My Documents\EG4214\Sem 2\Assignment 3\final2\Lib_MCU\Debug\libLib_MCU.a(lpc17xx_i2c.o)
 .ARM.attributes
                0x000002ca       0x33 Z:\My Documents\EG4214\Sem 2\Assignment 3\final2\Lib_MCU\Debug\libLib_MCU.a(lpc17xx_pinsel.o)
 .ARM.attributes
                0x000002fd       0x1d c:/nxp/lpcxpresso_7.4.0_229/lpcxpresso/tools/bin/../lib/gcc/arm-none-eabi/4.8.4/armv7-m\libgcc.a(_arm_addsubdf3.o)
 .ARM.attributes
                0x0000031a       0x1d c:/nxp/lpcxpresso_7.4.0_229/lpcxpresso/tools/bin/../lib/gcc/arm-none-eabi/4.8.4/armv7-m\libgcc.a(_arm_muldivdf3.o)
 .ARM.attributes
                0x00000337       0x1d c:/nxp/lpcxpresso_7.4.0_229/lpcxpresso/tools/bin/../lib/gcc/arm-none-eabi/4.8.4/armv7-m\libgcc.a(_arm_truncdfsf2.o)
 .ARM.attributes
                0x00000354       0x1d c:/nxp/lpcxpresso_7.4.0_229/lpcxpresso/tools/bin/../lib/gcc/arm-none-eabi/4.8.4/armv7-m\libgcc.a(_arm_muldivsf3.o)
 .ARM.attributes
                0x00000371       0x1d c:/nxp/lpcxpresso_7.4.0_229/lpcxpresso/tools/bin/../lib/gcc/arm-none-eabi/4.8.4/armv7-m\libgcc.a(_arm_fixunssfsi.o)

.debug_frame    0x00000000      0xd20
 .debug_frame   0x00000000       0x68 ./src/tasks/adc_task.o
 .debug_frame   0x00000068       0x4c ./src/tasks/joystick_controller.o
 .debug_frame   0x000000b4       0x50 ./src/tasks/pca9532_leds.o
 .debug_frame   0x00000104      0x120 ./src/system/cr_startup_lpc17.o
 .debug_frame   0x00000224      0x158 ./src/scheduler/ttc_scheduler_o.o
 .debug_frame   0x0000037c       0x48 ./src/main/main.o
 .debug_frame   0x000003c4       0x3c Z:\My Documents\EG4214\Sem 2\Assignment 3\final2\Lib_CMSISv1p30_LPC17xx\Debug\libCMSISv1p30_LPC17xx.a(system_LPC17xx.o)
 .debug_frame   0x00000400       0x40 Z:\My Documents\EG4214\Sem 2\Assignment 3\final2\Lib_EaBaseBoard\Debug\libLib_EaBaseBoard.a(joystick.o)
 .debug_frame   0x00000440      0x150 Z:\My Documents\EG4214\Sem 2\Assignment 3\final2\Lib_EaBaseBoard\Debug\libLib_EaBaseBoard.a(pca9532.o)
 .debug_frame   0x00000590       0x40 Z:\My Documents\EG4214\Sem 2\Assignment 3\final2\Lib_EaBaseBoard\Debug\libLib_EaBaseBoard.a(rgb.o)
 .debug_frame   0x000005d0      0x168 Z:\My Documents\EG4214\Sem 2\Assignment 3\final2\Lib_MCU\Debug\libLib_MCU.a(lpc17xx_adc.o)
 .debug_frame   0x00000738       0xa0 Z:\My Documents\EG4214\Sem 2\Assignment 3\final2\Lib_MCU\Debug\libLib_MCU.a(lpc17xx_clkpwr.o)
 .debug_frame   0x000007d8      0x2b0 Z:\My Documents\EG4214\Sem 2\Assignment 3\final2\Lib_MCU\Debug\libLib_MCU.a(lpc17xx_gpio.o)
 .debug_frame   0x00000a88      0x210 Z:\My Documents\EG4214\Sem 2\Assignment 3\final2\Lib_MCU\Debug\libLib_MCU.a(lpc17xx_i2c.o)
 .debug_frame   0x00000c98       0x88 Z:\My Documents\EG4214\Sem 2\Assignment 3\final2\Lib_MCU\Debug\libLib_MCU.a(lpc17xx_pinsel.o)

.debug_loc      0x00000000     0x25f7
 .debug_loc     0x00000000       0x68 Z:\My Documents\EG4214\Sem 2\Assignment 3\final2\Lib_EaBaseBoard\Debug\libLib_EaBaseBoard.a(joystick.o)
 .debug_loc     0x00000068      0x33f Z:\My Documents\EG4214\Sem 2\Assignment 3\final2\Lib_EaBaseBoard\Debug\libLib_EaBaseBoard.a(pca9532.o)
 .debug_loc     0x000003a7       0x3a Z:\My Documents\EG4214\Sem 2\Assignment 3\final2\Lib_EaBaseBoard\Debug\libLib_EaBaseBoard.a(rgb.o)
 .debug_loc     0x000003e1      0x521 Z:\My Documents\EG4214\Sem 2\Assignment 3\final2\Lib_MCU\Debug\libLib_MCU.a(lpc17xx_adc.o)
 .debug_loc     0x00000902      0x1a8 Z:\My Documents\EG4214\Sem 2\Assignment 3\final2\Lib_MCU\Debug\libLib_MCU.a(lpc17xx_clkpwr.o)
 .debug_loc     0x00000aaa      0xc56 Z:\My Documents\EG4214\Sem 2\Assignment 3\final2\Lib_MCU\Debug\libLib_MCU.a(lpc17xx_gpio.o)
 .debug_loc     0x00001700      0xd31 Z:\My Documents\EG4214\Sem 2\Assignment 3\final2\Lib_MCU\Debug\libLib_MCU.a(lpc17xx_i2c.o)
 .debug_loc     0x00002431      0x1c6 Z:\My Documents\EG4214\Sem 2\Assignment 3\final2\Lib_MCU\Debug\libLib_MCU.a(lpc17xx_pinsel.o)
