Archive member included because of file (symbol)

Z:\LPC\Workspace2\Lib_CMSISv1p30_LPC17xx\Debug\libCMSISv1p30_LPC17xx.a(system_LPC17xx.o)
                              ./src/system/cr_startup_lpc17.o (SystemInit)
Z:\LPC\Workspace2\Lib_EaBaseBoard\Debug\libLib_EaBaseBoard.a(joystick.o)
                              ./src/tasks/joystick_controller.o (joystick_init)
Z:\LPC\Workspace2\Lib_EaBaseBoard\Debug\libLib_EaBaseBoard.a(led7seg.o)
                              ./src/tasks/seven_segment_display.o (led7seg_init)
Z:\LPC\Workspace2\Lib_EaBaseBoard\Debug\libLib_EaBaseBoard.a(rgb.o)
                              ./src/tasks/rgb_update.o (rgb_init)
Z:\LPC\Workspace2\Lib_EaBaseBoard\Debug\libLib_EaBaseBoard.a(rotary.o)
                              ./src/tasks/rotary_encoder.o (rotary_init)
Z:\LPC\Workspace2\Lib_MCU\Debug\libLib_MCU.a(lpc17xx_gpio.o)
                              Z:\LPC\Workspace2\Lib_EaBaseBoard\Debug\libLib_EaBaseBoard.a(joystick.o) (GPIO_SetDir)
Z:\LPC\Workspace2\Lib_MCU\Debug\libLib_MCU.a(lpc17xx_pinsel.o)
                              ./src/main/main.o (PINSEL_ConfigPin)
Z:\LPC\Workspace2\Lib_MCU\Debug\libLib_MCU.a(lpc17xx_ssp.o)
                              ./src/main/main.o (SSP_Init)
Z:\LPC\Workspace2\Lib_MCU\Debug\libLib_MCU.a(lpc17xx_clkpwr.o)
                              Z:\LPC\Workspace2\Lib_MCU\Debug\libLib_MCU.a(lpc17xx_ssp.o) (CLKPWR_GetPCLK)
c:/nxp/lpcxpresso_7.4.0_229/lpcxpresso/tools/bin/../lib/gcc/arm-none-eabi/4.8.4/armv7-m\libgcc.a(_arm_addsubdf3.o)
                              ./src/tasks/rotary_encoder.o (__aeabi_i2d)
c:/nxp/lpcxpresso_7.4.0_229/lpcxpresso/tools/bin/../lib/gcc/arm-none-eabi/4.8.4/armv7-m\libgcc.a(_arm_cmpdf2.o)
                              ./src/tasks/rotary_encoder.o (__aeabi_dcmplt)
c:/nxp/lpcxpresso_7.4.0_229/lpcxpresso/tools/bin/../lib/gcc/arm-none-eabi/4.8.4/armv7-m\libgcc.a(_aeabi_uldivmod.o)
                              Z:\LPC\Workspace2\Lib_CMSISv1p30_LPC17xx\Debug\libCMSISv1p30_LPC17xx.a(system_LPC17xx.o) (__aeabi_uldivmod)
c:/nxp/lpcxpresso_7.4.0_229/lpcxpresso/tools/bin/../lib/gcc/arm-none-eabi/4.8.4/armv7-m\libgcc.a(bpabi.o)
                              c:/nxp/lpcxpresso_7.4.0_229/lpcxpresso/tools/bin/../lib/gcc/arm-none-eabi/4.8.4/armv7-m\libgcc.a(_aeabi_uldivmod.o) (__gnu_uldivmod_helper)
c:/nxp/lpcxpresso_7.4.0_229/lpcxpresso/tools/bin/../lib/gcc/arm-none-eabi/4.8.4/armv7-m\libgcc.a(_dvmd_tls.o)
                              c:/nxp/lpcxpresso_7.4.0_229/lpcxpresso/tools/bin/../lib/gcc/arm-none-eabi/4.8.4/armv7-m\libgcc.a(_aeabi_uldivmod.o) (__aeabi_ldiv0)
c:/nxp/lpcxpresso_7.4.0_229/lpcxpresso/tools/bin/../lib/gcc/arm-none-eabi/4.8.4/armv7-m\libgcc.a(_divdi3.o)
                              c:/nxp/lpcxpresso_7.4.0_229/lpcxpresso/tools/bin/../lib/gcc/arm-none-eabi/4.8.4/armv7-m\libgcc.a(bpabi.o) (__divdi3)
c:/nxp/lpcxpresso_7.4.0_229/lpcxpresso/tools/bin/../lib/gcc/arm-none-eabi/4.8.4/armv7-m\libgcc.a(_udivdi3.o)
                              c:/nxp/lpcxpresso_7.4.0_229/lpcxpresso/tools/bin/../lib/gcc/arm-none-eabi/4.8.4/armv7-m\libgcc.a(bpabi.o) (__udivdi3)
c:/nxp/lpcxpresso_7.4.0_229/lpcxpresso/tools/bin/../lib/gcc/arm-none-eabi/4.8.4/../../../../arm-none-eabi/lib/armv7-m\libc.a(lib_a-printf.o)
                              ./src/tasks/joystick_controller.o (printf)
c:/nxp/lpcxpresso_7.4.0_229/lpcxpresso/tools/bin/../lib/gcc/arm-none-eabi/4.8.4/../../../../arm-none-eabi/lib/armv7-m\libc.a(lib_a-vfprintf.o)
                              c:/nxp/lpcxpresso_7.4.0_229/lpcxpresso/tools/bin/../lib/gcc/arm-none-eabi/4.8.4/../../../../arm-none-eabi/lib/armv7-m\libc.a(lib_a-printf.o) (_vfprintf_r)
c:/nxp/lpcxpresso_7.4.0_229/lpcxpresso/tools/bin/../lib/gcc/arm-none-eabi/4.8.4/../../../../arm-none-eabi/lib/armv7-m\libc.a(lib_a-wsetup.o)
                              c:/nxp/lpcxpresso_7.4.0_229/lpcxpresso/tools/bin/../lib/gcc/arm-none-eabi/4.8.4/../../../../arm-none-eabi/lib/armv7-m\libc.a(lib_a-vfprintf.o) (__swsetup_r)
c:/nxp/lpcxpresso_7.4.0_229/lpcxpresso/tools/bin/../lib/gcc/arm-none-eabi/4.8.4/../../../../arm-none-eabi/lib/armv7-m\libc.a(lib_a-dtoa.o)
                              c:/nxp/lpcxpresso_7.4.0_229/lpcxpresso/tools/bin/../lib/gcc/arm-none-eabi/4.8.4/../../../../arm-none-eabi/lib/armv7-m\libc.a(lib_a-vfprintf.o) (_dtoa_r)
c:/nxp/lpcxpresso_7.4.0_229/lpcxpresso/tools/bin/../lib/gcc/arm-none-eabi/4.8.4/../../../../arm-none-eabi/lib/armv7-m\libc.a(lib_a-fflush.o)
                              c:/nxp/lpcxpresso_7.4.0_229/lpcxpresso/tools/bin/../lib/gcc/arm-none-eabi/4.8.4/../../../../arm-none-eabi/lib/armv7-m\libc.a(lib_a-vfprintf.o) (_fflush_r)
c:/nxp/lpcxpresso_7.4.0_229/lpcxpresso/tools/bin/../lib/gcc/arm-none-eabi/4.8.4/../../../../arm-none-eabi/lib/armv7-m\libc.a(lib_a-findfp.o)
                              c:/nxp/lpcxpresso_7.4.0_229/lpcxpresso/tools/bin/../lib/gcc/arm-none-eabi/4.8.4/../../../../arm-none-eabi/lib/armv7-m\libc.a(lib_a-vfprintf.o) (__sinit)
[...]
Memory Configuration

Name             Origin             Length             Attributes
MFlash512        0x00000000         0x00080000         xr
RamLoc32         0x10000000         0x00008000         xrw
RamAHB32         0x2007c000         0x00008000         xrw
*default*        0x00000000         0xffffffff

Linker script and memory map

LOAD ./src/tasks/joystick_controller.o
LOAD ./src/tasks/rgb_update.o
LOAD ./src/tasks/rotary_encoder.o
LOAD ./src/tasks/seven_segment_display.o
LOAD ./src/system/cr_startup_lpc17.o
LOAD ./src/scheduler/ttc_scheduler_o.o
LOAD ./src/main/main.o
LOAD Z:\LPC\Workspace2\Lib_CMSISv1p30_LPC17xx\Debug\libCMSISv1p30_LPC17xx.a
LOAD Z:\LPC\Workspace2\Lib_EaBaseBoard\Debug\libLib_EaBaseBoard.a
LOAD Z:\LPC\Workspace2\Lib_MCU\Debug\libLib_MCU.a
START GROUP
LOAD c:/nxp/lpcxpresso_7.4.0_229/lpcxpresso/tools/bin/../lib/gcc/arm-none-eabi/4.8.4/armv7-m\libgcc.a
LOAD c:/nxp/lpcxpresso_7.4.0_229/lpcxpresso/tools/bin/../lib/gcc/arm-none-eabi/4.8.4/../../../../arm-none-eabi/lib/armv7-m\libc.a
LOAD c:/nxp/lpcxpresso_7.4.0_229/lpcxpresso/tools/bin/../lib/gcc/arm-none-eabi/4.8.4/../../../../arm-none-eabi/lib/armv7-m\libm.a
LOAD c:/nxp/lpcxpresso_7.4.0_229/lpcxpresso/tools/bin/../lib/gcc/arm-none-eabi/4.8.4/../../../../arm-none-eabi/lib/armv7-m\libcr_newlib_semihost.a
END GROUP
                0x00080000                __top_MFlash512 = 0x80000
                0x10008000                __top_RamLoc32 = 0x10008000
                0x20084000                __top_RamAHB32 = 0x20084000

.text           0x00000000     0x6ca8
 FILL mask 0xff
                0x00000000                __vectors_start__ = ABSOLUTE (.)
 *(.isr_vector)
 .isr_vector    0x00000000       0xcc ./src/system/cr_startup_lpc17.o
                0x00000000                g_pfnVectors
                0x000000cc                . = ALIGN (0x4)
                0x000000cc                __section_table_start = .
                0x000000cc                __data_section_table = .
                0x000000cc        0x4 LONG 0x6cb0 LOADADDR (.data)
                0x000000d0        0x4 LONG 0x10000000 ADDR (.data)
                0x000000d4        0x4 LONG 0x8a4 SIZEOF (.data)
                0x000000d8        0x4 LONG 0x6cb0 LOADADDR (.data_RAM2)
                0x000000dc        0x4 LONG 0x2007c000 ADDR (.data_RAM2)
                0x000000e0        0x4 LONG 0x0 SIZEOF (.data_RAM2)
                0x000000e4                __data_section_table_end = .
                0x000000e4                __bss_section_table = .
                0x000000e4        0x4 LONG 0x100008a4 ADDR (.bss)
                0x000000e8        0x4 LONG 0x128 SIZEOF (.bss)
                0x000000ec        0x4 LONG 0x2007c000 ADDR (.bss_RAM2)
                0x000000f0        0x4 LONG 0x0 SIZEOF (.bss_RAM2)
                0x000000f4                __bss_section_table_end = .
                0x000000f4                __section_table_end = .
 *(.after_vectors*)
 *(.text*)
 .text.Joystick_Init
                0x000000f4        0xc ./src/tasks/joystick_controller.o
                0x000000f4                Joystick_Init
 .text.Joystick_Update
                0x00000100       0xdc ./src/tasks/joystick_controller.o
                0x00000100                Joystick_Update
 .text.RGB_Init
                0x000001dc       0x24 ./src/tasks/rgb_update.o
                0x000001dc                RGB_Init
 .text.Flip_Colour
                0x00000200       0x2c ./src/tasks/rgb_update.o
                0x00000200                Flip_Colour
 .text.Blue_Flip
                0x0000022c        0xc ./src/tasks/rgb_update.o
                0x0000022c                Blue_Flip
 .text.On_Colour
                0x00000238       0x2c ./src/tasks/rgb_update.o
                0x00000238                On_Colour
 .text.Red_On   0x00000264        0xc ./src/tasks/rgb_update.o
                0x00000264                Red_On
 .text.Red_Off  0x00000270        0xc ./src/tasks/rgb_update.o
                0x00000270                Red_Off
 .text.Green_On
                0x0000027c        0xc ./src/tasks/rgb_update.o
                0x0000027c                Green_On
 .text.Green_Off
                0x00000288        0xc ./src/tasks/rgb_update.o
                0x00000288                Green_Off
 .text.Off_Colour
                0x00000294       0x34 ./src/tasks/rgb_update.o
                0x00000294                Off_Colour
 .text.RGB_Update
                0x000002c8       0x84 ./src/tasks/rgb_update.o
                0x000002c8                RGB_Update
 .text.Rotary_Update
                0x0000034c       0xb0 ./src/tasks/rotary_encoder.o
                0x0000034c                Rotary_Update
 .text.SSD_Init
                0x000003fc        0xc ./src/tasks/seven_segment_display.o
                0x000003fc                SSD_Init
 .text.SSD_Update
                0x00000408       0x5c ./src/tasks/seven_segment_display.o
                0x00000408                SSD_Update
 .text.ResetISR
                0x00000464       0x5c ./src/system/cr_startup_lpc17.o
                0x00000464                ResetISR
 .text.NMI_Handler
                0x000004c0        0x8 ./src/system/cr_startup_lpc17.o
                0x000004c0                NMI_Handler
 .text.HardFault_Handler
                0x000004c8        0x8 ./src/system/cr_startup_lpc17.o
                0x000004c8                HardFault_Handler
 .text.MemManage_Handler
                0x000004d0        0x8 ./src/system/cr_startup_lpc17.o
                0x000004d0                MemManage_Handler
 .text.BusFault_Handler
                0x000004d8        0x8 ./src/system/cr_startup_lpc17.o
                0x000004d8                BusFault_Handler
 .text.UsageFault_Handler
                0x000004e0        0x8 ./src/system/cr_startup_lpc17.o
                0x000004e0                UsageFault_Handler
 .text.SVCall_Handler
                0x000004e8        0x8 ./src/system/cr_startup_lpc17.o
                0x000004e8                SVCall_Handler
 .text.DebugMon_Handler
                0x000004f0        0x8 ./src/system/cr_startup_lpc17.o
                0x000004f0                DebugMon_Handler
 .text.PendSV_Handler
                0x000004f8        0x8 ./src/system/cr_startup_lpc17.o
                0x000004f8                PendSV_Handler
 .text.IntDefaultHandler
                0x00000500        0x8 ./src/system/cr_startup_lpc17.o
                0x00000500                TIMER2_IRQHandler
                0x00000500                RIT_IRQHandler
                0x00000500                I2C0_IRQHandler
                0x00000500                USBActivity_IRQHandler
                0x00000500                PWM1_IRQHandler
                0x00000500                I2C1_IRQHandler
                0x00000500                EINT2_IRQHandler
                0x00000500                UART1_IRQHandler
                0x00000500                EINT3_IRQHandler
                0x00000500                CANActivity_IRQHandler
                0x00000500                TIMER3_IRQHandler
                0x00000500                UART0_IRQHandler
                0x00000500                IntDefaultHandler
                0x00000500                PLL0_IRQHandler
                0x00000500                CAN_IRQHandler
                0x00000500                PLL1_IRQHandler
                0x00000500                SSP0_IRQHandler
                0x00000500                I2S_IRQHandler
                0x00000500                I2C2_IRQHandler
                0x00000500                RTC_IRQHandler
                0x00000500                TIMER0_IRQHandler
                0x00000500                SPI_IRQHandler
                0x00000500                EINT1_IRQHandler
                0x00000500                TIMER1_IRQHandler
                0x00000500                UART2_IRQHandler
                0x00000500                ADC_IRQHandler
                0x00000500                SSP1_IRQHandler
                0x00000500                USB_IRQHandler
                0x00000500                BOD_IRQHandler
                0x00000500                WDT_IRQHandler
                0x00000500                QEI_IRQHandler
                0x00000500                EINT0_IRQHandler
                0x00000500                DMA_IRQHandler
                0x00000500                UART3_IRQHandler
                0x00000500                MCPWM_IRQHandler
                0x00000500                ENET_IRQHandler
 .text.__enable_irq
                0x00000508       0x10 ./src/scheduler/ttc_scheduler_o.o
 .text.__disable_irq
                0x00000518       0x10 ./src/scheduler/ttc_scheduler_o.o
 .text.__WFI    0x00000528       0x10 ./src/scheduler/ttc_scheduler_o.o
 .text.NVIC_SetPriority
                0x00000538       0x54 ./src/scheduler/ttc_scheduler_o.o
 .text.SysTick_Config
                0x0000058c       0x44 ./src/scheduler/ttc_scheduler_o.o
 .text.SCH_Init
                0x000005d0       0x64 ./src/scheduler/ttc_scheduler_o.o
                0x000005d0                SCH_Init
 .text.SCH_Start
                0x00000634       0x28 ./src/scheduler/ttc_scheduler_o.o
                0x00000634                SCH_Start
 .text.SysTick_Handler
                0x0000065c       0x30 ./src/scheduler/ttc_scheduler_o.o
                0x0000065c                SysTick_Handler
 .text.SCH_Dispatch_Tasks
                0x0000068c      0x10c ./src/scheduler/ttc_scheduler_o.o
                0x0000068c                SCH_Dispatch_Tasks
 .text.SCH_Add_Task
                0x00000798       0x7c ./src/scheduler/ttc_scheduler_o.o
                0x00000798                SCH_Add_Task
 .text.SCH_Delete_Task
                0x00000814       0x70 ./src/scheduler/ttc_scheduler_o.o
                0x00000814                SCH_Delete_Task
 .text.SCH_Go_To_Sleep
                0x00000884        0xc ./src/scheduler/ttc_scheduler_o.o
 .text.main     0x00000890       0xc8 ./src/main/main.o
                0x00000890                main
 .text.check_failed
                0x00000958        0xc ./src/main/main.o
                0x00000958                check_failed
 .text.SystemInit
                0x00000964       0xec Z:\LPC\Workspace2\Lib_CMSISv1p30_LPC17xx\Debug\libCMSISv1p30_LPC17xx.a(system_LPC17xx.o)
                0x00000964                SystemInit
 .text.joystick_init
                0x00000a50       0x1c Z:\LPC\Workspace2\Lib_EaBaseBoard\Debug\libLib_EaBaseBoard.a(joystick.o)
                0x00000a50                joystick_init
 .text.joystick_read
                0x00000a6c       0x48 Z:\LPC\Workspace2\Lib_EaBaseBoard\Debug\libLib_EaBaseBoard.a(joystick.o)
                0x00000a6c                joystick_read
 .text.led7seg_init
                0x00000ab4       0x18 Z:\LPC\Workspace2\Lib_EaBaseBoard\Debug\libLib_EaBaseBoard.a(led7seg.o)
                0x00000ab4                led7seg_init
 .text.led7seg_setChar
                0x00000acc       0x5c Z:\LPC\Workspace2\Lib_EaBaseBoard\Debug\libLib_EaBaseBoard.a(led7seg.o)
                0x00000acc                led7seg_setChar
 .text.rgb_init
                0x00000b28       0x24 Z:\LPC\Workspace2\Lib_EaBaseBoard\Debug\libLib_EaBaseBoard.a(rgb.o)
                0x00000b28                rgb_init
 .text.rgb_setLeds
                0x00000b4c       0x54 Z:\LPC\Workspace2\Lib_EaBaseBoard\Debug\libLib_EaBaseBoard.a(rgb.o)
                0x00000b4c                rgb_setLeds
 .text.rotary_read
                0x00000ba0       0x80 Z:\LPC\Workspace2\Lib_EaBaseBoard\Debug\libLib_EaBaseBoard.a(rotary.o)
                0x00000ba0                rotary_read
 .text.GPIO_GetPointer
                0x00000c20       0x3c Z:\LPC\Workspace2\Lib_MCU\Debug\libLib_MCU.a(lpc17xx_gpio.o)
 .text.GPIO_SetDir
                0x00000c5c       0x20 Z:\LPC\Workspace2\Lib_MCU\Debug\libLib_MCU.a(lpc17xx_gpio.o)
                0x00000c5c                GPIO_SetDir
 .text.GPIO_SetValue
                0x00000c7c       0x10 Z:\LPC\Workspace2\Lib_MCU\Debug\libLib_MCU.a(lpc17xx_gpio.o)
                0x00000c7c                GPIO_SetValue
 .text.GPIO_ClearValue
                0x00000c8c       0x10 Z:\LPC\Workspace2\Lib_MCU\Debug\libLib_MCU.a(lpc17xx_gpio.o)
                0x00000c8c                GPIO_ClearValue
 .text.GPIO_ReadValue
                0x00000c9c       0x10 Z:\LPC\Workspace2\Lib_MCU\Debug\libLib_MCU.a(lpc17xx_gpio.o)
                0x00000c9c                GPIO_ReadValue
 .text.set_PinFunc
                0x00000cac       0x38 Z:\LPC\Workspace2\Lib_MCU\Debug\libLib_MCU.a(lpc17xx_pinsel.o)
 .text.set_ResistorMode
                0x00000ce4       0x34 Z:\LPC\Workspace2\Lib_MCU\Debug\libLib_MCU.a(lpc17xx_pinsel.o)
 .text.set_OpenDrainMode
                0x00000d18       0x30 Z:\LPC\Workspace2\Lib_MCU\Debug\libLib_MCU.a(lpc17xx_pinsel.o)
 .text.PINSEL_ConfigPin
                0x00000d48       0x24 Z:\LPC\Workspace2\Lib_MCU\Debug\libLib_MCU.a(lpc17xx_pinsel.o)
                0x00000d48                PINSEL_ConfigPin
 .text.setSSPclock
                0x00000d6c       0x84 Z:\LPC\Workspace2\Lib_MCU\Debug\libLib_MCU.a(lpc17xx_ssp.o)
 .text.SSP_Init
                0x00000df0       0x70 Z:\LPC\Workspace2\Lib_MCU\Debug\libLib_MCU.a(lpc17xx_ssp.o)
                0x00000df0                SSP_Init
 .text.SSP_GetDataSize
                0x00000e60       0x2c Z:\LPC\Workspace2\Lib_MCU\Debug\libLib_MCU.a(lpc17xx_ssp.o)
                0x00000e60                SSP_GetDataSize
 .text.SSP_ConfigStructInit
                0x00000e8c       0x18 Z:\LPC\Workspace2\Lib_MCU\Debug\libLib_MCU.a(lpc17xx_ssp.o)
                0x00000e8c                SSP_ConfigStructInit
 .text.SSP_Cmd  0x00000ea4       0x48 Z:\LPC\Workspace2\Lib_MCU\Debug\libLib_MCU.a(lpc17xx_ssp.o)
                0x00000ea4                SSP_Cmd
 .text.SSP_SendData
                0x00000eec       0x2c Z:\LPC\Workspace2\Lib_MCU\Debug\libLib_MCU.a(lpc17xx_ssp.o)
                0x00000eec                SSP_SendData
 .text.SSP_ReceiveData
                0x00000f18       0x2c Z:\LPC\Workspace2\Lib_MCU\Debug\libLib_MCU.a(lpc17xx_ssp.o)
                0x00000f18                SSP_ReceiveData
 .text.SSP_ReadWrite
                0x00000f44      0x204 Z:\LPC\Workspace2\Lib_MCU\Debug\libLib_MCU.a(lpc17xx_ssp.o)
                0x00000f44                SSP_ReadWrite
 .text.CLKPWR_GetPCLKSEL
                0x00001148       0x24 Z:\LPC\Workspace2\Lib_MCU\Debug\libLib_MCU.a(lpc17xx_clkpwr.o)
                0x00001148                CLKPWR_GetPCLKSEL
 .text.CLKPWR_GetPCLK
                0x0000116c       0x28 Z:\LPC\Workspace2\Lib_MCU\Debug\libLib_MCU.a(lpc17xx_clkpwr.o)
                0x0000116c                CLKPWR_GetPCLK
 .text.CLKPWR_ConfigPPWR
                0x00001194       0x34 Z:\LPC\Workspace2\Lib_MCU\Debug\libLib_MCU.a(lpc17xx_clkpwr.o)
                0x00001194                CLKPWR_ConfigPPWR
 .text          0x000011c8      0x370 c:/nxp/lpcxpresso_7.4.0_229/lpcxpresso/tools/bin/../lib/gcc/arm-none-eabi/4.8.4/armv7-m\libgcc.a(_arm_addsubdf3.o)
                0x000011c8                __aeabi_drsub
                0x000011d0                __aeabi_dsub
                0x000011d0                __subdf3
                0x000011d4                __aeabi_dadd
                0x000011d4                __adddf3
                0x0000144c                __floatunsidf
                0x0000144c                __aeabi_ui2d
                0x0000146c                __floatsidf
                0x0000146c                __aeabi_i2d
                0x00001490                __aeabi_f2d
                0x00001490                __extendsfdf2
                0x000014cc                __floatundidf
                0x000014cc                __aeabi_ul2d
                0x000014dc                __floatdidf
                0x000014dc                __aeabi_l2d
 .text          0x00001538      0x110 c:/nxp/lpcxpresso_7.4.0_229/lpcxpresso/tools/bin/../lib/gcc/arm-none-eabi/4.8.4/armv7-m\libgcc.a(_arm_cmpdf2.o)
                0x00001538                __gtdf2
                0x00001538                __gedf2
                0x00001540                __ltdf2
                0x00001540                __ledf2
                0x00001548                __nedf2
                0x00001548                __eqdf2
                0x00001548                __cmpdf2
                0x000015c4                __aeabi_cdrcmple
                0x000015d4                __aeabi_cdcmpeq
                0x000015d4                __aeabi_cdcmple
                0x000015e4                __aeabi_dcmpeq
                0x000015f8                __aeabi_dcmplt
                0x0000160c                __aeabi_dcmple
                0x00001620                __aeabi_dcmpge
                0x00001634                __aeabi_dcmpgt
 .text          0x00001648       0x2c c:/nxp/lpcxpresso_7.4.0_229/lpcxpresso/tools/bin/../lib/gcc/arm-none-eabi/4.8.4/armv7-m\libgcc.a(_aeabi_uldivmod.o)
                0x00001648                __aeabi_uldivmod
 .text          0x00001674       0x60 c:/nxp/lpcxpresso_7.4.0_229/lpcxpresso/tools/bin/../lib/gcc/arm-none-eabi/4.8.4/armv7-m\libgcc.a(bpabi.o)
                0x00001674                __gnu_ldivmod_helper
                0x000016a4                __gnu_uldivmod_helper
 .text          0x000016d4        0x4 c:/nxp/lpcxpresso_7.4.0_229/lpcxpresso/tools/bin/../lib/gcc/arm-none-eabi/4.8.4/armv7-m\libgcc.a(_dvmd_tls.o)
                0x000016d4                __aeabi_idiv0
                0x000016d4                __aeabi_ldiv0
 .text          0x000016d8      0x2a0 c:/nxp/lpcxpresso_7.4.0_229/lpcxpresso/tools/bin/../lib/gcc/arm-none-eabi/4.8.4/armv7-m\libgcc.a(_divdi3.o)
                0x000016d8                __divdi3
 .text          0x00001978      0x290 c:/nxp/lpcxpresso_7.4.0_229/lpcxpresso/tools/bin/../lib/gcc/arm-none-eabi/4.8.4/armv7-m\libgcc.a(_udivdi3.o)
                0x00001978                __udivdi3
 .text.printf   0x00001c08       0x28 c:/nxp/lpcxpresso_7.4.0_229/lpcxpresso/tools/bin/../lib/gcc/arm-none-eabi/4.8.4/../../../../arm-none-eabi/lib/armv7-m\libc.a(lib_a-printf.o)
                0x00001c08                printf
 .text._vfprintf_r
                0x00001c30     0x1524 c:/nxp/lpcxpresso_7.4.0_229/lpcxpresso/tools/bin/../lib/gcc/arm-none-eabi/4.8.4/../../../../arm-none-eabi/lib/armv7-m\libc.a(lib_a-vfprintf.o)
                0x00001c30                _vfprintf_r
 .text.__sbprintf
                0x00003154       0x7c c:/nxp/lpcxpresso_7.4.0_229/lpcxpresso/tools/bin/../lib/gcc/arm-none-eabi/4.8.4/../../../../arm-none-eabi/lib/armv7-m\libc.a(lib_a-vfprintf.o)
 .text.__swsetup_r
                0x000031d0       0xc4 c:/nxp/lpcxpresso_7.4.0_229/lpcxpresso/tools/bin/../lib/gcc/arm-none-eabi/4.8.4/../../../../arm-none-eabi/lib/armv7-m\libc.a(lib_a-wsetup.o)
                0x000031d0                __swsetup_r
 .text.quorem   0x00003294      0x134 c:/nxp/lpcxpresso_7.4.0_229/lpcxpresso/tools/bin/../lib/gcc/arm-none-eabi/4.8.4/../../../../arm-none-eabi/lib/armv7-m\libc.a(lib_a-dtoa.o)
 .text._dtoa_r  0x000033c8      0xe38 c:/nxp/lpcxpresso_7.4.0_229/lpcxpresso/tools/bin/../lib/gcc/arm-none-eabi/4.8.4/../../../../arm-none-eabi/lib/armv7-m\libc.a(lib_a-dtoa.o)
                0x000033c8                _dtoa_r
 .text.__sflush_r
                0x00004200      0x148 c:/nxp/lpcxpresso_7.4.0_229/lpcxpresso/tools/bin/../lib/gcc/arm-none-eabi/4.8.4/../../../../arm-none-eabi/lib/armv7-m\libc.a(lib_a-fflush.o)
                0x00004200                __sflush_r
 .text._fflush_r
                0x00004348       0x2c c:/nxp/lpcxpresso_7.4.0_229/lpcxpresso/tools/bin/../lib/gcc/arm-none-eabi/4.8.4/../../../../arm-none-eabi/lib/armv7-m\libc.a(lib_a-fflush.o)
                0x00004348                _fflush_r
 .text._cleanup_r
                0x00004374        0xc c:/nxp/lpcxpresso_7.4.0_229/lpcxpresso/tools/bin/../lib/gcc/arm-none-eabi/4.8.4/../../../../arm-none-eabi/lib/armv7-m\libc.a(lib_a-findfp.o)
                0x00004374                _cleanup_r
 .text.__sinit  0x00004380       0xf4 c:/nxp/lpcxpresso_7.4.0_229/lpcxpresso/tools/bin/../lib/gcc/arm-none-eabi/4.8.4/../../../../arm-none-eabi/lib/armv7-m\libc.a(lib_a-findfp.o)
                0x00004380                __sinit
 .text.__sfp_lock_acquire
                0x00004474        0x4 c:/nxp/lpcxpresso_7.4.0_229/lpcxpresso/tools/bin/../lib/gcc/arm-none-eabi/4.8.4/../../../../arm-none-eabi/lib/armv7-m\libc.a(lib_a-findfp.o)
                0x00004474                __sfp_lock_acquire
 .text.__sfp_lock_release
                0x00004478        0x4 c:/nxp/lpcxpresso_7.4.0_229/lpcxpresso/tools/bin/../lib/gcc/arm-none-eabi/4.8.4/../../../../arm-none-eabi/lib/armv7-m\libc.a(lib_a-findfp.o)
                0x00004478                __sfp_lock_release
 .text._malloc_trim_r
                0x0000447c       0x9c c:/nxp/lpcxpresso_7.4.0_229/lpcxpresso/tools/bin/../lib/gcc/arm-none-eabi/4.8.4/../../../../arm-none-eabi/lib/armv7-m\libc.a(lib_a-freer.o)
                0x0000447c                _malloc_trim_r
 .text._free_r  0x00004518      0x198 c:/nxp/lpcxpresso_7.4.0_229/lpcxpresso/tools/bin/../lib/gcc/arm-none-eabi/4.8.4/../../../../arm-none-eabi/lib/armv7-m\libc.a(lib_a-freer.o)
                0x00004518                _free_r
 .text._fwalk   0x000046b0       0x48 c:/nxp/lpcxpresso_7.4.0_229/lpcxpresso/tools/bin/../lib/gcc/arm-none-eabi/4.8.4/../../../../arm-none-eabi/lib/armv7-m\libc.a(lib_a-fwalk.o)
                0x000046b0                _fwalk
 .text.__locale_charset
                0x000046f8        0x8 c:/nxp/lpcxpresso_7.4.0_229/lpcxpresso/tools/bin/../lib/gcc/arm-none-eabi/4.8.4/../../../../arm-none-eabi/lib/armv7-m\libc.a(lib_a-locale.o)
                0x000046f8                __locale_charset
 .text.__locale_mb_cur_max
                0x00004700        0xc c:/nxp/lpcxpresso_7.4.0_229/lpcxpresso/tools/bin/../lib/gcc/arm-none-eabi/4.8.4/../../../../arm-none-eabi/lib/armv7-m\libc.a(lib_a-locale.o)
                0x00004700                __locale_mb_cur_max
 .text._localeconv_r
                0x0000470c        0x8 c:/nxp/lpcxpresso_7.4.0_229/lpcxpresso/tools/bin/../lib/gcc/arm-none-eabi/4.8.4/../../../../arm-none-eabi/lib/armv7-m\libc.a(lib_a-locale.o)
                0x0000470c                _localeconv_r
 .text.__smakebuf_r
                0x00004714       0xe0 c:/nxp/lpcxpresso_7.4.0_229/lpcxpresso/tools/bin/../lib/gcc/arm-none-eabi/4.8.4/../../../../arm-none-eabi/lib/armv7-m\libc.a(lib_a-makebuf.o)
                0x00004714                __smakebuf_r
 .text._malloc_r
                0x000047f4      0x538 c:/nxp/lpcxpresso_7.4.0_229/lpcxpresso/tools/bin/../lib/gcc/arm-none-eabi/4.8.4/../../../../arm-none-eabi/lib/armv7-m\libc.a(lib_a-mallocr.o)
                0x000047f4                _malloc_r
 .text.memchr   0x00004d2c       0x94 c:/nxp/lpcxpresso_7.4.0_229/lpcxpresso/tools/bin/../lib/gcc/arm-none-eabi/4.8.4/../../../../arm-none-eabi/lib/armv7-m\libc.a(lib_a-memchr-stub.o)
                0x00004d2c                memchr
 .text          0x00004dc0       0xec c:/nxp/lpcxpresso_7.4.0_229/lpcxpresso/tools/bin/../lib/gcc/arm-none-eabi/4.8.4/../../../../arm-none-eabi/lib/armv7-m\libc.a(lib_a-memcpy.o)
                0x00004dc0                memcpy
 .text.memset   0x00004eac       0x94 c:/nxp/lpcxpresso_7.4.0_229/lpcxpresso/tools/bin/../lib/gcc/arm-none-eabi/4.8.4/../../../../arm-none-eabi/lib/armv7-m\libc.a(lib_a-memset.o)
                0x00004eac                memset
 .text.__malloc_lock
                0x00004f40        0x4 c:/nxp/lpcxpresso_7.4.0_229/lpcxpresso/tools/bin/../lib/gcc/arm-none-eabi/4.8.4/../../../../arm-none-eabi/lib/armv7-m\libc.a(lib_a-mlock.o)
                0x00004f40                __malloc_lock
 .text.__malloc_unlock
                0x00004f44        0x4 c:/nxp/lpcxpresso_7.4.0_229/lpcxpresso/tools/bin/../lib/gcc/arm-none-eabi/4.8.4/../../../../arm-none-eabi/lib/armv7-m\libc.a(lib_a-mlock.o)
                0x00004f44                __malloc_unlock
 .text._Balloc  0x00004f48       0x4c c:/nxp/lpcxpresso_7.4.0_229/lpcxpresso/tools/bin/../lib/gcc/arm-none-eabi/4.8.4/../../../../arm-none-eabi/lib/armv7-m\libc.a(lib_a-mprec.o)
                0x00004f48                _Balloc
 .text._Bfree   0x00004f94       0x14 c:/nxp/lpcxpresso_7.4.0_229/lpcxpresso/tools/bin/../lib/gcc/arm-none-eabi/4.8.4/../../../../arm-none-eabi/lib/armv7-m\libc.a(lib_a-mprec.o)
                0x00004f94                _Bfree
 .text.__multadd
                0x00004fa8       0x94 c:/nxp/lpcxpresso_7.4.0_229/lpcxpresso/tools/bin/../lib/gcc/arm-none-eabi/4.8.4/../../../../arm-none-eabi/lib/armv7-m\libc.a(lib_a-mprec.o)
                0x00004fa8                __multadd
 .text.__hi0bits
                0x0000503c       0x40 c:/nxp/lpcxpresso_7.4.0_229/lpcxpresso/tools/bin/../lib/gcc/arm-none-eabi/4.8.4/../../../../arm-none-eabi/lib/armv7-m\libc.a(lib_a-mprec.o)
                0x0000503c                __hi0bits
 .text.__lo0bits
                0x0000507c       0x5c c:/nxp/lpcxpresso_7.4.0_229/lpcxpresso/tools/bin/../lib/gcc/arm-none-eabi/4.8.4/../../../../arm-none-eabi/lib/armv7-m\libc.a(lib_a-mprec.o)
                0x0000507c                __lo0bits
 .text.__i2b    0x000050d8       0x14 c:/nxp/lpcxpresso_7.4.0_229/lpcxpresso/tools/bin/../lib/gcc/arm-none-eabi/4.8.4/../../../../arm-none-eabi/lib/armv7-m\libc.a(lib_a-mprec.o)
                0x000050d8                __i2b
 .text.__multiply
                0x000050ec      0x13c c:/nxp/lpcxpresso_7.4.0_229/lpcxpresso/tools/bin/../lib/gcc/arm-none-eabi/4.8.4/../../../../arm-none-eabi/lib/armv7-m\libc.a(lib_a-mprec.o)
                0x000050ec                __multiply
 .text.__pow5mult
                0x00005228       0x9c c:/nxp/lpcxpresso_7.4.0_229/lpcxpresso/tools/bin/../lib/gcc/arm-none-eabi/4.8.4/../../../../arm-none-eabi/lib/armv7-m\libc.a(lib_a-mprec.o)
                0x00005228                __pow5mult
 .text.__lshift
                0x000052c4       0xbc c:/nxp/lpcxpresso_7.4.0_229/lpcxpresso/tools/bin/../lib/gcc/arm-none-eabi/4.8.4/../../../../arm-none-eabi/lib/armv7-m\libc.a(lib_a-mprec.o)
                0x000052c4                __lshift
 .text.__mcmp   0x00005380       0x48 c:/nxp/lpcxpresso_7.4.0_229/lpcxpresso/tools/bin/../lib/gcc/arm-none-eabi/4.8.4/../../../../arm-none-eabi/lib/armv7-m\libc.a(lib_a-mprec.o)
                0x00005380                __mcmp
 .text.__mdiff  0x000053c8       0xd8 c:/nxp/lpcxpresso_7.4.0_229/lpcxpresso/tools/bin/../lib/gcc/arm-none-eabi/4.8.4/../../../../arm-none-eabi/lib/armv7-m\libc.a(lib_a-mprec.o)
                0x000053c8                __mdiff
 .text.__d2b    0x000054a0       0xbc c:/nxp/lpcxpresso_7.4.0_229/lpcxpresso/tools/bin/../lib/gcc/arm-none-eabi/4.8.4/../../../../arm-none-eabi/lib/armv7-m\libc.a(lib_a-mprec.o)
                0x000054a0                __d2b
 .text.__fpclassifyd
                0x0000555c       0x50 c:/nxp/lpcxpresso_7.4.0_229/lpcxpresso/tools/bin/../lib/gcc/arm-none-eabi/4.8.4/../../../../arm-none-eabi/lib/armv7-m\libc.a(lib_a-s_fpclassify.o)
                0x0000555c                __fpclassifyd
 .text._sbrk_r  0x000055ac       0x24 c:/nxp/lpcxpresso_7.4.0_229/lpcxpresso/tools/bin/../lib/gcc/arm-none-eabi/4.8.4/../../../../arm-none-eabi/lib/armv7-m\libc.a(lib_a-sbrkr.o)
                0x000055ac                _sbrk_r
 .text.__sread  0x000055d0       0x24 c:/nxp/lpcxpresso_7.4.0_229/lpcxpresso/tools/bin/../lib/gcc/arm-none-eabi/4.8.4/../../../../arm-none-eabi/lib/armv7-m\libc.a(lib_a-stdio.o)
                0x000055d0                __sread
 .text.__swrite
                0x000055f4       0x38 c:/nxp/lpcxpresso_7.4.0_229/lpcxpresso/tools/bin/../lib/gcc/arm-none-eabi/4.8.4/../../../../arm-none-eabi/lib/armv7-m\libc.a(lib_a-stdio.o)
                0x000055f4                __swrite
 .text.__sseek  0x0000562c       0x20 c:/nxp/lpcxpresso_7.4.0_229/lpcxpresso/tools/bin/../lib/gcc/arm-none-eabi/4.8.4/../../../../arm-none-eabi/lib/armv7-m\libc.a(lib_a-stdio.o)
                0x0000562c                __sseek
 .text.__sclose
                0x0000564c        0x8 c:/nxp/lpcxpresso_7.4.0_229/lpcxpresso/tools/bin/../lib/gcc/arm-none-eabi/4.8.4/../../../../arm-none-eabi/lib/armv7-m\libc.a(lib_a-stdio.o)
                0x0000564c                __sclose
 .text.strlen   0x00005654       0x60 c:/nxp/lpcxpresso_7.4.0_229/lpcxpresso/tools/bin/../lib/gcc/arm-none-eabi/4.8.4/../../../../arm-none-eabi/lib/armv7-m\libc.a(lib_a-strlen.o)
                0x00005654                strlen
 .text.__sprint_r.part.0
                0x000056b4       0x78 c:/nxp/lpcxpresso_7.4.0_229/lpcxpresso/tools/bin/../lib/gcc/arm-none-eabi/4.8.4/../../../../arm-none-eabi/lib/armv7-m\libc.a(lib_a-vfiprintf.o)
 .text.__sprint_r
                0x0000572c       0x18 c:/nxp/lpcxpresso_7.4.0_229/lpcxpresso/tools/bin/../lib/gcc/arm-none-eabi/4.8.4/../../../../arm-none-eabi/lib/armv7-m\libc.a(lib_a-vfiprintf.o)
                0x0000572c                __sprint_r
 .text._write_r
                0x00005744       0x28 c:/nxp/lpcxpresso_7.4.0_229/lpcxpresso/tools/bin/../lib/gcc/arm-none-eabi/4.8.4/../../../../arm-none-eabi/lib/armv7-m\libc.a(lib_a-writer.o)
                0x00005744                _write_r
 .text._calloc_r
                0x0000576c       0x60 c:/nxp/lpcxpresso_7.4.0_229/lpcxpresso/tools/bin/../lib/gcc/arm-none-eabi/4.8.4/../../../../arm-none-eabi/lib/armv7-m\libc.a(lib_a-callocr.o)
                0x0000576c                _calloc_r
 .text._close_r
                0x000057cc       0x24 c:/nxp/lpcxpresso_7.4.0_229/lpcxpresso/tools/bin/../lib/gcc/arm-none-eabi/4.8.4/../../../../arm-none-eabi/lib/armv7-m\libc.a(lib_a-closer.o)
                0x000057cc                _close_r
 .text._fclose_r
                0x000057f0       0x80 c:/nxp/lpcxpresso_7.4.0_229/lpcxpresso/tools/bin/../lib/gcc/arm-none-eabi/4.8.4/../../../../arm-none-eabi/lib/armv7-m\libc.a(lib_a-fclose.o)
                0x000057f0                _fclose_r
 .text.fclose   0x00005870       0x10 c:/nxp/lpcxpresso_7.4.0_229/lpcxpresso/tools/bin/../lib/gcc/arm-none-eabi/4.8.4/../../../../arm-none-eabi/lib/armv7-m\libc.a(lib_a-fclose.o)
                0x00005870                fclose
 .text._fputwc_r
                0x00005880       0xc0 c:/nxp/lpcxpresso_7.4.0_229/lpcxpresso/tools/bin/../lib/gcc/arm-none-eabi/4.8.4/../../../../arm-none-eabi/lib/armv7-m\libc.a(lib_a-fputwc.o)
                0x00005880                _fputwc_r
 .text._fstat_r
                0x00005940       0x28 c:/nxp/lpcxpresso_7.4.0_229/lpcxpresso/tools/bin/../lib/gcc/arm-none-eabi/4.8.4/../../../../arm-none-eabi/lib/armv7-m\libc.a(lib_a-fstatr.o)
                0x00005940                _fstat_r
 .text.__sfvwrite_r
                0x00005968      0x318 c:/nxp/lpcxpresso_7.4.0_229/lpcxpresso/tools/bin/../lib/gcc/arm-none-eabi/4.8.4/../../../../arm-none-eabi/lib/armv7-m\libc.a(lib_a-fvwrite.o)
                0x00005968                __sfvwrite_r
 .text._isatty_r
                0x00005c80       0x24 c:/nxp/lpcxpresso_7.4.0_229/lpcxpresso/tools/bin/../lib/gcc/arm-none-eabi/4.8.4/../../../../arm-none-eabi/lib/armv7-m\libc.a(lib_a-isattyr.o)
                0x00005c80                _isatty_r
 .text._lseek_r
                0x00005ca4       0x28 c:/nxp/lpcxpresso_7.4.0_229/lpcxpresso/tools/bin/../lib/gcc/arm-none-eabi/4.8.4/../../../../arm-none-eabi/lib/armv7-m\libc.a(lib_a-lseekr.o)
                0x00005ca4                _lseek_r
 .text.memmove  0x00005ccc       0xcc c:/nxp/lpcxpresso_7.4.0_229/lpcxpresso/tools/bin/../lib/gcc/arm-none-eabi/4.8.4/../../../../arm-none-eabi/lib/armv7-m\libc.a(lib_a-memmove.o)
                0x00005ccc                memmove
 .text._read_r  0x00005d98       0x28 c:/nxp/lpcxpresso_7.4.0_229/lpcxpresso/tools/bin/../lib/gcc/arm-none-eabi/4.8.4/../../../../arm-none-eabi/lib/armv7-m\libc.a(lib_a-readr.o)
                0x00005d98                _read_r
 .text._realloc_r
                0x00005dc0      0x3c0 c:/nxp/lpcxpresso_7.4.0_229/lpcxpresso/tools/bin/../lib/gcc/arm-none-eabi/4.8.4/../../../../arm-none-eabi/lib/armv7-m\libc.a(lib_a-reallocr.o)
                0x00005dc0                _realloc_r
 .text.__swbuf_r
                0x00006180       0xa8 c:/nxp/lpcxpresso_7.4.0_229/lpcxpresso/tools/bin/../lib/gcc/arm-none-eabi/4.8.4/../../../../arm-none-eabi/lib/armv7-m\libc.a(lib_a-wbuf.o)
                0x00006180                __swbuf_r
 .text._wcrtomb_r
                0x00006228       0x50 c:/nxp/lpcxpresso_7.4.0_229/lpcxpresso/tools/bin/../lib/gcc/arm-none-eabi/4.8.4/../../../../arm-none-eabi/lib/armv7-m\libc.a(lib_a-wcrtomb.o)
                0x00006228                _wcrtomb_r
 .text.__ascii_wctomb
                0x00006278       0x1c c:/nxp/lpcxpresso_7.4.0_229/lpcxpresso/tools/bin/../lib/gcc/arm-none-eabi/4.8.4/../../../../arm-none-eabi/lib/armv7-m\libc.a(lib_a-wctomb_r.o)
                0x00006278                __ascii_wctomb
 .text._sbrk    0x00006294       0x3c c:/nxp/lpcxpresso_7.4.0_229/lpcxpresso/tools/bin/../lib/gcc/arm-none-eabi/4.8.4/../../../../arm-none-eabi/lib/armv7-m\libcr_newlib_semihost.a(_cr_sbrk.o)
                0x00006294                _sbrk
 .text.error    0x000062d0       0x1c c:/nxp/lpcxpresso_7.4.0_229/lpcxpresso/tools/bin/../lib/gcc/arm-none-eabi/4.8.4/../../../../arm-none-eabi/lib/armv7-m\libcr_newlib_semihost.a(syscalls.o)
 .text.initialise_monitor_handles.part.0
                0x000062ec       0xa0 c:/nxp/lpcxpresso_7.4.0_229/lpcxpresso/tools/bin/../lib/gcc/arm-none-eabi/4.8.4/../../../../arm-none-eabi/lib/armv7-m\libcr_newlib_semihost.a(syscalls.o)
 .text.checkerror
                0x0000638c        0xa c:/nxp/lpcxpresso_7.4.0_229/lpcxpresso/tools/bin/../lib/gcc/arm-none-eabi/4.8.4/../../../../arm-none-eabi/lib/armv7-m\libcr_newlib_semihost.a(syscalls.o)
 *fill*         0x00006396        0x2 
 .text.findslot
                0x00006398       0x30 c:/nxp/lpcxpresso_7.4.0_229/lpcxpresso/tools/bin/../lib/gcc/arm-none-eabi/4.8.4/../../../../arm-none-eabi/lib/armv7-m\libcr_newlib_semihost.a(syscalls.o)
 .text._swiread
                0x000063c8       0x20 c:/nxp/lpcxpresso_7.4.0_229/lpcxpresso/tools/bin/../lib/gcc/arm-none-eabi/4.8.4/../../../../arm-none-eabi/lib/armv7-m\libcr_newlib_semihost.a(syscalls.o)
                0x000063c8                _swiread
 .text._read    0x000063e8       0x34 c:/nxp/lpcxpresso_7.4.0_229/lpcxpresso/tools/bin/../lib/gcc/arm-none-eabi/4.8.4/../../../../arm-none-eabi/lib/armv7-m\libcr_newlib_semihost.a(syscalls.o)
                0x000063e8                _read
 .text._swilseek
                0x0000641c       0x7e c:/nxp/lpcxpresso_7.4.0_229/lpcxpresso/tools/bin/../lib/gcc/arm-none-eabi/4.8.4/../../../../arm-none-eabi/lib/armv7-m\libcr_newlib_semihost.a(syscalls.o)
                0x0000641c                _swilseek
 .text._lseek   0x0000649a        0x4 c:/nxp/lpcxpresso_7.4.0_229/lpcxpresso/tools/bin/../lib/gcc/arm-none-eabi/4.8.4/../../../../arm-none-eabi/lib/armv7-m\libcr_newlib_semihost.a(syscalls.o)
                0x0000649a                _lseek
 .text._swiwrite
                0x0000649e       0x20 c:/nxp/lpcxpresso_7.4.0_229/lpcxpresso/tools/bin/../lib/gcc/arm-none-eabi/4.8.4/../../../../arm-none-eabi/lib/armv7-m\libcr_newlib_semihost.a(syscalls.o)
                0x0000649e                _swiwrite
 .text._write   0x000064be       0x42 c:/nxp/lpcxpresso_7.4.0_229/lpcxpresso/tools/bin/../lib/gcc/arm-none-eabi/4.8.4/../../../../arm-none-eabi/lib/armv7-m\libcr_newlib_semihost.a(syscalls.o)
                0x000064be                _write
 .text._swiclose
                0x00006500       0x1c c:/nxp/lpcxpresso_7.4.0_229/lpcxpresso/tools/bin/../lib/gcc/arm-none-eabi/4.8.4/../../../../arm-none-eabi/lib/armv7-m\libcr_newlib_semihost.a(syscalls.o)
                0x00006500                _swiclose
 .text._close   0x0000651c       0x48 c:/nxp/lpcxpresso_7.4.0_229/lpcxpresso/tools/bin/../lib/gcc/arm-none-eabi/4.8.4/../../../../arm-none-eabi/lib/armv7-m\libcr_newlib_semihost.a(syscalls.o)
                0x0000651c                _close
 .text._swistat
                0x00006564       0x42 c:/nxp/lpcxpresso_7.4.0_229/lpcxpresso/tools/bin/../lib/gcc/arm-none-eabi/4.8.4/../../../../arm-none-eabi/lib/armv7-m\libcr_newlib_semihost.a(syscalls.o)
                0x00006564                _swistat
 .text._fstat   0x000065a6       0x1c c:/nxp/lpcxpresso_7.4.0_229/lpcxpresso/tools/bin/../lib/gcc/arm-none-eabi/4.8.4/../../../../arm-none-eabi/lib/armv7-m\libcr_newlib_semihost.a(syscalls.o)
                0x000065a6                _fstat
 .text._isatty  0x000065c2       0x2a c:/nxp/lpcxpresso_7.4.0_229/lpcxpresso/tools/bin/../lib/gcc/arm-none-eabi/4.8.4/../../../../arm-none-eabi/lib/armv7-m\libcr_newlib_semihost.a(syscalls.o)
                0x000065c2                _isatty
 .text.__check_heap_overflow
                0x000065ec       0x18 c:/nxp/lpcxpresso_7.4.0_229/lpcxpresso/tools/bin/../lib/gcc/arm-none-eabi/4.8.4/../../../../arm-none-eabi/lib/armv7-m\libcr_newlib_semihost.a(_cr_check_heap.o)
                0x000065ec                __check_heap_overflow
 .text          0x00006604      0x424 c:/nxp/lpcxpresso_7.4.0_229/lpcxpresso/tools/bin/../lib/gcc/arm-none-eabi/4.8.4/armv7-m\libgcc.a(_arm_muldivdf3.o)
                0x00006604                __aeabi_dmul
                0x00006604                __muldf3
                0x00006858                __divdf3
                0x00006858                __aeabi_ddiv
 .text          0x00006a28       0x50 c:/nxp/lpcxpresso_7.4.0_229/lpcxpresso/tools/bin/../lib/gcc/arm-none-eabi/4.8.4/armv7-m\libgcc.a(_arm_fixdfsi.o)
                0x00006a28                __aeabi_d2iz
                0x00006a28                __fixdfsi
 .text.__errno  0x00006a78        0xc c:/nxp/lpcxpresso_7.4.0_229/lpcxpresso/tools/bin/../lib/gcc/arm-none-eabi/4.8.4/../../../../arm-none-eabi/lib/armv7-m\libc.a(lib_a-errno.o)
                0x00006a78                __errno
 *(.rodata .rodata.* .constdata .constdata.*)
 .rodata        0x00006a84       0x28 ./src/tasks/joystick_controller.o
 .rodata        0x00006aac       0x10 ./src/tasks/rotary_encoder.o
 .rodata        0x00006abc       0x50 Z:\LPC\Workspace2\Lib_EaBaseBoard\Debug\libLib_EaBaseBoard.a(led7seg.o)
 .rodata.str1.4
                0x00006b0c       0x15 Z:\LPC\Workspace2\Lib_MCU\Debug\libLib_MCU.a(lpc17xx_ssp.o)
                                 0x18 (size before relaxing)
 *fill*         0x00006b21        0x3 
 .rodata.blanks.6777
                0x00006b24       0x10 c:/nxp/lpcxpresso_7.4.0_229/lpcxpresso/tools/bin/../lib/gcc/arm-none-eabi/4.8.4/../../../../arm-none-eabi/lib/armv7-m\libc.a(lib_a-vfprintf.o)
 .rodata.str1.4
                0x00006b34       0x42 c:/nxp/lpcxpresso_7.4.0_229/lpcxpresso/tools/bin/../lib/gcc/arm-none-eabi/4.8.4/../../../../arm-none-eabi/lib/armv7-m\libc.a(lib_a-vfprintf.o)
                                 0x44 (size before relaxing)
 *fill*         0x00006b76        0x2 
 .rodata.zeroes.6778
                0x00006b78       0x10 c:/nxp/lpcxpresso_7.4.0_229/lpcxpresso/tools/bin/../lib/gcc/arm-none-eabi/4.8.4/../../../../arm-none-eabi/lib/armv7-m\libc.a(lib_a-vfprintf.o)
 .rodata.str1.4
                0x00006b88       0x10 c:/nxp/lpcxpresso_7.4.0_229/lpcxpresso/tools/bin/../lib/gcc/arm-none-eabi/4.8.4/../../../../arm-none-eabi/lib/armv7-m\libc.a(lib_a-dtoa.o)
                                 0x14 (size before relaxing)
 .rodata.str1.4
                0x00006b98        0x2 c:/nxp/lpcxpresso_7.4.0_229/lpcxpresso/tools/bin/../lib/gcc/arm-none-eabi/4.8.4/../../../../arm-none-eabi/lib/armv7-m\libc.a(lib_a-impure.o)
                                  0x4 (size before relaxing)
 *fill*         0x00006b9a        0x2 
 .rodata.str1.4
                0x00006b9c        0xc c:/nxp/lpcxpresso_7.4.0_229/lpcxpresso/tools/bin/../lib/gcc/arm-none-eabi/4.8.4/../../../../arm-none-eabi/lib/armv7-m\libc.a(lib_a-locale.o)
                                 0x14 (size before relaxing)
 .rodata.__mprec_tens
                0x00006ba8       0xc8 c:/nxp/lpcxpresso_7.4.0_229/lpcxpresso/tools/bin/../lib/gcc/arm-none-eabi/4.8.4/../../../../arm-none-eabi/lib/armv7-m\libc.a(lib_a-mprec.o)
                0x00006ba8                __mprec_tens
 .rodata.__mprec_bigtens
                0x00006c70       0x28 c:/nxp/lpcxpresso_7.4.0_229/lpcxpresso/tools/bin/../lib/gcc/arm-none-eabi/4.8.4/../../../../arm-none-eabi/lib/armv7-m\libc.a(lib_a-mprec.o)
                0x00006c70                __mprec_bigtens
 .rodata.p05.5269
                0x00006c98        0xc c:/nxp/lpcxpresso_7.4.0_229/lpcxpresso/tools/bin/../lib/gcc/arm-none-eabi/4.8.4/../../../../arm-none-eabi/lib/armv7-m\libc.a(lib_a-mprec.o)
 .rodata.str1.1
                0x00006ca4        0x4 c:/nxp/lpcxpresso_7.4.0_229/lpcxpresso/tools/bin/../lib/gcc/arm-none-eabi/4.8.4/../../../../arm-none-eabi/lib/armv7-m\libcr_newlib_semihost.a(syscalls.o)
                0x00006ca8                . = ALIGN (0x4)

.glue_7         0x00006ca8        0x0
 .glue_7        0x00000000        0x0 linker stubs

.glue_7t        0x00006ca8        0x0
 .glue_7t       0x00000000        0x0 linker stubs

.vfp11_veneer   0x00006ca8        0x0
 .vfp11_veneer  0x00000000        0x0 linker stubs

.v4_bx          0x00006ca8        0x0
 .v4_bx         0x00000000        0x0 linker stubs

.iplt           0x00006ca8        0x0
 .iplt          0x00000000        0x0 ./src/tasks/joystick_controller.o

.ARM.extab
 *(.ARM.extab* .gnu.linkonce.armextab.*)
                0x00006ca8                __exidx_start = .

.ARM.exidx      0x00006ca8        0x8
 *(.ARM.exidx* .gnu.linkonce.armexidx.*)
 .ARM.exidx     0x00006ca8        0x8 c:/nxp/lpcxpresso_7.4.0_229/lpcxpresso/tools/bin/../lib/gcc/arm-none-eabi/4.8.4/armv7-m\libgcc.a(_divdi3.o)
 .ARM.exidx     0x00006cb0        0x0 c:/nxp/lpcxpresso_7.4.0_229/lpcxpresso/tools/bin/../lib/gcc/arm-none-eabi/4.8.4/armv7-m\libgcc.a(_udivdi3.o)
                                  0x8 (size before relaxing)
                0x00006cb0                __exidx_end = .
                0x00006cb0                _etext = .

.rel.dyn        0x00006cb0        0x0
 .rel.iplt      0x00000000        0x0 ./src/tasks/joystick_controller.o

.data_RAM2      0x2007c000        0x0 load address 0x00006cb0
 FILL mask 0xff
 *(.ramfunc.$RAM2)
 *(.ramfunc.$RamAHB32)
 *(.data.$RAM2*)
 *(.data.$RamAHB32*)
                0x2007c000                . = ALIGN (0x4)

.uninit_RESERVED
                0x10000000        0x0
 *(.bss.$RESERVED*)
                0x10000000                . = ALIGN (0x4)
                0x10000000                _end_uninit_RESERVED = .

.data           0x10000000      0x8a4 load address 0x00006cb0
 FILL mask 0xff
                0x10000000                _data = .
 *(vtable)
 *(.ramfunc*)
 *(.data*)
 .data          0x10000000        0x2 ./src/tasks/rgb_update.o
                0x10000000                green_period
                0x10000001                red_period
 .data          0x10000002        0x2 ./src/tasks/seven_segment_display.o
                0x10000002                period
                0x10000003                ssd_state
 .data          0x10000004        0x4 Z:\LPC\Workspace2\Lib_CMSISv1p30_LPC17xx\Debug\libCMSISv1p30_LPC17xx.a(system_LPC17xx.o)
                0x10000004                SystemCoreClock
 .data.impure_data
                0x10000008      0x428 c:/nxp/lpcxpresso_7.4.0_229/lpcxpresso/tools/bin/../lib/gcc/arm-none-eabi/4.8.4/../../../../arm-none-eabi/lib/armv7-m\libc.a(lib_a-impure.o)
 .data._impure_ptr
                0x10000430        0x4 c:/nxp/lpcxpresso_7.4.0_229/lpcxpresso/tools/bin/../lib/gcc/arm-none-eabi/4.8.4/../../../../arm-none-eabi/lib/armv7-m\libc.a(lib_a-impure.o)
                0x10000430                _impure_ptr
 .data.lconv    0x10000434       0x38 c:/nxp/lpcxpresso_7.4.0_229/lpcxpresso/tools/bin/../lib/gcc/arm-none-eabi/4.8.4/../../../../arm-none-eabi/lib/armv7-m\libc.a(lib_a-locale.o)
 .data.lc_ctype_charset
                0x1000046c       0x20 c:/nxp/lpcxpresso_7.4.0_229/lpcxpresso/tools/bin/../lib/gcc/arm-none-eabi/4.8.4/../../../../arm-none-eabi/lib/armv7-m\libc.a(lib_a-locale.o)
 .data.__mb_cur_max
                0x1000048c        0x4 c:/nxp/lpcxpresso_7.4.0_229/lpcxpresso/tools/bin/../lib/gcc/arm-none-eabi/4.8.4/../../../../arm-none-eabi/lib/armv7-m\libc.a(lib_a-locale.o)
                0x1000048c                __mb_cur_max
 .data.__malloc_av_
                0x10000490      0x408 c:/nxp/lpcxpresso_7.4.0_229/lpcxpresso/tools/bin/../lib/gcc/arm-none-eabi/4.8.4/../../../../arm-none-eabi/lib/armv7-m\libc.a(lib_a-mallocr.o)
                0x10000490                __malloc_av_
 .data.__malloc_trim_threshold
                0x10000898        0x4 c:/nxp/lpcxpresso_7.4.0_229/lpcxpresso/tools/bin/../lib/gcc/arm-none-eabi/4.8.4/../../../../arm-none-eabi/lib/armv7-m\libc.a(lib_a-mallocr.o)
                0x10000898                __malloc_trim_threshold
 .data.__malloc_sbrk_base
                0x1000089c        0x4 c:/nxp/lpcxpresso_7.4.0_229/lpcxpresso/tools/bin/../lib/gcc/arm-none-eabi/4.8.4/../../../../arm-none-eabi/lib/armv7-m\libc.a(lib_a-mallocr.o)
                0x1000089c                __malloc_sbrk_base
 .data.__wctomb
                0x100008a0        0x4 c:/nxp/lpcxpresso_7.4.0_229/lpcxpresso/tools/bin/../lib/gcc/arm-none-eabi/4.8.4/../../../../arm-none-eabi/lib/armv7-m\libc.a(lib_a-wctomb_r.o)
                0x100008a0                __wctomb
                0x100008a4                . = ALIGN (0x4)
                0x100008a4                _edata = .

.igot.plt       0x100008a4        0x0 load address 0x00007554
 .igot.plt      0x00000000        0x0 ./src/tasks/joystick_controller.o

.bss_RAM2       0x2007c000        0x0
 *(.bss.$RAM2*)
 *(.bss.$RamAHB32*)
                0x2007c000                . = ALIGN (0x4)

.bss            0x100008a4      0x128
                0x100008a4                _bss = .
 *(.bss*)
 .bss           0x100008a4        0x4 ./src/tasks/rgb_update.o
                0x100008a5                rgb_state
                0x100008a6                green_count
                0x100008a7                red_count
 .bss           0x100008a8        0x1 ./src/tasks/seven_segment_display.o
                0x100008a8                count
 *fill*         0x100008a9        0x3 
 .bss           0x100008ac        0x8 ./src/scheduler/ttc_scheduler_o.o
 .bss.__malloc_max_total_mem
                0x100008b4        0x4 c:/nxp/lpcxpresso_7.4.0_229/lpcxpresso/tools/bin/../lib/gcc/arm-none-eabi/4.8.4/../../../../arm-none-eabi/lib/armv7-m\libc.a(lib_a-mallocr.o)
                0x100008b4                __malloc_max_total_mem
 .bss.__malloc_max_sbrked_mem
                0x100008b8        0x4 c:/nxp/lpcxpresso_7.4.0_229/lpcxpresso/tools/bin/../lib/gcc/arm-none-eabi/4.8.4/../../../../arm-none-eabi/lib/armv7-m\libc.a(lib_a-mallocr.o)
                0x100008b8                __malloc_max_sbrked_mem
 .bss.__malloc_top_pad
                0x100008bc        0x4 c:/nxp/lpcxpresso_7.4.0_229/lpcxpresso/tools/bin/../lib/gcc/arm-none-eabi/4.8.4/../../../../arm-none-eabi/lib/armv7-m\libc.a(lib_a-mallocr.o)
                0x100008bc                __malloc_top_pad
 .bss.__malloc_current_mallinfo
                0x100008c0       0x28 c:/nxp/lpcxpresso_7.4.0_229/lpcxpresso/tools/bin/../lib/gcc/arm-none-eabi/4.8.4/../../../../arm-none-eabi/lib/armv7-m\libc.a(lib_a-mallocr.o)
                0x100008c0                __malloc_current_mallinfo
 .bss.monitor_stdout
                0x100008e8        0x4 c:/nxp/lpcxpresso_7.4.0_229/lpcxpresso/tools/bin/../lib/gcc/arm-none-eabi/4.8.4/../../../../arm-none-eabi/lib/armv7-m\libcr_newlib_semihost.a(syscalls.o)
 .bss.initialized.5243
                0x100008ec        0x4 c:/nxp/lpcxpresso_7.4.0_229/lpcxpresso/tools/bin/../lib/gcc/arm-none-eabi/4.8.4/../../../../arm-none-eabi/lib/armv7-m\libcr_newlib_semihost.a(syscalls.o)
 .bss.monitor_stdin
                0x100008f0        0x4 c:/nxp/lpcxpresso_7.4.0_229/lpcxpresso/tools/bin/../lib/gcc/arm-none-eabi/4.8.4/../../../../arm-none-eabi/lib/armv7-m\libcr_newlib_semihost.a(syscalls.o)
 .bss.monitor_stderr
                0x100008f4        0x4 c:/nxp/lpcxpresso_7.4.0_229/lpcxpresso/tools/bin/../lib/gcc/arm-none-eabi/4.8.4/../../../../arm-none-eabi/lib/armv7-m\libcr_newlib_semihost.a(syscalls.o)
 .bss.openfiles
                0x100008f8       0x28 c:/nxp/lpcxpresso_7.4.0_229/lpcxpresso/tools/bin/../lib/gcc/arm-none-eabi/4.8.4/../../../../arm-none-eabi/lib/armv7-m\libcr_newlib_semihost.a(syscalls.o)
 *(COMMON)
 COMMON         0x10000920       0xa4 ./src/scheduler/ttc_scheduler_o.o
                0x10000920                Error_code_G
                0x10000924                SCH_tasks_G
 COMMON         0x100009c4        0x4 c:/nxp/lpcxpresso_7.4.0_229/lpcxpresso/tools/bin/../lib/gcc/arm-none-eabi/4.8.4/../../../../arm-none-eabi/lib/armv7-m\libc.a(lib_a-reent.o)
                0x100009c4                errno
 COMMON         0x100009c8        0x4 c:/nxp/lpcxpresso_7.4.0_229/lpcxpresso/tools/bin/../lib/gcc/arm-none-eabi/4.8.4/../../../../arm-none-eabi/lib/armv7-m\libcr_newlib_semihost.a(_cr_sbrk.o)
                0x100009c8                __end_of_heap
                0x100009cc                . = ALIGN (0x4)
                0x100009cc                _ebss = .
                0x100009cc                PROVIDE (end, .)

.noinit_RAM2    0x2007c000        0x0
 *(.noinit.$RAM2*)
 *(.noinit.$RamAHB32*)
                0x2007c000                . = ALIGN (0x4)

.noinit         0x100009cc        0x0
                0x100009cc                _noinit = .
 *(.noinit*)
                0x100009cc                . = ALIGN (0x4)
                0x100009cc                _end_noinit = .
                0x100009cc                PROVIDE (_pvHeapStart, DEFINED (__user_heap_base)?__user_heap_base:.)
                0x10008000                PROVIDE (_vStackTop, DEFINED (__user_stack_top)?__user_stack_top:(__top_RamLoc32 - 0x0))
OUTPUT(hr121_excercise_two.axf elf32-littlearm)

.debug_info     0x00000000     0x5602
 .debug_info    0x00000000      0x140 ./src/tasks/joystick_controller.o
 .debug_info    0x00000140      0x1d6 ./src/tasks/rgb_update.o
 .debug_info    0x00000316       0xff ./src/tasks/rotary_encoder.o
 .debug_info    0x00000415      0x10f ./src/tasks/seven_segment_display.o
 .debug_info    0x00000524      0x1b1 ./src/system/cr_startup_lpc17.o
 .debug_info    0x000006d5      0x709 ./src/scheduler/ttc_scheduler_o.o
 .debug_info    0x00000dde      0x292 ./src/main/main.o
 .debug_info    0x00001070      0x2ee Z:\LPC\Workspace2\Lib_CMSISv1p30_LPC17xx\Debug\libCMSISv1p30_LPC17xx.a(system_LPC17xx.o)
 .debug_info    0x0000135e      0x19e Z:\LPC\Workspace2\Lib_EaBaseBoard\Debug\libLib_EaBaseBoard.a(joystick.o)
 .debug_info    0x000014fc      0x377 Z:\LPC\Workspace2\Lib_EaBaseBoard\Debug\libLib_EaBaseBoard.a(led7seg.o)
 .debug_info    0x00001873      0x21e Z:\LPC\Workspace2\Lib_EaBaseBoard\Debug\libLib_EaBaseBoard.a(rgb.o)
 .debug_info    0x00001a91      0x17f Z:\LPC\Workspace2\Lib_EaBaseBoard\Debug\libLib_EaBaseBoard.a(rotary.o)
 .debug_info    0x00001c10      0xe69 Z:\LPC\Workspace2\Lib_MCU\Debug\libLib_MCU.a(lpc17xx_gpio.o)
 .debug_info    0x00002a79      0x486 Z:\LPC\Workspace2\Lib_MCU\Debug\libLib_MCU.a(lpc17xx_pinsel.o)
 .debug_info    0x00002eff      0xbe7 Z:\LPC\Workspace2\Lib_MCU\Debug\libLib_MCU.a(lpc17xx_ssp.o)
 .debug_info    0x00003ae6      0x607 Z:\LPC\Workspace2\Lib_MCU\Debug\libLib_MCU.a(lpc17xx_clkpwr.o)
 .debug_info    0x000040ed      0x12d c:/nxp/lpcxpresso_7.4.0_229/lpcxpresso/tools/bin/../lib/gcc/arm-none-eabi/4.8.4/../../../../arm-none-eabi/lib/armv7-m\libcr_newlib_semihost.a(_cr_sbrk.o)
 .debug_info    0x0000421a     0x137e c:/nxp/lpcxpresso_7.4.0_229/lpcxpresso/tools/bin/../lib/gcc/arm-none-eabi/4.8.4/../../../../arm-none-eabi/lib/armv7-m\libcr_newlib_semihost.a(syscalls.o)
 .debug_info    0x00005598       0x6a c:/nxp/lpcxpresso_7.4.0_229/lpcxpresso/tools/bin/../lib/gcc/arm-none-eabi/4.8.4/../../../../arm-none-eabi/lib/armv7-m\libcr_newlib_semihost.a(_cr_check_heap.o)

.debug_abbrev   0x00000000     0x1811
 .debug_abbrev  0x00000000       0xb6 ./src/tasks/joystick_controller.o
 .debug_abbrev  0x000000b6       0x9b ./src/tasks/rgb_update.o
 .debug_abbrev  0x00000151       0xb6 ./src/tasks/rotary_encoder.o
 .debug_abbrev  0x00000207       0x91 ./src/tasks/seven_segment_display.o
 .debug_abbrev  0x00000298       0xb9 ./src/system/cr_startup_lpc17.o
 .debug_abbrev  0x00000351      0x23e ./src/scheduler/ttc_scheduler_o.o
 .debug_abbrev  0x0000058f      0x120 ./src/main/main.o
 .debug_abbrev  0x000006af       0xe6 Z:\LPC\Workspace2\Lib_CMSISv1p30_LPC17xx\Debug\libCMSISv1p30_LPC17xx.a(system_LPC17xx.o)
 .debug_abbrev  0x00000795       0xe8 Z:\LPC\Workspace2\Lib_EaBaseBoard\Debug\libLib_EaBaseBoard.a(joystick.o)
 .debug_abbrev  0x0000087d      0x172 Z:\LPC\Workspace2\Lib_EaBaseBoard\Debug\libLib_EaBaseBoard.a(led7seg.o)
 .debug_abbrev  0x000009ef       0xca Z:\LPC\Workspace2\Lib_EaBaseBoard\Debug\libLib_EaBaseBoard.a(rgb.o)
 .debug_abbrev  0x00000ab9       0xf7 Z:\LPC\Workspace2\Lib_EaBaseBoard\Debug\libLib_EaBaseBoard.a(rotary.o)
 .debug_abbrev  0x00000bb0      0x21b Z:\LPC\Workspace2\Lib_MCU\Debug\libLib_MCU.a(lpc17xx_gpio.o)
 .debug_abbrev  0x00000dcb      0x16e Z:\LPC\Workspace2\Lib_MCU\Debug\libLib_MCU.a(lpc17xx_pinsel.o)
 .debug_abbrev  0x00000f39      0x22d Z:\LPC\Workspace2\Lib_MCU\Debug\libLib_MCU.a(lpc17xx_ssp.o)
 .debug_abbrev  0x00001166      0x1b6 Z:\LPC\Workspace2\Lib_MCU\Debug\libLib_MCU.a(lpc17xx_clkpwr.o)
 .debug_abbrev  0x0000131c       0xf6 c:/nxp/lpcxpresso_7.4.0_229/lpcxpresso/tools/bin/../lib/gcc/arm-none-eabi/4.8.4/../../../../arm-none-eabi/lib/armv7-m\libcr_newlib_semihost.a(_cr_sbrk.o)
 .debug_abbrev  0x00001412      0x39d c:/nxp/lpcxpresso_7.4.0_229/lpcxpresso/tools/bin/../lib/gcc/arm-none-eabi/4.8.4/../../../../arm-none-eabi/lib/armv7-m\libcr_newlib_semihost.a(syscalls.o)
 .debug_abbrev  0x000017af       0x62 c:/nxp/lpcxpresso_7.4.0_229/lpcxpresso/tools/bin/../lib/gcc/arm-none-eabi/4.8.4/../../../../arm-none-eabi/lib/armv7-m\libcr_newlib_semihost.a(_cr_check_heap.o)

.debug_aranges  0x00000000      0x620
 .debug_aranges
                0x00000000       0x28 ./src/tasks/joystick_controller.o
 .debug_aranges
                0x00000028       0x68 ./src/tasks/rgb_update.o
 .debug_aranges
                0x00000090       0x28 ./src/tasks/rotary_encoder.o
 .debug_aranges
                0x000000b8       0x28 ./src/tasks/seven_segment_display.o
 .debug_aranges
                0x000000e0       0x70 ./src/system/cr_startup_lpc17.o
 .debug_aranges
                0x00000150       0x78 ./src/scheduler/ttc_scheduler_o.o
 .debug_aranges
                0x000001c8       0x28 ./src/main/main.o
 .debug_aranges
                0x000001f0       0x28 Z:\LPC\Workspace2\Lib_CMSISv1p30_LPC17xx\Debug\libCMSISv1p30_LPC17xx.a(system_LPC17xx.o)
 .debug_aranges
                0x00000218       0x28 Z:\LPC\Workspace2\Lib_EaBaseBoard\Debug\libLib_EaBaseBoard.a(joystick.o)
 .debug_aranges
                0x00000240       0x28 Z:\LPC\Workspace2\Lib_EaBaseBoard\Debug\libLib_EaBaseBoard.a(led7seg.o)
 .debug_aranges
                0x00000268       0x28 Z:\LPC\Workspace2\Lib_EaBaseBoard\Debug\libLib_EaBaseBoard.a(rgb.o)
 .debug_aranges
                0x00000290       0x28 Z:\LPC\Workspace2\Lib_EaBaseBoard\Debug\libLib_EaBaseBoard.a(rotary.o)
 .debug_aranges
                0x000002b8       0xf8 Z:\LPC\Workspace2\Lib_MCU\Debug\libLib_MCU.a(lpc17xx_gpio.o)
 .debug_aranges
                0x000003b0       0x48 Z:\LPC\Workspace2\Lib_MCU\Debug\libLib_MCU.a(lpc17xx_pinsel.o)
 .debug_aranges
                0x000003f8       0xa8 Z:\LPC\Workspace2\Lib_MCU\Debug\libLib_MCU.a(lpc17xx_ssp.o)
 .debug_aranges
                0x000004a0       0x58 Z:\LPC\Workspace2\Lib_MCU\Debug\libLib_MCU.a(lpc17xx_clkpwr.o)
 .debug_aranges
                0x000004f8       0x20 c:/nxp/lpcxpresso_7.4.0_229/lpcxpresso/tools/bin/../lib/gcc/arm-none-eabi/4.8.4/../../../../arm-none-eabi/lib/armv7-m\libcr_newlib_semihost.a(_cr_sbrk.o)
 .debug_aranges
                0x00000518       0xe8 c:/nxp/lpcxpresso_7.4.0_229/lpcxpresso/tools/bin/../lib/gcc/arm-none-eabi/4.8.4/../../../../arm-none-eabi/lib/armv7-m\libcr_newlib_semihost.a(syscalls.o)
 .debug_aranges
                0x00000600       0x20 c:/nxp/lpcxpresso_7.4.0_229/lpcxpresso/tools/bin/../lib/gcc/arm-none-eabi/4.8.4/../../../../arm-none-eabi/lib/armv7-m\libcr_newlib_semihost.a(_cr_check_heap.o)

.debug_ranges   0x00000000      0x618
 .debug_ranges  0x00000000       0x18 ./src/tasks/joystick_controller.o
 .debug_ranges  0x00000018       0x58 ./src/tasks/rgb_update.o
 .debug_ranges  0x00000070       0x18 ./src/tasks/rotary_encoder.o
 .debug_ranges  0x00000088       0x18 ./src/tasks/seven_segment_display.o
 .debug_ranges  0x000000a0       0x60 ./src/system/cr_startup_lpc17.o
 .debug_ranges  0x00000100       0x68 ./src/scheduler/ttc_scheduler_o.o
 .debug_ranges  0x00000168       0x18 ./src/main/main.o
 .debug_ranges  0x00000180       0x18 Z:\LPC\Workspace2\Lib_CMSISv1p30_LPC17xx\Debug\libCMSISv1p30_LPC17xx.a(system_LPC17xx.o)
 .debug_ranges  0x00000198       0x18 Z:\LPC\Workspace2\Lib_EaBaseBoard\Debug\libLib_EaBaseBoard.a(joystick.o)
 .debug_ranges  0x000001b0       0x18 Z:\LPC\Workspace2\Lib_EaBaseBoard\Debug\libLib_EaBaseBoard.a(led7seg.o)
 .debug_ranges  0x000001c8       0x18 Z:\LPC\Workspace2\Lib_EaBaseBoard\Debug\libLib_EaBaseBoard.a(rgb.o)
 .debug_ranges  0x000001e0       0x18 Z:\LPC\Workspace2\Lib_EaBaseBoard\Debug\libLib_EaBaseBoard.a(rotary.o)
 .debug_ranges  0x000001f8       0xe8 Z:\LPC\Workspace2\Lib_MCU\Debug\libLib_MCU.a(lpc17xx_gpio.o)
 .debug_ranges  0x000002e0       0x38 Z:\LPC\Workspace2\Lib_MCU\Debug\libLib_MCU.a(lpc17xx_pinsel.o)
 .debug_ranges  0x00000318       0x98 Z:\LPC\Workspace2\Lib_MCU\Debug\libLib_MCU.a(lpc17xx_ssp.o)
 .debug_ranges  0x000003b0       0x48 Z:\LPC\Workspace2\Lib_MCU\Debug\libLib_MCU.a(lpc17xx_clkpwr.o)
 .debug_ranges  0x000003f8       0x10 c:/nxp/lpcxpresso_7.4.0_229/lpcxpresso/tools/bin/../lib/gcc/arm-none-eabi/4.8.4/../../../../arm-none-eabi/lib/armv7-m\libcr_newlib_semihost.a(_cr_sbrk.o)
 .debug_ranges  0x00000408      0x200 c:/nxp/lpcxpresso_7.4.0_229/lpcxpresso/tools/bin/../lib/gcc/arm-none-eabi/4.8.4/../../../../arm-none-eabi/lib/armv7-m\libcr_newlib_semihost.a(syscalls.o)
 .debug_ranges  0x00000608       0x10 c:/nxp/lpcxpresso_7.4.0_229/lpcxpresso/tools/bin/../lib/gcc/arm-none-eabi/4.8.4/../../../../arm-none-eabi/lib/armv7-m\libcr_newlib_semihost.a(_cr_check_heap.o)

.debug_macro    0x00000000     0x3ea3
 .debug_macro   0x00000000       0x6d ./src/tasks/joystick_controller.o
 .debug_macro   0x0000006d      0x856 ./src/tasks/joystick_controller.o
 .debug_macro   0x000008c3       0x16 ./src/tasks/joystick_controller.o
 .debug_macro   0x000008d9       0x44 ./src/tasks/joystick_controller.o
 .debug_macro   0x0000091d      0x209 ./src/tasks/joystick_controller.o
 .debug_macro   0x00000b26       0x5e ./src/tasks/joystick_controller.o
 .debug_macro   0x00000b84       0x28 ./src/tasks/joystick_controller.o
 .debug_macro   0x00000bac       0x1c ./src/tasks/joystick_controller.o
 .debug_macro   0x00000bc8       0x6e ./src/tasks/rgb_update.o
 .debug_macro   0x00000c36       0x77 ./src/tasks/rotary_encoder.o
 .debug_macro   0x00000cad       0x1c ./src/tasks/rotary_encoder.o
 .debug_macro   0x00000cc9       0xa6 ./src/tasks/seven_segment_display.o
 .debug_macro   0x00000d6f       0x1c ./src/tasks/seven_segment_display.o
 .debug_macro   0x00000d8b       0x22 ./src/tasks/seven_segment_display.o
 .debug_macro   0x00000dad      0x7b7 ./src/tasks/seven_segment_display.o
 .debug_macro   0x00001564      0x2c7 ./src/tasks/seven_segment_display.o
 .debug_macro   0x0000182b       0x64 ./src/tasks/seven_segment_display.o
 .debug_macro   0x0000188f      0x140 ./src/tasks/seven_segment_display.o
 .debug_macro   0x000019cf       0x46 ./src/tasks/seven_segment_display.o
 .debug_macro   0x00001a15      0x2a6 ./src/tasks/seven_segment_display.o
 .debug_macro   0x00001cbb       0x58 ./src/system/cr_startup_lpc17.o
 .debug_macro   0x00001d13       0x9c ./src/scheduler/ttc_scheduler_o.o
 .debug_macro   0x00001daf       0x16 ./src/scheduler/ttc_scheduler_o.o
 .debug_macro   0x00001dc5       0x2e ./src/scheduler/ttc_scheduler_o.o
 .debug_macro   0x00001df3       0x28 ./src/scheduler/ttc_scheduler_o.o
 .debug_macro   0x00001e1b       0xdf ./src/main/main.o
 .debug_macro   0x00001efa       0x1c ./src/main/main.o
 .debug_macro   0x00001f16       0x22 ./src/main/main.o
 .debug_macro   0x00001f38      0x119 Z:\LPC\Workspace2\Lib_CMSISv1p30_LPC17xx\Debug\libCMSISv1p30_LPC17xx.a(system_LPC17xx.o)
 .debug_macro   0x00002051      0x850 Z:\LPC\Workspace2\Lib_CMSISv1p30_LPC17xx\Debug\libCMSISv1p30_LPC17xx.a(system_LPC17xx.o)
 .debug_macro   0x000028a1      0x7d5 Z:\LPC\Workspace2\Lib_CMSISv1p30_LPC17xx\Debug\libCMSISv1p30_LPC17xx.a(system_LPC17xx.o)
 .debug_macro   0x00003076       0x89 Z:\LPC\Workspace2\Lib_EaBaseBoard\Debug\libLib_EaBaseBoard.a(joystick.o)
 .debug_macro   0x000030ff       0x40 Z:\LPC\Workspace2\Lib_EaBaseBoard\Debug\libLib_EaBaseBoard.a(joystick.o)
 .debug_macro   0x0000313f       0x9f Z:\LPC\Workspace2\Lib_EaBaseBoard\Debug\libLib_EaBaseBoard.a(led7seg.o)
 .debug_macro   0x000031de       0x89 Z:\LPC\Workspace2\Lib_EaBaseBoard\Debug\libLib_EaBaseBoard.a(rgb.o)
 .debug_macro   0x00003267       0xb9 Z:\LPC\Workspace2\Lib_EaBaseBoard\Debug\libLib_EaBaseBoard.a(rotary.o)
 .debug_macro   0x00003320       0x89 Z:\LPC\Workspace2\Lib_MCU\Debug\libLib_MCU.a(lpc17xx_gpio.o)
 .debug_macro   0x000033a9       0xda Z:\LPC\Workspace2\Lib_MCU\Debug\libLib_MCU.a(lpc17xx_gpio.o)
 .debug_macro   0x00003483       0x80 Z:\LPC\Workspace2\Lib_MCU\Debug\libLib_MCU.a(lpc17xx_pinsel.o)
 .debug_macro   0x00003503       0x92 Z:\LPC\Workspace2\Lib_MCU\Debug\libLib_MCU.a(lpc17xx_ssp.o)
 .debug_macro   0x00003595      0x2a0 Z:\LPC\Workspace2\Lib_MCU\Debug\libLib_MCU.a(lpc17xx_ssp.o)
 .debug_macro   0x00003835      0x2fa Z:\LPC\Workspace2\Lib_MCU\Debug\libLib_MCU.a(lpc17xx_ssp.o)
 .debug_macro   0x00003b2f       0x80 Z:\LPC\Workspace2\Lib_MCU\Debug\libLib_MCU.a(lpc17xx_clkpwr.o)
 .debug_macro   0x00003baf      0x2f4 Z:\LPC\Workspace2\Lib_MCU\Debug\libLib_MCU.a(lpc17xx_clkpwr.o)

.debug_line     0x00000000     0x3856
 .debug_line    0x00000000      0x24f ./src/tasks/joystick_controller.o
 .debug_line    0x0000024f      0x2dc ./src/tasks/rgb_update.o
 .debug_line    0x0000052b      0x25c ./src/tasks/rotary_encoder.o
 .debug_line    0x00000787      0x2df ./src/tasks/seven_segment_display.o
 .debug_line    0x00000a66      0x2da ./src/system/cr_startup_lpc17.o
 .debug_line    0x00000d40      0x411 ./src/scheduler/ttc_scheduler_o.o
 .debug_line    0x00001151      0x38f ./src/main/main.o
 .debug_line    0x000014e0      0x277 Z:\LPC\Workspace2\Lib_CMSISv1p30_LPC17xx\Debug\libCMSISv1p30_LPC17xx.a(system_LPC17xx.o)
 .debug_line    0x00001757      0x294 Z:\LPC\Workspace2\Lib_EaBaseBoard\Debug\libLib_EaBaseBoard.a(joystick.o)
 .debug_line    0x000019eb      0x29e Z:\LPC\Workspace2\Lib_EaBaseBoard\Debug\libLib_EaBaseBoard.a(led7seg.o)
 .debug_line    0x00001c89      0x281 Z:\LPC\Workspace2\Lib_EaBaseBoard\Debug\libLib_EaBaseBoard.a(rgb.o)
 .debug_line    0x00001f0a      0x2aa Z:\LPC\Workspace2\Lib_EaBaseBoard\Debug\libLib_EaBaseBoard.a(rotary.o)
 .debug_line    0x000021b4      0x4e5 Z:\LPC\Workspace2\Lib_MCU\Debug\libLib_MCU.a(lpc17xx_gpio.o)
 .debug_line    0x00002699      0x2b2 Z:\LPC\Workspace2\Lib_MCU\Debug\libLib_MCU.a(lpc17xx_pinsel.o)
 .debug_line    0x0000294b      0x54e Z:\LPC\Workspace2\Lib_MCU\Debug\libLib_MCU.a(lpc17xx_ssp.o)
 .debug_line    0x00002e99      0x2fe Z:\LPC\Workspace2\Lib_MCU\Debug\libLib_MCU.a(lpc17xx_clkpwr.o)
 .debug_line    0x00003197      0x101 c:/nxp/lpcxpresso_7.4.0_229/lpcxpresso/tools/bin/../lib/gcc/arm-none-eabi/4.8.4/../../../../arm-none-eabi/lib/armv7-m\libcr_newlib_semihost.a(_cr_sbrk.o)
 .debug_line    0x00003298      0x571 c:/nxp/lpcxpresso_7.4.0_229/lpcxpresso/tools/bin/../lib/gcc/arm-none-eabi/4.8.4/../../../../arm-none-eabi/lib/armv7-m\libcr_newlib_semihost.a(syscalls.o)
 .debug_line    0x00003809       0x4d c:/nxp/lpcxpresso_7.4.0_229/lpcxpresso/tools/bin/../lib/gcc/arm-none-eabi/4.8.4/../../../../arm-none-eabi/lib/armv7-m\libcr_newlib_semihost.a(_cr_check_heap.o)

.debug_str      0x00000000     0xb86a
 .debug_str     0x00000000     0x2ffc ./src/tasks/joystick_controller.o
                               0x314e (size before relaxing)
 .debug_str     0x00002ffc       0xbe ./src/tasks/rgb_update.o
                               0x315c (size before relaxing)
 .debug_str     0x000030ba       0x89 ./src/tasks/rotary_encoder.o
                               0x311d (size before relaxing)
 .debug_str     0x00003143     0x571b ./src/tasks/seven_segment_display.o
                               0x877c (size before relaxing)
 .debug_str     0x0000885e      0x141 ./src/system/cr_startup_lpc17.o
                               0x2ff5 (size before relaxing)
 .debug_str     0x0000899f      0x5db ./src/scheduler/ttc_scheduler_o.o
                               0x7609 (size before relaxing)
 .debug_str     0x00008f7a       0xf2 ./src/main/main.o
                               0x897d (size before relaxing)
 .debug_str     0x0000906c      0x4c7 Z:\LPC\Workspace2\Lib_CMSISv1p30_LPC17xx\Debug\libCMSISv1p30_LPC17xx.a(system_LPC17xx.o)
                               0x727f (size before relaxing)
 .debug_str     0x00009533       0x84 Z:\LPC\Workspace2\Lib_EaBaseBoard\Debug\libLib_EaBaseBoard.a(joystick.o)
                               0x7301 (size before relaxing)
 .debug_str     0x000095b7      0x147 Z:\LPC\Workspace2\Lib_EaBaseBoard\Debug\libLib_EaBaseBoard.a(led7seg.o)
                               0x83d7 (size before relaxing)
 .debug_str     0x000096fe       0x2a Z:\LPC\Workspace2\Lib_EaBaseBoard\Debug\libLib_EaBaseBoard.a(rgb.o)
                               0x72be (size before relaxing)
 .debug_str     0x00009728       0x95 Z:\LPC\Workspace2\Lib_EaBaseBoard\Debug\libLib_EaBaseBoard.a(rotary.o)
                               0x7324 (size before relaxing)
 .debug_str     0x000097bd      0x57e Z:\LPC\Workspace2\Lib_MCU\Debug\libLib_MCU.a(lpc17xx_gpio.o)
                               0x77f2 (size before relaxing)
 .debug_str     0x00009d3b      0x20b Z:\LPC\Workspace2\Lib_MCU\Debug\libLib_MCU.a(lpc17xx_pinsel.o)
                               0x770e (size before relaxing)
 .debug_str     0x00009f46     0x13e2 Z:\LPC\Workspace2\Lib_MCU\Debug\libLib_MCU.a(lpc17xx_ssp.o)
                               0x96b1 (size before relaxing)
 .debug_str     0x0000b328       0xa4 Z:\LPC\Workspace2\Lib_MCU\Debug\libLib_MCU.a(lpc17xx_clkpwr.o)
                               0x847d (size before relaxing)
 .debug_str     0x0000b3cc      0x181 c:/nxp/lpcxpresso_7.4.0_229/lpcxpresso/tools/bin/../lib/gcc/arm-none-eabi/4.8.4/../../../../arm-none-eabi/lib/armv7-m\libcr_newlib_semihost.a(_cr_sbrk.o)
                                0x213 (size before relaxing)
 .debug_str     0x0000b54d      0x2f8 c:/nxp/lpcxpresso_7.4.0_229/lpcxpresso/tools/bin/../lib/gcc/arm-none-eabi/4.8.4/../../../../arm-none-eabi/lib/armv7-m\libcr_newlib_semihost.a(syscalls.o)
                                0x4d8 (size before relaxing)
 .debug_str     0x0000b845       0x25 c:/nxp/lpcxpresso_7.4.0_229/lpcxpresso/tools/bin/../lib/gcc/arm-none-eabi/4.8.4/../../../../arm-none-eabi/lib/armv7-m\libcr_newlib_semihost.a(_cr_check_heap.o)
                                0x161 (size before relaxing)

.comment        0x00000000       0x70
 .comment       0x00000000       0x70 ./src/tasks/joystick_controller.o
                                 0x71 (size before relaxing)
 .comment       0x00000000       0x71 ./src/tasks/rgb_update.o
 .comment       0x00000000       0x71 ./src/tasks/rotary_encoder.o
 .comment       0x00000000       0x71 ./src/tasks/seven_segment_display.o
 .comment       0x00000000       0x71 ./src/system/cr_startup_lpc17.o
 .comment       0x00000000       0x71 ./src/scheduler/ttc_scheduler_o.o
 .comment       0x00000000       0x71 ./src/main/main.o
 .comment       0x00000000       0x71 Z:\LPC\Workspace2\Lib_CMSISv1p30_LPC17xx\Debug\libCMSISv1p30_LPC17xx.a(system_LPC17xx.o)
 .comment       0x00000000       0x71 Z:\LPC\Workspace2\Lib_EaBaseBoard\Debug\libLib_EaBaseBoard.a(joystick.o)
 .comment       0x00000000       0x71 Z:\LPC\Workspace2\Lib_EaBaseBoard\Debug\libLib_EaBaseBoard.a(led7seg.o)
 .comment       0x00000000       0x71 Z:\LPC\Workspace2\Lib_EaBaseBoard\Debug\libLib_EaBaseBoard.a(rgb.o)
 .comment       0x00000000       0x71 Z:\LPC\Workspace2\Lib_EaBaseBoard\Debug\libLib_EaBaseBoard.a(rotary.o)
 .comment       0x00000000       0x71 Z:\LPC\Workspace2\Lib_MCU\Debug\libLib_MCU.a(lpc17xx_gpio.o)
 .comment       0x00000000       0x71 Z:\LPC\Workspace2\Lib_MCU\Debug\libLib_MCU.a(lpc17xx_pinsel.o)
 .comment       0x00000000       0x71 Z:\LPC\Workspace2\Lib_MCU\Debug\libLib_MCU.a(lpc17xx_ssp.o)
 .comment       0x00000000       0x71 Z:\LPC\Workspace2\Lib_MCU\Debug\libLib_MCU.a(lpc17xx_clkpwr.o)
 .comment       0x00000000       0x71 c:/nxp/lpcxpresso_7.4.0_229/lpcxpresso/tools/bin/../lib/gcc/arm-none-eabi/4.8.4/../../../../arm-none-eabi/lib/armv7-m\libcr_newlib_semihost.a(_cr_sbrk.o)
 .comment       0x00000000       0x71 c:/nxp/lpcxpresso_7.4.0_229/lpcxpresso/tools/bin/../lib/gcc/arm-none-eabi/4.8.4/../../../../arm-none-eabi/lib/armv7-m\libcr_newlib_semihost.a(syscalls.o)
 .comment       0x00000000       0x71 c:/nxp/lpcxpresso_7.4.0_229/lpcxpresso/tools/bin/../lib/gcc/arm-none-eabi/4.8.4/../../../../arm-none-eabi/lib/armv7-m\libcr_newlib_semihost.a(_cr_check_heap.o)

.ARM.attributes
                0x00000000       0x31
 .ARM.attributes
                0x00000000       0x33 ./src/tasks/joystick_controller.o
 .ARM.attributes
                0x00000033       0x33 ./src/tasks/rgb_update.o
 .ARM.attributes
                0x00000066       0x33 ./src/tasks/rotary_encoder.o
 .ARM.attributes
                0x00000099       0x33 ./src/tasks/seven_segment_display.o
 .ARM.attributes
                0x000000cc       0x33 ./src/system/cr_startup_lpc17.o
 .ARM.attributes
                0x000000ff       0x33 ./src/scheduler/ttc_scheduler_o.o
 .ARM.attributes
                0x00000132       0x33 ./src/main/main.o
 .ARM.attributes
                0x00000165       0x33 Z:\LPC\Workspace2\Lib_CMSISv1p30_LPC17xx\Debug\libCMSISv1p30_LPC17xx.a(system_LPC17xx.o)
 .ARM.attributes
                0x00000198       0x33 Z:\LPC\Workspace2\Lib_EaBaseBoard\Debug\libLib_EaBaseBoard.a(joystick.o)
 .ARM.attributes
                0x000001cb       0x33 Z:\LPC\Workspace2\Lib_EaBaseBoard\Debug\libLib_EaBaseBoard.a(led7seg.o)
 .ARM.attributes
                0x000001fe       0x33 Z:\LPC\Workspace2\Lib_EaBaseBoard\Debug\libLib_EaBaseBoard.a(rgb.o)
 .ARM.attributes
                0x00000231       0x33 Z:\LPC\Workspace2\Lib_EaBaseBoard\Debug\libLib_EaBaseBoard.a(rotary.o)
 .ARM.attributes
                0x00000264       0x33 Z:\LPC\Workspace2\Lib_MCU\Debug\libLib_MCU.a(lpc17xx_gpio.o)
 .ARM.attributes
                0x00000297       0x33 Z:\LPC\Workspace2\Lib_MCU\Debug\libLib_MCU.a(lpc17xx_pinsel.o)
 .ARM.attributes
                0x000002ca       0x33 Z:\LPC\Workspace2\Lib_MCU\Debug\libLib_MCU.a(lpc17xx_ssp.o)
 .ARM.attributes
                0x000002fd       0x33 Z:\LPC\Workspace2\Lib_MCU\Debug\libLib_MCU.a(lpc17xx_clkpwr.o)
 .ARM.attributes
                0x00000330       0x1d c:/nxp/lpcxpresso_7.4.0_229/lpcxpresso/tools/bin/../lib/gcc/arm-none-eabi/4.8.4/armv7-m\libgcc.a(_arm_addsubdf3.o)
 .ARM.attributes
                0x0000034d       0x1d c:/nxp/lpcxpresso_7.4.0_229/lpcxpresso/tools/bin/../lib/gcc/arm-none-eabi/4.8.4/armv7-m\libgcc.a(_arm_cmpdf2.o)
 .ARM.attributes
                0x0000036a       0x1d c:/nxp/lpcxpresso_7.4.0_229/lpcxpresso/tools/bin/../lib/gcc/arm-none-eabi/4.8.4/armv7-m\libgcc.a(_aeabi_uldivmod.o)
 .ARM.attributes
                0x00000387       0x2d c:/nxp/lpcxpresso_7.4.0_229/lpcxpresso/tools/bin/../lib/gcc/arm-none-eabi/4.8.4/armv7-m\libgcc.a(bpabi.o)
 .ARM.attributes
                0x000003b4       0x1d c:/nxp/lpcxpresso_7.4.0_229/lpcxpresso/tools/bin/../lib/gcc/arm-none-eabi/4.8.4/armv7-m\libgcc.a(_dvmd_tls.o)
 .ARM.attributes
                0x000003d1       0x2d c:/nxp/lpcxpresso_7.4.0_229/lpcxpresso/tools/bin/../lib/gcc/arm-none-eabi/4.8.4/armv7-m\libgcc.a(_divdi3.o)
 .ARM.attributes
                0x000003fe       0x2d c:/nxp/lpcxpresso_7.4.0_229/lpcxpresso/tools/bin/../lib/gcc/arm-none-eabi/4.8.4/armv7-m\libgcc.a(_udivdi3.o)
 .ARM.attributes
                0x0000042b       0x2d c:/nxp/lpcxpresso_7.4.0_229/lpcxpresso/tools/bin/../lib/gcc/arm-none-eabi/4.8.4/../../../../arm-none-eabi/lib/armv7-m\libc.a(lib_a-printf.o)
 .ARM.attributes
                0x00000458       0x2d c:/nxp/lpcxpresso_7.4.0_229/lpcxpresso/tools/bin/../lib/gcc/arm-none-eabi/4.8.4/../../../../arm-none-eabi/lib/armv7-m\libc.a(lib_a-vfprintf.o)
 .ARM.attributes
                0x00000485       0x2d c:/nxp/lpcxpresso_7.4.0_229/lpcxpresso/tools/bin/../lib/gcc/arm-none-eabi/4.8.4/../../../../arm-none-eabi/lib/armv7-m\libc.a(lib_a-wsetup.o)
 .ARM.attributes
                0x000004b2       0x2d c:/nxp/lpcxpresso_7.4.0_229/lpcxpresso/tools/bin/../lib/gcc/arm-none-eabi/4.8.4/../../../../arm-none-eabi/lib/armv7-m\libc.a(lib_a-dtoa.o)
 .ARM.attributes
                0x000004df       0x2d c:/nxp/lpcxpresso_7.4.0_229/lpcxpresso/tools/bin/../lib/gcc/arm-none-eabi/4.8.4/../../../../arm-none-eabi/lib/armv7-m\libc.a(lib_a-fflush.o)
 .ARM.attributes
                0x0000050c       0x2d c:/nxp/lpcxpresso_7.4.0_229/lpcxpresso/tools/bin/../lib/gcc/arm-none-eabi/4.8.4/../../../../arm-none-eabi/lib/armv7-m\libc.a(lib_a-findfp.o)
 .ARM.attributes
                0x00000539       0x2d c:/nxp/lpcxpresso_7.4.0_229/lpcxpresso/tools/bin/../lib/gcc/arm-none-eabi/4.8.4/../../../../arm-none-eabi/lib/armv7-m\libc.a(lib_a-freer.o)
 .ARM.attributes
                0x00000566       0x2d c:/nxp/lpcxpresso_7.4.0_229/lpcxpresso/tools/bin/../lib/gcc/arm-none-eabi/4.8.4/../../../../arm-none-eabi/lib/armv7-m\libc.a(lib_a-fwalk.o)
 .ARM.attributes
                0x00000593       0x2d c:/nxp/lpcxpresso_7.4.0_229/lpcxpresso/tools/bin/../lib/gcc/arm-none-eabi/4.8.4/../../../../arm-none-eabi/lib/armv7-m\libc.a(lib_a-impure.o)
 .ARM.attributes
                0x000005c0       0x2d c:/nxp/lpcxpresso_7.4.0_229/lpcxpresso/tools/bin/../lib/gcc/arm-none-eabi/4.8.4/../../../../arm-none-eabi/lib/armv7-m\libc.a(lib_a-locale.o)
 .ARM.attributes
                0x000005ed       0x2d c:/nxp/lpcxpresso_7.4.0_229/lpcxpresso/tools/bin/../lib/gcc/arm-none-eabi/4.8.4/../../../../arm-none-eabi/lib/armv7-m\libc.a(lib_a-makebuf.o)
 .ARM.attributes
                0x0000061a       0x2d c:/nxp/lpcxpresso_7.4.0_229/lpcxpresso/tools/bin/../lib/gcc/arm-none-eabi/4.8.4/../../../../arm-none-eabi/lib/armv7-m\libc.a(lib_a-mallocr.o)
 .ARM.attributes
                0x00000647       0x2d c:/nxp/lpcxpresso_7.4.0_229/lpcxpresso/tools/bin/../lib/gcc/arm-none-eabi/4.8.4/../../../../arm-none-eabi/lib/armv7-m\libc.a(lib_a-memchr-stub.o)
 .ARM.attributes
                0x00000674       0x1b c:/nxp/lpcxpresso_7.4.0_229/lpcxpresso/tools/bin/../lib/gcc/arm-none-eabi/4.8.4/../../../../arm-none-eabi/lib/armv7-m\libc.a(lib_a-memcpy.o)
 .ARM.attributes
                0x0000068f       0x2d c:/nxp/lpcxpresso_7.4.0_229/lpcxpresso/tools/bin/../lib/gcc/arm-none-eabi/4.8.4/../../../../arm-none-eabi/lib/armv7-m\libc.a(lib_a-memset.o)
 .ARM.attributes
                0x000006bc       0x2d c:/nxp/lpcxpresso_7.4.0_229/lpcxpresso/tools/bin/../lib/gcc/arm-none-eabi/4.8.4/../../../../arm-none-eabi/lib/armv7-m\libc.a(lib_a-mlock.o)
 .ARM.attributes
                0x000006e9       0x2d c:/nxp/lpcxpresso_7.4.0_229/lpcxpresso/tools/bin/../lib/gcc/arm-none-eabi/4.8.4/../../../../arm-none-eabi/lib/armv7-m\libc.a(lib_a-mprec.o)
 .ARM.attributes
                0x00000716       0x2d c:/nxp/lpcxpresso_7.4.0_229/lpcxpresso/tools/bin/../lib/gcc/arm-none-eabi/4.8.4/../../../../arm-none-eabi/lib/armv7-m\libc.a(lib_a-s_fpclassify.o)
 .ARM.attributes
                0x00000743       0x2d c:/nxp/lpcxpresso_7.4.0_229/lpcxpresso/tools/bin/../lib/gcc/arm-none-eabi/4.8.4/../../../../arm-none-eabi/lib/armv7-m\libc.a(lib_a-sbrkr.o)
 .ARM.attributes
                0x00000770       0x2d c:/nxp/lpcxpresso_7.4.0_229/lpcxpresso/tools/bin/../lib/gcc/arm-none-eabi/4.8.4/../../../../arm-none-eabi/lib/armv7-m\libc.a(lib_a-stdio.o)
 .ARM.attributes
                0x0000079d       0x2d c:/nxp/lpcxpresso_7.4.0_229/lpcxpresso/tools/bin/../lib/gcc/arm-none-eabi/4.8.4/../../../../arm-none-eabi/lib/armv7-m\libc.a(lib_a-strlen.o)
 .ARM.attributes
                0x000007ca       0x2d c:/nxp/lpcxpresso_7.4.0_229/lpcxpresso/tools/bin/../lib/gcc/arm-none-eabi/4.8.4/../../../../arm-none-eabi/lib/armv7-m\libc.a(lib_a-vfiprintf.o)
 .ARM.attributes
                0x000007f7       0x2d c:/nxp/lpcxpresso_7.4.0_229/lpcxpresso/tools/bin/../lib/gcc/arm-none-eabi/4.8.4/../../../../arm-none-eabi/lib/armv7-m\libc.a(lib_a-writer.o)
 .ARM.attributes
                0x00000824       0x2d c:/nxp/lpcxpresso_7.4.0_229/lpcxpresso/tools/bin/../lib/gcc/arm-none-eabi/4.8.4/../../../../arm-none-eabi/lib/armv7-m\libc.a(lib_a-callocr.o)
 .ARM.attributes
                0x00000851       0x2d c:/nxp/lpcxpresso_7.4.0_229/lpcxpresso/tools/bin/../lib/gcc/arm-none-eabi/4.8.4/../../../../arm-none-eabi/lib/armv7-m\libc.a(lib_a-closer.o)
 .ARM.attributes
                0x0000087e       0x2d c:/nxp/lpcxpresso_7.4.0_229/lpcxpresso/tools/bin/../lib/gcc/arm-none-eabi/4.8.4/../../../../arm-none-eabi/lib/armv7-m\libc.a(lib_a-fclose.o)
 .ARM.attributes
                0x000008ab       0x2d c:/nxp/lpcxpresso_7.4.0_229/lpcxpresso/tools/bin/../lib/gcc/arm-none-eabi/4.8.4/../../../../arm-none-eabi/lib/armv7-m\libc.a(lib_a-fputwc.o)
 .ARM.attributes
                0x000008d8       0x2d c:/nxp/lpcxpresso_7.4.0_229/lpcxpresso/tools/bin/../lib/gcc/arm-none-eabi/4.8.4/../../../../arm-none-eabi/lib/armv7-m\libc.a(lib_a-fstatr.o)
 .ARM.attributes
                0x00000905       0x2d c:/nxp/lpcxpresso_7.4.0_229/lpcxpresso/tools/bin/../lib/gcc/arm-none-eabi/4.8.4/../../../../arm-none-eabi/lib/armv7-m\libc.a(lib_a-fvwrite.o)
 .ARM.attributes
                0x00000932       0x2d c:/nxp/lpcxpresso_7.4.0_229/lpcxpresso/tools/bin/../lib/gcc/arm-none-eabi/4.8.4/../../../../arm-none-eabi/lib/armv7-m\libc.a(lib_a-isattyr.o)
 .ARM.attributes
                0x0000095f       0x2d c:/nxp/lpcxpresso_7.4.0_229/lpcxpresso/tools/bin/../lib/gcc/arm-none-eabi/4.8.4/../../../../arm-none-eabi/lib/armv7-m\libc.a(lib_a-lseekr.o)
 .ARM.attributes
                0x0000098c       0x2d c:/nxp/lpcxpresso_7.4.0_229/lpcxpresso/tools/bin/../lib/gcc/arm-none-eabi/4.8.4/../../../../arm-none-eabi/lib/armv7-m\libc.a(lib_a-memmove.o)
 .ARM.attributes
                0x000009b9       0x2d c:/nxp/lpcxpresso_7.4.0_229/lpcxpresso/tools/bin/../lib/gcc/arm-none-eabi/4.8.4/../../../../arm-none-eabi/lib/armv7-m\libc.a(lib_a-readr.o)
 .ARM.attributes
                0x000009e6       0x2d c:/nxp/lpcxpresso_7.4.0_229/lpcxpresso/tools/bin/../lib/gcc/arm-none-eabi/4.8.4/../../../../arm-none-eabi/lib/armv7-m\libc.a(lib_a-reallocr.o)
 .ARM.attributes
                0x00000a13       0x2d c:/nxp/lpcxpresso_7.4.0_229/lpcxpresso/tools/bin/../lib/gcc/arm-none-eabi/4.8.4/../../../../arm-none-eabi/lib/armv7-m\libc.a(lib_a-reent.o)
 .ARM.attributes
                0x00000a40       0x2d c:/nxp/lpcxpresso_7.4.0_229/lpcxpresso/tools/bin/../lib/gcc/arm-none-eabi/4.8.4/../../../../arm-none-eabi/lib/armv7-m\libc.a(lib_a-wbuf.o)
 .ARM.attributes
                0x00000a6d       0x2d c:/nxp/lpcxpresso_7.4.0_229/lpcxpresso/tools/bin/../lib/gcc/arm-none-eabi/4.8.4/../../../../arm-none-eabi/lib/armv7-m\libc.a(lib_a-wcrtomb.o)
 .ARM.attributes
                0x00000a9a       0x2d c:/nxp/lpcxpresso_7.4.0_229/lpcxpresso/tools/bin/../lib/gcc/arm-none-eabi/4.8.4/../../../../arm-none-eabi/lib/armv7-m\libc.a(lib_a-wctomb_r.o)
 .ARM.attributes
                0x00000ac7       0x33 c:/nxp/lpcxpresso_7.4.0_229/lpcxpresso/tools/bin/../lib/gcc/arm-none-eabi/4.8.4/../../../../arm-none-eabi/lib/armv7-m\libcr_newlib_semihost.a(_cr_sbrk.o)
 .ARM.attributes
                0x00000afa       0x33 c:/nxp/lpcxpresso_7.4.0_229/lpcxpresso/tools/bin/../lib/gcc/arm-none-eabi/4.8.4/../../../../arm-none-eabi/lib/armv7-m\libcr_newlib_semihost.a(syscalls.o)
 .ARM.attributes
                0x00000b2d       0x33 c:/nxp/lpcxpresso_7.4.0_229/lpcxpresso/tools/bin/../lib/gcc/arm-none-eabi/4.8.4/../../../../arm-none-eabi/lib/armv7-m\libcr_newlib_semihost.a(_cr_check_heap.o)
 .ARM.attributes
                0x00000b60       0x1d c:/nxp/lpcxpresso_7.4.0_229/lpcxpresso/tools/bin/../lib/gcc/arm-none-eabi/4.8.4/armv7-m\libgcc.a(_arm_muldivdf3.o)
 .ARM.attributes
                0x00000b7d       0x1d c:/nxp/lpcxpresso_7.4.0_229/lpcxpresso/tools/bin/../lib/gcc/arm-none-eabi/4.8.4/armv7-m\libgcc.a(_arm_fixdfsi.o)
 .ARM.attributes
                0x00000b9a       0x2d c:/nxp/lpcxpresso_7.4.0_229/lpcxpresso/tools/bin/../lib/gcc/arm-none-eabi/4.8.4/../../../../arm-none-eabi/lib/armv7-m\libc.a(lib_a-errno.o)

.debug_frame    0x00000000     0x1c64
 .debug_frame   0x00000000       0x4c ./src/tasks/joystick_controller.o
 .debug_frame   0x0000004c      0x134 ./src/tasks/rgb_update.o
 .debug_frame   0x00000180       0x4c ./src/tasks/rotary_encoder.o
 .debug_frame   0x000001cc       0x48 ./src/tasks/seven_segment_display.o
 .debug_frame   0x00000214      0x120 ./src/system/cr_startup_lpc17.o
 .debug_frame   0x00000334      0x158 ./src/scheduler/ttc_scheduler_o.o
 .debug_frame   0x0000048c       0x4c ./src/main/main.o
 .debug_frame   0x000004d8       0x3c Z:\LPC\Workspace2\Lib_CMSISv1p30_LPC17xx\Debug\libCMSISv1p30_LPC17xx.a(system_LPC17xx.o)
 .debug_frame   0x00000514       0x40 Z:\LPC\Workspace2\Lib_EaBaseBoard\Debug\libLib_EaBaseBoard.a(joystick.o)
 .debug_frame   0x00000554       0x44 Z:\LPC\Workspace2\Lib_EaBaseBoard\Debug\libLib_EaBaseBoard.a(led7seg.o)
 .debug_frame   0x00000598       0x40 Z:\LPC\Workspace2\Lib_EaBaseBoard\Debug\libLib_EaBaseBoard.a(rgb.o)
 .debug_frame   0x000005d8       0x48 Z:\LPC\Workspace2\Lib_EaBaseBoard\Debug\libLib_EaBaseBoard.a(rotary.o)
 .debug_frame   0x00000620      0x2b0 Z:\LPC\Workspace2\Lib_MCU\Debug\libLib_MCU.a(lpc17xx_gpio.o)
 .debug_frame   0x000008d0       0x88 Z:\LPC\Workspace2\Lib_MCU\Debug\libLib_MCU.a(lpc17xx_pinsel.o)
 .debug_frame   0x00000958      0x1fc Z:\LPC\Workspace2\Lib_MCU\Debug\libLib_MCU.a(lpc17xx_ssp.o)
 .debug_frame   0x00000b54       0xa0 Z:\LPC\Workspace2\Lib_MCU\Debug\libLib_MCU.a(lpc17xx_clkpwr.o)
 .debug_frame   0x00000bf4       0x58 c:/nxp/lpcxpresso_7.4.0_229/lpcxpresso/tools/bin/../lib/gcc/arm-none-eabi/4.8.4/armv7-m\libgcc.a(bpabi.o)
 .debug_frame   0x00000c4c       0x34 c:/nxp/lpcxpresso_7.4.0_229/lpcxpresso/tools/bin/../lib/gcc/arm-none-eabi/4.8.4/armv7-m\libgcc.a(_divdi3.o)
 .debug_frame   0x00000c80       0x34 c:/nxp/lpcxpresso_7.4.0_229/lpcxpresso/tools/bin/../lib/gcc/arm-none-eabi/4.8.4/armv7-m\libgcc.a(_udivdi3.o)
 .debug_frame   0x00000cb4       0x5c c:/nxp/lpcxpresso_7.4.0_229/lpcxpresso/tools/bin/../lib/gcc/arm-none-eabi/4.8.4/../../../../arm-none-eabi/lib/armv7-m\libc.a(lib_a-printf.o)
 .debug_frame   0x00000d10       0x7c c:/nxp/lpcxpresso_7.4.0_229/lpcxpresso/tools/bin/../lib/gcc/arm-none-eabi/4.8.4/../../../../arm-none-eabi/lib/armv7-m\libc.a(lib_a-vfprintf.o)
 .debug_frame   0x00000d8c       0x2c c:/nxp/lpcxpresso_7.4.0_229/lpcxpresso/tools/bin/../lib/gcc/arm-none-eabi/4.8.4/../../../../arm-none-eabi/lib/armv7-m\libc.a(lib_a-wsetup.o)
 .debug_frame   0x00000db8       0x64 c:/nxp/lpcxpresso_7.4.0_229/lpcxpresso/tools/bin/../lib/gcc/arm-none-eabi/4.8.4/../../../../arm-none-eabi/lib/armv7-m\libc.a(lib_a-dtoa.o)
 .debug_frame   0x00000e1c       0x5c c:/nxp/lpcxpresso_7.4.0_229/lpcxpresso/tools/bin/../lib/gcc/arm-none-eabi/4.8.4/../../../../arm-none-eabi/lib/armv7-m\libc.a(lib_a-fflush.o)
 .debug_frame   0x00000e78      0x110 c:/nxp/lpcxpresso_7.4.0_229/lpcxpresso/tools/bin/../lib/gcc/arm-none-eabi/4.8.4/../../../../arm-none-eabi/lib/armv7-m\libc.a(lib_a-findfp.o)
 .debug_frame   0x00000f88       0x50 c:/nxp/lpcxpresso_7.4.0_229/lpcxpresso/tools/bin/../lib/gcc/arm-none-eabi/4.8.4/../../../../arm-none-eabi/lib/armv7-m\libc.a(lib_a-freer.o)
 .debug_frame   0x00000fd8       0x54 c:/nxp/lpcxpresso_7.4.0_229/lpcxpresso/tools/bin/../lib/gcc/arm-none-eabi/4.8.4/../../../../arm-none-eabi/lib/armv7-m\libc.a(lib_a-fwalk.o)
 .debug_frame   0x0000102c       0x98 c:/nxp/lpcxpresso_7.4.0_229/lpcxpresso/tools/bin/../lib/gcc/arm-none-eabi/4.8.4/../../../../arm-none-eabi/lib/armv7-m\libc.a(lib_a-locale.o)
 .debug_frame   0x000010c4       0x30 c:/nxp/lpcxpresso_7.4.0_229/lpcxpresso/tools/bin/../lib/gcc/arm-none-eabi/4.8.4/../../../../arm-none-eabi/lib/armv7-m\libc.a(lib_a-makebuf.o)
 .debug_frame   0x000010f4       0x38 c:/nxp/lpcxpresso_7.4.0_229/lpcxpresso/tools/bin/../lib/gcc/arm-none-eabi/4.8.4/../../../../arm-none-eabi/lib/armv7-m\libc.a(lib_a-mallocr.o)
 .debug_frame   0x0000112c       0x2c c:/nxp/lpcxpresso_7.4.0_229/lpcxpresso/tools/bin/../lib/gcc/arm-none-eabi/4.8.4/../../../../arm-none-eabi/lib/armv7-m\libc.a(lib_a-memchr-stub.o)
 .debug_frame   0x00001158       0x2c c:/nxp/lpcxpresso_7.4.0_229/lpcxpresso/tools/bin/../lib/gcc/arm-none-eabi/4.8.4/../../../../arm-none-eabi/lib/armv7-m\libc.a(lib_a-memset.o)
 .debug_frame   0x00001184       0x30 c:/nxp/lpcxpresso_7.4.0_229/lpcxpresso/tools/bin/../lib/gcc/arm-none-eabi/4.8.4/../../../../arm-none-eabi/lib/armv7-m\libc.a(lib_a-mlock.o)
 .debug_frame   0x000011b4      0x228 c:/nxp/lpcxpresso_7.4.0_229/lpcxpresso/tools/bin/../lib/gcc/arm-none-eabi/4.8.4/../../../../arm-none-eabi/lib/armv7-m\libc.a(lib_a-mprec.o)
 .debug_frame   0x000013dc       0x28 c:/nxp/lpcxpresso_7.4.0_229/lpcxpresso/tools/bin/../lib/gcc/arm-none-eabi/4.8.4/../../../../arm-none-eabi/lib/armv7-m\libc.a(lib_a-s_fpclassify.o)
 .debug_frame   0x00001404       0x2c c:/nxp/lpcxpresso_7.4.0_229/lpcxpresso/tools/bin/../lib/gcc/arm-none-eabi/4.8.4/../../../../arm-none-eabi/lib/armv7-m\libc.a(lib_a-sbrkr.o)
 .debug_frame   0x00001430       0x80 c:/nxp/lpcxpresso_7.4.0_229/lpcxpresso/tools/bin/../lib/gcc/arm-none-eabi/4.8.4/../../../../arm-none-eabi/lib/armv7-m\libc.a(lib_a-stdio.o)
 .debug_frame   0x000014b0       0x20 c:/nxp/lpcxpresso_7.4.0_229/lpcxpresso/tools/bin/../lib/gcc/arm-none-eabi/4.8.4/../../../../arm-none-eabi/lib/armv7-m\libc.a(lib_a-strlen.o)
 .debug_frame   0x000014d0       0xb8 c:/nxp/lpcxpresso_7.4.0_229/lpcxpresso/tools/bin/../lib/gcc/arm-none-eabi/4.8.4/../../../../arm-none-eabi/lib/armv7-m\libc.a(lib_a-vfiprintf.o)
 .debug_frame   0x00001588       0x2c c:/nxp/lpcxpresso_7.4.0_229/lpcxpresso/tools/bin/../lib/gcc/arm-none-eabi/4.8.4/../../../../arm-none-eabi/lib/armv7-m\libc.a(lib_a-writer.o)
 .debug_frame   0x000015b4       0x28 c:/nxp/lpcxpresso_7.4.0_229/lpcxpresso/tools/bin/../lib/gcc/arm-none-eabi/4.8.4/../../../../arm-none-eabi/lib/armv7-m\libc.a(lib_a-callocr.o)
 .debug_frame   0x000015dc       0x2c c:/nxp/lpcxpresso_7.4.0_229/lpcxpresso/tools/bin/../lib/gcc/arm-none-eabi/4.8.4/../../../../arm-none-eabi/lib/armv7-m\libc.a(lib_a-closer.o)
 .debug_frame   0x00001608       0x3c c:/nxp/lpcxpresso_7.4.0_229/lpcxpresso/tools/bin/../lib/gcc/arm-none-eabi/4.8.4/../../../../arm-none-eabi/lib/armv7-m\libc.a(lib_a-fclose.o)
 .debug_frame   0x00001644       0x50 c:/nxp/lpcxpresso_7.4.0_229/lpcxpresso/tools/bin/../lib/gcc/arm-none-eabi/4.8.4/../../../../arm-none-eabi/lib/armv7-m\libc.a(lib_a-fputwc.o)
 .debug_frame   0x00001694       0x2c c:/nxp/lpcxpresso_7.4.0_229/lpcxpresso/tools/bin/../lib/gcc/arm-none-eabi/4.8.4/../../../../arm-none-eabi/lib/armv7-m\libc.a(lib_a-fstatr.o)
 .debug_frame   0x000016c0       0x38 c:/nxp/lpcxpresso_7.4.0_229/lpcxpresso/tools/bin/../lib/gcc/arm-none-eabi/4.8.4/../../../../arm-none-eabi/lib/armv7-m\libc.a(lib_a-fvwrite.o)
 .debug_frame   0x000016f8       0x2c c:/nxp/lpcxpresso_7.4.0_229/lpcxpresso/tools/bin/../lib/gcc/arm-none-eabi/4.8.4/../../../../arm-none-eabi/lib/armv7-m\libc.a(lib_a-isattyr.o)
 .debug_frame   0x00001724       0x2c c:/nxp/lpcxpresso_7.4.0_229/lpcxpresso/tools/bin/../lib/gcc/arm-none-eabi/4.8.4/../../../../arm-none-eabi/lib/armv7-m\libc.a(lib_a-lseekr.o)
 .debug_frame   0x00001750       0x2c c:/nxp/lpcxpresso_7.4.0_229/lpcxpresso/tools/bin/../lib/gcc/arm-none-eabi/4.8.4/../../../../arm-none-eabi/lib/armv7-m\libc.a(lib_a-memmove.o)
 .debug_frame   0x0000177c       0x2c c:/nxp/lpcxpresso_7.4.0_229/lpcxpresso/tools/bin/../lib/gcc/arm-none-eabi/4.8.4/../../../../arm-none-eabi/lib/armv7-m\libc.a(lib_a-readr.o)
 .debug_frame   0x000017a8       0x38 c:/nxp/lpcxpresso_7.4.0_229/lpcxpresso/tools/bin/../lib/gcc/arm-none-eabi/4.8.4/../../../../arm-none-eabi/lib/armv7-m\libc.a(lib_a-reallocr.o)
 .debug_frame   0x000017e0       0x48 c:/nxp/lpcxpresso_7.4.0_229/lpcxpresso/tools/bin/../lib/gcc/arm-none-eabi/4.8.4/../../../../arm-none-eabi/lib/armv7-m\libc.a(lib_a-reent.o)
 .debug_frame   0x00001828       0x40 c:/nxp/lpcxpresso_7.4.0_229/lpcxpresso/tools/bin/../lib/gcc/arm-none-eabi/4.8.4/../../../../arm-none-eabi/lib/armv7-m\libc.a(lib_a-wbuf.o)
 .debug_frame   0x00001868       0x58 c:/nxp/lpcxpresso_7.4.0_229/lpcxpresso/tools/bin/../lib/gcc/arm-none-eabi/4.8.4/../../../../arm-none-eabi/lib/armv7-m\libc.a(lib_a-wcrtomb.o)
 .debug_frame   0x000018c0       0x44 c:/nxp/lpcxpresso_7.4.0_229/lpcxpresso/tools/bin/../lib/gcc/arm-none-eabi/4.8.4/../../../../arm-none-eabi/lib/armv7-m\libc.a(lib_a-wctomb_r.o)
 .debug_frame   0x00001904       0x2c c:/nxp/lpcxpresso_7.4.0_229/lpcxpresso/tools/bin/../lib/gcc/arm-none-eabi/4.8.4/../../../../arm-none-eabi/lib/armv7-m\libcr_newlib_semihost.a(_cr_sbrk.o)
 .debug_frame   0x00001930      0x2f4 c:/nxp/lpcxpresso_7.4.0_229/lpcxpresso/tools/bin/../lib/gcc/arm-none-eabi/4.8.4/../../../../arm-none-eabi/lib/armv7-m\libcr_newlib_semihost.a(syscalls.o)
 .debug_frame   0x00001c24       0x20 c:/nxp/lpcxpresso_7.4.0_229/lpcxpresso/tools/bin/../lib/gcc/arm-none-eabi/4.8.4/../../../../arm-none-eabi/lib/armv7-m\libcr_newlib_semihost.a(_cr_check_heap.o)
 .debug_frame   0x00001c44       0x20 c:/nxp/lpcxpresso_7.4.0_229/lpcxpresso/tools/bin/../lib/gcc/arm-none-eabi/4.8.4/../../../../arm-none-eabi/lib/armv7-m\libc.a(lib_a-errno.o)

.debug_loc      0x00000000     0x2697
 .debug_loc     0x00000000       0x68 Z:\LPC\Workspace2\Lib_EaBaseBoard\Debug\libLib_EaBaseBoard.a(joystick.o)
 .debug_loc     0x00000068       0x42 Z:\LPC\Workspace2\Lib_EaBaseBoard\Debug\libLib_EaBaseBoard.a(led7seg.o)
 .debug_loc     0x000000aa       0x3a Z:\LPC\Workspace2\Lib_EaBaseBoard\Debug\libLib_EaBaseBoard.a(rgb.o)
 .debug_loc     0x000000e4       0xb6 Z:\LPC\Workspace2\Lib_EaBaseBoard\Debug\libLib_EaBaseBoard.a(rotary.o)
 .debug_loc     0x0000019a      0xc56 Z:\LPC\Workspace2\Lib_MCU\Debug\libLib_MCU.a(lpc17xx_gpio.o)
 .debug_loc     0x00000df0      0x1c6 Z:\LPC\Workspace2\Lib_MCU\Debug\libLib_MCU.a(lpc17xx_pinsel.o)
 .debug_loc     0x00000fb6      0x786 Z:\LPC\Workspace2\Lib_MCU\Debug\libLib_MCU.a(lpc17xx_ssp.o)
 .debug_loc     0x0000173c      0x1a8 Z:\LPC\Workspace2\Lib_MCU\Debug\libLib_MCU.a(lpc17xx_clkpwr.o)
 .debug_loc     0x000018e4       0x47 c:/nxp/lpcxpresso_7.4.0_229/lpcxpresso/tools/bin/../lib/gcc/arm-none-eabi/4.8.4/../../../../arm-none-eabi/lib/armv7-m\libcr_newlib_semihost.a(_cr_sbrk.o)
 .debug_loc     0x0000192b      0xd32 c:/nxp/lpcxpresso_7.4.0_229/lpcxpresso/tools/bin/../lib/gcc/arm-none-eabi/4.8.4/../../../../arm-none-eabi/lib/armv7-m\libcr_newlib_semihost.a(syscalls.o)
 .debug_loc     0x0000265d       0x3a c:/nxp/lpcxpresso_7.4.0_229/lpcxpresso/tools/bin/../lib/gcc/arm-none-eabi/4.8.4/../../../../arm-none-eabi/lib/armv7-m\libcr_newlib_semihost.a(_cr_check_heap.o)
