Archive member included because of file (symbol)

/home/nja/LPCXpresso/workspace-2015/Lib_CMSISv1p30_LPC17xx/Debug/libCMSISv1p30_LPC17xx.a(system_LPC17xx.o)
                              ./src/scheduler/ttc_scheduler_o.o (SystemCoreClock)
/home/nja/LPCXpresso/workspace-2015/Lib_EaBaseBoard/Debug/libLib_EaBaseBoard.a(joystick.o)
                              ./src/tasks/joystick_controller.o (joystick_init)
/home/nja/LPCXpresso/workspace-2015/Lib_EaBaseBoard/Debug/libLib_EaBaseBoard.a(rgb.o)
                              ./src/tasks/rgb_update.o (rgb_init)
/home/nja/LPCXpresso/workspace-2015/Lib_MCU/Debug/libLib_MCU.a(lpc17xx_gpio.o)
                              /home/nja/LPCXpresso/workspace-2015/Lib_EaBaseBoard/Debug/libLib_EaBaseBoard.a(joystick.o) (GPIO_SetDir)
/usr/local/lpcxpresso_7.9.2_493/lpcxpresso/tools/bin/../lib/gcc/arm-none-eabi/4.9.3/armv7-m/libgcc.a(_aeabi_uldivmod.o)
                              /home/nja/LPCXpresso/workspace-2015/Lib_CMSISv1p30_LPC17xx/Debug/libCMSISv1p30_LPC17xx.a(system_LPC17xx.o) (__aeabi_uldivmod)
/usr/local/lpcxpresso_7.9.2_493/lpcxpresso/tools/bin/../lib/gcc/arm-none-eabi/4.9.3/armv7-m/libgcc.a(bpabi.o)
                              /usr/local/lpcxpresso_7.9.2_493/lpcxpresso/tools/bin/../lib/gcc/arm-none-eabi/4.9.3/armv7-m/libgcc.a(_aeabi_uldivmod.o) (__gnu_uldivmod_helper)
/usr/local/lpcxpresso_7.9.2_493/lpcxpresso/tools/bin/../lib/gcc/arm-none-eabi/4.9.3/armv7-m/libgcc.a(_dvmd_tls.o)
                              /usr/local/lpcxpresso_7.9.2_493/lpcxpresso/tools/bin/../lib/gcc/arm-none-eabi/4.9.3/armv7-m/libgcc.a(_aeabi_uldivmod.o) (__aeabi_ldiv0)
/usr/local/lpcxpresso_7.9.2_493/lpcxpresso/tools/bin/../lib/gcc/arm-none-eabi/4.9.3/armv7-m/libgcc.a(_divdi3.o)
                              /usr/local/lpcxpresso_7.9.2_493/lpcxpresso/tools/bin/../lib/gcc/arm-none-eabi/4.9.3/armv7-m/libgcc.a(bpabi.o) (__divdi3)
/usr/local/lpcxpresso_7.9.2_493/lpcxpresso/tools/bin/../lib/gcc/arm-none-eabi/4.9.3/armv7-m/libgcc.a(_udivdi3.o)
                              /usr/local/lpcxpresso_7.9.2_493/lpcxpresso/tools/bin/../lib/gcc/arm-none-eabi/4.9.3/armv7-m/libgcc.a(bpabi.o) (__udivdi3)

Allocating common symbols
Common symbol       size              file

Error_code_G        0x4               ./src/scheduler/ttc_scheduler_o.o
SCH_tasks_G         0xa0              ./src/scheduler/ttc_scheduler_o.o

Discarded input sections

 .group         0x00000000        0x8 ./src/tasks/joystick_controller.o
 .group         0x00000000        0x8 ./src/tasks/joystick_controller.o
 .group         0x00000000        0x8 ./src/tasks/joystick_controller.o
 .group         0x00000000        0x8 ./src/tasks/joystick_controller.o
 .group         0x00000000        0x8 ./src/tasks/joystick_controller.o
 .group         0x00000000        0x8 ./src/tasks/joystick_controller.o
 .group         0x00000000        0x8 ./src/tasks/joystick_controller.o
 .group         0x00000000        0x8 ./src/tasks/joystick_controller.o
 .group         0x00000000        0x8 ./src/tasks/joystick_controller.o
 .text          0x00000000        0x0 ./src/tasks/joystick_controller.o
 .data          0x00000000        0x0 ./src/tasks/joystick_controller.o
 .bss           0x00000000        0x0 ./src/tasks/joystick_controller.o
 .group         0x00000000        0x8 ./src/tasks/rgb_update.o
 .group         0x00000000        0x8 ./src/tasks/rgb_update.o
 .group         0x00000000        0x8 ./src/tasks/rgb_update.o
 .group         0x00000000        0x8 ./src/tasks/rgb_update.o
 .group         0x00000000        0x8 ./src/tasks/rgb_update.o
 .group         0x00000000        0x8 ./src/tasks/rgb_update.o
 .group         0x00000000        0x8 ./src/tasks/rgb_update.o
 .group         0x00000000        0x8 ./src/tasks/rgb_update.o
 .text          0x00000000        0x0 ./src/tasks/rgb_update.o
 .data          0x00000000        0x0 ./src/tasks/rgb_update.o
 .debug_macro   0x00000000      0x874 ./src/tasks/rgb_update.o
 .debug_macro   0x00000000       0x22 ./src/tasks/rgb_update.o
 .debug_macro   0x00000000       0x44 ./src/tasks/rgb_update.o
 .debug_macro   0x00000000       0x58 ./src/tasks/rgb_update.o
 .debug_macro   0x00000000       0x22 ./src/tasks/rgb_update.o
 .debug_macro   0x00000000      0x1df ./src/tasks/rgb_update.o
 .debug_macro   0x00000000       0x5e ./src/tasks/rgb_update.o
 .debug_macro   0x00000000       0x1c ./src/tasks/rgb_update.o
 .group         0x00000000        0x8 ./src/system/cr_startup_lpc17.o
 .group         0x00000000        0x8 ./src/system/cr_startup_lpc17.o
 .group         0x00000000        0x8 ./src/system/cr_startup_lpc17.o
 .group         0x00000000        0x8 ./src/system/cr_startup_lpc17.o
 .group         0x00000000        0x8 ./src/system/cr_startup_lpc17.o
 .group         0x00000000        0x8 ./src/system/cr_startup_lpc17.o
 .text          0x00000000        0x0 ./src/system/cr_startup_lpc17.o
 .data          0x00000000        0x0 ./src/system/cr_startup_lpc17.o
 .bss           0x00000000        0x0 ./src/system/cr_startup_lpc17.o
 .text.SysTick_Handler
                0x00000000        0x8 ./src/system/cr_startup_lpc17.o
 .debug_macro   0x00000000      0x874 ./src/system/cr_startup_lpc17.o
 .debug_macro   0x00000000       0x22 ./src/system/cr_startup_lpc17.o
 .debug_macro   0x00000000       0x44 ./src/system/cr_startup_lpc17.o
 .debug_macro   0x00000000       0x58 ./src/system/cr_startup_lpc17.o
 .debug_macro   0x00000000       0x22 ./src/system/cr_startup_lpc17.o
 .debug_macro   0x00000000      0x1df ./src/system/cr_startup_lpc17.o
 .group         0x00000000        0x8 ./src/scheduler/ttc_scheduler_o.o
 .group         0x00000000        0x8 ./src/scheduler/ttc_scheduler_o.o
 .group         0x00000000        0x8 ./src/scheduler/ttc_scheduler_o.o
 .group         0x00000000        0x8 ./src/scheduler/ttc_scheduler_o.o
 .group         0x00000000        0x8 ./src/scheduler/ttc_scheduler_o.o
 .group         0x00000000        0x8 ./src/scheduler/ttc_scheduler_o.o
 .group         0x00000000        0x8 ./src/scheduler/ttc_scheduler_o.o
 .group         0x00000000        0x8 ./src/scheduler/ttc_scheduler_o.o
 .group         0x00000000        0x8 ./src/scheduler/ttc_scheduler_o.o
 .group         0x00000000        0x8 ./src/scheduler/ttc_scheduler_o.o
 .group         0x00000000        0x8 ./src/scheduler/ttc_scheduler_o.o
 .group         0x00000000        0x8 ./src/scheduler/ttc_scheduler_o.o
 .group         0x00000000        0x8 ./src/scheduler/ttc_scheduler_o.o
 .group         0x00000000        0x8 ./src/scheduler/ttc_scheduler_o.o
 .text          0x00000000        0x0 ./src/scheduler/ttc_scheduler_o.o
 .data          0x00000000        0x0 ./src/scheduler/ttc_scheduler_o.o
 .debug_macro   0x00000000      0x874 ./src/scheduler/ttc_scheduler_o.o
 .debug_macro   0x00000000       0x22 ./src/scheduler/ttc_scheduler_o.o
 .debug_macro   0x00000000       0x44 ./src/scheduler/ttc_scheduler_o.o
 .debug_macro   0x00000000       0x58 ./src/scheduler/ttc_scheduler_o.o
 .debug_macro   0x00000000       0x22 ./src/scheduler/ttc_scheduler_o.o
 .debug_macro   0x00000000      0x1df ./src/scheduler/ttc_scheduler_o.o
 .group         0x00000000        0x8 ./src/main/main.o
 .group         0x00000000        0x8 ./src/main/main.o
 .group         0x00000000        0x8 ./src/main/main.o
 .group         0x00000000        0x8 ./src/main/main.o
 .group         0x00000000        0x8 ./src/main/main.o
 .group         0x00000000        0x8 ./src/main/main.o
 .group         0x00000000        0x8 ./src/main/main.o
 .group         0x00000000        0x8 ./src/main/main.o
 .group         0x00000000        0x8 ./src/main/main.o
 .group         0x00000000        0x8 ./src/main/main.o
 .group         0x00000000        0x8 ./src/main/main.o
 .group         0x00000000        0x8 ./src/main/main.o
 .group         0x00000000        0x8 ./src/main/main.o
 .group         0x00000000        0x8 ./src/main/main.o
 .text          0x00000000        0x0 ./src/main/main.o
 .data          0x00000000        0x0 ./src/main/main.o
 .bss           0x00000000        0x0 ./src/main/main.o
 .text.check_failed
                0x00000000        0xc ./src/main/main.o
 .debug_macro   0x00000000      0x874 ./src/main/main.o
 .debug_macro   0x00000000       0x1c ./src/main/main.o
 .debug_macro   0x00000000       0x22 ./src/main/main.o
 .debug_macro   0x00000000       0x22 ./src/main/main.o
 .debug_macro   0x00000000       0x44 ./src/main/main.o
 .debug_macro   0x00000000       0x58 ./src/main/main.o
 .debug_macro   0x00000000       0x22 ./src/main/main.o
 .debug_macro   0x00000000      0x1df ./src/main/main.o
 .debug_macro   0x00000000      0x7b7 ./src/main/main.o
 .debug_macro   0x00000000      0x2c7 ./src/main/main.o
 .debug_macro   0x00000000       0x64 ./src/main/main.o
 .debug_macro   0x00000000       0x1c ./src/main/main.o
 .group         0x00000000        0x8 /home/nja/LPCXpresso/workspace-2015/Lib_CMSISv1p30_LPC17xx/Debug/libCMSISv1p30_LPC17xx.a(system_LPC17xx.o)
 .group         0x00000000        0x8 /home/nja/LPCXpresso/workspace-2015/Lib_CMSISv1p30_LPC17xx/Debug/libCMSISv1p30_LPC17xx.a(system_LPC17xx.o)
 .group         0x00000000        0x8 /home/nja/LPCXpresso/workspace-2015/Lib_CMSISv1p30_LPC17xx/Debug/libCMSISv1p30_LPC17xx.a(system_LPC17xx.o)
 .group         0x00000000        0x8 /home/nja/LPCXpresso/workspace-2015/Lib_CMSISv1p30_LPC17xx/Debug/libCMSISv1p30_LPC17xx.a(system_LPC17xx.o)
 .group         0x00000000        0x8 /home/nja/LPCXpresso/workspace-2015/Lib_CMSISv1p30_LPC17xx/Debug/libCMSISv1p30_LPC17xx.a(system_LPC17xx.o)
 .group         0x00000000        0x8 /home/nja/LPCXpresso/workspace-2015/Lib_CMSISv1p30_LPC17xx/Debug/libCMSISv1p30_LPC17xx.a(system_LPC17xx.o)
 .group         0x00000000        0x8 /home/nja/LPCXpresso/workspace-2015/Lib_CMSISv1p30_LPC17xx/Debug/libCMSISv1p30_LPC17xx.a(system_LPC17xx.o)
 .text          0x00000000        0x0 /home/nja/LPCXpresso/workspace-2015/Lib_CMSISv1p30_LPC17xx/Debug/libCMSISv1p30_LPC17xx.a(system_LPC17xx.o)
 .bss           0x00000000        0x0 /home/nja/LPCXpresso/workspace-2015/Lib_CMSISv1p30_LPC17xx/Debug/libCMSISv1p30_LPC17xx.a(system_LPC17xx.o)
 .text.SystemCoreClockUpdate
                0x00000000      0x278 /home/nja/LPCXpresso/workspace-2015/Lib_CMSISv1p30_LPC17xx/Debug/libCMSISv1p30_LPC17xx.a(system_LPC17xx.o)
 .debug_macro   0x00000000       0x1c /home/nja/LPCXpresso/workspace-2015/Lib_CMSISv1p30_LPC17xx/Debug/libCMSISv1p30_LPC17xx.a(system_LPC17xx.o)
 .debug_macro   0x00000000      0x2c7 /home/nja/LPCXpresso/workspace-2015/Lib_CMSISv1p30_LPC17xx/Debug/libCMSISv1p30_LPC17xx.a(system_LPC17xx.o)
 .group         0x00000000        0x8 /home/nja/LPCXpresso/workspace-2015/Lib_EaBaseBoard/Debug/libLib_EaBaseBoard.a(joystick.o)
 .group         0x00000000        0x8 /home/nja/LPCXpresso/workspace-2015/Lib_EaBaseBoard/Debug/libLib_EaBaseBoard.a(joystick.o)
 .group         0x00000000        0x8 /home/nja/LPCXpresso/workspace-2015/Lib_EaBaseBoard/Debug/libLib_EaBaseBoard.a(joystick.o)
 .group         0x00000000        0x8 /home/nja/LPCXpresso/workspace-2015/Lib_EaBaseBoard/Debug/libLib_EaBaseBoard.a(joystick.o)
 .group         0x00000000        0x8 /home/nja/LPCXpresso/workspace-2015/Lib_EaBaseBoard/Debug/libLib_EaBaseBoard.a(joystick.o)
 .group         0x00000000        0x8 /home/nja/LPCXpresso/workspace-2015/Lib_EaBaseBoard/Debug/libLib_EaBaseBoard.a(joystick.o)
 .group         0x00000000        0x8 /home/nja/LPCXpresso/workspace-2015/Lib_EaBaseBoard/Debug/libLib_EaBaseBoard.a(joystick.o)
 .group         0x00000000        0x8 /home/nja/LPCXpresso/workspace-2015/Lib_EaBaseBoard/Debug/libLib_EaBaseBoard.a(joystick.o)
 .group         0x00000000        0x8 /home/nja/LPCXpresso/workspace-2015/Lib_EaBaseBoard/Debug/libLib_EaBaseBoard.a(joystick.o)
 .group         0x00000000        0x8 /home/nja/LPCXpresso/workspace-2015/Lib_EaBaseBoard/Debug/libLib_EaBaseBoard.a(joystick.o)
 .group         0x00000000        0x8 /home/nja/LPCXpresso/workspace-2015/Lib_EaBaseBoard/Debug/libLib_EaBaseBoard.a(joystick.o)
 .text          0x00000000        0x0 /home/nja/LPCXpresso/workspace-2015/Lib_EaBaseBoard/Debug/libLib_EaBaseBoard.a(joystick.o)
 .data          0x00000000        0x0 /home/nja/LPCXpresso/workspace-2015/Lib_EaBaseBoard/Debug/libLib_EaBaseBoard.a(joystick.o)
 .bss           0x00000000        0x0 /home/nja/LPCXpresso/workspace-2015/Lib_EaBaseBoard/Debug/libLib_EaBaseBoard.a(joystick.o)
 .debug_macro   0x00000000      0x86e /home/nja/LPCXpresso/workspace-2015/Lib_EaBaseBoard/Debug/libLib_EaBaseBoard.a(joystick.o)
 .debug_macro   0x00000000       0x1c /home/nja/LPCXpresso/workspace-2015/Lib_EaBaseBoard/Debug/libLib_EaBaseBoard.a(joystick.o)
 .debug_macro   0x00000000       0x22 /home/nja/LPCXpresso/workspace-2015/Lib_EaBaseBoard/Debug/libLib_EaBaseBoard.a(joystick.o)
 .debug_macro   0x00000000       0x10 /home/nja/LPCXpresso/workspace-2015/Lib_EaBaseBoard/Debug/libLib_EaBaseBoard.a(joystick.o)
 .debug_macro   0x00000000      0x12d /home/nja/LPCXpresso/workspace-2015/Lib_EaBaseBoard/Debug/libLib_EaBaseBoard.a(joystick.o)
 .debug_macro   0x00000000      0x5b2 /home/nja/LPCXpresso/workspace-2015/Lib_EaBaseBoard/Debug/libLib_EaBaseBoard.a(joystick.o)
 .debug_macro   0x00000000      0x7b7 /home/nja/LPCXpresso/workspace-2015/Lib_EaBaseBoard/Debug/libLib_EaBaseBoard.a(joystick.o)
 .debug_macro   0x00000000      0x2c7 /home/nja/LPCXpresso/workspace-2015/Lib_EaBaseBoard/Debug/libLib_EaBaseBoard.a(joystick.o)
 .debug_macro   0x00000000       0x64 /home/nja/LPCXpresso/workspace-2015/Lib_EaBaseBoard/Debug/libLib_EaBaseBoard.a(joystick.o)
 .debug_macro   0x00000000       0x28 /home/nja/LPCXpresso/workspace-2015/Lib_EaBaseBoard/Debug/libLib_EaBaseBoard.a(joystick.o)
 .group         0x00000000        0x8 /home/nja/LPCXpresso/workspace-2015/Lib_EaBaseBoard/Debug/libLib_EaBaseBoard.a(rgb.o)
 .group         0x00000000        0x8 /home/nja/LPCXpresso/workspace-2015/Lib_EaBaseBoard/Debug/libLib_EaBaseBoard.a(rgb.o)
 .group         0x00000000        0x8 /home/nja/LPCXpresso/workspace-2015/Lib_EaBaseBoard/Debug/libLib_EaBaseBoard.a(rgb.o)
 .group         0x00000000        0x8 /home/nja/LPCXpresso/workspace-2015/Lib_EaBaseBoard/Debug/libLib_EaBaseBoard.a(rgb.o)
 .group         0x00000000        0x8 /home/nja/LPCXpresso/workspace-2015/Lib_EaBaseBoard/Debug/libLib_EaBaseBoard.a(rgb.o)
 .group         0x00000000        0x8 /home/nja/LPCXpresso/workspace-2015/Lib_EaBaseBoard/Debug/libLib_EaBaseBoard.a(rgb.o)
 .group         0x00000000        0x8 /home/nja/LPCXpresso/workspace-2015/Lib_EaBaseBoard/Debug/libLib_EaBaseBoard.a(rgb.o)
 .group         0x00000000        0x8 /home/nja/LPCXpresso/workspace-2015/Lib_EaBaseBoard/Debug/libLib_EaBaseBoard.a(rgb.o)
 .group         0x00000000        0x8 /home/nja/LPCXpresso/workspace-2015/Lib_EaBaseBoard/Debug/libLib_EaBaseBoard.a(rgb.o)
 .group         0x00000000        0x8 /home/nja/LPCXpresso/workspace-2015/Lib_EaBaseBoard/Debug/libLib_EaBaseBoard.a(rgb.o)
 .group         0x00000000        0x8 /home/nja/LPCXpresso/workspace-2015/Lib_EaBaseBoard/Debug/libLib_EaBaseBoard.a(rgb.o)
 .text          0x00000000        0x0 /home/nja/LPCXpresso/workspace-2015/Lib_EaBaseBoard/Debug/libLib_EaBaseBoard.a(rgb.o)
 .data          0x00000000        0x0 /home/nja/LPCXpresso/workspace-2015/Lib_EaBaseBoard/Debug/libLib_EaBaseBoard.a(rgb.o)
 .bss           0x00000000        0x0 /home/nja/LPCXpresso/workspace-2015/Lib_EaBaseBoard/Debug/libLib_EaBaseBoard.a(rgb.o)
 .debug_macro   0x00000000      0x86e /home/nja/LPCXpresso/workspace-2015/Lib_EaBaseBoard/Debug/libLib_EaBaseBoard.a(rgb.o)
 .debug_macro   0x00000000       0x1c /home/nja/LPCXpresso/workspace-2015/Lib_EaBaseBoard/Debug/libLib_EaBaseBoard.a(rgb.o)
 .debug_macro   0x00000000       0x22 /home/nja/LPCXpresso/workspace-2015/Lib_EaBaseBoard/Debug/libLib_EaBaseBoard.a(rgb.o)
 .debug_macro   0x00000000       0x10 /home/nja/LPCXpresso/workspace-2015/Lib_EaBaseBoard/Debug/libLib_EaBaseBoard.a(rgb.o)
 .debug_macro   0x00000000      0x12d /home/nja/LPCXpresso/workspace-2015/Lib_EaBaseBoard/Debug/libLib_EaBaseBoard.a(rgb.o)
 .debug_macro   0x00000000      0x5b2 /home/nja/LPCXpresso/workspace-2015/Lib_EaBaseBoard/Debug/libLib_EaBaseBoard.a(rgb.o)
 .debug_macro   0x00000000      0x7b7 /home/nja/LPCXpresso/workspace-2015/Lib_EaBaseBoard/Debug/libLib_EaBaseBoard.a(rgb.o)
 .debug_macro   0x00000000      0x2c7 /home/nja/LPCXpresso/workspace-2015/Lib_EaBaseBoard/Debug/libLib_EaBaseBoard.a(rgb.o)
 .debug_macro   0x00000000       0x64 /home/nja/LPCXpresso/workspace-2015/Lib_EaBaseBoard/Debug/libLib_EaBaseBoard.a(rgb.o)
 .debug_macro   0x00000000       0x40 /home/nja/LPCXpresso/workspace-2015/Lib_EaBaseBoard/Debug/libLib_EaBaseBoard.a(rgb.o)
 .debug_macro   0x00000000       0x1c /home/nja/LPCXpresso/workspace-2015/Lib_EaBaseBoard/Debug/libLib_EaBaseBoard.a(rgb.o)
 .group         0x00000000        0x8 /home/nja/LPCXpresso/workspace-2015/Lib_MCU/Debug/libLib_MCU.a(lpc17xx_gpio.o)
 .group         0x00000000        0x8 /home/nja/LPCXpresso/workspace-2015/Lib_MCU/Debug/libLib_MCU.a(lpc17xx_gpio.o)
 .group         0x00000000        0x8 /home/nja/LPCXpresso/workspace-2015/Lib_MCU/Debug/libLib_MCU.a(lpc17xx_gpio.o)
 .group         0x00000000        0x8 /home/nja/LPCXpresso/workspace-2015/Lib_MCU/Debug/libLib_MCU.a(lpc17xx_gpio.o)
 .group         0x00000000        0x8 /home/nja/LPCXpresso/workspace-2015/Lib_MCU/Debug/libLib_MCU.a(lpc17xx_gpio.o)
 .group         0x00000000        0x8 /home/nja/LPCXpresso/workspace-2015/Lib_MCU/Debug/libLib_MCU.a(lpc17xx_gpio.o)
 .group         0x00000000        0x8 /home/nja/LPCXpresso/workspace-2015/Lib_MCU/Debug/libLib_MCU.a(lpc17xx_gpio.o)
 .group         0x00000000        0x8 /home/nja/LPCXpresso/workspace-2015/Lib_MCU/Debug/libLib_MCU.a(lpc17xx_gpio.o)
 .group         0x00000000        0x8 /home/nja/LPCXpresso/workspace-2015/Lib_MCU/Debug/libLib_MCU.a(lpc17xx_gpio.o)
 .group         0x00000000        0x8 /home/nja/LPCXpresso/workspace-2015/Lib_MCU/Debug/libLib_MCU.a(lpc17xx_gpio.o)
 .group         0x00000000        0x8 /home/nja/LPCXpresso/workspace-2015/Lib_MCU/Debug/libLib_MCU.a(lpc17xx_gpio.o)
 .text          0x00000000        0x0 /home/nja/LPCXpresso/workspace-2015/Lib_MCU/Debug/libLib_MCU.a(lpc17xx_gpio.o)
 .data          0x00000000        0x0 /home/nja/LPCXpresso/workspace-2015/Lib_MCU/Debug/libLib_MCU.a(lpc17xx_gpio.o)
 .bss           0x00000000        0x0 /home/nja/LPCXpresso/workspace-2015/Lib_MCU/Debug/libLib_MCU.a(lpc17xx_gpio.o)
 .text.FIO_HalfWordGetPointer
                0x00000000       0x74 /home/nja/LPCXpresso/workspace-2015/Lib_MCU/Debug/libLib_MCU.a(lpc17xx_gpio.o)
 .text.FIO_ByteGetPointer
                0x00000000       0x74 /home/nja/LPCXpresso/workspace-2015/Lib_MCU/Debug/libLib_MCU.a(lpc17xx_gpio.o)
 .text.GPIO_IntCmd
                0x00000000       0x70 /home/nja/LPCXpresso/workspace-2015/Lib_MCU/Debug/libLib_MCU.a(lpc17xx_gpio.o)
 .text.GPIO_GetIntStatus
                0x00000000       0xa4 /home/nja/LPCXpresso/workspace-2015/Lib_MCU/Debug/libLib_MCU.a(lpc17xx_gpio.o)
 .text.GPIO_ClearInt
                0x00000000       0x38 /home/nja/LPCXpresso/workspace-2015/Lib_MCU/Debug/libLib_MCU.a(lpc17xx_gpio.o)
 .text.FIO_SetDir
                0x00000000       0x24 /home/nja/LPCXpresso/workspace-2015/Lib_MCU/Debug/libLib_MCU.a(lpc17xx_gpio.o)
 .text.FIO_SetValue
                0x00000000       0x1c /home/nja/LPCXpresso/workspace-2015/Lib_MCU/Debug/libLib_MCU.a(lpc17xx_gpio.o)
 .text.FIO_ClearValue
                0x00000000       0x1c /home/nja/LPCXpresso/workspace-2015/Lib_MCU/Debug/libLib_MCU.a(lpc17xx_gpio.o)
 .text.FIO_ReadValue
                0x00000000       0x1c /home/nja/LPCXpresso/workspace-2015/Lib_MCU/Debug/libLib_MCU.a(lpc17xx_gpio.o)
 .text.FIO_IntCmd
                0x00000000       0x24 /home/nja/LPCXpresso/workspace-2015/Lib_MCU/Debug/libLib_MCU.a(lpc17xx_gpio.o)
 .text.FIO_GetIntStatus
                0x00000000       0x28 /home/nja/LPCXpresso/workspace-2015/Lib_MCU/Debug/libLib_MCU.a(lpc17xx_gpio.o)
 .text.FIO_ClearInt
                0x00000000       0x1c /home/nja/LPCXpresso/workspace-2015/Lib_MCU/Debug/libLib_MCU.a(lpc17xx_gpio.o)
 .text.FIO_SetMask
                0x00000000       0x48 /home/nja/LPCXpresso/workspace-2015/Lib_MCU/Debug/libLib_MCU.a(lpc17xx_gpio.o)
 .text.FIO_HalfWordSetDir
                0x00000000       0x9c /home/nja/LPCXpresso/workspace-2015/Lib_MCU/Debug/libLib_MCU.a(lpc17xx_gpio.o)
 .text.FIO_HalfWordSetMask
                0x00000000       0x9c /home/nja/LPCXpresso/workspace-2015/Lib_MCU/Debug/libLib_MCU.a(lpc17xx_gpio.o)
 .text.FIO_HalfWordSetValue
                0x00000000       0x3c /home/nja/LPCXpresso/workspace-2015/Lib_MCU/Debug/libLib_MCU.a(lpc17xx_gpio.o)
 .text.FIO_HalfWordClearValue
                0x00000000       0x3c /home/nja/LPCXpresso/workspace-2015/Lib_MCU/Debug/libLib_MCU.a(lpc17xx_gpio.o)
 .text.FIO_HalfWordReadValue
                0x00000000       0x40 /home/nja/LPCXpresso/workspace-2015/Lib_MCU/Debug/libLib_MCU.a(lpc17xx_gpio.o)
 .text.FIO_ByteSetDir
                0x00000000       0x78 /home/nja/LPCXpresso/workspace-2015/Lib_MCU/Debug/libLib_MCU.a(lpc17xx_gpio.o)
 .text.FIO_ByteSetMask
                0x00000000       0x84 /home/nja/LPCXpresso/workspace-2015/Lib_MCU/Debug/libLib_MCU.a(lpc17xx_gpio.o)
 .text.FIO_ByteSetValue
                0x00000000       0x38 /home/nja/LPCXpresso/workspace-2015/Lib_MCU/Debug/libLib_MCU.a(lpc17xx_gpio.o)
 .text.FIO_ByteClearValue
                0x00000000       0x38 /home/nja/LPCXpresso/workspace-2015/Lib_MCU/Debug/libLib_MCU.a(lpc17xx_gpio.o)
 .text.FIO_ByteReadValue
                0x00000000       0x3c /home/nja/LPCXpresso/workspace-2015/Lib_MCU/Debug/libLib_MCU.a(lpc17xx_gpio.o)
 .debug_macro   0x00000000      0x86e /home/nja/LPCXpresso/workspace-2015/Lib_MCU/Debug/libLib_MCU.a(lpc17xx_gpio.o)
 .debug_macro   0x00000000       0x1c /home/nja/LPCXpresso/workspace-2015/Lib_MCU/Debug/libLib_MCU.a(lpc17xx_gpio.o)
 .debug_macro   0x00000000       0x22 /home/nja/LPCXpresso/workspace-2015/Lib_MCU/Debug/libLib_MCU.a(lpc17xx_gpio.o)
 .debug_macro   0x00000000       0x10 /home/nja/LPCXpresso/workspace-2015/Lib_MCU/Debug/libLib_MCU.a(lpc17xx_gpio.o)
 .debug_macro   0x00000000      0x12d /home/nja/LPCXpresso/workspace-2015/Lib_MCU/Debug/libLib_MCU.a(lpc17xx_gpio.o)
 .debug_macro   0x00000000      0x5b2 /home/nja/LPCXpresso/workspace-2015/Lib_MCU/Debug/libLib_MCU.a(lpc17xx_gpio.o)
 .debug_macro   0x00000000      0x7b7 /home/nja/LPCXpresso/workspace-2015/Lib_MCU/Debug/libLib_MCU.a(lpc17xx_gpio.o)
 .debug_macro   0x00000000      0x2c7 /home/nja/LPCXpresso/workspace-2015/Lib_MCU/Debug/libLib_MCU.a(lpc17xx_gpio.o)
 .debug_macro   0x00000000       0x64 /home/nja/LPCXpresso/workspace-2015/Lib_MCU/Debug/libLib_MCU.a(lpc17xx_gpio.o)
 .debug_macro   0x00000000       0x40 /home/nja/LPCXpresso/workspace-2015/Lib_MCU/Debug/libLib_MCU.a(lpc17xx_gpio.o)
 .text          0x00000000       0x30 /usr/local/lpcxpresso_7.9.2_493/lpcxpresso/tools/bin/../lib/gcc/arm-none-eabi/4.9.3/armv7-m/libgcc.a(_aeabi_uldivmod.o)
 .data          0x00000000        0x0 /usr/local/lpcxpresso_7.9.2_493/lpcxpresso/tools/bin/../lib/gcc/arm-none-eabi/4.9.3/armv7-m/libgcc.a(_aeabi_uldivmod.o)
 .bss           0x00000000        0x0 /usr/local/lpcxpresso_7.9.2_493/lpcxpresso/tools/bin/../lib/gcc/arm-none-eabi/4.9.3/armv7-m/libgcc.a(_aeabi_uldivmod.o)
 .debug_frame   0x00000000       0x28 /usr/local/lpcxpresso_7.9.2_493/lpcxpresso/tools/bin/../lib/gcc/arm-none-eabi/4.9.3/armv7-m/libgcc.a(_aeabi_uldivmod.o)
 .ARM.attributes
                0x00000000       0x1d /usr/local/lpcxpresso_7.9.2_493/lpcxpresso/tools/bin/../lib/gcc/arm-none-eabi/4.9.3/armv7-m/libgcc.a(_aeabi_uldivmod.o)
 .text          0x00000000       0x60 /usr/local/lpcxpresso_7.9.2_493/lpcxpresso/tools/bin/../lib/gcc/arm-none-eabi/4.9.3/armv7-m/libgcc.a(bpabi.o)
 .data          0x00000000        0x0 /usr/local/lpcxpresso_7.9.2_493/lpcxpresso/tools/bin/../lib/gcc/arm-none-eabi/4.9.3/armv7-m/libgcc.a(bpabi.o)
 .bss           0x00000000        0x0 /usr/local/lpcxpresso_7.9.2_493/lpcxpresso/tools/bin/../lib/gcc/arm-none-eabi/4.9.3/armv7-m/libgcc.a(bpabi.o)
 .debug_frame   0x00000000       0x54 /usr/local/lpcxpresso_7.9.2_493/lpcxpresso/tools/bin/../lib/gcc/arm-none-eabi/4.9.3/armv7-m/libgcc.a(bpabi.o)
 .ARM.attributes
                0x00000000       0x2d /usr/local/lpcxpresso_7.9.2_493/lpcxpresso/tools/bin/../lib/gcc/arm-none-eabi/4.9.3/armv7-m/libgcc.a(bpabi.o)
 .text          0x00000000        0x4 /usr/local/lpcxpresso_7.9.2_493/lpcxpresso/tools/bin/../lib/gcc/arm-none-eabi/4.9.3/armv7-m/libgcc.a(_dvmd_tls.o)
 .data          0x00000000        0x0 /usr/local/lpcxpresso_7.9.2_493/lpcxpresso/tools/bin/../lib/gcc/arm-none-eabi/4.9.3/armv7-m/libgcc.a(_dvmd_tls.o)
 .bss           0x00000000        0x0 /usr/local/lpcxpresso_7.9.2_493/lpcxpresso/tools/bin/../lib/gcc/arm-none-eabi/4.9.3/armv7-m/libgcc.a(_dvmd_tls.o)
 .ARM.attributes
                0x00000000       0x1d /usr/local/lpcxpresso_7.9.2_493/lpcxpresso/tools/bin/../lib/gcc/arm-none-eabi/4.9.3/armv7-m/libgcc.a(_dvmd_tls.o)
 .text          0x00000000      0x2ac /usr/local/lpcxpresso_7.9.2_493/lpcxpresso/tools/bin/../lib/gcc/arm-none-eabi/4.9.3/armv7-m/libgcc.a(_divdi3.o)
 .data          0x00000000        0x0 /usr/local/lpcxpresso_7.9.2_493/lpcxpresso/tools/bin/../lib/gcc/arm-none-eabi/4.9.3/armv7-m/libgcc.a(_divdi3.o)
 .bss           0x00000000        0x0 /usr/local/lpcxpresso_7.9.2_493/lpcxpresso/tools/bin/../lib/gcc/arm-none-eabi/4.9.3/armv7-m/libgcc.a(_divdi3.o)
 .ARM.extab     0x00000000        0x0 /usr/local/lpcxpresso_7.9.2_493/lpcxpresso/tools/bin/../lib/gcc/arm-none-eabi/4.9.3/armv7-m/libgcc.a(_divdi3.o)
 .ARM.exidx     0x00000000        0x8 /usr/local/lpcxpresso_7.9.2_493/lpcxpresso/tools/bin/../lib/gcc/arm-none-eabi/4.9.3/armv7-m/libgcc.a(_divdi3.o)
 .debug_frame   0x00000000       0x34 /usr/local/lpcxpresso_7.9.2_493/lpcxpresso/tools/bin/../lib/gcc/arm-none-eabi/4.9.3/armv7-m/libgcc.a(_divdi3.o)
 .ARM.attributes
                0x00000000       0x2d /usr/local/lpcxpresso_7.9.2_493/lpcxpresso/tools/bin/../lib/gcc/arm-none-eabi/4.9.3/armv7-m/libgcc.a(_divdi3.o)
 .text          0x00000000      0x270 /usr/local/lpcxpresso_7.9.2_493/lpcxpresso/tools/bin/../lib/gcc/arm-none-eabi/4.9.3/armv7-m/libgcc.a(_udivdi3.o)
 .data          0x00000000        0x0 /usr/local/lpcxpresso_7.9.2_493/lpcxpresso/tools/bin/../lib/gcc/arm-none-eabi/4.9.3/armv7-m/libgcc.a(_udivdi3.o)
 .bss           0x00000000        0x0 /usr/local/lpcxpresso_7.9.2_493/lpcxpresso/tools/bin/../lib/gcc/arm-none-eabi/4.9.3/armv7-m/libgcc.a(_udivdi3.o)
 .ARM.extab     0x00000000        0x0 /usr/local/lpcxpresso_7.9.2_493/lpcxpresso/tools/bin/../lib/gcc/arm-none-eabi/4.9.3/armv7-m/libgcc.a(_udivdi3.o)
 .ARM.exidx     0x00000000        0x8 /usr/local/lpcxpresso_7.9.2_493/lpcxpresso/tools/bin/../lib/gcc/arm-none-eabi/4.9.3/armv7-m/libgcc.a(_udivdi3.o)
 .debug_frame   0x00000000       0x34 /usr/local/lpcxpresso_7.9.2_493/lpcxpresso/tools/bin/../lib/gcc/arm-none-eabi/4.9.3/armv7-m/libgcc.a(_udivdi3.o)
 .ARM.attributes
                0x00000000       0x2d /usr/local/lpcxpresso_7.9.2_493/lpcxpresso/tools/bin/../lib/gcc/arm-none-eabi/4.9.3/armv7-m/libgcc.a(_udivdi3.o)

Memory Configuration

Name             Origin             Length             Attributes
MFlash512        0x00000000         0x00080000         xr
RamLoc32         0x10000000         0x00008000         xrw
RamAHB32         0x2007c000         0x00008000         xrw
*default*        0x00000000         0xffffffff

Linker script and memory map

LOAD ./src/tasks/joystick_controller.o
LOAD ./src/tasks/rgb_update.o
LOAD ./src/system/cr_startup_lpc17.o
LOAD ./src/scheduler/ttc_scheduler_o.o
LOAD ./src/main/main.o
LOAD /home/nja/LPCXpresso/workspace-2015/Lib_CMSISv1p30_LPC17xx/Debug/libCMSISv1p30_LPC17xx.a
LOAD /home/nja/LPCXpresso/workspace-2015/Lib_EaBaseBoard/Debug/libLib_EaBaseBoard.a
LOAD /home/nja/LPCXpresso/workspace-2015/Lib_MCU/Debug/libLib_MCU.a
START GROUP
LOAD /usr/local/lpcxpresso_7.9.2_493/lpcxpresso/tools/bin/../lib/gcc/arm-none-eabi/4.9.3/armv7-m/libgcc.a
LOAD /usr/local/lpcxpresso_7.9.2_493/lpcxpresso/tools/bin/../lib/gcc/arm-none-eabi/4.9.3/../../../../arm-none-eabi/lib/armv7-m/libc.a
LOAD /usr/local/lpcxpresso_7.9.2_493/lpcxpresso/tools/bin/../lib/gcc/arm-none-eabi/4.9.3/../../../../arm-none-eabi/lib/armv7-m/libm.a
LOAD /usr/local/lpcxpresso_7.9.2_493/lpcxpresso/tools/bin/../lib/gcc/arm-none-eabi/4.9.3/../../../../arm-none-eabi/lib/armv7-m/libcr_newlib_semihost.a
END GROUP
                0x00000000                __base_MFlash512 = 0x0
                0x00000000                __base_Flash = 0x0
                0x00080000                __top_MFlash512 = 0x80000
                0x00080000                __top_Flash = 0x80000
                0x10000000                __base_RamLoc32 = 0x10000000
                0x10000000                __base_RAM = 0x10000000
                0x10008000                __top_RamLoc32 = 0x10008000
                0x10008000                __top_RAM = 0x10008000
                0x2007c000                __base_RamAHB32 = 0x2007c000
                0x2007c000                __base_RAM2 = 0x2007c000
                0x20084000                __top_RamAHB32 = 0x20084000
                0x20084000                __top_RAM2 = 0x20084000

.text           0x00000000      0x9a0
 FILL mask 0xff
                0x00000000                __vectors_start__ = ABSOLUTE (.)
 *(.isr_vector)
 .isr_vector    0x00000000       0xcc ./src/system/cr_startup_lpc17.o
                0x00000000                g_pfnVectors
                0x000000cc                . = ALIGN (0x4)
                0x000000cc                __section_table_start = .
                0x000000cc                __data_section_table = .
                0x000000cc        0x4 LONG 0x9a0 LOADADDR (.data)
                0x000000d0        0x4 LONG 0x10000000 ADDR (.data)
                0x000000d4        0x4 LONG 0x4 SIZEOF (.data)
                0x000000d8        0x4 LONG 0x9a0 LOADADDR (.data_RAM2)
                0x000000dc        0x4 LONG 0x2007c000 ADDR (.data_RAM2)
                0x000000e0        0x4 LONG 0x0 SIZEOF (.data_RAM2)
                0x000000e4                __data_section_table_end = .
                0x000000e4                __bss_section_table = .
                0x000000e4        0x4 LONG 0x10000004 ADDR (.bss)
                0x000000e8        0x4 LONG 0xb0 SIZEOF (.bss)
                0x000000ec        0x4 LONG 0x2007c000 ADDR (.bss_RAM2)
                0x000000f0        0x4 LONG 0x0 SIZEOF (.bss_RAM2)
                0x000000f4                __bss_section_table_end = .
                0x000000f4                __section_table_end = .
 *(.after_vectors*)
 *(.text*)
 .text.Joystick_Init
                0x000000f4        0xc ./src/tasks/joystick_controller.o
                0x000000f4                Joystick_Init
 .text.Joystick_Update
                0x00000100       0x68 ./src/tasks/joystick_controller.o
                0x00000100                Joystick_Update
 .text.RGB_Init
                0x00000168       0x18 ./src/tasks/rgb_update.o
                0x00000168                RGB_Init
 .text.RGB_Update
                0x00000180       0x14 ./src/tasks/rgb_update.o
                0x00000180                RGB_Update
 .text.ResetISR
                0x00000194       0x58 ./src/system/cr_startup_lpc17.o
                0x00000194                ResetISR
 .text.NMI_Handler
                0x000001ec        0x8 ./src/system/cr_startup_lpc17.o
                0x000001ec                NMI_Handler
 .text.HardFault_Handler
                0x000001f4        0x8 ./src/system/cr_startup_lpc17.o
                0x000001f4                HardFault_Handler
 .text.MemManage_Handler
                0x000001fc        0x8 ./src/system/cr_startup_lpc17.o
                0x000001fc                MemManage_Handler
 .text.BusFault_Handler
                0x00000204        0x8 ./src/system/cr_startup_lpc17.o
                0x00000204                BusFault_Handler
 .text.UsageFault_Handler
                0x0000020c        0x8 ./src/system/cr_startup_lpc17.o
                0x0000020c                UsageFault_Handler
 .text.SVCall_Handler
                0x00000214        0x8 ./src/system/cr_startup_lpc17.o
                0x00000214                SVCall_Handler
 .text.DebugMon_Handler
                0x0000021c        0x8 ./src/system/cr_startup_lpc17.o
                0x0000021c                DebugMon_Handler
 .text.PendSV_Handler
                0x00000224        0x8 ./src/system/cr_startup_lpc17.o
                0x00000224                PendSV_Handler
 .text.IntDefaultHandler
                0x0000022c        0x8 ./src/system/cr_startup_lpc17.o
                0x0000022c                TIMER2_IRQHandler
                0x0000022c                RIT_IRQHandler
                0x0000022c                I2C0_IRQHandler
                0x0000022c                USBActivity_IRQHandler
                0x0000022c                PWM1_IRQHandler
                0x0000022c                I2C1_IRQHandler
                0x0000022c                EINT2_IRQHandler
                0x0000022c                UART1_IRQHandler
                0x0000022c                EINT3_IRQHandler
                0x0000022c                CANActivity_IRQHandler
                0x0000022c                TIMER3_IRQHandler
                0x0000022c                UART0_IRQHandler
                0x0000022c                IntDefaultHandler
                0x0000022c                PLL0_IRQHandler
                0x0000022c                CAN_IRQHandler
                0x0000022c                PLL1_IRQHandler
                0x0000022c                SSP0_IRQHandler
                0x0000022c                I2S_IRQHandler
                0x0000022c                I2C2_IRQHandler
                0x0000022c                RTC_IRQHandler
                0x0000022c                TIMER0_IRQHandler
                0x0000022c                SPI_IRQHandler
                0x0000022c                EINT1_IRQHandler
                0x0000022c                TIMER1_IRQHandler
                0x0000022c                UART2_IRQHandler
                0x0000022c                ADC_IRQHandler
                0x0000022c                SSP1_IRQHandler
                0x0000022c                USB_IRQHandler
                0x0000022c                BOD_IRQHandler
                0x0000022c                WDT_IRQHandler
                0x0000022c                QEI_IRQHandler
                0x0000022c                EINT0_IRQHandler
                0x0000022c                DMA_IRQHandler
                0x0000022c                UART3_IRQHandler
                0x0000022c                MCPWM_IRQHandler
                0x0000022c                ENET_IRQHandler
 .text.__enable_irq
                0x00000234       0x10 ./src/scheduler/ttc_scheduler_o.o
 .text.__disable_irq
                0x00000244       0x10 ./src/scheduler/ttc_scheduler_o.o
 .text.__WFI    0x00000254       0x10 ./src/scheduler/ttc_scheduler_o.o
 .text.NVIC_SetPriority
                0x00000264       0x54 ./src/scheduler/ttc_scheduler_o.o
 .text.SysTick_Config
                0x000002b8       0x44 ./src/scheduler/ttc_scheduler_o.o
 .text.SCH_Init
                0x000002fc       0x64 ./src/scheduler/ttc_scheduler_o.o
                0x000002fc                SCH_Init
 .text.SCH_Start
                0x00000360       0x28 ./src/scheduler/ttc_scheduler_o.o
                0x00000360                SCH_Start
 .text.SysTick_Handler
                0x00000388       0x30 ./src/scheduler/ttc_scheduler_o.o
                0x00000388                SysTick_Handler
 .text.SCH_Dispatch_Tasks
                0x000003b8      0x10c ./src/scheduler/ttc_scheduler_o.o
                0x000003b8                SCH_Dispatch_Tasks
 .text.SCH_Add_Task
                0x000004c4       0x7c ./src/scheduler/ttc_scheduler_o.o
                0x000004c4                SCH_Add_Task
 .text.SCH_Delete_Task
                0x00000540       0x70 ./src/scheduler/ttc_scheduler_o.o
                0x00000540                SCH_Delete_Task
 .text.SCH_Go_To_Sleep
                0x000005b0        0xc ./src/scheduler/ttc_scheduler_o.o
 .text.main     0x000005bc       0x38 ./src/main/main.o
                0x000005bc                main
 .text.SystemInit
                0x000005f4      0x140 /home/nja/LPCXpresso/workspace-2015/Lib_CMSISv1p30_LPC17xx/Debug/libCMSISv1p30_LPC17xx.a(system_LPC17xx.o)
                0x000005f4                SystemInit
 .text.joystick_init
                0x00000734       0x1c /home/nja/LPCXpresso/workspace-2015/Lib_EaBaseBoard/Debug/libLib_EaBaseBoard.a(joystick.o)
                0x00000734                joystick_init
 .text.joystick_read
                0x00000750       0x88 /home/nja/LPCXpresso/workspace-2015/Lib_EaBaseBoard/Debug/libLib_EaBaseBoard.a(joystick.o)
                0x00000750                joystick_read
 .text.rgb_init
                0x000007d8       0x28 /home/nja/LPCXpresso/workspace-2015/Lib_EaBaseBoard/Debug/libLib_EaBaseBoard.a(rgb.o)
                0x000007d8                rgb_init
 .text.rgb_setLeds
                0x00000800       0x68 /home/nja/LPCXpresso/workspace-2015/Lib_EaBaseBoard/Debug/libLib_EaBaseBoard.a(rgb.o)
                0x00000800                rgb_setLeds
 .text.GPIO_GetPointer
                0x00000868       0x74 /home/nja/LPCXpresso/workspace-2015/Lib_MCU/Debug/libLib_MCU.a(lpc17xx_gpio.o)
 .text.GPIO_SetDir
                0x000008dc       0x48 /home/nja/LPCXpresso/workspace-2015/Lib_MCU/Debug/libLib_MCU.a(lpc17xx_gpio.o)
                0x000008dc                GPIO_SetDir
 .text.GPIO_SetValue
                0x00000924       0x28 /home/nja/LPCXpresso/workspace-2015/Lib_MCU/Debug/libLib_MCU.a(lpc17xx_gpio.o)
                0x00000924                GPIO_SetValue
 .text.GPIO_ClearValue
                0x0000094c       0x28 /home/nja/LPCXpresso/workspace-2015/Lib_MCU/Debug/libLib_MCU.a(lpc17xx_gpio.o)
                0x0000094c                GPIO_ClearValue
 .text.GPIO_ReadValue
                0x00000974       0x2c /home/nja/LPCXpresso/workspace-2015/Lib_MCU/Debug/libLib_MCU.a(lpc17xx_gpio.o)
                0x00000974                GPIO_ReadValue
 *(.rodata .rodata.* .constdata .constdata.*)
                0x000009a0                . = ALIGN (0x4)

.glue_7         0x000009a0        0x0
 .glue_7        0x00000000        0x0 linker stubs

.glue_7t        0x000009a0        0x0
 .glue_7t       0x00000000        0x0 linker stubs

.vfp11_veneer   0x000009a0        0x0
 .vfp11_veneer  0x00000000        0x0 linker stubs

.v4_bx          0x000009a0        0x0
 .v4_bx         0x00000000        0x0 linker stubs

.iplt           0x000009a0        0x0
 .iplt          0x00000000        0x0 ./src/tasks/joystick_controller.o

.rel.dyn        0x000009a0        0x0
 .rel.iplt      0x00000000        0x0 ./src/tasks/joystick_controller.o

.ARM.extab
 *(.ARM.extab* .gnu.linkonce.armextab.*)
                0x000009a0                __exidx_start = .

.ARM.exidx
 *(.ARM.exidx* .gnu.linkonce.armexidx.*)
                0x000009a0                __exidx_end = .
                0x000009a0                _etext = .

.data_RAM2      0x2007c000        0x0 load address 0x000009a0
 FILL mask 0xff
                0x2007c000                PROVIDE (__start_data_RAM2, .)
 *(.ramfunc.$RAM2)
 *(.ramfunc.$RamAHB32)
 *(.data.$RAM2*)
 *(.data.$RamAHB32*)
                0x2007c000                . = ALIGN (0x4)
                0x2007c000                PROVIDE (__end_data_RAM2, .)

.uninit_RESERVED
                0x10000000        0x0
 *(.bss.$RESERVED*)
                0x10000000                . = ALIGN (0x4)
                0x10000000                _end_uninit_RESERVED = .

.data           0x10000000        0x4 load address 0x000009a0
 FILL mask 0xff
                0x10000000                _data = .
 *(vtable)
 *(.ramfunc*)
 *(.data*)
 .data          0x10000000        0x4 /home/nja/LPCXpresso/workspace-2015/Lib_CMSISv1p30_LPC17xx/Debug/libCMSISv1p30_LPC17xx.a(system_LPC17xx.o)
                0x10000000                SystemCoreClock
                0x10000004                . = ALIGN (0x4)
                0x10000004                _edata = .

.igot.plt       0x10000004        0x0 load address 0x000009a4
 .igot.plt      0x00000000        0x0 ./src/tasks/joystick_controller.o

.bss_RAM2       0x2007c000        0x0
                0x2007c000                PROVIDE (__start_bss_RAM2, .)
 *(.bss.$RAM2*)
 *(.bss.$RamAHB32*)
                0x2007c000                . = ALIGN ((. != 0x0)?0x4:0x1)
                0x2007c000                PROVIDE (__end_bss_RAM2, .)

.bss            0x10000004       0xb0
                0x10000004                _bss = .
 *(.bss*)
 .bss           0x10000004        0x1 ./src/tasks/rgb_update.o
                0x10000004                rgb_state
 *fill*         0x10000005        0x3 
 .bss           0x10000008        0x8 ./src/scheduler/ttc_scheduler_o.o
 *(COMMON)
 COMMON         0x10000010       0xa4 ./src/scheduler/ttc_scheduler_o.o
                0x10000010                Error_code_G
                0x10000014                SCH_tasks_G
                0x100000b4                . = ALIGN (0x4)
                0x100000b4                _ebss = .
                0x100000b4                PROVIDE (end, .)

.noinit_RAM2    0x2007c000        0x0
 *(.noinit.$RAM2*)
 *(.noinit.$RamAHB32*)
                0x2007c000                . = ALIGN (0x4)

.noinit         0x100000b4        0x0
                0x100000b4                _noinit = .
 *(.noinit*)
                0x100000b4                . = ALIGN (0x4)
                0x100000b4                _end_noinit = .
                0x100000b4                PROVIDE (_pvHeapStart, DEFINED (__user_heap_base)?__user_heap_base:.)
                0x10008000                PROVIDE (_vStackTop, DEFINED (__user_stack_top)?__user_stack_top:(__top_RamLoc32 - 0x0))
                0xefff747a                PROVIDE (__valid_user_code_checksum, (0x0 - ((((((_vStackTop + (ResetISR + 0x1)) + (NMI_Handler + 0x1)) + (HardFault_Handler + 0x1)) + (DEFINED (MemManage_Handler)?MemManage_Handler:0x0 + 0x1)) + (DEFINED (BusFault_Handler)?BusFault_Handler:0x0 + 0x1)) + (DEFINED (UsageFault_Handler)?UsageFault_Handler:0x0 + 0x1))))
OUTPUT(scheduler.axf elf32-littlearm)

.debug_info     0x00000000     0x1d19
 .debug_info    0x00000000       0xcd ./src/tasks/joystick_controller.o
 .debug_info    0x000000cd       0xc0 ./src/tasks/rgb_update.o
 .debug_info    0x0000018d      0x1b1 ./src/system/cr_startup_lpc17.o
 .debug_info    0x0000033e      0x709 ./src/scheduler/ttc_scheduler_o.o
 .debug_info    0x00000a47      0x108 ./src/main/main.o
 .debug_info    0x00000b4f      0x2e3 /home/nja/LPCXpresso/workspace-2015/Lib_CMSISv1p30_LPC17xx/Debug/libCMSISv1p30_LPC17xx.a(system_LPC17xx.o)
 .debug_info    0x00000e32       0xfa /home/nja/LPCXpresso/workspace-2015/Lib_EaBaseBoard/Debug/libLib_EaBaseBoard.a(joystick.o)
 .debug_info    0x00000f2c       0xcf /home/nja/LPCXpresso/workspace-2015/Lib_EaBaseBoard/Debug/libLib_EaBaseBoard.a(rgb.o)
 .debug_info    0x00000ffb      0xd1e /home/nja/LPCXpresso/workspace-2015/Lib_MCU/Debug/libLib_MCU.a(lpc17xx_gpio.o)

.debug_abbrev   0x00000000      0x894
 .debug_abbrev  0x00000000       0x8c ./src/tasks/joystick_controller.o
 .debug_abbrev  0x0000008c       0x63 ./src/tasks/rgb_update.o
 .debug_abbrev  0x000000ef       0xb9 ./src/system/cr_startup_lpc17.o
 .debug_abbrev  0x000001a8      0x23e ./src/scheduler/ttc_scheduler_o.o
 .debug_abbrev  0x000003e6       0x9e ./src/main/main.o
 .debug_abbrev  0x00000484       0xe6 /home/nja/LPCXpresso/workspace-2015/Lib_CMSISv1p30_LPC17xx/Debug/libCMSISv1p30_LPC17xx.a(system_LPC17xx.o)
 .debug_abbrev  0x0000056a       0x95 /home/nja/LPCXpresso/workspace-2015/Lib_EaBaseBoard/Debug/libLib_EaBaseBoard.a(joystick.o)
 .debug_abbrev  0x000005ff       0x93 /home/nja/LPCXpresso/workspace-2015/Lib_EaBaseBoard/Debug/libLib_EaBaseBoard.a(rgb.o)
 .debug_abbrev  0x00000692      0x202 /home/nja/LPCXpresso/workspace-2015/Lib_MCU/Debug/libLib_MCU.a(lpc17xx_gpio.o)

.debug_aranges  0x00000000      0x2d0
 .debug_aranges
                0x00000000       0x28 ./src/tasks/joystick_controller.o
 .debug_aranges
                0x00000028       0x28 ./src/tasks/rgb_update.o
 .debug_aranges
                0x00000050       0x70 ./src/system/cr_startup_lpc17.o
 .debug_aranges
                0x000000c0       0x78 ./src/scheduler/ttc_scheduler_o.o
 .debug_aranges
                0x00000138       0x28 ./src/main/main.o
 .debug_aranges
                0x00000160       0x28 /home/nja/LPCXpresso/workspace-2015/Lib_CMSISv1p30_LPC17xx/Debug/libCMSISv1p30_LPC17xx.a(system_LPC17xx.o)
 .debug_aranges
                0x00000188       0x28 /home/nja/LPCXpresso/workspace-2015/Lib_EaBaseBoard/Debug/libLib_EaBaseBoard.a(joystick.o)
 .debug_aranges
                0x000001b0       0x28 /home/nja/LPCXpresso/workspace-2015/Lib_EaBaseBoard/Debug/libLib_EaBaseBoard.a(rgb.o)
 .debug_aranges
                0x000001d8       0xf8 /home/nja/LPCXpresso/workspace-2015/Lib_MCU/Debug/libLib_MCU.a(lpc17xx_gpio.o)

.debug_ranges   0x00000000      0x240
 .debug_ranges  0x00000000       0x18 ./src/tasks/joystick_controller.o
 .debug_ranges  0x00000018       0x18 ./src/tasks/rgb_update.o
 .debug_ranges  0x00000030       0x60 ./src/system/cr_startup_lpc17.o
 .debug_ranges  0x00000090       0x68 ./src/scheduler/ttc_scheduler_o.o
 .debug_ranges  0x000000f8       0x18 ./src/main/main.o
 .debug_ranges  0x00000110       0x18 /home/nja/LPCXpresso/workspace-2015/Lib_CMSISv1p30_LPC17xx/Debug/libCMSISv1p30_LPC17xx.a(system_LPC17xx.o)
 .debug_ranges  0x00000128       0x18 /home/nja/LPCXpresso/workspace-2015/Lib_EaBaseBoard/Debug/libLib_EaBaseBoard.a(joystick.o)
 .debug_ranges  0x00000140       0x18 /home/nja/LPCXpresso/workspace-2015/Lib_EaBaseBoard/Debug/libLib_EaBaseBoard.a(rgb.o)
 .debug_ranges  0x00000158       0xe8 /home/nja/LPCXpresso/workspace-2015/Lib_MCU/Debug/libLib_MCU.a(lpc17xx_gpio.o)

.debug_macro    0x00000000     0x3556
 .debug_macro   0x00000000       0x7f ./src/tasks/joystick_controller.o
 .debug_macro   0x0000007f      0x874 ./src/tasks/joystick_controller.o
 .debug_macro   0x000008f3       0x22 ./src/tasks/joystick_controller.o
 .debug_macro   0x00000915       0x44 ./src/tasks/joystick_controller.o
 .debug_macro   0x00000959       0x58 ./src/tasks/joystick_controller.o
 .debug_macro   0x000009b1       0x22 ./src/tasks/joystick_controller.o
 .debug_macro   0x000009d3      0x1df ./src/tasks/joystick_controller.o
 .debug_macro   0x00000bb2       0x5e ./src/tasks/joystick_controller.o
 .debug_macro   0x00000c10       0x28 ./src/tasks/joystick_controller.o
 .debug_macro   0x00000c38       0x1c ./src/tasks/joystick_controller.o
 .debug_macro   0x00000c54       0x80 ./src/tasks/rgb_update.o
 .debug_macro   0x00000cd4       0x6a ./src/system/cr_startup_lpc17.o
 .debug_macro   0x00000d3e       0xae ./src/scheduler/ttc_scheduler_o.o
 .debug_macro   0x00000dec       0x1c ./src/scheduler/ttc_scheduler_o.o
 .debug_macro   0x00000e08       0x22 ./src/scheduler/ttc_scheduler_o.o
 .debug_macro   0x00000e2a      0x7b7 ./src/scheduler/ttc_scheduler_o.o
 .debug_macro   0x000015e1      0x2c7 ./src/scheduler/ttc_scheduler_o.o
 .debug_macro   0x000018a8       0x64 ./src/scheduler/ttc_scheduler_o.o
 .debug_macro   0x0000190c       0x16 ./src/scheduler/ttc_scheduler_o.o
 .debug_macro   0x00001922       0x2e ./src/scheduler/ttc_scheduler_o.o
 .debug_macro   0x00001950       0x28 ./src/scheduler/ttc_scheduler_o.o
 .debug_macro   0x00001978       0xb8 ./src/main/main.o
 .debug_macro   0x00001a30       0x1c ./src/main/main.o
 .debug_macro   0x00001a4c       0x22 ./src/main/main.o
 .debug_macro   0x00001a6e      0x113 /home/nja/LPCXpresso/workspace-2015/Lib_CMSISv1p30_LPC17xx/Debug/libCMSISv1p30_LPC17xx.a(system_LPC17xx.o)
 .debug_macro   0x00001b81      0x86e /home/nja/LPCXpresso/workspace-2015/Lib_CMSISv1p30_LPC17xx/Debug/libCMSISv1p30_LPC17xx.a(system_LPC17xx.o)
 .debug_macro   0x000023ef       0x10 /home/nja/LPCXpresso/workspace-2015/Lib_CMSISv1p30_LPC17xx/Debug/libCMSISv1p30_LPC17xx.a(system_LPC17xx.o)
 .debug_macro   0x000023ff      0x12d /home/nja/LPCXpresso/workspace-2015/Lib_CMSISv1p30_LPC17xx/Debug/libCMSISv1p30_LPC17xx.a(system_LPC17xx.o)
 .debug_macro   0x0000252c      0x5b2 /home/nja/LPCXpresso/workspace-2015/Lib_CMSISv1p30_LPC17xx/Debug/libCMSISv1p30_LPC17xx.a(system_LPC17xx.o)
 .debug_macro   0x00002ade      0x7d5 /home/nja/LPCXpresso/workspace-2015/Lib_CMSISv1p30_LPC17xx/Debug/libCMSISv1p30_LPC17xx.a(system_LPC17xx.o)
 .debug_macro   0x000032b3       0x83 /home/nja/LPCXpresso/workspace-2015/Lib_EaBaseBoard/Debug/libLib_EaBaseBoard.a(joystick.o)
 .debug_macro   0x00003336       0x40 /home/nja/LPCXpresso/workspace-2015/Lib_EaBaseBoard/Debug/libLib_EaBaseBoard.a(joystick.o)
 .debug_macro   0x00003376       0x83 /home/nja/LPCXpresso/workspace-2015/Lib_EaBaseBoard/Debug/libLib_EaBaseBoard.a(rgb.o)
 .debug_macro   0x000033f9       0x83 /home/nja/LPCXpresso/workspace-2015/Lib_MCU/Debug/libLib_MCU.a(lpc17xx_gpio.o)
 .debug_macro   0x0000347c       0xda /home/nja/LPCXpresso/workspace-2015/Lib_MCU/Debug/libLib_MCU.a(lpc17xx_gpio.o)

.debug_line     0x00000000     0x1adf
 .debug_line    0x00000000      0x295 ./src/tasks/joystick_controller.o
 .debug_line    0x00000295      0x28e ./src/tasks/rgb_update.o
 .debug_line    0x00000523      0x316 ./src/system/cr_startup_lpc17.o
 .debug_line    0x00000839      0x45b ./src/scheduler/ttc_scheduler_o.o
 .debug_line    0x00000c94      0x373 ./src/main/main.o
 .debug_line    0x00001007      0x1f7 /home/nja/LPCXpresso/workspace-2015/Lib_CMSISv1p30_LPC17xx/Debug/libCMSISv1p30_LPC17xx.a(system_LPC17xx.o)
 .debug_line    0x000011fe      0x232 /home/nja/LPCXpresso/workspace-2015/Lib_EaBaseBoard/Debug/libLib_EaBaseBoard.a(joystick.o)
 .debug_line    0x00001430      0x21f /home/nja/LPCXpresso/workspace-2015/Lib_EaBaseBoard/Debug/libLib_EaBaseBoard.a(rgb.o)
 .debug_line    0x0000164f      0x490 /home/nja/LPCXpresso/workspace-2015/Lib_MCU/Debug/libLib_MCU.a(lpc17xx_gpio.o)

.debug_str      0x00000000     0x9c6d
 .debug_str     0x00000000     0x313f ./src/tasks/joystick_controller.o
                               0x3291 (size before relaxing)
 .debug_str     0x0000313f       0x4a ./src/tasks/rgb_update.o
                               0x322c (size before relaxing)
 .debug_str     0x00003189      0x164 ./src/system/cr_startup_lpc17.o
                               0x314d (size before relaxing)
 .debug_str     0x000032ed     0x4594 ./src/scheduler/ttc_scheduler_o.o
                               0x7761 (size before relaxing)
 .debug_str     0x00007881       0x2a ./src/main/main.o
                               0x7304 (size before relaxing)
 .debug_str     0x000078ab     0x1b10 /home/nja/LPCXpresso/workspace-2015/Lib_CMSISv1p30_LPC17xx/Debug/libCMSISv1p30_LPC17xx.a(system_LPC17xx.o)
                               0x7f92 (size before relaxing)
 .debug_str     0x000093bb      0x2b2 /home/nja/LPCXpresso/workspace-2015/Lib_EaBaseBoard/Debug/libLib_EaBaseBoard.a(joystick.o)
                               0x7fef (size before relaxing)
 .debug_str     0x0000966d       0x2a /home/nja/LPCXpresso/workspace-2015/Lib_EaBaseBoard/Debug/libLib_EaBaseBoard.a(rgb.o)
                               0x7f94 (size before relaxing)
 .debug_str     0x00009697      0x5d6 /home/nja/LPCXpresso/workspace-2015/Lib_MCU/Debug/libLib_MCU.a(lpc17xx_gpio.o)
                               0x84f0 (size before relaxing)

.comment        0x00000000       0x70
 .comment       0x00000000       0x70 ./src/tasks/joystick_controller.o
                                 0x71 (size before relaxing)
 .comment       0x00000000       0x71 ./src/tasks/rgb_update.o
 .comment       0x00000000       0x71 ./src/system/cr_startup_lpc17.o
 .comment       0x00000000       0x71 ./src/scheduler/ttc_scheduler_o.o
 .comment       0x00000000       0x71 ./src/main/main.o
 .comment       0x00000000       0x71 /home/nja/LPCXpresso/workspace-2015/Lib_CMSISv1p30_LPC17xx/Debug/libCMSISv1p30_LPC17xx.a(system_LPC17xx.o)
 .comment       0x00000000       0x71 /home/nja/LPCXpresso/workspace-2015/Lib_EaBaseBoard/Debug/libLib_EaBaseBoard.a(joystick.o)
 .comment       0x00000000       0x71 /home/nja/LPCXpresso/workspace-2015/Lib_EaBaseBoard/Debug/libLib_EaBaseBoard.a(rgb.o)
 .comment       0x00000000       0x71 /home/nja/LPCXpresso/workspace-2015/Lib_MCU/Debug/libLib_MCU.a(lpc17xx_gpio.o)

.ARM.attributes
                0x00000000       0x33
 .ARM.attributes
                0x00000000       0x33 ./src/tasks/joystick_controller.o
 .ARM.attributes
                0x00000033       0x33 ./src/tasks/rgb_update.o
 .ARM.attributes
                0x00000066       0x33 ./src/system/cr_startup_lpc17.o
 .ARM.attributes
                0x00000099       0x33 ./src/scheduler/ttc_scheduler_o.o
 .ARM.attributes
                0x000000cc       0x33 ./src/main/main.o
 .ARM.attributes
                0x000000ff       0x33 /home/nja/LPCXpresso/workspace-2015/Lib_CMSISv1p30_LPC17xx/Debug/libCMSISv1p30_LPC17xx.a(system_LPC17xx.o)
 .ARM.attributes
                0x00000132       0x33 /home/nja/LPCXpresso/workspace-2015/Lib_EaBaseBoard/Debug/libLib_EaBaseBoard.a(joystick.o)
 .ARM.attributes
                0x00000165       0x33 /home/nja/LPCXpresso/workspace-2015/Lib_EaBaseBoard/Debug/libLib_EaBaseBoard.a(rgb.o)
 .ARM.attributes
                0x00000198       0x33 /home/nja/LPCXpresso/workspace-2015/Lib_MCU/Debug/libLib_MCU.a(lpc17xx_gpio.o)

.debug_frame    0x00000000      0x8dc
 .debug_frame   0x00000000       0x50 ./src/tasks/joystick_controller.o
 .debug_frame   0x00000050       0x48 ./src/tasks/rgb_update.o
 .debug_frame   0x00000098      0x120 ./src/system/cr_startup_lpc17.o
 .debug_frame   0x000001b8      0x1b0 ./src/scheduler/ttc_scheduler_o.o
 .debug_frame   0x00000368       0x48 ./src/main/main.o
 .debug_frame   0x000003b0       0x64 /home/nja/LPCXpresso/workspace-2015/Lib_CMSISv1p30_LPC17xx/Debug/libCMSISv1p30_LPC17xx.a(system_LPC17xx.o)
 .debug_frame   0x00000414       0x50 /home/nja/LPCXpresso/workspace-2015/Lib_EaBaseBoard/Debug/libLib_EaBaseBoard.a(joystick.o)
 .debug_frame   0x00000464       0x50 /home/nja/LPCXpresso/workspace-2015/Lib_EaBaseBoard/Debug/libLib_EaBaseBoard.a(rgb.o)
 .debug_frame   0x000004b4      0x428 /home/nja/LPCXpresso/workspace-2015/Lib_MCU/Debug/libLib_MCU.a(lpc17xx_gpio.o)
