------------------------------------------------------------
TimeQuest Timing Analyzer Summary
------------------------------------------------------------

Type  : Slow 1200mV 85C Model Setup 'Clock_Divider:cd|Clk_Div'
Slack : -4.164
TNS   : -49.680

Type  : Slow 1200mV 85C Model Setup 'BUTTON[0]'
Slack : -3.438
TNS   : -14.937

Type  : Slow 1200mV 85C Model Setup 'CLOCK'
Slack : -2.538
TNS   : -82.515

Type  : Slow 1200mV 85C Model Hold 'CLOCK'
Slack : -0.090
TNS   : -0.090

Type  : Slow 1200mV 85C Model Hold 'Clock_Divider:cd|Clk_Div'
Slack : 0.335
TNS   : 0.000

Type  : Slow 1200mV 85C Model Hold 'BUTTON[0]'
Slack : 0.714
TNS   : 0.000

Type  : Slow 1200mV 85C Model Recovery 'Clock_Divider:cd|Clk_Div'
Slack : 0.152
TNS   : 0.000

Type  : Slow 1200mV 85C Model Removal 'Clock_Divider:cd|Clk_Div'
Slack : -0.335
TNS   : -3.863

Type  : Slow 1200mV 85C Model Minimum Pulse Width 'CLOCK'
Slack : -3.000
TNS   : -36.000

Type  : Slow 1200mV 85C Model Minimum Pulse Width 'BUTTON[0]'
Slack : -3.000
TNS   : -3.000

Type  : Slow 1200mV 85C Model Minimum Pulse Width 'Clock_Divider:cd|Clk_Div'
Slack : -1.000
TNS   : -14.000

Type  : Slow 1200mV 0C Model Setup 'Clock_Divider:cd|Clk_Div'
Slack : -3.647
TNS   : -43.175

Type  : Slow 1200mV 0C Model Setup 'BUTTON[0]'
Slack : -2.909
TNS   : -12.607

Type  : Slow 1200mV 0C Model Setup 'CLOCK'
Slack : -2.191
TNS   : -71.021

Type  : Slow 1200mV 0C Model Hold 'CLOCK'
Slack : -0.044
TNS   : -0.044

Type  : Slow 1200mV 0C Model Hold 'Clock_Divider:cd|Clk_Div'
Slack : 0.313
TNS   : 0.000

Type  : Slow 1200mV 0C Model Hold 'BUTTON[0]'
Slack : 0.654
TNS   : 0.000

Type  : Slow 1200mV 0C Model Recovery 'Clock_Divider:cd|Clk_Div'
Slack : 0.110
TNS   : 0.000

Type  : Slow 1200mV 0C Model Removal 'Clock_Divider:cd|Clk_Div'
Slack : -0.218
TNS   : -2.368

Type  : Slow 1200mV 0C Model Minimum Pulse Width 'CLOCK'
Slack : -3.000
TNS   : -36.000

Type  : Slow 1200mV 0C Model Minimum Pulse Width 'BUTTON[0]'
Slack : -3.000
TNS   : -3.000

Type  : Slow 1200mV 0C Model Minimum Pulse Width 'Clock_Divider:cd|Clk_Div'
Slack : -1.000
TNS   : -14.000

Type  : Fast 1200mV 0C Model Setup 'Clock_Divider:cd|Clk_Div'
Slack : -1.893
TNS   : -21.840

Type  : Fast 1200mV 0C Model Setup 'BUTTON[0]'
Slack : -1.633
TNS   : -6.737

Type  : Fast 1200mV 0C Model Setup 'CLOCK'
Slack : -0.962
TNS   : -31.128

Type  : Fast 1200mV 0C Model Hold 'CLOCK'
Slack : -0.146
TNS   : -2.738

Type  : Fast 1200mV 0C Model Hold 'Clock_Divider:cd|Clk_Div'
Slack : 0.061
TNS   : 0.000

Type  : Fast 1200mV 0C Model Hold 'BUTTON[0]'
Slack : 0.379
TNS   : 0.000

Type  : Fast 1200mV 0C Model Recovery 'Clock_Divider:cd|Clk_Div'
Slack : 0.008
TNS   : 0.000

Type  : Fast 1200mV 0C Model Removal 'Clock_Divider:cd|Clk_Div'
Slack : -0.311
TNS   : -3.681

Type  : Fast 1200mV 0C Model Minimum Pulse Width 'CLOCK'
Slack : -3.000
TNS   : -37.816

Type  : Fast 1200mV 0C Model Minimum Pulse Width 'BUTTON[0]'
Slack : -3.000
TNS   : -3.000

Type  : Fast 1200mV 0C Model Minimum Pulse Width 'Clock_Divider:cd|Clk_Div'
Slack : -1.000
TNS   : -14.000

------------------------------------------------------------
