Archive member included because of file (symbol)

../app_slave_bsp/\libhal_bsp.a(alt_iic.o)
                              obj/default/TTC_Scheduler_slave/2_50_XXg.o (alt_ic_isr_register)
../app_slave_bsp/\libhal_bsp.a(alt_iic_isr_register.o)
                              ../app_slave_bsp/\libhal_bsp.a(alt_iic.o) (alt_iic_isr_register)
../app_slave_bsp/\libhal_bsp.a(alt_irq_entry.o)
                              ../app_slave_bsp/\libhal_bsp.a(alt_iic_isr_register.o) (alt_irq_entry)
../app_slave_bsp/\libhal_bsp.a(alt_irq_handler.o)
                              ../app_slave_bsp/\libhal_bsp.a(alt_iic_isr_register.o) (alt_irq)
../app_slave_bsp/\libhal_bsp.a(alt_irq_vars.o)
                              ../app_slave_bsp/\libhal_bsp.a(alt_iic.o) (alt_irq_active)
../app_slave_bsp/\libhal_bsp.a(alt_load.o)
                              ../app_slave_bsp//obj/HAL/src/crt0.o (alt_load)
../app_slave_bsp/\libhal_bsp.a(altera_avalon_spi.o)
                              obj/default/SPImcp2515_slave/spi_mcp2515.o (alt_avalon_spi_command)
../app_slave_bsp/\libhal_bsp.a(alt_dcache_flush_all.o)
                              ../app_slave_bsp/\libhal_bsp.a(alt_load.o) (alt_dcache_flush_all)
../app_slave_bsp/\libhal_bsp.a(alt_exception_entry.o)
                              ../app_slave_bsp/\libhal_bsp.a(alt_irq_entry.o) (alt_exception)
../app_slave_bsp/\libhal_bsp.a(alt_icache_flush_all.o)
                              ../app_slave_bsp/\libhal_bsp.a(alt_load.o) (alt_icache_flush_all)

Allocating common symbols
Common symbol       size              file

alt_irq             0x100             ../app_slave_bsp/\libhal_bsp.a(alt_irq_handler.o)
Tick_message_data_G
                    0x1               obj/default/TTC_Scheduler_slave/2_50_XXg.o
edge_capture        0x4               obj/default/TTC_Scheduler_slave/2_50_XXg.o
SCH_tasks_G         0x30              obj/default/TTC_Scheduler_slave/Sch51.o
write_data          0x32              obj/default/SPImcp2515_slave/spi_mcp2515.o
read_data           0x32              obj/default/SPImcp2515_slave/spi_mcp2515.o
Ack_message_data_G  0x1               obj/default/Tasks_slave/PushButton.o

Memory Configuration

Name             Origin             Length             Attributes
reset            0x00000000         0x00000020
onchip_memory2_0 0x00000020         0x00003fbc
*default*        0x00000000         0xffffffff

Linker script and memory map

LOAD ../app_slave_bsp//obj/HAL/src/crt0.o
LOAD obj/default/SPImcp2515_slave/spi_mcp2515.o
LOAD obj/default/TTC_Scheduler_slave/2_50_XXg.o
LOAD obj/default/TTC_Scheduler_slave/Main.o
LOAD obj/default/TTC_Scheduler_slave/Sch51.o
LOAD obj/default/Tasks_slave/HEARTBEAT.o
LOAD obj/default/Tasks_slave/LED_ONOFF.o
LOAD obj/default/Tasks_slave/PushButton.o
LOAD c:/altera/13.1/nios2eds/bin/gnu/h-i686-mingw32/bin/../lib/gcc/nios2-elf/4.7.3/../../../../../H-i686-mingw32/nios2-elf/lib/mno-hw-mul\libstdc++.a
LOAD c:/altera/13.1/nios2eds/bin/gnu/h-i686-mingw32/bin/../lib/gcc/nios2-elf/4.7.3/../../../../../H-i686-mingw32/nios2-elf/lib/mno-hw-mul\libm.a
LOAD c:/altera/13.1/nios2eds/bin/gnu/h-i686-mingw32/bin/../lib/gcc/nios2-elf/4.7.3/mno-hw-mul\libgcc.a
START GROUP
LOAD c:/altera/13.1/nios2eds/bin/gnu/h-i686-mingw32/bin/../lib/gcc/nios2-elf/4.7.3/../../../../../H-i686-mingw32/nios2-elf/lib/mno-hw-mul\libc.a
LOAD c:/altera/13.1/nios2eds/bin/gnu/h-i686-mingw32/bin/../lib/gcc/nios2-elf/4.7.3/mno-hw-mul\libgcc.a
LOAD ../app_slave_bsp/\libhal_bsp.a
END GROUP
LOAD c:/altera/13.1/nios2eds/bin/gnu/h-i686-mingw32/bin/../lib/gcc/nios2-elf/4.7.3/mno-hw-mul\libgcc.a
                0x00000000                __alt_mem_onchip_memory2_0 = 0x0

.entry          0x00000000       0x20
 *(.entry)
 .entry         0x00000000       0x20 ../app_slave_bsp//obj/HAL/src/crt0.o
                0x00000000                __reset

.exceptions     0x00000020      0x198
                0x00000020                PROVIDE (__ram_exceptions_start, ABSOLUTE (.))
                0x00000020                . = ALIGN (0x20)
 *(.irq)
 *(.exceptions.entry.label)
 .exceptions.entry.label
                0x00000020        0x0 ../app_slave_bsp/\libhal_bsp.a(alt_irq_entry.o)
                0x00000020                alt_irq_entry
 .exceptions.entry.label
                0x00000020        0x0 ../app_slave_bsp/\libhal_bsp.a(alt_exception_entry.o)
                0x00000020                alt_exception
 *(.exceptions.entry.user)
 *(.exceptions.entry.ecc_fatal)
 *(.exceptions.entry)
 .exceptions.entry
                0x00000020       0x54 ../app_slave_bsp/\libhal_bsp.a(alt_exception_entry.o)
 *(.exceptions.irqtest.user)
 *(.exceptions.irqtest)
 .exceptions.irqtest
                0x00000074       0x10 ../app_slave_bsp/\libhal_bsp.a(alt_irq_entry.o)
 *(.exceptions.irqhandler.user)
 *(.exceptions.irqhandler)
 .exceptions.irqhandler
                0x00000084        0x4 ../app_slave_bsp/\libhal_bsp.a(alt_irq_entry.o)
 *(.exceptions.irqreturn.user)
 *(.exceptions.irqreturn)
 .exceptions.irqreturn
                0x00000088        0x4 ../app_slave_bsp/\libhal_bsp.a(alt_irq_entry.o)
 *(.exceptions.notirq.label)
 .exceptions.notirq.label
                0x0000008c        0x0 ../app_slave_bsp/\libhal_bsp.a(alt_irq_entry.o)
 *(.exceptions.notirq.user)
 *(.exceptions.notirq)
 .exceptions.notirq
                0x0000008c        0x8 ../app_slave_bsp/\libhal_bsp.a(alt_exception_entry.o)
 *(.exceptions.soft.user)
 *(.exceptions.soft)
 *(.exceptions.unknown.user)
 *(.exceptions.unknown)
 .exceptions.unknown
                0x00000094        0x4 ../app_slave_bsp/\libhal_bsp.a(alt_exception_entry.o)
 *(.exceptions.exit.label)
 .exceptions.exit.label
                0x00000098        0x0 ../app_slave_bsp/\libhal_bsp.a(alt_irq_entry.o)
 .exceptions.exit.label
                0x00000098        0x0 ../app_slave_bsp/\libhal_bsp.a(alt_exception_entry.o)
 *(.exceptions.exit.user)
 *(.exceptions.exit)
 .exceptions.exit
                0x00000098       0x54 ../app_slave_bsp/\libhal_bsp.a(alt_exception_entry.o)
 *(.exceptions)
 .exceptions    0x000000ec       0xcc ../app_slave_bsp/\libhal_bsp.a(alt_irq_handler.o)
                0x000000ec                alt_irq_handler
                0x000001b8                PROVIDE (__ram_exceptions_end, ABSOLUTE (.))
                0x00000020                PROVIDE (__flash_exceptions_start, LOADADDR (.exceptions))

.text           0x000001b8     0x1460
                0x000001b8                PROVIDE (stext, ABSOLUTE (.))
 *(.interp)
 *(.hash)
 *(.dynsym)
 *(.dynstr)
 *(.gnu.version)
 *(.gnu.version_d)
 *(.gnu.version_r)
 *(.rel.init)
 *(.rela.init)
 *(.rel.text .rel.text.* .rel.gnu.linkonce.t.*)
 *(.rela.text .rela.text.* .rela.gnu.linkonce.t.*)
 *(.rel.fini)
 *(.rela.fini)
 *(.rel.rodata .rel.rodata.* .rel.gnu.linkonce.r.*)
 *(.rela.rodata .rela.rodata.* .rela.gnu.linkonce.r.*)
 *(.rel.data .rel.data.* .rel.gnu.linkonce.d.*)
 *(.rela.data .rela.data.* .rela.gnu.linkonce.d.*)
 *(.rel.tdata .rel.tdata.* .rel.gnu.linkonce.td.*)
 *(.rela.tdata .rela.tdata.* .rela.gnu.linkonce.td.*)
 *(.rel.tbss .rel.tbss.* .rel.gnu.linkonce.tb.*)
 *(.rela.tbss .rela.tbss.* .rela.gnu.linkonce.tb.*)
 *(.rel.ctors)
 *(.rela.ctors)
 *(.rel.dtors)
 *(.rela.dtors)
 *(.rel.got)
 *(.rela.got)
 *(.rel.sdata .rel.sdata.* .rel.gnu.linkonce.s.*)
 *(.rela.sdata .rela.sdata.* .rela.gnu.linkonce.s.*)
 *(.rel.sbss .rel.sbss.* .rel.gnu.linkonce.sb.*)
 *(.rela.sbss .rela.sbss.* .rela.gnu.linkonce.sb.*)
 *(.rel.sdata2 .rel.sdata2.* .rel.gnu.linkonce.s2.*)
 *(.rela.sdata2 .rela.sdata2.* .rela.gnu.linkonce.s2.*)
 *(.rel.sbss2 .rel.sbss2.* .rel.gnu.linkonce.sb2.*)
 *(.rela.sbss2 .rela.sbss2.* .rela.gnu.linkonce.sb2.*)
 *(.rel.bss .rel.bss.* .rel.gnu.linkonce.b.*)
 *(.rela.bss .rela.bss.* .rela.gnu.linkonce.b.*)
 *(.rel.plt)
 *(.rela.plt)
 *(.rel.dyn)
 *(.init)
 *(.plt)
 *(.text .stub .text.* .gnu.linkonce.t.*)
 .text          0x000001b8       0x3c ../app_slave_bsp//obj/HAL/src/crt0.o
                0x000001b8                _start
 .text          0x000001f4      0x5e4 obj/default/SPImcp2515_slave/spi_mcp2515.o
                0x000001f4                MCP2515_Init
                0x000003fc                MCP2515_SetBitTiming
                0x00000468                MCP2515_changeBits
                0x000004f0                MCP2515_SetMode
                0x00000570                MCP2515_Reset
                0x000005d0                MCP2515_Read_Register
                0x00000660                MCP2515_Read_Rx_Buffer_Register
                0x000006e0                MCP2515_Write_Register
                0x00000770                MCP2515_RTS_TXB_Instruction_CMD
 .text          0x000007d8      0x390 obj/default/TTC_Scheduler_slave/2_50_XXg.o
                0x000007d8                SCH_Init_T0
                0x00000860                SCH_Start
                0x00000abc                SCC_A_SLAVE_Process_Tick_Message
                0x00000b14                SCC_A_SLAVE_Send_Ack_Message_To_Master
 .text          0x00000b68       0x68 obj/default/TTC_Scheduler_slave/Main.o
                0x00000b68                alt_main
 .text          0x00000bd0      0x2f0 obj/default/TTC_Scheduler_slave/Sch51.o
                0x00000bd0                SCH_Dispatch_Tasks
                0x00000cc4                SCH_Add_Task
                0x00000dc0                SCH_Delete_Task
                0x00000e88                SCH_Report_Status
 .text          0x00000ec0       0x4c obj/default/Tasks_slave/HEARTBEAT.o
                0x00000ec0                HEARTBEAT_Init
                0x00000edc                HEARTBEAT_Update
 .text          0x00000f0c       0x74 obj/default/Tasks_slave/LED_ONOFF.o
                0x00000f0c                LED_ONOFF_Init
                0x00000f28                LED_ONOFF_Update
 .text          0x00000f80       0xa4 obj/default/Tasks_slave/PushButton.o
                0x00000f80                PushButton_Init
                0x00000f9c                PushButton_Update
 .text          0x00001024      0x1d8 ../app_slave_bsp/\libhal_bsp.a(alt_iic.o)
                0x00001024                alt_ic_isr_register
                0x00001074                alt_ic_irq_enable
                0x00001110                alt_ic_irq_disable
                0x000011b0                alt_ic_irq_enabled
 .text          0x000011fc       0xf0 ../app_slave_bsp/\libhal_bsp.a(alt_iic_isr_register.o)
                0x000011fc                alt_iic_isr_register
 .text          0x000012ec        0x0 ../app_slave_bsp/\libhal_bsp.a(alt_irq_entry.o)
 .text          0x000012ec        0x0 ../app_slave_bsp/\libhal_bsp.a(alt_irq_handler.o)
 .text          0x000012ec        0x0 ../app_slave_bsp/\libhal_bsp.a(alt_irq_vars.o)
 .text          0x000012ec       0xec ../app_slave_bsp/\libhal_bsp.a(alt_load.o)
                0x00001358                alt_load
 .text          0x000013d8      0x208 ../app_slave_bsp/\libhal_bsp.a(altera_avalon_spi.o)
                0x000013d8                alt_avalon_spi_command
 .text          0x000015e0       0x1c ../app_slave_bsp/\libhal_bsp.a(alt_dcache_flush_all.o)
                0x000015e0                alt_dcache_flush_all
 .text          0x000015fc        0x0 ../app_slave_bsp/\libhal_bsp.a(alt_exception_entry.o)
 .text          0x000015fc       0x1c ../app_slave_bsp/\libhal_bsp.a(alt_icache_flush_all.o)
                0x000015fc                alt_icache_flush_all
 *(.gnu.warning.*)
 *(.fini)
                0x00001618                PROVIDE (__etext, ABSOLUTE (.))
                0x00001618                PROVIDE (_etext, ABSOLUTE (.))
                0x00001618                PROVIDE (etext, ABSOLUTE (.))
 *(.eh_frame_hdr)
                0x00001618                . = ALIGN (0x4)
                0x00001618                PROVIDE (__preinit_array_start, ABSOLUTE (.))
 *(.preinit_array)
                0x00001618                PROVIDE (__preinit_array_end, ABSOLUTE (.))
                0x00001618                PROVIDE (__init_array_start, ABSOLUTE (.))
 *(.init_array)
                0x00001618                PROVIDE (__init_array_end, ABSOLUTE (.))
                0x00001618                PROVIDE (__fini_array_start, ABSOLUTE (.))
 *(.fini_array)
                0x00001618                PROVIDE (__fini_array_end, ABSOLUTE (.))
 *(.eh_frame)
 *(.gcc_except_table .gcc_except_table.*)
 *(.dynamic)
                0x00001618                PROVIDE (__CTOR_LIST__, ABSOLUTE (.))
 *(.ctors)
 *(SORT(.ctors.*))
                0x00001618                PROVIDE (__CTOR_END__, ABSOLUTE (.))
                0x00001618                PROVIDE (__DTOR_LIST__, ABSOLUTE (.))
 *(.dtors)
 *(SORT(.dtors.*))
                0x00001618                PROVIDE (__DTOR_END__, ABSOLUTE (.))
 *(.jcr)
                0x00001618                . = ALIGN (0x4)

.rodata         0x00001618        0x0
                0x00001618                PROVIDE (__ram_rodata_start, ABSOLUTE (.))
                0x00001618                . = ALIGN (0x4)
 *(.rodata .rodata.* .gnu.linkonce.r.*)
 *(.rodata1)
                0x00001618                . = ALIGN (0x4)
                0x00001618                PROVIDE (__ram_rodata_end, ABSOLUTE (.))
                0x00001618                PROVIDE (__flash_rodata_start, LOADADDR (.rodata))

.rwdata         0x00001618        0x4 load address 0x0000161c
                0x00001618                PROVIDE (__ram_rwdata_start, ABSOLUTE (.))
                0x00001618                . = ALIGN (0x4)
 *(.got.plt)
 *(.got)
 *(.data1)
 *(.data .data.* .gnu.linkonce.d.*)
 .data          0x00001618        0x0 ../app_slave_bsp//obj/HAL/src/crt0.o
 .data          0x00001618        0x0 obj/default/SPImcp2515_slave/spi_mcp2515.o
 .data          0x00001618        0x0 obj/default/TTC_Scheduler_slave/2_50_XXg.o
 .data          0x00001618        0x0 obj/default/TTC_Scheduler_slave/Main.o
 .data          0x00001618        0x0 obj/default/TTC_Scheduler_slave/Sch51.o
 .data          0x00001618        0x0 obj/default/Tasks_slave/HEARTBEAT.o
 .data          0x00001618        0x0 obj/default/Tasks_slave/LED_ONOFF.o
 .data          0x00001618        0x0 obj/default/Tasks_slave/PushButton.o
 .data          0x00001618        0x0 ../app_slave_bsp/\libhal_bsp.a(alt_iic.o)
 .data          0x00001618        0x0 ../app_slave_bsp/\libhal_bsp.a(alt_iic_isr_register.o)
 .data          0x00001618        0x0 ../app_slave_bsp/\libhal_bsp.a(alt_irq_entry.o)
 .data          0x00001618        0x0 ../app_slave_bsp/\libhal_bsp.a(alt_irq_handler.o)
 .data          0x00001618        0x0 ../app_slave_bsp/\libhal_bsp.a(alt_irq_vars.o)
 .data          0x00001618        0x0 ../app_slave_bsp/\libhal_bsp.a(alt_load.o)
 .data          0x00001618        0x0 ../app_slave_bsp/\libhal_bsp.a(altera_avalon_spi.o)
 .data          0x00001618        0x0 ../app_slave_bsp/\libhal_bsp.a(alt_dcache_flush_all.o)
 .data          0x00001618        0x0 ../app_slave_bsp/\libhal_bsp.a(alt_exception_entry.o)
 .data          0x00001618        0x0 ../app_slave_bsp/\libhal_bsp.a(alt_icache_flush_all.o)
                0x00009618                _gp = ABSOLUTE ((. + 0x8000))
                0x00009618                PROVIDE (gp, _gp)
 *(.rwdata .rwdata.*)
 *(.sdata .sdata.* .gnu.linkonce.s.*)
 .sdata         0x00001618        0x4 ../app_slave_bsp/\libhal_bsp.a(alt_irq_vars.o)
                0x00001618                alt_priority_mask
 *(.sdata2 .sdata2.* .gnu.linkonce.s2.*)
                0x0000161c                . = ALIGN (0x4)
                0x0000161c                _edata = ABSOLUTE (.)
                0x0000161c                PROVIDE (edata, ABSOLUTE (.))
                0x0000161c                PROVIDE (__ram_rwdata_end, ABSOLUTE (.))
                0x0000161c                PROVIDE (__flash_rwdata_start, LOADADDR (.rwdata))

.bss            0x00001620      0x1b8
                0x00001620                __bss_start = ABSOLUTE (.)
                0x00001620                PROVIDE (__sbss_start, ABSOLUTE (.))
                0x00001620                PROVIDE (___sbss_start, ABSOLUTE (.))
 *(.dynsbss)
 *(.sbss .sbss.* .gnu.linkonce.sb.*)
 .sbss          0x00001620        0x4 obj/default/TTC_Scheduler_slave/2_50_XXg.o
                0x00001620                context
 .sbss          0x00001624        0x8 obj/default/TTC_Scheduler_slave/2_50_XXg.o
                0x00001624                Tick_message_data_G
                0x00001628                edge_capture
 .sbss          0x0000162c        0x1 obj/default/TTC_Scheduler_slave/Sch51.o
                0x0000162c                Error_code_G
 *fill*         0x0000162d        0x3 
 .sbss          0x00001630        0xd obj/default/Tasks_slave/PushButton.o
                0x00001630                Sw_pressed_G
                0x0000163c                Ack_message_data_G
 *fill*         0x0000163d        0x3 
 .sbss          0x00001640        0x4 ../app_slave_bsp/\libhal_bsp.a(alt_irq_vars.o)
                0x00001640                alt_irq_active
 *(.sbss2 .sbss2.* .gnu.linkonce.sb2.*)
 *(.scommon)
                0x00001644                PROVIDE (__sbss_end, ABSOLUTE (.))
                0x00001644                PROVIDE (___sbss_end, ABSOLUTE (.))
 *(.dynbss)
 *(.bss .bss.* .gnu.linkonce.b.*)
 .bss           0x00001644        0x0 ../app_slave_bsp//obj/HAL/src/crt0.o
 .bss           0x00001644        0x0 obj/default/SPImcp2515_slave/spi_mcp2515.o
 .bss           0x00001644        0x0 obj/default/TTC_Scheduler_slave/2_50_XXg.o
 .bss           0x00001644        0x0 obj/default/TTC_Scheduler_slave/Main.o
 .bss           0x00001644        0x0 obj/default/TTC_Scheduler_slave/Sch51.o
 .bss           0x00001644        0x0 obj/default/Tasks_slave/HEARTBEAT.o
 .bss           0x00001644        0x0 obj/default/Tasks_slave/LED_ONOFF.o
 .bss           0x00001644        0x0 obj/default/Tasks_slave/PushButton.o
 .bss           0x00001644        0x0 ../app_slave_bsp/\libhal_bsp.a(alt_iic.o)
 .bss           0x00001644        0x0 ../app_slave_bsp/\libhal_bsp.a(alt_iic_isr_register.o)
 .bss           0x00001644        0x0 ../app_slave_bsp/\libhal_bsp.a(alt_irq_entry.o)
 .bss           0x00001644        0x0 ../app_slave_bsp/\libhal_bsp.a(alt_irq_handler.o)
 .bss           0x00001644        0x0 ../app_slave_bsp/\libhal_bsp.a(alt_irq_vars.o)
 .bss           0x00001644        0x0 ../app_slave_bsp/\libhal_bsp.a(alt_load.o)
 .bss           0x00001644        0x0 ../app_slave_bsp/\libhal_bsp.a(altera_avalon_spi.o)
 .bss           0x00001644        0x0 ../app_slave_bsp/\libhal_bsp.a(alt_dcache_flush_all.o)
 .bss           0x00001644        0x0 ../app_slave_bsp/\libhal_bsp.a(alt_exception_entry.o)
 .bss           0x00001644        0x0 ../app_slave_bsp/\libhal_bsp.a(alt_icache_flush_all.o)
 *(COMMON)
 COMMON         0x00001644       0x64 obj/default/SPImcp2515_slave/spi_mcp2515.o
                0x00001644                write_data
                0x00001676                read_data
 COMMON         0x000016a8       0x30 obj/default/TTC_Scheduler_slave/Sch51.o
                0x000016a8                SCH_tasks_G
 COMMON         0x000016d8      0x100 ../app_slave_bsp/\libhal_bsp.a(alt_irq_handler.o)
                0x000016d8                alt_irq
                0x000017d8                . = ALIGN (0x4)
                0x000017d8                __bss_end = ABSOLUTE (.)

.onchip_memory2_0
                0x000017d8        0x0
                0x000017d8                PROVIDE (_alt_partition_onchip_memory2_0_start, ABSOLUTE (.))
 *(.onchip_memory2_0 .onchip_memory2_0. onchip_memory2_0.*)
                0x000017d8                . = ALIGN (0x4)
                0x000017d8                PROVIDE (_alt_partition_onchip_memory2_0_end, ABSOLUTE (.))
                0x000017d8                _end = ABSOLUTE (.)
                0x000017d8                end = ABSOLUTE (.)
                0x000017d8                __alt_stack_base = ABSOLUTE (.)
                0x000017d8                PROVIDE (_alt_partition_onchip_memory2_0_load_addr, LOADADDR (.onchip_memory2_0))

.stab
 *(.stab)

.stabstr
 *(.stabstr)

.stab.excl
 *(.stab.excl)

.stab.exclstr
 *(.stab.exclstr)

.stab.index
 *(.stab.index)

.stab.indexstr
 *(.stab.indexstr)

.comment        0x00000000       0x23
 *(.comment)
 .comment       0x00000000       0x23 obj/default/SPImcp2515_slave/spi_mcp2515.o
                                 0x24 (size before relaxing)
 .comment       0x00000000       0x24 obj/default/TTC_Scheduler_slave/2_50_XXg.o
 .comment       0x00000000       0x24 obj/default/TTC_Scheduler_slave/Main.o
 .comment       0x00000000       0x24 obj/default/TTC_Scheduler_slave/Sch51.o
 .comment       0x00000000       0x24 obj/default/Tasks_slave/HEARTBEAT.o
 .comment       0x00000000       0x24 obj/default/Tasks_slave/LED_ONOFF.o
 .comment       0x00000000       0x24 obj/default/Tasks_slave/PushButton.o
 .comment       0x00000000       0x24 ../app_slave_bsp/\libhal_bsp.a(alt_iic.o)
 .comment       0x00000000       0x24 ../app_slave_bsp/\libhal_bsp.a(alt_iic_isr_register.o)
 .comment       0x00000000       0x24 ../app_slave_bsp/\libhal_bsp.a(alt_irq_handler.o)
 .comment       0x00000000       0x24 ../app_slave_bsp/\libhal_bsp.a(alt_irq_vars.o)
 .comment       0x00000000       0x24 ../app_slave_bsp/\libhal_bsp.a(alt_load.o)
 .comment       0x00000000       0x24 ../app_slave_bsp/\libhal_bsp.a(altera_avalon_spi.o)
 .comment       0x00000000       0x24 ../app_slave_bsp/\libhal_bsp.a(alt_dcache_flush_all.o)
 .comment       0x00000000       0x24 ../app_slave_bsp/\libhal_bsp.a(alt_icache_flush_all.o)

.debug
 *(.debug)

.line
 *(.line)

.debug_srcinfo
 *(.debug_srcinfo)

.debug_sfnames
 *(.debug_sfnames)

.debug_aranges  0x00000000      0x268
 *(.debug_aranges)
 .debug_aranges
                0x00000000       0x28 ../app_slave_bsp//obj/HAL/src/crt0.o
 .debug_aranges
                0x00000028       0x20 obj/default/SPImcp2515_slave/spi_mcp2515.o
 .debug_aranges
                0x00000048       0x20 obj/default/TTC_Scheduler_slave/2_50_XXg.o
 .debug_aranges
                0x00000068       0x20 obj/default/TTC_Scheduler_slave/Main.o
 .debug_aranges
                0x00000088       0x20 obj/default/TTC_Scheduler_slave/Sch51.o
 .debug_aranges
                0x000000a8       0x20 obj/default/Tasks_slave/HEARTBEAT.o
 .debug_aranges
                0x000000c8       0x20 obj/default/Tasks_slave/LED_ONOFF.o
 .debug_aranges
                0x000000e8       0x20 obj/default/Tasks_slave/PushButton.o
 .debug_aranges
                0x00000108       0x20 ../app_slave_bsp/\libhal_bsp.a(alt_iic.o)
 .debug_aranges
                0x00000128       0x20 ../app_slave_bsp/\libhal_bsp.a(alt_iic_isr_register.o)
 .debug_aranges
                0x00000148       0x30 ../app_slave_bsp/\libhal_bsp.a(alt_irq_entry.o)
 .debug_aranges
                0x00000178       0x20 ../app_slave_bsp/\libhal_bsp.a(alt_irq_handler.o)
 .debug_aranges
                0x00000198       0x18 ../app_slave_bsp/\libhal_bsp.a(alt_irq_vars.o)
 .debug_aranges
                0x000001b0       0x20 ../app_slave_bsp/\libhal_bsp.a(alt_load.o)
 .debug_aranges
                0x000001d0       0x20 ../app_slave_bsp/\libhal_bsp.a(altera_avalon_spi.o)
 .debug_aranges
                0x000001f0       0x20 ../app_slave_bsp/\libhal_bsp.a(alt_dcache_flush_all.o)
 .debug_aranges
                0x00000210       0x38 ../app_slave_bsp/\libhal_bsp.a(alt_exception_entry.o)
 .debug_aranges
                0x00000248       0x20 ../app_slave_bsp/\libhal_bsp.a(alt_icache_flush_all.o)

.debug_pubnames
 *(.debug_pubnames)

.debug_info     0x00000000     0x1614
 *(.debug_info .gnu.linkonce.wi.*)
 .debug_info    0x00000000       0x5b ../app_slave_bsp//obj/HAL/src/crt0.o
 .debug_info    0x0000005b      0x2a4 obj/default/SPImcp2515_slave/spi_mcp2515.o
 .debug_info    0x000002ff      0x282 obj/default/TTC_Scheduler_slave/2_50_XXg.o
 .debug_info    0x00000581       0x51 obj/default/TTC_Scheduler_slave/Main.o
 .debug_info    0x000005d2      0x1de obj/default/TTC_Scheduler_slave/Sch51.o
 .debug_info    0x000007b0       0x9c obj/default/Tasks_slave/HEARTBEAT.o
 .debug_info    0x0000084c       0xb4 obj/default/Tasks_slave/LED_ONOFF.o
 .debug_info    0x00000900       0xf2 obj/default/Tasks_slave/PushButton.o
 .debug_info    0x000009f2      0x364 ../app_slave_bsp/\libhal_bsp.a(alt_iic.o)
 .debug_info    0x00000d56      0x1f6 ../app_slave_bsp/\libhal_bsp.a(alt_iic_isr_register.o)
 .debug_info    0x00000f4c       0x64 ../app_slave_bsp/\libhal_bsp.a(alt_irq_entry.o)
 .debug_info    0x00000fb0      0x190 ../app_slave_bsp/\libhal_bsp.a(alt_irq_handler.o)
 .debug_info    0x00001140       0x8a ../app_slave_bsp/\libhal_bsp.a(alt_irq_vars.o)
 .debug_info    0x000011ca      0x135 ../app_slave_bsp/\libhal_bsp.a(alt_load.o)
 .debug_info    0x000012ff      0x18b ../app_slave_bsp/\libhal_bsp.a(altera_avalon_spi.o)
 .debug_info    0x0000148a       0x90 ../app_slave_bsp/\libhal_bsp.a(alt_dcache_flush_all.o)
 .debug_info    0x0000151a       0x6a ../app_slave_bsp/\libhal_bsp.a(alt_exception_entry.o)
 .debug_info    0x00001584       0x90 ../app_slave_bsp/\libhal_bsp.a(alt_icache_flush_all.o)

.debug_abbrev   0x00000000      0xac0
 *(.debug_abbrev)
 .debug_abbrev  0x00000000       0x12 ../app_slave_bsp//obj/HAL/src/crt0.o
 .debug_abbrev  0x00000012       0xf6 obj/default/SPImcp2515_slave/spi_mcp2515.o
 .debug_abbrev  0x00000108      0x154 obj/default/TTC_Scheduler_slave/2_50_XXg.o
 .debug_abbrev  0x0000025c       0x37 obj/default/TTC_Scheduler_slave/Main.o
 .debug_abbrev  0x00000293      0x110 obj/default/TTC_Scheduler_slave/Sch51.o
 .debug_abbrev  0x000003a3       0x44 obj/default/Tasks_slave/HEARTBEAT.o
 .debug_abbrev  0x000003e7       0x55 obj/default/Tasks_slave/LED_ONOFF.o
 .debug_abbrev  0x0000043c       0x7e obj/default/Tasks_slave/PushButton.o
 .debug_abbrev  0x000004ba      0x16a ../app_slave_bsp/\libhal_bsp.a(alt_iic.o)
 .debug_abbrev  0x00000624      0x169 ../app_slave_bsp/\libhal_bsp.a(alt_iic_isr_register.o)
 .debug_abbrev  0x0000078d       0x12 ../app_slave_bsp/\libhal_bsp.a(alt_irq_entry.o)
 .debug_abbrev  0x0000079f      0x124 ../app_slave_bsp/\libhal_bsp.a(alt_irq_handler.o)
 .debug_abbrev  0x000008c3       0x40 ../app_slave_bsp/\libhal_bsp.a(alt_irq_vars.o)
 .debug_abbrev  0x00000903       0x9d ../app_slave_bsp/\libhal_bsp.a(alt_load.o)
 .debug_abbrev  0x000009a0       0x8a ../app_slave_bsp/\libhal_bsp.a(altera_avalon_spi.o)
 .debug_abbrev  0x00000a2a       0x42 ../app_slave_bsp/\libhal_bsp.a(alt_dcache_flush_all.o)
 .debug_abbrev  0x00000a6c       0x12 ../app_slave_bsp/\libhal_bsp.a(alt_exception_entry.o)
 .debug_abbrev  0x00000a7e       0x42 ../app_slave_bsp/\libhal_bsp.a(alt_icache_flush_all.o)

.debug_line     0x00000000      0xb75
 *(.debug_line)
 .debug_line    0x00000000       0x66 ../app_slave_bsp//obj/HAL/src/crt0.o
 .debug_line    0x00000066      0x129 obj/default/SPImcp2515_slave/spi_mcp2515.o
 .debug_line    0x0000018f      0x13a obj/default/TTC_Scheduler_slave/2_50_XXg.o
 .debug_line    0x000002c9       0x5f obj/default/TTC_Scheduler_slave/Main.o
 .debug_line    0x00000328       0xba obj/default/TTC_Scheduler_slave/Sch51.o
 .debug_line    0x000003e2       0x77 obj/default/Tasks_slave/HEARTBEAT.o
 .debug_line    0x00000459       0xa7 obj/default/Tasks_slave/LED_ONOFF.o
 .debug_line    0x00000500       0xb1 obj/default/Tasks_slave/PushButton.o
 .debug_line    0x000005b1       0xed ../app_slave_bsp/\libhal_bsp.a(alt_iic.o)
 .debug_line    0x0000069e       0xdb ../app_slave_bsp/\libhal_bsp.a(alt_iic_isr_register.o)
 .debug_line    0x00000779       0x6b ../app_slave_bsp/\libhal_bsp.a(alt_irq_entry.o)
 .debug_line    0x000007e4       0xae ../app_slave_bsp/\libhal_bsp.a(alt_irq_handler.o)
 .debug_line    0x00000892       0x50 ../app_slave_bsp/\libhal_bsp.a(alt_irq_vars.o)
 .debug_line    0x000008e2       0x92 ../app_slave_bsp/\libhal_bsp.a(alt_load.o)
 .debug_line    0x00000974       0xb6 ../app_slave_bsp/\libhal_bsp.a(altera_avalon_spi.o)
 .debug_line    0x00000a2a       0x51 ../app_slave_bsp/\libhal_bsp.a(alt_dcache_flush_all.o)
 .debug_line    0x00000a7b       0xab ../app_slave_bsp/\libhal_bsp.a(alt_exception_entry.o)
 .debug_line    0x00000b26       0x4f ../app_slave_bsp/\libhal_bsp.a(alt_icache_flush_all.o)

.debug_frame    0x00000000      0x4ec
 *(.debug_frame)
 .debug_frame   0x00000000      0x10c obj/default/SPImcp2515_slave/spi_mcp2515.o
 .debug_frame   0x0000010c       0x9c obj/default/TTC_Scheduler_slave/2_50_XXg.o
 .debug_frame   0x000001a8       0x2c obj/default/TTC_Scheduler_slave/Main.o
 .debug_frame   0x000001d4       0x9c obj/default/TTC_Scheduler_slave/Sch51.o
 .debug_frame   0x00000270       0x48 obj/default/Tasks_slave/HEARTBEAT.o
 .debug_frame   0x000002b8       0x48 obj/default/Tasks_slave/LED_ONOFF.o
 .debug_frame   0x00000300       0x48 obj/default/Tasks_slave/PushButton.o
 .debug_frame   0x00000348       0x80 ../app_slave_bsp/\libhal_bsp.a(alt_iic.o)
 .debug_frame   0x000003c8       0x2c ../app_slave_bsp/\libhal_bsp.a(alt_iic_isr_register.o)
 .debug_frame   0x000003f4       0x2c ../app_slave_bsp/\libhal_bsp.a(alt_irq_handler.o)
 .debug_frame   0x00000420       0x48 ../app_slave_bsp/\libhal_bsp.a(alt_load.o)
 .debug_frame   0x00000468       0x2c ../app_slave_bsp/\libhal_bsp.a(altera_avalon_spi.o)
 .debug_frame   0x00000494       0x2c ../app_slave_bsp/\libhal_bsp.a(alt_dcache_flush_all.o)
 .debug_frame   0x000004c0       0x2c ../app_slave_bsp/\libhal_bsp.a(alt_icache_flush_all.o)

.debug_str      0x00000000      0x8ae
 *(.debug_str)
 .debug_str     0x00000000      0x219 obj/default/SPImcp2515_slave/spi_mcp2515.o
                                0x24d (size before relaxing)
 .debug_str     0x00000219      0x15e obj/default/TTC_Scheduler_slave/2_50_XXg.o
                                0x234 (size before relaxing)
 .debug_str     0x00000377       0x24 obj/default/TTC_Scheduler_slave/Main.o
                                 0x80 (size before relaxing)
 .debug_str     0x0000039b       0x9c obj/default/TTC_Scheduler_slave/Sch51.o
                                0x14b (size before relaxing)
 .debug_str     0x00000437       0x38 obj/default/Tasks_slave/HEARTBEAT.o
                                 0xf2 (size before relaxing)
 .debug_str     0x0000046f       0x38 obj/default/Tasks_slave/LED_ONOFF.o
                                0x10c (size before relaxing)
 .debug_str     0x000004a7       0x5b obj/default/Tasks_slave/PushButton.o
                                0x12e (size before relaxing)
 .debug_str     0x00000502      0x128 ../app_slave_bsp/\libhal_bsp.a(alt_iic.o)
                                0x1e2 (size before relaxing)
 .debug_str     0x0000062a       0x4c ../app_slave_bsp/\libhal_bsp.a(alt_iic_isr_register.o)
                                0x18c (size before relaxing)
 .debug_str     0x00000676       0x3a ../app_slave_bsp/\libhal_bsp.a(alt_irq_handler.o)
                                0x13b (size before relaxing)
 .debug_str     0x000006b0       0x17 ../app_slave_bsp/\libhal_bsp.a(alt_irq_vars.o)
                                 0xea (size before relaxing)
 .debug_str     0x000006c7       0xe9 ../app_slave_bsp/\libhal_bsp.a(alt_load.o)
                                0x1b6 (size before relaxing)
 .debug_str     0x000007b0       0x96 ../app_slave_bsp/\libhal_bsp.a(altera_avalon_spi.o)
                                0x184 (size before relaxing)
 .debug_str     0x00000846       0x34 ../app_slave_bsp/\libhal_bsp.a(alt_dcache_flush_all.o)
                                 0xf9 (size before relaxing)
 .debug_str     0x0000087a       0x34 ../app_slave_bsp/\libhal_bsp.a(alt_icache_flush_all.o)
                                 0xf9 (size before relaxing)

.debug_loc      0x00000000      0x65c
 *(.debug_loc)
 .debug_loc     0x00000000      0x18c obj/default/SPImcp2515_slave/spi_mcp2515.o
 .debug_loc     0x0000018c       0xdc obj/default/TTC_Scheduler_slave/2_50_XXg.o
 .debug_loc     0x00000268       0x2c obj/default/TTC_Scheduler_slave/Main.o
 .debug_loc     0x00000294       0xdc obj/default/TTC_Scheduler_slave/Sch51.o
 .debug_loc     0x00000370       0x58 obj/default/Tasks_slave/HEARTBEAT.o
 .debug_loc     0x000003c8       0x58 obj/default/Tasks_slave/LED_ONOFF.o
 .debug_loc     0x00000420       0x58 obj/default/Tasks_slave/PushButton.o
 .debug_loc     0x00000478       0xb0 ../app_slave_bsp/\libhal_bsp.a(alt_iic.o)
 .debug_loc     0x00000528       0x2c ../app_slave_bsp/\libhal_bsp.a(alt_iic_isr_register.o)
 .debug_loc     0x00000554       0x2c ../app_slave_bsp/\libhal_bsp.a(alt_irq_handler.o)
 .debug_loc     0x00000580       0x58 ../app_slave_bsp/\libhal_bsp.a(alt_load.o)
 .debug_loc     0x000005d8       0x2c ../app_slave_bsp/\libhal_bsp.a(altera_avalon_spi.o)
 .debug_loc     0x00000604       0x2c ../app_slave_bsp/\libhal_bsp.a(alt_dcache_flush_all.o)
 .debug_loc     0x00000630       0x2c ../app_slave_bsp/\libhal_bsp.a(alt_icache_flush_all.o)

.debug_macinfo
 *(.debug_macinfo)

.debug_weaknames
 *(.debug_weaknames)

.debug_funcnames
 *(.debug_funcnames)

.debug_typenames
 *(.debug_typenames)

.debug_varnames
 *(.debug_varnames)

.debug_alt_sim_info
                0x00000000       0x10
 *(.debug_alt_sim_info)
 .debug_alt_sim_info
                0x00000000       0x10 ../app_slave_bsp//obj/HAL/src/crt0.o
                0x00003fdc                __alt_data_end = 0x3fdc
                0x00003fdc                PROVIDE (__alt_stack_pointer, __alt_data_end)
                0x000017d8                PROVIDE (__alt_stack_limit, __alt_stack_base)
                0x000017d8                PROVIDE (__alt_heap_start, end)
                0x00003fdc                PROVIDE (__alt_heap_limit, 0x3fdc)
OUTPUT(app_slave.elf elf32-littlenios2)

.debug_ranges   0x00000000       0xb8
 .debug_ranges  0x00000000       0x20 ../app_slave_bsp//obj/HAL/src/crt0.o
 .debug_ranges  0x00000020       0x30 ../app_slave_bsp/\libhal_bsp.a(alt_iic.o)
 .debug_ranges  0x00000050       0x28 ../app_slave_bsp/\libhal_bsp.a(alt_irq_entry.o)
 .debug_ranges  0x00000078       0x10 ../app_slave_bsp/\libhal_bsp.a(alt_irq_handler.o)
 .debug_ranges  0x00000088       0x30 ../app_slave_bsp/\libhal_bsp.a(alt_exception_entry.o)
