Archive member included to satisfy reference by file (symbol)

C:\Users\NTarannum\Documents\LPCXpresso_8.2.2_650\workspace\EG2204_Assignment2_Final\Lib_CMSISv1p30_LPC17xx\Debug\libCMSISv1p30_LPC17xx.a(system_LPC17xx.o)
                              ./src/scheduler/ttc_scheduler_o.o (SystemCoreClock)
C:\Users\NTarannum\Documents\LPCXpresso_8.2.2_650\workspace\EG2204_Assignment2_Final\Lib_EaBaseBoard\Debug\libLib_EaBaseBoard.a(joystick.o)
                              ./src/tasks/joystick_controller.o (joystick_init)
C:\Users\NTarannum\Documents\LPCXpresso_8.2.2_650\workspace\EG2204_Assignment2_Final\Lib_EaBaseBoard\Debug\libLib_EaBaseBoard.a(led7seg.o)
                              ./src/tasks/disp7seg_update.o (led7seg_init)
C:\Users\NTarannum\Documents\LPCXpresso_8.2.2_650\workspace\EG2204_Assignment2_Final\Lib_EaBaseBoard\Debug\libLib_EaBaseBoard.a(rgb.o)
                              ./src/tasks/rgb_update.o (rgb_init)
C:\Users\NTarannum\Documents\LPCXpresso_8.2.2_650\workspace\EG2204_Assignment2_Final\Lib_EaBaseBoard\Debug\libLib_EaBaseBoard.a(rotary.o)
                              ./src/tasks/rotary_Update.o (rotary_init)
C:\Users\NTarannum\Documents\LPCXpresso_8.2.2_650\workspace\EG2204_Assignment2_Final\Lib_MCU\Debug\libLib_MCU.a(lpc17xx_gpio.o)
                              C:\Users\NTarannum\Documents\LPCXpresso_8.2.2_650\workspace\EG2204_Assignment2_Final\Lib_EaBaseBoard\Debug\libLib_EaBaseBoard.a(joystick.o) (GPIO_SetDir)
C:\Users\NTarannum\Documents\LPCXpresso_8.2.2_650\workspace\EG2204_Assignment2_Final\Lib_MCU\Debug\libLib_MCU.a(lpc17xx_pinsel.o)
                              ./src/tasks/ssp_config.o (PINSEL_ConfigPin)
C:\Users\NTarannum\Documents\LPCXpresso_8.2.2_650\workspace\EG2204_Assignment2_Final\Lib_MCU\Debug\libLib_MCU.a(lpc17xx_ssp.o)
                              ./src/tasks/ssp_config.o (SSP_Init)
C:\Users\NTarannum\Documents\LPCXpresso_8.2.2_650\workspace\EG2204_Assignment2_Final\Lib_MCU\Debug\libLib_MCU.a(lpc17xx_clkpwr.o)
                              C:\Users\NTarannum\Documents\LPCXpresso_8.2.2_650\workspace\EG2204_Assignment2_Final\Lib_MCU\Debug\libLib_MCU.a(lpc17xx_ssp.o) (CLKPWR_GetPCLK)
c:/nxp/lpcxpresso_8.2.2_650/lpcxpresso/tools/bin/../lib/gcc/arm-none-eabi/5.4.1/armv7-m\libgcc.a(_aeabi_uldivmod.o)
                              C:\Users\NTarannum\Documents\LPCXpresso_8.2.2_650\workspace\EG2204_Assignment2_Final\Lib_CMSISv1p30_LPC17xx\Debug\libCMSISv1p30_LPC17xx.a(system_LPC17xx.o) (__aeabi_uldivmod)
c:/nxp/lpcxpresso_8.2.2_650/lpcxpresso/tools/bin/../lib/gcc/arm-none-eabi/5.4.1/armv7-m\libgcc.a(_udivmoddi4.o)
                              c:/nxp/lpcxpresso_8.2.2_650/lpcxpresso/tools/bin/../lib/gcc/arm-none-eabi/5.4.1/armv7-m\libgcc.a(_aeabi_uldivmod.o) (__udivmoddi4)
c:/nxp/lpcxpresso_8.2.2_650/lpcxpresso/tools/bin/../lib/gcc/arm-none-eabi/5.4.1/armv7-m\libgcc.a(_dvmd_tls.o)
                              c:/nxp/lpcxpresso_8.2.2_650/lpcxpresso/tools/bin/../lib/gcc/arm-none-eabi/5.4.1/armv7-m\libgcc.a(_aeabi_uldivmod.o) (__aeabi_ldiv0)

Allocating common symbols
Common symbol       size              file

Error_code_G        0x4               ./src/scheduler/ttc_scheduler_o.o
SCH_tasks_G         0xa0              ./src/scheduler/ttc_scheduler_o.o
PinCfg              0x5               ./src/tasks/ssp_config.o
SSP_ConfigStruct    0x18              ./src/tasks/ssp_config.o

Discarded input sections

 .group         0x00000000        0x8 ./src/tasks/disp7seg_update.o
 .group         0x00000000        0x8 ./src/tasks/disp7seg_update.o
 .group         0x00000000        0x8 ./src/tasks/disp7seg_update.o
 .group         0x00000000        0x8 ./src/tasks/disp7seg_update.o
 .group         0x00000000        0x8 ./src/tasks/disp7seg_update.o
 .group         0x00000000        0x8 ./src/tasks/disp7seg_update.o
 .group         0x00000000        0x8 ./src/tasks/disp7seg_update.o
 .group         0x00000000        0x8 ./src/tasks/disp7seg_update.o
 .text          0x00000000        0x0 ./src/tasks/disp7seg_update.o
 .group         0x00000000        0x8 ./src/tasks/joystick_controller.o
 .group         0x00000000        0x8 ./src/tasks/joystick_controller.o
 .group         0x00000000        0x8 ./src/tasks/joystick_controller.o
 .group         0x00000000        0x8 ./src/tasks/joystick_controller.o
 .group         0x00000000        0x8 ./src/tasks/joystick_controller.o
 .group         0x00000000        0x8 ./src/tasks/joystick_controller.o
 .group         0x00000000        0x8 ./src/tasks/joystick_controller.o
 .group         0x00000000        0x8 ./src/tasks/joystick_controller.o
 .group         0x00000000        0x8 ./src/tasks/joystick_controller.o
 .group         0x00000000        0x8 ./src/tasks/joystick_controller.o
 .text          0x00000000        0x0 ./src/tasks/joystick_controller.o
 .data          0x00000000        0x0 ./src/tasks/joystick_controller.o
 .bss           0x00000000        0x0 ./src/tasks/joystick_controller.o
[...]
Memory Configuration

Name             Origin             Length             Attributes
MFlash512        0x00000000         0x00080000         xr
RamLoc32         0x10000000         0x00008000         xrw
RamAHB32         0x2007c000         0x00008000         xrw
*default*        0x00000000         0xffffffff

Linker script and memory map

LOAD ./src/tasks/disp7seg_update.o
LOAD ./src/tasks/joystick_controller.o
LOAD ./src/tasks/rgb_update.o
LOAD ./src/tasks/rotary_Update.o
LOAD ./src/tasks/ssp_config.o
LOAD ./src/system/cr_startup_lpc17.o
LOAD ./src/scheduler/ttc_scheduler_o.o
LOAD ./src/main/main.o
LOAD C:\Users\NTarannum\Documents\LPCXpresso_8.2.2_650\workspace\EG2204_Assignment2_Final\Lib_CMSISv1p30_LPC17xx\Debug\libCMSISv1p30_LPC17xx.a
LOAD C:\Users\NTarannum\Documents\LPCXpresso_8.2.2_650\workspace\EG2204_Assignment2_Final\Lib_EaBaseBoard\Debug\libLib_EaBaseBoard.a
LOAD C:\Users\NTarannum\Documents\LPCXpresso_8.2.2_650\workspace\EG2204_Assignment2_Final\Lib_MCU\Debug\libLib_MCU.a
START GROUP
LOAD c:/nxp/lpcxpresso_8.2.2_650/lpcxpresso/tools/bin/../lib/gcc/arm-none-eabi/5.4.1/armv7-m\libgcc.a
LOAD c:/nxp/lpcxpresso_8.2.2_650/lpcxpresso/tools/bin/../lib/gcc/arm-none-eabi/5.4.1/../../../../arm-none-eabi/lib/armv7-m\libc.a
LOAD c:/nxp/lpcxpresso_8.2.2_650/lpcxpresso/tools/bin/../lib/gcc/arm-none-eabi/5.4.1/../../../../arm-none-eabi/lib/armv7-m\libm.a
LOAD c:/nxp/lpcxpresso_8.2.2_650/lpcxpresso/tools/bin/../lib/gcc/arm-none-eabi/5.4.1/../../../../arm-none-eabi/lib/armv7-m\libcr_newlib_semihost.a
END GROUP
                0x00000000                __base_MFlash512 = 0x0
                0x00000000                __base_Flash = 0x0
                0x00080000                __top_MFlash512 = 0x80000
                0x00080000                __top_Flash = 0x80000
                0x10000000                __base_RamLoc32 = 0x10000000
                0x10000000                __base_RAM = 0x10000000
                0x10008000                __top_RamLoc32 = 0x10008000
                0x10008000                __top_RAM = 0x10008000
                0x2007c000                __base_RamAHB32 = 0x2007c000
                0x2007c000                __base_RAM2 = 0x2007c000
                0x20084000                __top_RamAHB32 = 0x20084000
                0x20084000                __top_RAM2 = 0x20084000

.text           0x00000000     0x1758
 FILL mask 0xff
                0x00000000                __vectors_start__ = ABSOLUTE (.)
 *(.isr_vector)
 .isr_vector    0x00000000       0xcc ./src/system/cr_startup_lpc17.o
                0x00000000                g_pfnVectors
                0x000000cc                . = ALIGN (0x4)
                0x000000cc                __section_table_start = .
                0x000000cc                __data_section_table = .
                0x000000cc        0x4 LONG 0x1758 LOADADDR (.data)
                0x000000d0        0x4 LONG 0x10000000 ADDR (.data)
                0x000000d4        0x4 LONG 0x58 SIZEOF (.data)
                0x000000d8        0x4 LONG 0x1758 LOADADDR (.data_RAM2)
                0x000000dc        0x4 LONG 0x2007c000 ADDR (.data_RAM2)
                0x000000e0        0x4 LONG 0x0 SIZEOF (.data_RAM2)
                0x000000e4                __data_section_table_end = .
                0x000000e4                __bss_section_table = .
                0x000000e4        0x4 LONG 0x10000058 ADDR (.bss)
                0x000000e8        0x4 LONG 0xd8 SIZEOF (.bss)
                0x000000ec        0x4 LONG 0x2007c000 ADDR (.bss_RAM2)
                0x000000f0        0x4 LONG 0x0 SIZEOF (.bss_RAM2)
                0x000000f4                __bss_section_table_end = .
                0x000000f4                __section_table_end = .
 *(.after_vectors*)
 *(.text*)
 .text.SevenSeg_Init
                0x000000f4       0x14 ./src/tasks/disp7seg_update.o
                0x000000f4                SevenSeg_Init
 .text.SevenSeg_Update
                0x00000108       0x5c ./src/tasks/disp7seg_update.o
                0x00000108                SevenSeg_Update
 .text.Joystick_Init
                0x00000164        0xc ./src/tasks/joystick_controller.o
                0x00000164                Joystick_Init
 .text.Joystick_Update
                0x00000170       0xcc ./src/tasks/joystick_controller.o
                0x00000170                Joystick_Update
 .text.RGB_Init
                0x0000023c       0x1c ./src/tasks/rgb_update.o
                0x0000023c                RGB_Init
 .text.On_Colour
                0x00000258       0x30 ./src/tasks/rgb_update.o
                0x00000258                On_Colour
 .text.Off_Colour
                0x00000288       0x38 ./src/tasks/rgb_update.o
                0x00000288                Off_Colour
 .text.Update_Red
                0x000002c0       0x5c ./src/tasks/rgb_update.o
                0x000002c0                Update_Red
 .text.Update_Green
                0x0000031c       0x5c ./src/tasks/rgb_update.o
                0x0000031c                Update_Green
 .text.Update_Blue
                0x00000378       0x24 ./src/tasks/rgb_update.o
                0x00000378                Update_Blue
 .text.RotaryEncoder_Init
                0x0000039c        0xc ./src/tasks/rotary_Update.o
                0x0000039c                RotaryEncoder_Init
 .text.RotaryEncoder_Update
                0x000003a8       0x5c ./src/tasks/rotary_Update.o
                0x000003a8                RotaryEncoder_Update
 .text.com_Init
                0x00000404       0x78 ./src/tasks/ssp_config.o
                0x00000404                com_Init
 .text.ResetISR
                0x0000047c       0x58 ./src/system/cr_startup_lpc17.o
                0x0000047c                ResetISR
 .text.NMI_Handler
                0x000004d4        0x8 ./src/system/cr_startup_lpc17.o
                0x000004d4                NMI_Handler
 .text.HardFault_Handler
                0x000004dc        0x8 ./src/system/cr_startup_lpc17.o
                0x000004dc                HardFault_Handler
 .text.MemManage_Handler
                0x000004e4        0x8 ./src/system/cr_startup_lpc17.o
                0x000004e4                MemManage_Handler
 .text.BusFault_Handler
                0x000004ec        0x8 ./src/system/cr_startup_lpc17.o
                0x000004ec                BusFault_Handler
 .text.UsageFault_Handler
                0x000004f4        0x8 ./src/system/cr_startup_lpc17.o
                0x000004f4                UsageFault_Handler
 .text.SVCall_Handler
                0x000004fc        0x8 ./src/system/cr_startup_lpc17.o
                0x000004fc                SVCall_Handler
 .text.DebugMon_Handler
                0x00000504        0x8 ./src/system/cr_startup_lpc17.o
                0x00000504                DebugMon_Handler
 .text.PendSV_Handler
                0x0000050c        0x8 ./src/system/cr_startup_lpc17.o
                0x0000050c                PendSV_Handler
 .text.IntDefaultHandler
                0x00000514        0x8 ./src/system/cr_startup_lpc17.o
                0x00000514                TIMER2_IRQHandler
                0x00000514                RIT_IRQHandler
                0x00000514                I2C0_IRQHandler
                0x00000514                USBActivity_IRQHandler
                0x00000514                PWM1_IRQHandler
                0x00000514                I2C1_IRQHandler
                0x00000514                EINT2_IRQHandler
                0x00000514                UART1_IRQHandler
                0x00000514                EINT3_IRQHandler
                0x00000514                CANActivity_IRQHandler
                0x00000514                TIMER3_IRQHandler
                0x00000514                UART0_IRQHandler
                0x00000514                IntDefaultHandler
                0x00000514                PLL0_IRQHandler
                0x00000514                CAN_IRQHandler
                0x00000514                PLL1_IRQHandler
                0x00000514                SSP0_IRQHandler
                0x00000514                I2S_IRQHandler
                0x00000514                I2C2_IRQHandler
                0x00000514                RTC_IRQHandler
                0x00000514                TIMER0_IRQHandler
                0x00000514                SPI_IRQHandler
                0x00000514                EINT1_IRQHandler
                0x00000514                TIMER1_IRQHandler
                0x00000514                UART2_IRQHandler
                0x00000514                ADC_IRQHandler
                0x00000514                SSP1_IRQHandler
                0x00000514                USB_IRQHandler
                0x00000514                BOD_IRQHandler
                0x00000514                WDT_IRQHandler
                0x00000514                QEI_IRQHandler
                0x00000514                EINT0_IRQHandler
                0x00000514                DMA_IRQHandler
                0x00000514                UART3_IRQHandler
                0x00000514                MCPWM_IRQHandler
                0x00000514                ENET_IRQHandler
 .text.__enable_irq
                0x0000051c       0x10 ./src/scheduler/ttc_scheduler_o.o
 .text.__disable_irq
                0x0000052c       0x10 ./src/scheduler/ttc_scheduler_o.o
 .text.__WFI    0x0000053c       0x10 ./src/scheduler/ttc_scheduler_o.o
 .text.NVIC_SetPriority
                0x0000054c       0x54 ./src/scheduler/ttc_scheduler_o.o
 .text.SysTick_Config
                0x000005a0       0x44 ./src/scheduler/ttc_scheduler_o.o
 .text.SCH_Init
                0x000005e4       0x68 ./src/scheduler/ttc_scheduler_o.o
                0x000005e4                SCH_Init
 .text.SCH_Start
                0x0000064c       0x28 ./src/scheduler/ttc_scheduler_o.o
                0x0000064c                SCH_Start
 .text.SysTick_Handler
                0x00000674       0x30 ./src/scheduler/ttc_scheduler_o.o
                0x00000674                SysTick_Handler
 .text.SCH_Dispatch_Tasks
                0x000006a4      0x114 ./src/scheduler/ttc_scheduler_o.o
                0x000006a4                SCH_Dispatch_Tasks
 .text.SCH_Add_Task
                0x000007b8       0x7c ./src/scheduler/ttc_scheduler_o.o
                0x000007b8                SCH_Add_Task
 .text.SCH_Delete_Task
                0x00000834       0x70 ./src/scheduler/ttc_scheduler_o.o
                0x00000834                SCH_Delete_Task
 .text.SCH_Go_To_Sleep
                0x000008a4        0xc ./src/scheduler/ttc_scheduler_o.o
 .text.main     0x000008b0       0x7c ./src/main/main.o
                0x000008b0                main
 .text.check_failed
                0x0000092c        0xc ./src/main/main.o
                0x0000092c                check_failed
 .text.SystemInit
                0x00000938      0x140 C:\Users\NTarannum\Documents\LPCXpresso_8.2.2_650\workspace\EG2204_Assignment2_Final\Lib_CMSISv1p30_LPC17xx\Debug\libCMSISv1p30_LPC17xx.a(system_LPC17xx.o)
                0x00000938                SystemInit
 .text.joystick_init
                0x00000a78       0x20 C:\Users\NTarannum\Documents\LPCXpresso_8.2.2_650\workspace\EG2204_Assignment2_Final\Lib_EaBaseBoard\Debug\libLib_EaBaseBoard.a(joystick.o)
                0x00000a78                joystick_init
 .text.joystick_read
                0x00000a98       0x88 C:\Users\NTarannum\Documents\LPCXpresso_8.2.2_650\workspace\EG2204_Assignment2_Final\Lib_EaBaseBoard\Debug\libLib_EaBaseBoard.a(joystick.o)
                0x00000a98                joystick_read
 .text.led7seg_init
                0x00000b20       0x1c C:\Users\NTarannum\Documents\LPCXpresso_8.2.2_650\workspace\EG2204_Assignment2_Final\Lib_EaBaseBoard\Debug\libLib_EaBaseBoard.a(led7seg.o)
                0x00000b20                led7seg_init
 .text.led7seg_setChar
                0x00000b3c       0x74 C:\Users\NTarannum\Documents\LPCXpresso_8.2.2_650\workspace\EG2204_Assignment2_Final\Lib_EaBaseBoard\Debug\libLib_EaBaseBoard.a(led7seg.o)
                0x00000b3c                led7seg_setChar
 .text.rgb_init
                0x00000bb0       0x28 C:\Users\NTarannum\Documents\LPCXpresso_8.2.2_650\workspace\EG2204_Assignment2_Final\Lib_EaBaseBoard\Debug\libLib_EaBaseBoard.a(rgb.o)
                0x00000bb0                rgb_init
 .text.rgb_setLeds
                0x00000bd8       0x6c C:\Users\NTarannum\Documents\LPCXpresso_8.2.2_650\workspace\EG2204_Assignment2_Final\Lib_EaBaseBoard\Debug\libLib_EaBaseBoard.a(rgb.o)
                0x00000bd8                rgb_setLeds
 .text.rotary_init
                0x00000c44       0x14 C:\Users\NTarannum\Documents\LPCXpresso_8.2.2_650\workspace\EG2204_Assignment2_Final\Lib_EaBaseBoard\Debug\libLib_EaBaseBoard.a(rotary.o)
                0x00000c44                rotary_init
 .text.rotary_read
                0x00000c58       0xd4 C:\Users\NTarannum\Documents\LPCXpresso_8.2.2_650\workspace\EG2204_Assignment2_Final\Lib_EaBaseBoard\Debug\libLib_EaBaseBoard.a(rotary.o)
                0x00000c58                rotary_read
 .text.GPIO_GetPointer
                0x00000d2c       0x70 C:\Users\NTarannum\Documents\LPCXpresso_8.2.2_650\workspace\EG2204_Assignment2_Final\Lib_MCU\Debug\libLib_MCU.a(lpc17xx_gpio.o)
 .text.GPIO_SetDir
                0x00000d9c       0x4c C:\Users\NTarannum\Documents\LPCXpresso_8.2.2_650\workspace\EG2204_Assignment2_Final\Lib_MCU\Debug\libLib_MCU.a(lpc17xx_gpio.o)
                0x00000d9c                GPIO_SetDir
 .text.GPIO_SetValue
                0x00000de8       0x2c C:\Users\NTarannum\Documents\LPCXpresso_8.2.2_650\workspace\EG2204_Assignment2_Final\Lib_MCU\Debug\libLib_MCU.a(lpc17xx_gpio.o)
                0x00000de8                GPIO_SetValue
 .text.GPIO_ClearValue
                0x00000e14       0x2c C:\Users\NTarannum\Documents\LPCXpresso_8.2.2_650\workspace\EG2204_Assignment2_Final\Lib_MCU\Debug\libLib_MCU.a(lpc17xx_gpio.o)
                0x00000e14                GPIO_ClearValue
 .text.GPIO_ReadValue
                0x00000e40       0x2c C:\Users\NTarannum\Documents\LPCXpresso_8.2.2_650\workspace\EG2204_Assignment2_Final\Lib_MCU\Debug\libLib_MCU.a(lpc17xx_gpio.o)
                0x00000e40                GPIO_ReadValue
 .text.set_PinFunc
                0x00000e6c       0x84 C:\Users\NTarannum\Documents\LPCXpresso_8.2.2_650\workspace\EG2204_Assignment2_Final\Lib_MCU\Debug\libLib_MCU.a(lpc17xx_pinsel.o)
 .text.set_ResistorMode
                0x00000ef0       0x84 C:\Users\NTarannum\Documents\LPCXpresso_8.2.2_650\workspace\EG2204_Assignment2_Final\Lib_MCU\Debug\libLib_MCU.a(lpc17xx_pinsel.o)
 .text.set_OpenDrainMode
                0x00000f74       0x6c C:\Users\NTarannum\Documents\LPCXpresso_8.2.2_650\workspace\EG2204_Assignment2_Final\Lib_MCU\Debug\libLib_MCU.a(lpc17xx_pinsel.o)
 .text.PINSEL_ConfigPin
                0x00000fe0       0x48 C:\Users\NTarannum\Documents\LPCXpresso_8.2.2_650\workspace\EG2204_Assignment2_Final\Lib_MCU\Debug\libLib_MCU.a(lpc17xx_pinsel.o)
                0x00000fe0                PINSEL_ConfigPin
 .text.setSSPclock
                0x00001028       0xc4 C:\Users\NTarannum\Documents\LPCXpresso_8.2.2_650\workspace\EG2204_Assignment2_Final\Lib_MCU\Debug\libLib_MCU.a(lpc17xx_ssp.o)
 .text.SSP_Init
                0x000010ec       0x9c C:\Users\NTarannum\Documents\LPCXpresso_8.2.2_650\workspace\EG2204_Assignment2_Final\Lib_MCU\Debug\libLib_MCU.a(lpc17xx_ssp.o)
                0x000010ec                SSP_Init
 .text.SSP_GetDataSize
                0x00001188       0x40 C:\Users\NTarannum\Documents\LPCXpresso_8.2.2_650\workspace\EG2204_Assignment2_Final\Lib_MCU\Debug\libLib_MCU.a(lpc17xx_ssp.o)
                0x00001188                SSP_GetDataSize
 .text.SSP_ConfigStructInit
                0x000011c8       0x3c C:\Users\NTarannum\Documents\LPCXpresso_8.2.2_650\workspace\EG2204_Assignment2_Final\Lib_MCU\Debug\libLib_MCU.a(lpc17xx_ssp.o)
                0x000011c8                SSP_ConfigStructInit
 .text.SSP_Cmd  0x00001204       0x6c C:\Users\NTarannum\Documents\LPCXpresso_8.2.2_650\workspace\EG2204_Assignment2_Final\Lib_MCU\Debug\libLib_MCU.a(lpc17xx_ssp.o)
                0x00001204                SSP_Cmd
 .text.SSP_SendData
                0x00001270       0x40 C:\Users\NTarannum\Documents\LPCXpresso_8.2.2_650\workspace\EG2204_Assignment2_Final\Lib_MCU\Debug\libLib_MCU.a(lpc17xx_ssp.o)
                0x00001270                SSP_SendData
 .text.SSP_ReceiveData
                0x000012b0       0x3c C:\Users\NTarannum\Documents\LPCXpresso_8.2.2_650\workspace\EG2204_Assignment2_Final\Lib_MCU\Debug\libLib_MCU.a(lpc17xx_ssp.o)
                0x000012b0                SSP_ReceiveData
 .text.SSP_ReadWrite
                0x000012ec      0x350 C:\Users\NTarannum\Documents\LPCXpresso_8.2.2_650\workspace\EG2204_Assignment2_Final\Lib_MCU\Debug\libLib_MCU.a(lpc17xx_ssp.o)
                0x000012ec                SSP_ReadWrite
 .text.CLKPWR_GetPCLKSEL
                0x0000163c       0x48 C:\Users\NTarannum\Documents\LPCXpresso_8.2.2_650\workspace\EG2204_Assignment2_Final\Lib_MCU\Debug\libLib_MCU.a(lpc17xx_clkpwr.o)
                0x0000163c                CLKPWR_GetPCLKSEL
 .text.CLKPWR_GetPCLK
                0x00001684       0x64 C:\Users\NTarannum\Documents\LPCXpresso_8.2.2_650\workspace\EG2204_Assignment2_Final\Lib_MCU\Debug\libLib_MCU.a(lpc17xx_clkpwr.o)
                0x00001684                CLKPWR_GetPCLK
 .text.CLKPWR_ConfigPPWR
                0x000016e8       0x58 C:\Users\NTarannum\Documents\LPCXpresso_8.2.2_650\workspace\EG2204_Assignment2_Final\Lib_MCU\Debug\libLib_MCU.a(lpc17xx_clkpwr.o)
                0x000016e8                CLKPWR_ConfigPPWR
 *(.rodata .rodata.* .constdata .constdata.*)
 .rodata        0x00001740       0x15 C:\Users\NTarannum\Documents\LPCXpresso_8.2.2_650\workspace\EG2204_Assignment2_Final\Lib_MCU\Debug\libLib_MCU.a(lpc17xx_ssp.o)
                0x00001758                . = ALIGN (0x4)
 *fill*         0x00001755        0x3 ff

.glue_7         0x00001758        0x0
 .glue_7        0x00001758        0x0 linker stubs

.glue_7t        0x00001758        0x0
 .glue_7t       0x00001758        0x0 linker stubs

.vfp11_veneer   0x00001758        0x0
 .vfp11_veneer  0x00001758        0x0 linker stubs

.v4_bx          0x00001758        0x0
 .v4_bx         0x00001758        0x0 linker stubs

.iplt           0x00001758        0x0
 .iplt          0x00001758        0x0 ./src/tasks/disp7seg_update.o

.rel.dyn        0x00001758        0x0
 .rel.iplt      0x00001758        0x0 ./src/tasks/disp7seg_update.o

.ARM.extab
 *(.ARM.extab* .gnu.linkonce.armextab.*)
                0x00001758                __exidx_start = .

.ARM.exidx
 *(.ARM.exidx* .gnu.linkonce.armexidx.*)
                0x00001758                __exidx_end = .
                0x00001758                _etext = .

.data_RAM2      0x2007c000        0x0 load address 0x00001758
 FILL mask 0xff
                [!provide]                PROVIDE (__start_data_RAM2, .)
 *(.ramfunc.$RAM2)
 *(.ramfunc.$RamAHB32)
 *(.data.$RAM2*)
 *(.data.$RamAHB32*)
                0x2007c000                . = ALIGN (0x4)
                [!provide]                PROVIDE (__end_data_RAM2, .)

.uninit_RESERVED
                0x10000000        0x0
 *(.bss.$RESERVED*)
                0x10000000                . = ALIGN (0x4)
                0x10000000                _end_uninit_RESERVED = .

.data           0x10000000       0x58 load address 0x00001758
 FILL mask 0xff
                0x10000000                _data = .
 *(vtable)
 *(.ramfunc*)
 *(.data*)
 .data          0x10000000        0x2 ./src/tasks/disp7seg_update.o
                0x10000001                update_frequency
 .data          0x10000002        0x2 ./src/tasks/rgb_update.o
                0x10000002                red_DC
                0x10000003                green_DC
 .data          0x10000004        0x4 C:\Users\NTarannum\Documents\LPCXpresso_8.2.2_650\workspace\EG2204_Assignment2_Final\Lib_CMSISv1p30_LPC17xx\Debug\libCMSISv1p30_LPC17xx.a(system_LPC17xx.o)
                0x10000004                SystemCoreClock
 .data          0x10000008       0x50 C:\Users\NTarannum\Documents\LPCXpresso_8.2.2_650\workspace\EG2204_Assignment2_Final\Lib_EaBaseBoard\Debug\libLib_EaBaseBoard.a(led7seg.o)
                0x10000058                . = ALIGN (0x4)
                0x10000058                _edata = .

.igot.plt       0x10000058        0x0 load address 0x000017b0
 .igot.plt      0x10000058        0x0 ./src/tasks/disp7seg_update.o

.bss_RAM2       0x2007c000        0x0
                [!provide]                PROVIDE (__start_bss_RAM2, .)
 *(.bss.$RAM2*)
 *(.bss.$RamAHB32*)
                0x2007c000                . = ALIGN ((. != 0x0)?0x4:0x1)
                [!provide]                PROVIDE (__end_bss_RAM2, .)

.bss            0x10000058       0xd8
                0x10000058                _bss = .
 *(.bss*)
 .bss           0x10000058        0x4 ./src/tasks/disp7seg_update.o
 .bss           0x1000005c        0x4 ./src/tasks/rgb_update.o
                0x1000005d                blue_state
 .bss           0x10000060        0x1 ./src/tasks/rotary_Update.o
                0x10000060                state
 *fill*         0x10000061        0x3 
 .bss           0x10000064        0x8 ./src/scheduler/ttc_scheduler_o.o
 *(COMMON)
 COMMON         0x1000006c       0x20 ./src/tasks/ssp_config.o
                0x1000006c                PinCfg
                0x10000074                SSP_ConfigStruct
 COMMON         0x1000008c       0xa4 ./src/scheduler/ttc_scheduler_o.o
                0x1000008c                Error_code_G
                0x10000090                SCH_tasks_G
                0x10000130                . = ALIGN (0x4)
                0x10000130                _ebss = .
                [!provide]                PROVIDE (end, .)

.noinit_RAM2    0x2007c000        0x0
 *(.noinit.$RAM2*)
 *(.noinit.$RamAHB32*)
                0x2007c000                . = ALIGN (0x4)

.noinit         0x10000130        0x0
                0x10000130                _noinit = .
 *(.noinit*)
                0x10000130                . = ALIGN (0x4)
                0x10000130                _end_noinit = .
                [!provide]                PROVIDE (_pvHeapStart, DEFINED (__user_heap_base)?__user_heap_base:.)
                0x10008000                PROVIDE (_vStackTop, DEFINED (__user_stack_top)?__user_stack_top:(__top_RamLoc32 - 0x0))
                [!provide]                PROVIDE (__valid_user_code_checksum, (0x0 - ((((((_vStackTop + (ResetISR + 0x1)) + (NMI_Handler + 0x1)) + (HardFault_Handler + 0x1)) + (DEFINED (MemManage_Handler)?MemManage_Handler:0x0 + 0x1)) + (DEFINED (BusFault_Handler)?BusFault_Handler:0x0 + 0x1)) + (DEFINED (UsageFault_Handler)?UsageFault_Handler:0x0 + 0x1))))
OUTPUT(scheduler_assignment2.axf elf32-littlearm)

.debug_info     0x00000000     0x373b
 .debug_info    0x00000000      0x100 ./src/tasks/disp7seg_update.o
 .debug_info    0x00000100       0xe3 ./src/tasks/joystick_controller.o
 .debug_info    0x000001e3      0x189 ./src/tasks/rgb_update.o
 .debug_info    0x0000036c       0xcb ./src/tasks/rotary_Update.o
 .debug_info    0x00000437      0x25b ./src/tasks/ssp_config.o
 .debug_info    0x00000692      0x1b6 ./src/system/cr_startup_lpc17.o
 .debug_info    0x00000848      0x712 ./src/scheduler/ttc_scheduler_o.o
 .debug_info    0x00000f5a      0x1de ./src/main/main.o
 .debug_info    0x00001138      0x2e3 C:\Users\NTarannum\Documents\LPCXpresso_8.2.2_650\workspace\EG2204_Assignment2_Final\Lib_CMSISv1p30_LPC17xx\Debug\libCMSISv1p30_LPC17xx.a(system_LPC17xx.o)
 .debug_info    0x0000141b       0xfa C:\Users\NTarannum\Documents\LPCXpresso_8.2.2_650\workspace\EG2204_Assignment2_Final\Lib_EaBaseBoard\Debug\libLib_EaBaseBoard.a(joystick.o)
 .debug_info    0x00001515      0x244 C:\Users\NTarannum\Documents\LPCXpresso_8.2.2_650\workspace\EG2204_Assignment2_Final\Lib_EaBaseBoard\Debug\libLib_EaBaseBoard.a(led7seg.o)
 .debug_info    0x00001759       0xcf C:\Users\NTarannum\Documents\LPCXpresso_8.2.2_650\workspace\EG2204_Assignment2_Final\Lib_EaBaseBoard\Debug\libLib_EaBaseBoard.a(rgb.o)
 .debug_info    0x00001828       0xed C:\Users\NTarannum\Documents\LPCXpresso_8.2.2_650\workspace\EG2204_Assignment2_Final\Lib_EaBaseBoard\Debug\libLib_EaBaseBoard.a(rotary.o)
 .debug_info    0x00001915      0xd22 C:\Users\NTarannum\Documents\LPCXpresso_8.2.2_650\workspace\EG2204_Assignment2_Final\Lib_MCU\Debug\libLib_MCU.a(lpc17xx_gpio.o)
 .debug_info    0x00002637      0x44e C:\Users\NTarannum\Documents\LPCXpresso_8.2.2_650\workspace\EG2204_Assignment2_Final\Lib_MCU\Debug\libLib_MCU.a(lpc17xx_pinsel.o)
 .debug_info    0x00002a85      0x711 C:\Users\NTarannum\Documents\LPCXpresso_8.2.2_650\workspace\EG2204_Assignment2_Final\Lib_MCU\Debug\libLib_MCU.a(lpc17xx_ssp.o)
 .debug_info    0x00003196      0x5a5 C:\Users\NTarannum\Documents\LPCXpresso_8.2.2_650\workspace\EG2204_Assignment2_Final\Lib_MCU\Debug\libLib_MCU.a(lpc17xx_clkpwr.o)

.debug_abbrev   0x00000000     0x11d3
 .debug_abbrev  0x00000000       0xa4 ./src/tasks/disp7seg_update.o
 .debug_abbrev  0x000000a4       0x8c ./src/tasks/joystick_controller.o
 .debug_abbrev  0x00000130       0x9b ./src/tasks/rgb_update.o
 .debug_abbrev  0x000001cb       0x74 ./src/tasks/rotary_Update.o
 .debug_abbrev  0x0000023f       0xee ./src/tasks/ssp_config.o
 .debug_abbrev  0x0000032d       0xb9 ./src/system/cr_startup_lpc17.o
 .debug_abbrev  0x000003e6      0x249 ./src/scheduler/ttc_scheduler_o.o
 .debug_abbrev  0x0000062f       0xf4 ./src/main/main.o
 .debug_abbrev  0x00000723       0xe6 C:\Users\NTarannum\Documents\LPCXpresso_8.2.2_650\workspace\EG2204_Assignment2_Final\Lib_CMSISv1p30_LPC17xx\Debug\libCMSISv1p30_LPC17xx.a(system_LPC17xx.o)
 .debug_abbrev  0x00000809       0x95 C:\Users\NTarannum\Documents\LPCXpresso_8.2.2_650\workspace\EG2204_Assignment2_Final\Lib_EaBaseBoard\Debug\libLib_EaBaseBoard.a(joystick.o)
 .debug_abbrev  0x0000089e      0x130 C:\Users\NTarannum\Documents\LPCXpresso_8.2.2_650\workspace\EG2204_Assignment2_Final\Lib_EaBaseBoard\Debug\libLib_EaBaseBoard.a(led7seg.o)
 .debug_abbrev  0x000009ce       0x93 C:\Users\NTarannum\Documents\LPCXpresso_8.2.2_650\workspace\EG2204_Assignment2_Final\Lib_EaBaseBoard\Debug\libLib_EaBaseBoard.a(rgb.o)
 .debug_abbrev  0x00000a61       0xa4 C:\Users\NTarannum\Documents\LPCXpresso_8.2.2_650\workspace\EG2204_Assignment2_Final\Lib_EaBaseBoard\Debug\libLib_EaBaseBoard.a(rotary.o)
 .debug_abbrev  0x00000b05      0x204 C:\Users\NTarannum\Documents\LPCXpresso_8.2.2_650\workspace\EG2204_Assignment2_Final\Lib_MCU\Debug\libLib_MCU.a(lpc17xx_gpio.o)
 .debug_abbrev  0x00000d09      0x143 C:\Users\NTarannum\Documents\LPCXpresso_8.2.2_650\workspace\EG2204_Assignment2_Final\Lib_MCU\Debug\libLib_MCU.a(lpc17xx_pinsel.o)
 .debug_abbrev  0x00000e4c      0x1c9 C:\Users\NTarannum\Documents\LPCXpresso_8.2.2_650\workspace\EG2204_Assignment2_Final\Lib_MCU\Debug\libLib_MCU.a(lpc17xx_ssp.o)
 .debug_abbrev  0x00001015      0x1be C:\Users\NTarannum\Documents\LPCXpresso_8.2.2_650\workspace\EG2204_Assignment2_Final\Lib_MCU\Debug\libLib_MCU.a(lpc17xx_clkpwr.o)

.debug_aranges  0x00000000      0x500
 .debug_aranges
                0x00000000       0x28 ./src/tasks/disp7seg_update.o
 .debug_aranges
                0x00000028       0x28 ./src/tasks/joystick_controller.o
 .debug_aranges
                0x00000050       0x48 ./src/tasks/rgb_update.o
 .debug_aranges
                0x00000098       0x28 ./src/tasks/rotary_Update.o
 .debug_aranges
                0x000000c0       0x20 ./src/tasks/ssp_config.o
 .debug_aranges
                0x000000e0       0x70 ./src/system/cr_startup_lpc17.o
 .debug_aranges
                0x00000150       0x78 ./src/scheduler/ttc_scheduler_o.o
 .debug_aranges
                0x000001c8       0x28 ./src/main/main.o
 .debug_aranges
                0x000001f0       0x28 C:\Users\NTarannum\Documents\LPCXpresso_8.2.2_650\workspace\EG2204_Assignment2_Final\Lib_CMSISv1p30_LPC17xx\Debug\libCMSISv1p30_LPC17xx.a(system_LPC17xx.o)
 .debug_aranges
                0x00000218       0x28 C:\Users\NTarannum\Documents\LPCXpresso_8.2.2_650\workspace\EG2204_Assignment2_Final\Lib_EaBaseBoard\Debug\libLib_EaBaseBoard.a(joystick.o)
 .debug_aranges
                0x00000240       0x28 C:\Users\NTarannum\Documents\LPCXpresso_8.2.2_650\workspace\EG2204_Assignment2_Final\Lib_EaBaseBoard\Debug\libLib_EaBaseBoard.a(led7seg.o)
 .debug_aranges
                0x00000268       0x28 C:\Users\NTarannum\Documents\LPCXpresso_8.2.2_650\workspace\EG2204_Assignment2_Final\Lib_EaBaseBoard\Debug\libLib_EaBaseBoard.a(rgb.o)
 .debug_aranges
                0x00000290       0x28 C:\Users\NTarannum\Documents\LPCXpresso_8.2.2_650\workspace\EG2204_Assignment2_Final\Lib_EaBaseBoard\Debug\libLib_EaBaseBoard.a(rotary.o)
 .debug_aranges
                0x000002b8       0xf8 C:\Users\NTarannum\Documents\LPCXpresso_8.2.2_650\workspace\EG2204_Assignment2_Final\Lib_MCU\Debug\libLib_MCU.a(lpc17xx_gpio.o)
 .debug_aranges
                0x000003b0       0x48 C:\Users\NTarannum\Documents\LPCXpresso_8.2.2_650\workspace\EG2204_Assignment2_Final\Lib_MCU\Debug\libLib_MCU.a(lpc17xx_pinsel.o)
 .debug_aranges
                0x000003f8       0xa8 C:\Users\NTarannum\Documents\LPCXpresso_8.2.2_650\workspace\EG2204_Assignment2_Final\Lib_MCU\Debug\libLib_MCU.a(lpc17xx_ssp.o)
 .debug_aranges
                0x000004a0       0x60 C:\Users\NTarannum\Documents\LPCXpresso_8.2.2_650\workspace\EG2204_Assignment2_Final\Lib_MCU\Debug\libLib_MCU.a(lpc17xx_clkpwr.o)

.debug_ranges   0x00000000      0x3f0
 .debug_ranges  0x00000000       0x18 ./src/tasks/disp7seg_update.o
 .debug_ranges  0x00000018       0x18 ./src/tasks/joystick_controller.o
 .debug_ranges  0x00000030       0x38 ./src/tasks/rgb_update.o
 .debug_ranges  0x00000068       0x18 ./src/tasks/rotary_Update.o
 .debug_ranges  0x00000080       0x10 ./src/tasks/ssp_config.o
 .debug_ranges  0x00000090       0x60 ./src/system/cr_startup_lpc17.o
 .debug_ranges  0x000000f0       0x68 ./src/scheduler/ttc_scheduler_o.o
 .debug_ranges  0x00000158       0x18 ./src/main/main.o
 .debug_ranges  0x00000170       0x18 C:\Users\NTarannum\Documents\LPCXpresso_8.2.2_650\workspace\EG2204_Assignment2_Final\Lib_CMSISv1p30_LPC17xx\Debug\libCMSISv1p30_LPC17xx.a(system_LPC17xx.o)
 .debug_ranges  0x00000188       0x18 C:\Users\NTarannum\Documents\LPCXpresso_8.2.2_650\workspace\EG2204_Assignment2_Final\Lib_EaBaseBoard\Debug\libLib_EaBaseBoard.a(joystick.o)
 .debug_ranges  0x000001a0       0x18 C:\Users\NTarannum\Documents\LPCXpresso_8.2.2_650\workspace\EG2204_Assignment2_Final\Lib_EaBaseBoard\Debug\libLib_EaBaseBoard.a(led7seg.o)
 .debug_ranges  0x000001b8       0x18 C:\Users\NTarannum\Documents\LPCXpresso_8.2.2_650\workspace\EG2204_Assignment2_Final\Lib_EaBaseBoard\Debug\libLib_EaBaseBoard.a(rgb.o)
 .debug_ranges  0x000001d0       0x18 C:\Users\NTarannum\Documents\LPCXpresso_8.2.2_650\workspace\EG2204_Assignment2_Final\Lib_EaBaseBoard\Debug\libLib_EaBaseBoard.a(rotary.o)
 .debug_ranges  0x000001e8       0xe8 C:\Users\NTarannum\Documents\LPCXpresso_8.2.2_650\workspace\EG2204_Assignment2_Final\Lib_MCU\Debug\libLib_MCU.a(lpc17xx_gpio.o)
 .debug_ranges  0x000002d0       0x38 C:\Users\NTarannum\Documents\LPCXpresso_8.2.2_650\workspace\EG2204_Assignment2_Final\Lib_MCU\Debug\libLib_MCU.a(lpc17xx_pinsel.o)
 .debug_ranges  0x00000308       0x98 C:\Users\NTarannum\Documents\LPCXpresso_8.2.2_650\workspace\EG2204_Assignment2_Final\Lib_MCU\Debug\libLib_MCU.a(lpc17xx_ssp.o)
 .debug_ranges  0x000003a0       0x50 C:\Users\NTarannum\Documents\LPCXpresso_8.2.2_650\workspace\EG2204_Assignment2_Final\Lib_MCU\Debug\libLib_MCU.a(lpc17xx_clkpwr.o)

.debug_macro    0x00000000     0x48fc
 .debug_macro   0x00000000       0x86 ./src/tasks/disp7seg_update.o
 .debug_macro   0x00000086      0x886 ./src/tasks/disp7seg_update.o
 .debug_macro   0x0000090c       0x22 ./src/tasks/disp7seg_update.o
 .debug_macro   0x0000092e       0x87 ./src/tasks/disp7seg_update.o
 .debug_macro   0x000009b5       0x44 ./src/tasks/disp7seg_update.o
 .debug_macro   0x000009f9       0xfd ./src/tasks/disp7seg_update.o
 .debug_macro   0x00000af6       0x5e ./src/tasks/disp7seg_update.o
 .debug_macro   0x00000b54      0x1df ./src/tasks/disp7seg_update.o
 .debug_macro   0x00000d33       0x5e ./src/tasks/disp7seg_update.o
 .debug_macro   0x00000d91       0x98 ./src/tasks/joystick_controller.o
 .debug_macro   0x00000e29       0x28 ./src/tasks/joystick_controller.o
 .debug_macro   0x00000e51       0x1c ./src/tasks/joystick_controller.o
 .debug_macro   0x00000e6d       0x85 ./src/tasks/rgb_update.o
 .debug_macro   0x00000ef2       0x99 ./src/tasks/rotary_Update.o
 .debug_macro   0x00000f8b       0x1c ./src/tasks/rotary_Update.o
 .debug_macro   0x00000fa7       0xbd ./src/tasks/ssp_config.o
 .debug_macro   0x00001064       0x1c ./src/tasks/ssp_config.o
 .debug_macro   0x00001080       0x22 ./src/tasks/ssp_config.o
 .debug_macro   0x000010a2      0x7b7 ./src/tasks/ssp_config.o
 .debug_macro   0x00001859      0x2c7 ./src/tasks/ssp_config.o
 .debug_macro   0x00001b20       0x64 ./src/tasks/ssp_config.o
 .debug_macro   0x00001b84      0x140 ./src/tasks/ssp_config.o
 .debug_macro   0x00001cc4       0x46 ./src/tasks/ssp_config.o
 .debug_macro   0x00001d0a      0x2a6 ./src/tasks/ssp_config.o
 .debug_macro   0x00001fb0       0x79 ./src/system/cr_startup_lpc17.o
 .debug_macro   0x00002029       0xbd ./src/scheduler/ttc_scheduler_o.o
 .debug_macro   0x000020e6       0x16 ./src/scheduler/ttc_scheduler_o.o
 .debug_macro   0x000020fc       0x2e ./src/scheduler/ttc_scheduler_o.o
 .debug_macro   0x0000212a       0x28 ./src/scheduler/ttc_scheduler_o.o
 .debug_macro   0x00002152      0x134 ./src/main/main.o
 .debug_macro   0x00002286       0x22 ./src/main/main.o
 .debug_macro   0x000022a8      0x113 C:\Users\NTarannum\Documents\LPCXpresso_8.2.2_650\workspace\EG2204_Assignment2_Final\Lib_CMSISv1p30_LPC17xx\Debug\libCMSISv1p30_LPC17xx.a(system_LPC17xx.o)
 .debug_macro   0x000023bb      0x880 C:\Users\NTarannum\Documents\LPCXpresso_8.2.2_650\workspace\EG2204_Assignment2_Final\Lib_CMSISv1p30_LPC17xx\Debug\libCMSISv1p30_LPC17xx.a(system_LPC17xx.o)
 .debug_macro   0x00002c3b       0x10 C:\Users\NTarannum\Documents\LPCXpresso_8.2.2_650\workspace\EG2204_Assignment2_Final\Lib_CMSISv1p30_LPC17xx\Debug\libCMSISv1p30_LPC17xx.a(system_LPC17xx.o)
 .debug_macro   0x00002c4b      0x12d C:\Users\NTarannum\Documents\LPCXpresso_8.2.2_650\workspace\EG2204_Assignment2_Final\Lib_CMSISv1p30_LPC17xx\Debug\libCMSISv1p30_LPC17xx.a(system_LPC17xx.o)
 .debug_macro   0x00002d78      0x5b2 C:\Users\NTarannum\Documents\LPCXpresso_8.2.2_650\workspace\EG2204_Assignment2_Final\Lib_CMSISv1p30_LPC17xx\Debug\libCMSISv1p30_LPC17xx.a(system_LPC17xx.o)
 .debug_macro   0x0000332a      0x7d5 C:\Users\NTarannum\Documents\LPCXpresso_8.2.2_650\workspace\EG2204_Assignment2_Final\Lib_CMSISv1p30_LPC17xx\Debug\libCMSISv1p30_LPC17xx.a(system_LPC17xx.o)
 .debug_macro   0x00003aff       0x83 C:\Users\NTarannum\Documents\LPCXpresso_8.2.2_650\workspace\EG2204_Assignment2_Final\Lib_EaBaseBoard\Debug\libLib_EaBaseBoard.a(joystick.o)
 .debug_macro   0x00003b82       0x40 C:\Users\NTarannum\Documents\LPCXpresso_8.2.2_650\workspace\EG2204_Assignment2_Final\Lib_EaBaseBoard\Debug\libLib_EaBaseBoard.a(joystick.o)
 .debug_macro   0x00003bc2       0x99 C:\Users\NTarannum\Documents\LPCXpresso_8.2.2_650\workspace\EG2204_Assignment2_Final\Lib_EaBaseBoard\Debug\libLib_EaBaseBoard.a(led7seg.o)
 .debug_macro   0x00003c5b       0x83 C:\Users\NTarannum\Documents\LPCXpresso_8.2.2_650\workspace\EG2204_Assignment2_Final\Lib_EaBaseBoard\Debug\libLib_EaBaseBoard.a(rgb.o)
 .debug_macro   0x00003cde       0xb3 C:\Users\NTarannum\Documents\LPCXpresso_8.2.2_650\workspace\EG2204_Assignment2_Final\Lib_EaBaseBoard\Debug\libLib_EaBaseBoard.a(rotary.o)
 .debug_macro   0x00003d91       0x83 C:\Users\NTarannum\Documents\LPCXpresso_8.2.2_650\workspace\EG2204_Assignment2_Final\Lib_MCU\Debug\libLib_MCU.a(lpc17xx_gpio.o)
 .debug_macro   0x00003e14       0xda C:\Users\NTarannum\Documents\LPCXpresso_8.2.2_650\workspace\EG2204_Assignment2_Final\Lib_MCU\Debug\libLib_MCU.a(lpc17xx_gpio.o)
 .debug_macro   0x00003eee       0x7a C:\Users\NTarannum\Documents\LPCXpresso_8.2.2_650\workspace\EG2204_Assignment2_Final\Lib_MCU\Debug\libLib_MCU.a(lpc17xx_pinsel.o)
 .debug_macro   0x00003f68       0x8c C:\Users\NTarannum\Documents\LPCXpresso_8.2.2_650\workspace\EG2204_Assignment2_Final\Lib_MCU\Debug\libLib_MCU.a(lpc17xx_ssp.o)
 .debug_macro   0x00003ff4      0x2a0 C:\Users\NTarannum\Documents\LPCXpresso_8.2.2_650\workspace\EG2204_Assignment2_Final\Lib_MCU\Debug\libLib_MCU.a(lpc17xx_ssp.o)
 .debug_macro   0x00004294      0x2fa C:\Users\NTarannum\Documents\LPCXpresso_8.2.2_650\workspace\EG2204_Assignment2_Final\Lib_MCU\Debug\libLib_MCU.a(lpc17xx_ssp.o)
 .debug_macro   0x0000458e       0x7a C:\Users\NTarannum\Documents\LPCXpresso_8.2.2_650\workspace\EG2204_Assignment2_Final\Lib_MCU\Debug\libLib_MCU.a(lpc17xx_clkpwr.o)
 .debug_macro   0x00004608      0x2f4 C:\Users\NTarannum\Documents\LPCXpresso_8.2.2_650\workspace\EG2204_Assignment2_Final\Lib_MCU\Debug\libLib_MCU.a(lpc17xx_clkpwr.o)

.debug_line     0x00000000     0x3a0a
 .debug_line    0x00000000      0x2f2 ./src/tasks/disp7seg_update.o
 .debug_line    0x000002f2      0x323 ./src/tasks/joystick_controller.o
 .debug_line    0x00000615      0x351 ./src/tasks/rgb_update.o
 .debug_line    0x00000966      0x319 ./src/tasks/rotary_Update.o
 .debug_line    0x00000c7f      0x33f ./src/tasks/ssp_config.o
 .debug_line    0x00000fbe      0x34c ./src/system/cr_startup_lpc17.o
 .debug_line    0x0000130a      0x4c3 ./src/scheduler/ttc_scheduler_o.o
 .debug_line    0x000017cd      0x4aa ./src/main/main.o
 .debug_line    0x00001c77      0x220 C:\Users\NTarannum\Documents\LPCXpresso_8.2.2_650\workspace\EG2204_Assignment2_Final\Lib_CMSISv1p30_LPC17xx\Debug\libCMSISv1p30_LPC17xx.a(system_LPC17xx.o)
 .debug_line    0x00001e97      0x2bd C:\Users\NTarannum\Documents\LPCXpresso_8.2.2_650\workspace\EG2204_Assignment2_Final\Lib_EaBaseBoard\Debug\libLib_EaBaseBoard.a(joystick.o)
 .debug_line    0x00002154      0x2cd C:\Users\NTarannum\Documents\LPCXpresso_8.2.2_650\workspace\EG2204_Assignment2_Final\Lib_EaBaseBoard\Debug\libLib_EaBaseBoard.a(led7seg.o)
 .debug_line    0x00002421      0x2ab C:\Users\NTarannum\Documents\LPCXpresso_8.2.2_650\workspace\EG2204_Assignment2_Final\Lib_EaBaseBoard\Debug\libLib_EaBaseBoard.a(rgb.o)
 .debug_line    0x000026cc      0x2cf C:\Users\NTarannum\Documents\LPCXpresso_8.2.2_650\workspace\EG2204_Assignment2_Final\Lib_EaBaseBoard\Debug\libLib_EaBaseBoard.a(rotary.o)
 .debug_line    0x0000299b      0x50f C:\Users\NTarannum\Documents\LPCXpresso_8.2.2_650\workspace\EG2204_Assignment2_Final\Lib_MCU\Debug\libLib_MCU.a(lpc17xx_gpio.o)
 .debug_line    0x00002eaa      0x2a3 C:\Users\NTarannum\Documents\LPCXpresso_8.2.2_650\workspace\EG2204_Assignment2_Final\Lib_MCU\Debug\libLib_MCU.a(lpc17xx_pinsel.o)
 .debug_line    0x0000314d      0x5b9 C:\Users\NTarannum\Documents\LPCXpresso_8.2.2_650\workspace\EG2204_Assignment2_Final\Lib_MCU\Debug\libLib_MCU.a(lpc17xx_ssp.o)
 .debug_line    0x00003706      0x304 C:\Users\NTarannum\Documents\LPCXpresso_8.2.2_650\workspace\EG2204_Assignment2_Final\Lib_MCU\Debug\libLib_MCU.a(lpc17xx_clkpwr.o)

.debug_str      0x00000000     0xcfd7
 .debug_str     0x00000000     0x345a ./src/tasks/disp7seg_update.o
                               0x35bd (size before relaxing)
 .debug_str     0x0000345a      0x12c ./src/tasks/joystick_controller.o
                               0x3666 (size before relaxing)
 .debug_str     0x00003586       0x7d ./src/tasks/rgb_update.o
                               0x361e (size before relaxing)
 .debug_str     0x00003603       0x8b ./src/tasks/rotary_Update.o
                               0x35fa (size before relaxing)
 .debug_str     0x0000368e     0x57b5 ./src/tasks/ssp_config.o
                               0x8cfd (size before relaxing)
 .debug_str     0x00008e43      0x141 ./src/system/cr_startup_lpc17.o
                               0x34fa (size before relaxing)
 .debug_str     0x00008f84      0x5d0 ./src/scheduler/ttc_scheduler_o.o
                               0x7b09 (size before relaxing)
 .debug_str     0x00009554       0x2a ./src/main/main.o
                               0x8f05 (size before relaxing)
 .debug_str     0x0000957e     0x1b41 C:\Users\NTarannum\Documents\LPCXpresso_8.2.2_650\workspace\EG2204_Assignment2_Final\Lib_CMSISv1p30_LPC17xx\Debug\libCMSISv1p30_LPC17xx.a(system_LPC17xx.o)
                               0x8012 (size before relaxing)
 .debug_str     0x0000b0bf       0xac C:\Users\NTarannum\Documents\LPCXpresso_8.2.2_650\workspace\EG2204_Assignment2_Final\Lib_EaBaseBoard\Debug\libLib_EaBaseBoard.a(joystick.o)
                               0x806f (size before relaxing)
 .debug_str     0x0000b16b       0xff C:\Users\NTarannum\Documents\LPCXpresso_8.2.2_650\workspace\EG2204_Assignment2_Final\Lib_EaBaseBoard\Debug\libLib_EaBaseBoard.a(led7seg.o)
                               0x9104 (size before relaxing)
 .debug_str     0x0000b26a       0x2a C:\Users\NTarannum\Documents\LPCXpresso_8.2.2_650\workspace\EG2204_Assignment2_Final\Lib_EaBaseBoard\Debug\libLib_EaBaseBoard.a(rgb.o)
                               0x8014 (size before relaxing)
 .debug_str     0x0000b294       0x95 C:\Users\NTarannum\Documents\LPCXpresso_8.2.2_650\workspace\EG2204_Assignment2_Final\Lib_EaBaseBoard\Debug\libLib_EaBaseBoard.a(rotary.o)
                               0x8089 (size before relaxing)
 .debug_str     0x0000b329      0x5f8 C:\Users\NTarannum\Documents\LPCXpresso_8.2.2_650\workspace\EG2204_Assignment2_Final\Lib_MCU\Debug\libLib_MCU.a(lpc17xx_gpio.o)
                               0x8570 (size before relaxing)
 .debug_str     0x0000b921      0x20b C:\Users\NTarannum\Documents\LPCXpresso_8.2.2_650\workspace\EG2204_Assignment2_Final\Lib_MCU\Debug\libLib_MCU.a(lpc17xx_pinsel.o)
                               0x8497 (size before relaxing)
 .debug_str     0x0000bb2c     0x13e6 C:\Users\NTarannum\Documents\LPCXpresso_8.2.2_650\workspace\EG2204_Assignment2_Final\Lib_MCU\Debug\libLib_MCU.a(lpc17xx_ssp.o)
                               0xa3f7 (size before relaxing)
 .debug_str     0x0000cf12       0xc5 C:\Users\NTarannum\Documents\LPCXpresso_8.2.2_650\workspace\EG2204_Assignment2_Final\Lib_MCU\Debug\libLib_MCU.a(lpc17xx_clkpwr.o)
                               0x9206 (size before relaxing)

.comment        0x00000000       0x6e
 .comment       0x00000000       0x6e ./src/tasks/disp7seg_update.o
                                 0x6f (size before relaxing)
 .comment       0x0000006e       0x6f ./src/tasks/joystick_controller.o
 .comment       0x0000006e       0x6f ./src/tasks/rgb_update.o
 .comment       0x0000006e       0x6f ./src/tasks/rotary_Update.o
 .comment       0x0000006e       0x6f ./src/tasks/ssp_config.o
 .comment       0x0000006e       0x6f ./src/system/cr_startup_lpc17.o
 .comment       0x0000006e       0x6f ./src/scheduler/ttc_scheduler_o.o
 .comment       0x0000006e       0x6f ./src/main/main.o
 .comment       0x0000006e       0x6f C:\Users\NTarannum\Documents\LPCXpresso_8.2.2_650\workspace\EG2204_Assignment2_Final\Lib_CMSISv1p30_LPC17xx\Debug\libCMSISv1p30_LPC17xx.a(system_LPC17xx.o)
 .comment       0x0000006e       0x6f C:\Users\NTarannum\Documents\LPCXpresso_8.2.2_650\workspace\EG2204_Assignment2_Final\Lib_EaBaseBoard\Debug\libLib_EaBaseBoard.a(joystick.o)
 .comment       0x0000006e       0x6f C:\Users\NTarannum\Documents\LPCXpresso_8.2.2_650\workspace\EG2204_Assignment2_Final\Lib_EaBaseBoard\Debug\libLib_EaBaseBoard.a(led7seg.o)
 .comment       0x0000006e       0x6f C:\Users\NTarannum\Documents\LPCXpresso_8.2.2_650\workspace\EG2204_Assignment2_Final\Lib_EaBaseBoard\Debug\libLib_EaBaseBoard.a(rgb.o)
 .comment       0x0000006e       0x6f C:\Users\NTarannum\Documents\LPCXpresso_8.2.2_650\workspace\EG2204_Assignment2_Final\Lib_EaBaseBoard\Debug\libLib_EaBaseBoard.a(rotary.o)
 .comment       0x0000006e       0x6f C:\Users\NTarannum\Documents\LPCXpresso_8.2.2_650\workspace\EG2204_Assignment2_Final\Lib_MCU\Debug\libLib_MCU.a(lpc17xx_gpio.o)
 .comment       0x0000006e       0x6f C:\Users\NTarannum\Documents\LPCXpresso_8.2.2_650\workspace\EG2204_Assignment2_Final\Lib_MCU\Debug\libLib_MCU.a(lpc17xx_pinsel.o)
 .comment       0x0000006e       0x6f C:\Users\NTarannum\Documents\LPCXpresso_8.2.2_650\workspace\EG2204_Assignment2_Final\Lib_MCU\Debug\libLib_MCU.a(lpc17xx_ssp.o)
 .comment       0x0000006e       0x6f C:\Users\NTarannum\Documents\LPCXpresso_8.2.2_650\workspace\EG2204_Assignment2_Final\Lib_MCU\Debug\libLib_MCU.a(lpc17xx_clkpwr.o)

.ARM.attributes
                0x00000000       0x33
 .ARM.attributes
                0x00000000       0x33 ./src/tasks/disp7seg_update.o
 .ARM.attributes
                0x00000033       0x33 ./src/tasks/joystick_controller.o
 .ARM.attributes
                0x00000066       0x33 ./src/tasks/rgb_update.o
 .ARM.attributes
                0x00000099       0x33 ./src/tasks/rotary_Update.o
 .ARM.attributes
                0x000000cc       0x33 ./src/tasks/ssp_config.o
 .ARM.attributes
                0x000000ff       0x33 ./src/system/cr_startup_lpc17.o
 .ARM.attributes
                0x00000132       0x33 ./src/scheduler/ttc_scheduler_o.o
 .ARM.attributes
                0x00000165       0x33 ./src/main/main.o
 .ARM.attributes
                0x00000198       0x33 C:\Users\NTarannum\Documents\LPCXpresso_8.2.2_650\workspace\EG2204_Assignment2_Final\Lib_CMSISv1p30_LPC17xx\Debug\libCMSISv1p30_LPC17xx.a(system_LPC17xx.o)
 .ARM.attributes
                0x000001cb       0x33 C:\Users\NTarannum\Documents\LPCXpresso_8.2.2_650\workspace\EG2204_Assignment2_Final\Lib_EaBaseBoard\Debug\libLib_EaBaseBoard.a(joystick.o)
 .ARM.attributes
                0x000001fe       0x33 C:\Users\NTarannum\Documents\LPCXpresso_8.2.2_650\workspace\EG2204_Assignment2_Final\Lib_EaBaseBoard\Debug\libLib_EaBaseBoard.a(led7seg.o)
 .ARM.attributes
                0x00000231       0x33 C:\Users\NTarannum\Documents\LPCXpresso_8.2.2_650\workspace\EG2204_Assignment2_Final\Lib_EaBaseBoard\Debug\libLib_EaBaseBoard.a(rgb.o)
 .ARM.attributes
                0x00000264       0x33 C:\Users\NTarannum\Documents\LPCXpresso_8.2.2_650\workspace\EG2204_Assignment2_Final\Lib_EaBaseBoard\Debug\libLib_EaBaseBoard.a(rotary.o)
 .ARM.attributes
                0x00000297       0x33 C:\Users\NTarannum\Documents\LPCXpresso_8.2.2_650\workspace\EG2204_Assignment2_Final\Lib_MCU\Debug\libLib_MCU.a(lpc17xx_gpio.o)
 .ARM.attributes
                0x000002ca       0x33 C:\Users\NTarannum\Documents\LPCXpresso_8.2.2_650\workspace\EG2204_Assignment2_Final\Lib_MCU\Debug\libLib_MCU.a(lpc17xx_pinsel.o)
 .ARM.attributes
                0x000002fd       0x33 C:\Users\NTarannum\Documents\LPCXpresso_8.2.2_650\workspace\EG2204_Assignment2_Final\Lib_MCU\Debug\libLib_MCU.a(lpc17xx_ssp.o)
 .ARM.attributes
                0x00000330       0x33 C:\Users\NTarannum\Documents\LPCXpresso_8.2.2_650\workspace\EG2204_Assignment2_Final\Lib_MCU\Debug\libLib_MCU.a(lpc17xx_clkpwr.o)

.debug_frame    0x00000000      0xf90
 .debug_frame   0x00000000       0x48 ./src/tasks/disp7seg_update.o
 .debug_frame   0x00000048       0x50 ./src/tasks/joystick_controller.o
 .debug_frame   0x00000098       0xc8 ./src/tasks/rgb_update.o
 .debug_frame   0x00000160       0x48 ./src/tasks/rotary_Update.o
 .debug_frame   0x000001a8       0x2c ./src/tasks/ssp_config.o
 .debug_frame   0x000001d4      0x120 ./src/system/cr_startup_lpc17.o
 .debug_frame   0x000002f4      0x1b0 ./src/scheduler/ttc_scheduler_o.o
 .debug_frame   0x000004a4       0x48 ./src/main/main.o
 .debug_frame   0x000004ec       0x64 C:\Users\NTarannum\Documents\LPCXpresso_8.2.2_650\workspace\EG2204_Assignment2_Final\Lib_CMSISv1p30_LPC17xx\Debug\libCMSISv1p30_LPC17xx.a(system_LPC17xx.o)
 .debug_frame   0x00000550       0x50 C:\Users\NTarannum\Documents\LPCXpresso_8.2.2_650\workspace\EG2204_Assignment2_Final\Lib_EaBaseBoard\Debug\libLib_EaBaseBoard.a(joystick.o)
 .debug_frame   0x000005a0       0x50 C:\Users\NTarannum\Documents\LPCXpresso_8.2.2_650\workspace\EG2204_Assignment2_Final\Lib_EaBaseBoard\Debug\libLib_EaBaseBoard.a(led7seg.o)
 .debug_frame   0x000005f0       0x50 C:\Users\NTarannum\Documents\LPCXpresso_8.2.2_650\workspace\EG2204_Assignment2_Final\Lib_EaBaseBoard\Debug\libLib_EaBaseBoard.a(rgb.o)
 .debug_frame   0x00000640       0x50 C:\Users\NTarannum\Documents\LPCXpresso_8.2.2_650\workspace\EG2204_Assignment2_Final\Lib_EaBaseBoard\Debug\libLib_EaBaseBoard.a(rotary.o)
 .debug_frame   0x00000690      0x428 C:\Users\NTarannum\Documents\LPCXpresso_8.2.2_650\workspace\EG2204_Assignment2_Final\Lib_MCU\Debug\libLib_MCU.a(lpc17xx_gpio.o)
 .debug_frame   0x00000ab8       0xfc C:\Users\NTarannum\Documents\LPCXpresso_8.2.2_650\workspace\EG2204_Assignment2_Final\Lib_MCU\Debug\libLib_MCU.a(lpc17xx_pinsel.o)
 .debug_frame   0x00000bb4      0x2a0 C:\Users\NTarannum\Documents\LPCXpresso_8.2.2_650\workspace\EG2204_Assignment2_Final\Lib_MCU\Debug\libLib_MCU.a(lpc17xx_ssp.o)
 .debug_frame   0x00000e54      0x13c C:\Users\NTarannum\Documents\LPCXpresso_8.2.2_650\workspace\EG2204_Assignment2_Final\Lib_MCU\Debug\libLib_MCU.a(lpc17xx_clkpwr.o)
