Archive member included because of file (symbol)

../Flashing_LED_Superloop_bsp/\libhal_bsp.a(alt_load.o)
                              ../Flashing_LED_Superloop_bsp//obj/HAL/src/crt0.o (alt_load)
../Flashing_LED_Superloop_bsp/\libhal_bsp.a(alt_main.o)
                              ../Flashing_LED_Superloop_bsp//obj/HAL/src/crt0.o (alt_main)
../Flashing_LED_Superloop_bsp/\libhal_bsp.a(alt_sys_init.o)
                              ../Flashing_LED_Superloop_bsp/\libhal_bsp.a(alt_main.o) (alt_irq_init)
../Flashing_LED_Superloop_bsp/\libhal_bsp.a(alt_close.o)
                              ../Flashing_LED_Superloop_bsp/\libhal_bsp.a(alt_main.o) (close)
../Flashing_LED_Superloop_bsp/\libhal_bsp.a(alt_dcache_flush_all.o)
                              ../Flashing_LED_Superloop_bsp/\libhal_bsp.a(alt_load.o) (alt_dcache_flush_all)
../Flashing_LED_Superloop_bsp/\libhal_bsp.a(alt_dev.o)
                              ../Flashing_LED_Superloop_bsp/\libhal_bsp.a(alt_close.o) (alt_fd_list)
../Flashing_LED_Superloop_bsp/\libhal_bsp.a(alt_do_ctors.o)
                              ../Flashing_LED_Superloop_bsp/\libhal_bsp.a(alt_main.o) (_do_ctors)
../Flashing_LED_Superloop_bsp/\libhal_bsp.a(alt_do_dtors.o)
                              ../Flashing_LED_Superloop_bsp/\libhal_bsp.a(alt_main.o) (_do_dtors)
../Flashing_LED_Superloop_bsp/\libhal_bsp.a(alt_errno.o)
                              ../Flashing_LED_Superloop_bsp/\libhal_bsp.a(alt_close.o) (alt_errno)
../Flashing_LED_Superloop_bsp/\libhal_bsp.a(alt_icache_flush_all.o)
                              ../Flashing_LED_Superloop_bsp/\libhal_bsp.a(alt_load.o) (alt_icache_flush_all)
../Flashing_LED_Superloop_bsp/\libhal_bsp.a(alt_release_fd.o)
                              ../Flashing_LED_Superloop_bsp/\libhal_bsp.a(alt_close.o) (alt_release_fd)
../Flashing_LED_Superloop_bsp/\libhal_bsp.a(altera_nios2_qsys_irq.o)
                              ../Flashing_LED_Superloop_bsp/\libhal_bsp.a(alt_sys_init.o) (altera_nios2_qsys_irq_init)
c:/altera/13.1/nios2eds/bin/gnu/h-i686-mingw32/bin/../lib/gcc/nios2-elf/4.7.3/../../../../../H-i686-mingw32/nios2-elf/lib/mno-hw-mul\libc.a(lib_a-atexit.o)
                              ../Flashing_LED_Superloop_bsp/\libhal_bsp.a(alt_main.o) (atexit)
c:/altera/13.1/nios2eds/bin/gnu/h-i686-mingw32/bin/../lib/gcc/nios2-elf/4.7.3/../../../../../H-i686-mingw32/nios2-elf/lib/mno-hw-mul\libc.a(lib_a-exit.o)
                              ../Flashing_LED_Superloop_bsp/\libhal_bsp.a(alt_main.o) (exit)
c:/altera/13.1/nios2eds/bin/gnu/h-i686-mingw32/bin/../lib/gcc/nios2-elf/4.7.3/../../../../../H-i686-mingw32/nios2-elf/lib/mno-hw-mul\libc.a(lib_a-impure.o)
                              c:/altera/13.1/nios2eds/bin/gnu/h-i686-mingw32/bin/../lib/gcc/nios2-elf/4.7.3/../../../../../H-i686-mingw32/nios2-elf/lib/mno-hw-mul\libc.a(lib_a-exit.o) (_global_impure_ptr)
c:/altera/13.1/nios2eds/bin/gnu/h-i686-mingw32/bin/../lib/gcc/nios2-elf/4.7.3/../../../../../H-i686-mingw32/nios2-elf/lib/mno-hw-mul\libc.a(lib_a-int_errno.o)
                              ../Flashing_LED_Superloop_bsp/\libhal_bsp.a(alt_close.o) (errno)
c:/altera/13.1/nios2eds/bin/gnu/h-i686-mingw32/bin/../lib/gcc/nios2-elf/4.7.3/../../../../../H-i686-mingw32/nios2-elf/lib/mno-hw-mul\libc.a(lib_a-__atexit.o)
                              c:/altera/13.1/nios2eds/bin/gnu/h-i686-mingw32/bin/../lib/gcc/nios2-elf/4.7.3/../../../../../H-i686-mingw32/nios2-elf/lib/mno-hw-mul\libc.a(lib_a-atexit.o) (__register_exitproc)
c:/altera/13.1/nios2eds/bin/gnu/h-i686-mingw32/bin/../lib/gcc/nios2-elf/4.7.3/../../../../../H-i686-mingw32/nios2-elf/lib/mno-hw-mul\libc.a(lib_a-__call_atexit.o)
                              c:/altera/13.1/nios2eds/bin/gnu/h-i686-mingw32/bin/../lib/gcc/nios2-elf/4.7.3/../../../../../H-i686-mingw32/nios2-elf/lib/mno-hw-mul\libc.a(lib_a-exit.o) (__call_exitprocs)
c:/altera/13.1/nios2eds/bin/gnu/h-i686-mingw32/bin/../lib/gcc/nios2-elf/4.7.3/mno-hw-mul\libgcc.a(lib2-mul.o)
                              ../Flashing_LED_Superloop_bsp/\libhal_bsp.a(alt_close.o) (__mulsi3)
../Flashing_LED_Superloop_bsp/\libhal_bsp.a(alt_exit.o)
                              c:/altera/13.1/nios2eds/bin/gnu/h-i686-mingw32/bin/../lib/gcc/nios2-elf/4.7.3/../../../../../H-i686-mingw32/nios2-elf/lib/mno-hw-mul\libc.a(lib_a-exit.o) (_exit)

Allocating common symbols
Common symbol       size              file

errno               0x4               c:/altera/13.1/nios2eds/bin/gnu/h-i686-mingw32/bin/../lib/gcc/nios2-elf/4.7.3/../../../../../H-i686-mingw32/nios2-elf/lib/mno-hw-mul\libc.a(lib_a-int_errno.o)
_atexit0            0x190             c:/altera/13.1/nios2eds/bin/gnu/h-i686-mingw32/bin/../lib/gcc/nios2-elf/4.7.3/../../../../../H-i686-mingw32/nios2-elf/lib/mno-hw-mul\libc.a(lib_a-atexit.o)

Memory Configuration

Name             Origin             Length             Attributes
reset            0x00000000         0x00000020
onchip_memory2_0 0x00000020         0x00001fe0
*default*        0x00000000         0xffffffff

Linker script and memory map

LOAD ../Flashing_LED_Superloop_bsp//obj/HAL/src/crt0.o
LOAD obj/default/basic_nios_II_flashing_led_superloop/LED_flas.o
LOAD obj/default/basic_nios_II_flashing_led_superloop/Loop_Del.o
LOAD obj/default/basic_nios_II_flashing_led_superloop/Main.o
LOAD c:/altera/13.1/nios2eds/bin/gnu/h-i686-mingw32/bin/../lib/gcc/nios2-elf/4.7.3/../../../../../H-i686-mingw32/nios2-elf/lib/mno-hw-mul\libstdc++.a
LOAD c:/altera/13.1/nios2eds/bin/gnu/h-i686-mingw32/bin/../lib/gcc/nios2-elf/4.7.3/../../../../../H-i686-mingw32/nios2-elf/lib/mno-hw-mul\libm.a
LOAD c:/altera/13.1/nios2eds/bin/gnu/h-i686-mingw32/bin/../lib/gcc/nios2-elf/4.7.3/mno-hw-mul\libgcc.a
START GROUP
LOAD c:/altera/13.1/nios2eds/bin/gnu/h-i686-mingw32/bin/../lib/gcc/nios2-elf/4.7.3/../../../../../H-i686-mingw32/nios2-elf/lib/mno-hw-mul\libc.a
LOAD c:/altera/13.1/nios2eds/bin/gnu/h-i686-mingw32/bin/../lib/gcc/nios2-elf/4.7.3/mno-hw-mul\libgcc.a
LOAD ../Flashing_LED_Superloop_bsp/\libhal_bsp.a
END GROUP
LOAD c:/altera/13.1/nios2eds/bin/gnu/h-i686-mingw32/bin/../lib/gcc/nios2-elf/4.7.3/mno-hw-mul\libgcc.a
                0x00000000                __alt_mem_onchip_memory2_0 = 0x0

.entry          0x00000000       0x20
 *(.entry)
 .entry         0x00000000       0x20 ../Flashing_LED_Superloop_bsp//obj/HAL/src/crt0.o
                0x00000000                __reset

.exceptions     0x00000020        0x0
                0x00000020                PROVIDE (__ram_exceptions_start, ABSOLUTE (.))
                0x00000020                . = ALIGN (0x20)
 *(.irq)
 *(.exceptions.entry.label)
 *(.exceptions.entry.user)
 *(.exceptions.entry.ecc_fatal)
 *(.exceptions.entry)
 *(.exceptions.irqtest.user)
 *(.exceptions.irqtest)
 *(.exceptions.irqhandler.user)
 *(.exceptions.irqhandler)
 *(.exceptions.irqreturn.user)
 *(.exceptions.irqreturn)
 *(.exceptions.notirq.label)
 *(.exceptions.notirq.user)
 *(.exceptions.notirq)
 *(.exceptions.soft.user)
 *(.exceptions.soft)
 *(.exceptions.unknown.user)
 *(.exceptions.unknown)
 *(.exceptions.exit.label)
 *(.exceptions.exit.user)
 *(.exceptions.exit)
 *(.exceptions)
                0x00000020                PROVIDE (__ram_exceptions_end, ABSOLUTE (.))
                0x00000020                PROVIDE (__flash_exceptions_start, LOADADDR (.exceptions))

.text           0x00000020      0x8fc
                0x00000020                PROVIDE (stext, ABSOLUTE (.))
 *(.interp)
 *(.hash)
 *(.dynsym)
 *(.dynstr)
 *(.gnu.version)
 *(.gnu.version_d)
 *(.gnu.version_r)
 *(.rel.init)
 *(.rela.init)
 *(.rel.text .rel.text.* .rel.gnu.linkonce.t.*)
 *(.rela.text .rela.text.* .rela.gnu.linkonce.t.*)
 *(.rel.fini)
 *(.rela.fini)
 *(.rel.rodata .rel.rodata.* .rel.gnu.linkonce.r.*)
 *(.rela.rodata .rela.rodata.* .rela.gnu.linkonce.r.*)
 *(.rel.data .rel.data.* .rel.gnu.linkonce.d.*)
 *(.rela.data .rela.data.* .rela.gnu.linkonce.d.*)
 *(.rel.tdata .rel.tdata.* .rel.gnu.linkonce.td.*)
 *(.rela.tdata .rela.tdata.* .rela.gnu.linkonce.td.*)
 *(.rel.tbss .rel.tbss.* .rel.gnu.linkonce.tb.*)
 *(.rela.tbss .rela.tbss.* .rela.gnu.linkonce.tb.*)
 *(.rel.ctors)
 *(.rela.ctors)
 *(.rel.dtors)
 *(.rela.dtors)
 *(.rel.got)
 *(.rela.got)
 *(.rel.sdata .rel.sdata.* .rel.gnu.linkonce.s.*)
 *(.rela.sdata .rela.sdata.* .rela.gnu.linkonce.s.*)
 *(.rel.sbss .rel.sbss.* .rel.gnu.linkonce.sb.*)
 *(.rela.sbss .rela.sbss.* .rela.gnu.linkonce.sb.*)
 *(.rel.sdata2 .rel.sdata2.* .rel.gnu.linkonce.s2.*)
 *(.rela.sdata2 .rela.sdata2.* .rela.gnu.linkonce.s2.*)
 *(.rel.sbss2 .rel.sbss2.* .rel.gnu.linkonce.sb2.*)
 *(.rela.sbss2 .rela.sbss2.* .rela.gnu.linkonce.sb2.*)
 *(.rel.bss .rel.bss.* .rel.gnu.linkonce.b.*)
 *(.rela.bss .rela.bss.* .rela.gnu.linkonce.b.*)
 *(.rel.plt)
 *(.rela.plt)
 *(.rel.dyn)
 *(.init)
 *(.plt)
 *(.text .stub .text.* .gnu.linkonce.t.*)
 .text          0x00000020       0x3c ../Flashing_LED_Superloop_bsp//obj/HAL/src/crt0.o
                0x00000020                _start
 .text          0x0000005c       0x4c obj/default/basic_nios_II_flashing_led_superloop/LED_flas.o
                0x0000005c                LED_Flash_Init
                0x00000078                LED_Flash_Update
 .text          0x000000a8       0x60 obj/default/basic_nios_II_flashing_led_superloop/Loop_Del.o
                0x000000a8                Loop_Delay
 .text          0x00000108       0x24 obj/default/basic_nios_II_flashing_led_superloop/Main.o
                0x00000108                main
 .text          0x0000012c       0xec ../Flashing_LED_Superloop_bsp/\libhal_bsp.a(alt_load.o)
                0x00000198                alt_load
 .text          0x00000218       0x5c ../Flashing_LED_Superloop_bsp/\libhal_bsp.a(alt_main.o)
                0x00000218                alt_main
 .text          0x00000274       0x50 ../Flashing_LED_Superloop_bsp/\libhal_bsp.a(alt_sys_init.o)
                0x00000274                alt_irq_init
                0x000002a8                alt_sys_init
 .text          0x000002c4      0x11c ../Flashing_LED_Superloop_bsp/\libhal_bsp.a(alt_close.o)
                0x00000314                close
 .text          0x000003e0       0x1c ../Flashing_LED_Superloop_bsp/\libhal_bsp.a(alt_dcache_flush_all.o)
                0x000003e0                alt_dcache_flush_all
 .text          0x000003fc       0x2c ../Flashing_LED_Superloop_bsp/\libhal_bsp.a(alt_dev.o)
 .text          0x00000428       0x5c ../Flashing_LED_Superloop_bsp/\libhal_bsp.a(alt_do_ctors.o)
                0x00000428                _do_ctors
 .text          0x00000484       0x5c ../Flashing_LED_Superloop_bsp/\libhal_bsp.a(alt_do_dtors.o)
                0x00000484                _do_dtors
 .text          0x000004e0        0x0 ../Flashing_LED_Superloop_bsp/\libhal_bsp.a(alt_errno.o)
 .text          0x000004e0       0x1c ../Flashing_LED_Superloop_bsp/\libhal_bsp.a(alt_icache_flush_all.o)
                0x000004e0                alt_icache_flush_all
 .text          0x000004fc       0x80 ../Flashing_LED_Superloop_bsp/\libhal_bsp.a(alt_release_fd.o)
                0x000004fc                alt_release_fd
 .text          0x0000057c       0x20 ../Flashing_LED_Superloop_bsp/\libhal_bsp.a(altera_nios2_qsys_irq.o)
                0x0000057c                altera_nios2_qsys_irq_init
 .text          0x0000059c       0x14 c:/altera/13.1/nios2eds/bin/gnu/h-i686-mingw32/bin/../lib/gcc/nios2-elf/4.7.3/../../../../../H-i686-mingw32/nios2-elf/lib/mno-hw-mul\libc.a(lib_a-atexit.o)
                0x0000059c                atexit
 .text          0x000005b0       0x38 c:/altera/13.1/nios2eds/bin/gnu/h-i686-mingw32/bin/../lib/gcc/nios2-elf/4.7.3/../../../../../H-i686-mingw32/nios2-elf/lib/mno-hw-mul\libc.a(lib_a-exit.o)
                0x000005b0                exit
 .text          0x000005e8        0x0 c:/altera/13.1/nios2eds/bin/gnu/h-i686-mingw32/bin/../lib/gcc/nios2-elf/4.7.3/../../../../../H-i686-mingw32/nios2-elf/lib/mno-hw-mul\libc.a(lib_a-impure.o)
 .text          0x000005e8        0x0 c:/altera/13.1/nios2eds/bin/gnu/h-i686-mingw32/bin/../lib/gcc/nios2-elf/4.7.3/../../../../../H-i686-mingw32/nios2-elf/lib/mno-hw-mul\libc.a(lib_a-int_errno.o)
 .text          0x000005e8      0x130 c:/altera/13.1/nios2eds/bin/gnu/h-i686-mingw32/bin/../lib/gcc/nios2-elf/4.7.3/../../../../../H-i686-mingw32/nios2-elf/lib/mno-hw-mul\libc.a(lib_a-__atexit.o)
                0x000005e8                __register_exitproc
 .text          0x00000718      0x1a0 c:/altera/13.1/nios2eds/bin/gnu/h-i686-mingw32/bin/../lib/gcc/nios2-elf/4.7.3/../../../../../H-i686-mingw32/nios2-elf/lib/mno-hw-mul\libc.a(lib_a-__call_atexit.o)
                0x00000718                __call_exitprocs
 .text          0x000008b8       0x28 c:/altera/13.1/nios2eds/bin/gnu/h-i686-mingw32/bin/../lib/gcc/nios2-elf/4.7.3/mno-hw-mul\libgcc.a(lib2-mul.o)
                0x000008b8                __mulsi3
 .text          0x000008e0       0x3c ../Flashing_LED_Superloop_bsp/\libhal_bsp.a(alt_exit.o)
                0x000008e0                _exit
 *(.gnu.warning.*)
 *(.fini)
                0x0000091c                PROVIDE (__etext, ABSOLUTE (.))
                0x0000091c                PROVIDE (_etext, ABSOLUTE (.))
                0x0000091c                PROVIDE (etext, ABSOLUTE (.))
 *(.eh_frame_hdr)
                0x0000091c                . = ALIGN (0x4)
                0x0000091c                PROVIDE (__preinit_array_start, ABSOLUTE (.))
 *(.preinit_array)
                0x0000091c                PROVIDE (__preinit_array_end, ABSOLUTE (.))
                0x0000091c                PROVIDE (__init_array_start, ABSOLUTE (.))
 *(.init_array)
                0x0000091c                PROVIDE (__init_array_end, ABSOLUTE (.))
                0x0000091c                PROVIDE (__fini_array_start, ABSOLUTE (.))
 *(.fini_array)
                0x0000091c                PROVIDE (__fini_array_end, ABSOLUTE (.))
 *(.eh_frame)
 *(.gcc_except_table .gcc_except_table.*)
 *(.dynamic)
                0x0000091c                PROVIDE (__CTOR_LIST__, ABSOLUTE (.))
 *(.ctors)
 *(SORT(.ctors.*))
                0x0000091c                PROVIDE (__CTOR_END__, ABSOLUTE (.))
                0x0000091c                PROVIDE (__DTOR_LIST__, ABSOLUTE (.))
 *(.dtors)
 *(SORT(.dtors.*))
                0x0000091c                PROVIDE (__DTOR_END__, ABSOLUTE (.))
 *(.jcr)
                0x0000091c                . = ALIGN (0x4)

.rodata         0x0000091c       0x10
                0x0000091c                PROVIDE (__ram_rodata_start, ABSOLUTE (.))
                0x0000091c                . = ALIGN (0x4)
 *(.rodata .rodata.* .gnu.linkonce.r.*)
 .rodata        0x0000091c        0xc ../Flashing_LED_Superloop_bsp/\libhal_bsp.a(alt_dev.o)
 .rodata.str1.4
                0x00000928        0x4 c:/altera/13.1/nios2eds/bin/gnu/h-i686-mingw32/bin/../lib/gcc/nios2-elf/4.7.3/../../../../../H-i686-mingw32/nios2-elf/lib/mno-hw-mul\libc.a(lib_a-impure.o)
 *(.rodata1)
                0x0000092c                . = ALIGN (0x4)
                0x0000092c                PROVIDE (__ram_rodata_end, ABSOLUTE (.))
                0x0000091c                PROVIDE (__flash_rodata_start, LOADADDR (.rodata))

.rwdata         0x0000092c      0x5c8 load address 0x00000ef4
                0x0000092c                PROVIDE (__ram_rwdata_start, ABSOLUTE (.))
                0x0000092c                . = ALIGN (0x4)
 *(.got.plt)
 *(.got)
 *(.data1)
 *(.data .data.* .gnu.linkonce.d.*)
 .data          0x0000092c        0x0 ../Flashing_LED_Superloop_bsp//obj/HAL/src/crt0.o
 .data          0x0000092c        0x0 obj/default/basic_nios_II_flashing_led_superloop/LED_flas.o
 .data          0x0000092c        0x0 obj/default/basic_nios_II_flashing_led_superloop/Loop_Del.o
 .data          0x0000092c        0x0 obj/default/basic_nios_II_flashing_led_superloop/Main.o
 .data          0x0000092c        0x0 ../Flashing_LED_Superloop_bsp/\libhal_bsp.a(alt_load.o)
 .data          0x0000092c        0x0 ../Flashing_LED_Superloop_bsp/\libhal_bsp.a(alt_main.o)
 .data          0x0000092c        0x0 ../Flashing_LED_Superloop_bsp/\libhal_bsp.a(alt_sys_init.o)
 .data          0x0000092c        0x0 ../Flashing_LED_Superloop_bsp/\libhal_bsp.a(alt_close.o)
 .data          0x0000092c        0x0 ../Flashing_LED_Superloop_bsp/\libhal_bsp.a(alt_dcache_flush_all.o)
 .data          0x0000092c      0x1a8 ../Flashing_LED_Superloop_bsp/\libhal_bsp.a(alt_dev.o)
                0x0000092c                alt_dev_null
                0x00000954                alt_fd_list
 .data          0x00000ad4        0x0 ../Flashing_LED_Superloop_bsp/\libhal_bsp.a(alt_do_ctors.o)
 .data          0x00000ad4        0x0 ../Flashing_LED_Superloop_bsp/\libhal_bsp.a(alt_do_dtors.o)
 .data          0x00000ad4        0x0 ../Flashing_LED_Superloop_bsp/\libhal_bsp.a(alt_errno.o)
 .data          0x00000ad4        0x0 ../Flashing_LED_Superloop_bsp/\libhal_bsp.a(alt_icache_flush_all.o)
 .data          0x00000ad4        0x0 ../Flashing_LED_Superloop_bsp/\libhal_bsp.a(alt_release_fd.o)
 .data          0x00000ad4        0x0 ../Flashing_LED_Superloop_bsp/\libhal_bsp.a(altera_nios2_qsys_irq.o)
 .data          0x00000ad4        0x0 c:/altera/13.1/nios2eds/bin/gnu/h-i686-mingw32/bin/../lib/gcc/nios2-elf/4.7.3/../../../../../H-i686-mingw32/nios2-elf/lib/mno-hw-mul\libc.a(lib_a-atexit.o)
 .data          0x00000ad4        0x0 c:/altera/13.1/nios2eds/bin/gnu/h-i686-mingw32/bin/../lib/gcc/nios2-elf/4.7.3/../../../../../H-i686-mingw32/nios2-elf/lib/mno-hw-mul\libc.a(lib_a-exit.o)
 .data          0x00000ad4      0x400 c:/altera/13.1/nios2eds/bin/gnu/h-i686-mingw32/bin/../lib/gcc/nios2-elf/4.7.3/../../../../../H-i686-mingw32/nios2-elf/lib/mno-hw-mul\libc.a(lib_a-impure.o)
 .data          0x00000ed4        0x0 c:/altera/13.1/nios2eds/bin/gnu/h-i686-mingw32/bin/../lib/gcc/nios2-elf/4.7.3/../../../../../H-i686-mingw32/nios2-elf/lib/mno-hw-mul\libc.a(lib_a-int_errno.o)
 .data          0x00000ed4        0x0 c:/altera/13.1/nios2eds/bin/gnu/h-i686-mingw32/bin/../lib/gcc/nios2-elf/4.7.3/../../../../../H-i686-mingw32/nios2-elf/lib/mno-hw-mul\libc.a(lib_a-__atexit.o)
 .data          0x00000ed4        0x0 c:/altera/13.1/nios2eds/bin/gnu/h-i686-mingw32/bin/../lib/gcc/nios2-elf/4.7.3/../../../../../H-i686-mingw32/nios2-elf/lib/mno-hw-mul\libc.a(lib_a-__call_atexit.o)
 .data          0x00000ed4        0x0 c:/altera/13.1/nios2eds/bin/gnu/h-i686-mingw32/bin/../lib/gcc/nios2-elf/4.7.3/mno-hw-mul\libgcc.a(lib2-mul.o)
 .data          0x00000ed4        0x0 ../Flashing_LED_Superloop_bsp/\libhal_bsp.a(alt_exit.o)
                0x00008ed4                _gp = ABSOLUTE ((. + 0x8000))
                0x00008ed4                PROVIDE (gp, _gp)
 *(.rwdata .rwdata.*)
 *(.sdata .sdata.* .gnu.linkonce.s.*)
 .sdata         0x00000ed4       0x14 ../Flashing_LED_Superloop_bsp/\libhal_bsp.a(alt_dev.o)
                0x00000ed4                alt_fs_list
                0x00000edc                alt_dev_list
                0x00000ee4                alt_max_fd
 .sdata         0x00000ee8        0x4 ../Flashing_LED_Superloop_bsp/\libhal_bsp.a(alt_errno.o)
                0x00000ee8                alt_errno
 .sdata         0x00000eec        0x8 c:/altera/13.1/nios2eds/bin/gnu/h-i686-mingw32/bin/../lib/gcc/nios2-elf/4.7.3/../../../../../H-i686-mingw32/nios2-elf/lib/mno-hw-mul\libc.a(lib_a-impure.o)
                0x00000eec                _global_impure_ptr
                0x00000ef0                _impure_ptr
 *(.sdata2 .sdata2.* .gnu.linkonce.s2.*)
                0x00000ef4                . = ALIGN (0x4)
                0x00000ef4                _edata = ABSOLUTE (.)
                0x00000ef4                PROVIDE (edata, ABSOLUTE (.))
                0x00000ef4                PROVIDE (__ram_rwdata_end, ABSOLUTE (.))
                0x00000ef4                PROVIDE (__flash_rwdata_start, LOADADDR (.rwdata))

.bss            0x000014bc      0x1a0
                0x000014bc                __bss_start = ABSOLUTE (.)
                0x000014bc                PROVIDE (__sbss_start, ABSOLUTE (.))
                0x000014bc                PROVIDE (___sbss_start, ABSOLUTE (.))
 *(.dynsbss)
 *(.sbss .sbss.* .gnu.linkonce.sb.*)
 .sbss          0x000014bc        0xc ../Flashing_LED_Superloop_bsp/\libhal_bsp.a(alt_main.o)
                0x000014bc                alt_argc
                0x000014c0                alt_argv
                0x000014c4                alt_envp
 .sbss          0x000014c8        0x4 c:/altera/13.1/nios2eds/bin/gnu/h-i686-mingw32/bin/../lib/gcc/nios2-elf/4.7.3/../../../../../H-i686-mingw32/nios2-elf/lib/mno-hw-mul\libc.a(lib_a-int_errno.o)
                0x000014c8                errno
 *(.sbss2 .sbss2.* .gnu.linkonce.sb2.*)
 *(.scommon)
                0x000014cc                PROVIDE (__sbss_end, ABSOLUTE (.))
                0x000014cc                PROVIDE (___sbss_end, ABSOLUTE (.))
 *(.dynbss)
 *(.bss .bss.* .gnu.linkonce.b.*)
 .bss           0x000014cc        0x0 ../Flashing_LED_Superloop_bsp//obj/HAL/src/crt0.o
 .bss           0x000014cc        0x0 obj/default/basic_nios_II_flashing_led_superloop/LED_flas.o
 .bss           0x000014cc        0x0 obj/default/basic_nios_II_flashing_led_superloop/Loop_Del.o
 .bss           0x000014cc        0x0 obj/default/basic_nios_II_flashing_led_superloop/Main.o
 .bss           0x000014cc        0x0 ../Flashing_LED_Superloop_bsp/\libhal_bsp.a(alt_load.o)
 .bss           0x000014cc        0x0 ../Flashing_LED_Superloop_bsp/\libhal_bsp.a(alt_main.o)
 .bss           0x000014cc        0x0 ../Flashing_LED_Superloop_bsp/\libhal_bsp.a(alt_sys_init.o)
 .bss           0x000014cc        0x0 ../Flashing_LED_Superloop_bsp/\libhal_bsp.a(alt_close.o)
 .bss           0x000014cc        0x0 ../Flashing_LED_Superloop_bsp/\libhal_bsp.a(alt_dcache_flush_all.o)
 .bss           0x000014cc        0x0 ../Flashing_LED_Superloop_bsp/\libhal_bsp.a(alt_dev.o)
 .bss           0x000014cc        0x0 ../Flashing_LED_Superloop_bsp/\libhal_bsp.a(alt_do_ctors.o)
 .bss           0x000014cc        0x0 ../Flashing_LED_Superloop_bsp/\libhal_bsp.a(alt_do_dtors.o)
 .bss           0x000014cc        0x0 ../Flashing_LED_Superloop_bsp/\libhal_bsp.a(alt_errno.o)
 .bss           0x000014cc        0x0 ../Flashing_LED_Superloop_bsp/\libhal_bsp.a(alt_icache_flush_all.o)
 .bss           0x000014cc        0x0 ../Flashing_LED_Superloop_bsp/\libhal_bsp.a(alt_release_fd.o)
 .bss           0x000014cc        0x0 ../Flashing_LED_Superloop_bsp/\libhal_bsp.a(altera_nios2_qsys_irq.o)
 .bss           0x000014cc        0x0 c:/altera/13.1/nios2eds/bin/gnu/h-i686-mingw32/bin/../lib/gcc/nios2-elf/4.7.3/../../../../../H-i686-mingw32/nios2-elf/lib/mno-hw-mul\libc.a(lib_a-atexit.o)
 .bss           0x000014cc        0x0 c:/altera/13.1/nios2eds/bin/gnu/h-i686-mingw32/bin/../lib/gcc/nios2-elf/4.7.3/../../../../../H-i686-mingw32/nios2-elf/lib/mno-hw-mul\libc.a(lib_a-exit.o)
 .bss           0x000014cc        0x0 c:/altera/13.1/nios2eds/bin/gnu/h-i686-mingw32/bin/../lib/gcc/nios2-elf/4.7.3/../../../../../H-i686-mingw32/nios2-elf/lib/mno-hw-mul\libc.a(lib_a-impure.o)
 .bss           0x000014cc        0x0 c:/altera/13.1/nios2eds/bin/gnu/h-i686-mingw32/bin/../lib/gcc/nios2-elf/4.7.3/../../../../../H-i686-mingw32/nios2-elf/lib/mno-hw-mul\libc.a(lib_a-int_errno.o)
 .bss           0x000014cc        0x0 c:/altera/13.1/nios2eds/bin/gnu/h-i686-mingw32/bin/../lib/gcc/nios2-elf/4.7.3/../../../../../H-i686-mingw32/nios2-elf/lib/mno-hw-mul\libc.a(lib_a-__atexit.o)
 .bss           0x000014cc        0x0 c:/altera/13.1/nios2eds/bin/gnu/h-i686-mingw32/bin/../lib/gcc/nios2-elf/4.7.3/../../../../../H-i686-mingw32/nios2-elf/lib/mno-hw-mul\libc.a(lib_a-__call_atexit.o)
 .bss           0x000014cc        0x0 c:/altera/13.1/nios2eds/bin/gnu/h-i686-mingw32/bin/../lib/gcc/nios2-elf/4.7.3/mno-hw-mul\libgcc.a(lib2-mul.o)
 .bss           0x000014cc        0x0 ../Flashing_LED_Superloop_bsp/\libhal_bsp.a(alt_exit.o)
 *(COMMON)
 COMMON         0x000014cc      0x190 c:/altera/13.1/nios2eds/bin/gnu/h-i686-mingw32/bin/../lib/gcc/nios2-elf/4.7.3/../../../../../H-i686-mingw32/nios2-elf/lib/mno-hw-mul\libc.a(lib_a-atexit.o)
                0x000014cc                _atexit0
                0x0000165c                . = ALIGN (0x4)
                0x0000165c                __bss_end = ABSOLUTE (.)

.onchip_memory2_0
                0x0000165c        0x0
                0x0000165c                PROVIDE (_alt_partition_onchip_memory2_0_start, ABSOLUTE (.))
 *(.onchip_memory2_0 .onchip_memory2_0. onchip_memory2_0.*)
                0x0000165c                . = ALIGN (0x4)
                0x0000165c                PROVIDE (_alt_partition_onchip_memory2_0_end, ABSOLUTE (.))
                0x0000165c                _end = ABSOLUTE (.)
                0x0000165c                end = ABSOLUTE (.)
                0x0000165c                __alt_stack_base = ABSOLUTE (.)
                0x0000165c                PROVIDE (_alt_partition_onchip_memory2_0_load_addr, LOADADDR (.onchip_memory2_0))

.stab
 *(.stab)

.stabstr
 *(.stabstr)

.stab.excl
 *(.stab.excl)

.stab.exclstr
 *(.stab.exclstr)

.stab.index
 *(.stab.index)

.stab.indexstr
 *(.stab.indexstr)

.comment        0x00000000       0x23
 *(.comment)
 .comment       0x00000000       0x23 obj/default/basic_nios_II_flashing_led_superloop/LED_flas.o
                                 0x24 (size before relaxing)
 .comment       0x00000000       0x24 obj/default/basic_nios_II_flashing_led_superloop/Loop_Del.o
 .comment       0x00000000       0x24 obj/default/basic_nios_II_flashing_led_superloop/Main.o
 .comment       0x00000000       0x24 ../Flashing_LED_Superloop_bsp/\libhal_bsp.a(alt_load.o)
 .comment       0x00000000       0x24 ../Flashing_LED_Superloop_bsp/\libhal_bsp.a(alt_main.o)
 .comment       0x00000000       0x24 ../Flashing_LED_Superloop_bsp/\libhal_bsp.a(alt_sys_init.o)
 .comment       0x00000000       0x24 ../Flashing_LED_Superloop_bsp/\libhal_bsp.a(alt_close.o)
 .comment       0x00000000       0x24 ../Flashing_LED_Superloop_bsp/\libhal_bsp.a(alt_dcache_flush_all.o)
 .comment       0x00000000       0x24 ../Flashing_LED_Superloop_bsp/\libhal_bsp.a(alt_dev.o)
 .comment       0x00000000       0x24 ../Flashing_LED_Superloop_bsp/\libhal_bsp.a(alt_do_ctors.o)
 .comment       0x00000000       0x24 ../Flashing_LED_Superloop_bsp/\libhal_bsp.a(alt_do_dtors.o)
 .comment       0x00000000       0x24 ../Flashing_LED_Superloop_bsp/\libhal_bsp.a(alt_errno.o)
 .comment       0x00000000       0x24 ../Flashing_LED_Superloop_bsp/\libhal_bsp.a(alt_icache_flush_all.o)
 .comment       0x00000000       0x24 ../Flashing_LED_Superloop_bsp/\libhal_bsp.a(alt_release_fd.o)
 .comment       0x00000000       0x24 ../Flashing_LED_Superloop_bsp/\libhal_bsp.a(altera_nios2_qsys_irq.o)
 .comment       0x00000000       0x24 c:/altera/13.1/nios2eds/bin/gnu/h-i686-mingw32/bin/../lib/gcc/nios2-elf/4.7.3/../../../../../H-i686-mingw32/nios2-elf/lib/mno-hw-mul\libc.a(lib_a-atexit.o)
 .comment       0x00000000       0x24 c:/altera/13.1/nios2eds/bin/gnu/h-i686-mingw32/bin/../lib/gcc/nios2-elf/4.7.3/../../../../../H-i686-mingw32/nios2-elf/lib/mno-hw-mul\libc.a(lib_a-exit.o)
 .comment       0x00000000       0x24 c:/altera/13.1/nios2eds/bin/gnu/h-i686-mingw32/bin/../lib/gcc/nios2-elf/4.7.3/../../../../../H-i686-mingw32/nios2-elf/lib/mno-hw-mul\libc.a(lib_a-impure.o)
 .comment       0x00000000       0x24 c:/altera/13.1/nios2eds/bin/gnu/h-i686-mingw32/bin/../lib/gcc/nios2-elf/4.7.3/../../../../../H-i686-mingw32/nios2-elf/lib/mno-hw-mul\libc.a(lib_a-int_errno.o)
 .comment       0x00000000       0x24 c:/altera/13.1/nios2eds/bin/gnu/h-i686-mingw32/bin/../lib/gcc/nios2-elf/4.7.3/../../../../../H-i686-mingw32/nios2-elf/lib/mno-hw-mul\libc.a(lib_a-__atexit.o)
 .comment       0x00000000       0x24 c:/altera/13.1/nios2eds/bin/gnu/h-i686-mingw32/bin/../lib/gcc/nios2-elf/4.7.3/../../../../../H-i686-mingw32/nios2-elf/lib/mno-hw-mul\libc.a(lib_a-__call_atexit.o)
 .comment       0x00000000       0x24 c:/altera/13.1/nios2eds/bin/gnu/h-i686-mingw32/bin/../lib/gcc/nios2-elf/4.7.3/mno-hw-mul\libgcc.a(lib2-mul.o)
 .comment       0x00000000       0x24 ../Flashing_LED_Superloop_bsp/\libhal_bsp.a(alt_exit.o)

.debug
 *(.debug)

.line
 *(.line)

.debug_srcinfo
 *(.debug_srcinfo)

.debug_sfnames
 *(.debug_sfnames)

.debug_aranges  0x00000000      0x2f0
 *(.debug_aranges)
 .debug_aranges
                0x00000000       0x28 ../Flashing_LED_Superloop_bsp//obj/HAL/src/crt0.o
 .debug_aranges
                0x00000028       0x20 obj/default/basic_nios_II_flashing_led_superloop/LED_flas.o
 .debug_aranges
                0x00000048       0x20 obj/default/basic_nios_II_flashing_led_superloop/Loop_Del.o
 .debug_aranges
                0x00000068       0x20 obj/default/basic_nios_II_flashing_led_superloop/Main.o
 .debug_aranges
                0x00000088       0x20 ../Flashing_LED_Superloop_bsp/\libhal_bsp.a(alt_load.o)
 .debug_aranges
                0x000000a8       0x20 ../Flashing_LED_Superloop_bsp/\libhal_bsp.a(alt_main.o)
 .debug_aranges
                0x000000c8       0x20 ../Flashing_LED_Superloop_bsp/\libhal_bsp.a(alt_sys_init.o)
 .debug_aranges
                0x000000e8       0x20 ../Flashing_LED_Superloop_bsp/\libhal_bsp.a(alt_close.o)
 .debug_aranges
                0x00000108       0x20 ../Flashing_LED_Superloop_bsp/\libhal_bsp.a(alt_dcache_flush_all.o)
 .debug_aranges
                0x00000128       0x20 ../Flashing_LED_Superloop_bsp/\libhal_bsp.a(alt_dev.o)
 .debug_aranges
                0x00000148       0x20 ../Flashing_LED_Superloop_bsp/\libhal_bsp.a(alt_do_ctors.o)
 .debug_aranges
                0x00000168       0x20 ../Flashing_LED_Superloop_bsp/\libhal_bsp.a(alt_do_dtors.o)
 .debug_aranges
                0x00000188       0x18 ../Flashing_LED_Superloop_bsp/\libhal_bsp.a(alt_errno.o)
 .debug_aranges
                0x000001a0       0x20 ../Flashing_LED_Superloop_bsp/\libhal_bsp.a(alt_icache_flush_all.o)
 .debug_aranges
                0x000001c0       0x20 ../Flashing_LED_Superloop_bsp/\libhal_bsp.a(alt_release_fd.o)
 .debug_aranges
                0x000001e0       0x20 ../Flashing_LED_Superloop_bsp/\libhal_bsp.a(altera_nios2_qsys_irq.o)
 .debug_aranges
                0x00000200       0x20 c:/altera/13.1/nios2eds/bin/gnu/h-i686-mingw32/bin/../lib/gcc/nios2-elf/4.7.3/../../../../../H-i686-mingw32/nios2-elf/lib/mno-hw-mul\libc.a(lib_a-atexit.o)
 .debug_aranges
                0x00000220       0x20 c:/altera/13.1/nios2eds/bin/gnu/h-i686-mingw32/bin/../lib/gcc/nios2-elf/4.7.3/../../../../../H-i686-mingw32/nios2-elf/lib/mno-hw-mul\libc.a(lib_a-exit.o)
 .debug_aranges
                0x00000240       0x18 c:/altera/13.1/nios2eds/bin/gnu/h-i686-mingw32/bin/../lib/gcc/nios2-elf/4.7.3/../../../../../H-i686-mingw32/nios2-elf/lib/mno-hw-mul\libc.a(lib_a-impure.o)
 .debug_aranges
                0x00000258       0x18 c:/altera/13.1/nios2eds/bin/gnu/h-i686-mingw32/bin/../lib/gcc/nios2-elf/4.7.3/../../../../../H-i686-mingw32/nios2-elf/lib/mno-hw-mul\libc.a(lib_a-int_errno.o)
 .debug_aranges
                0x00000270       0x20 c:/altera/13.1/nios2eds/bin/gnu/h-i686-mingw32/bin/../lib/gcc/nios2-elf/4.7.3/../../../../../H-i686-mingw32/nios2-elf/lib/mno-hw-mul\libc.a(lib_a-__atexit.o)
 .debug_aranges
                0x00000290       0x20 c:/altera/13.1/nios2eds/bin/gnu/h-i686-mingw32/bin/../lib/gcc/nios2-elf/4.7.3/../../../../../H-i686-mingw32/nios2-elf/lib/mno-hw-mul\libc.a(lib_a-__call_atexit.o)
 .debug_aranges
                0x000002b0       0x20 c:/altera/13.1/nios2eds/bin/gnu/h-i686-mingw32/bin/../lib/gcc/nios2-elf/4.7.3/mno-hw-mul\libgcc.a(lib2-mul.o)
 .debug_aranges
                0x000002d0       0x20 ../Flashing_LED_Superloop_bsp/\libhal_bsp.a(alt_exit.o)

.debug_pubnames
 *(.debug_pubnames)

.debug_info     0x00000000     0x3f3a
 *(.debug_info .gnu.linkonce.wi.*)
 .debug_info    0x00000000       0x88 ../Flashing_LED_Superloop_bsp//obj/HAL/src/crt0.o
 .debug_info    0x00000088       0x9c obj/default/basic_nios_II_flashing_led_superloop/LED_flas.o
 .debug_info    0x00000124       0x73 obj/default/basic_nios_II_flashing_led_superloop/Loop_Del.o
 .debug_info    0x00000197       0x5c obj/default/basic_nios_II_flashing_led_superloop/Main.o
 .debug_info    0x000001f3      0x135 ../Flashing_LED_Superloop_bsp/\libhal_bsp.a(alt_load.o)
 .debug_info    0x00000328      0x163 ../Flashing_LED_Superloop_bsp/\libhal_bsp.a(alt_main.o)
 .debug_info    0x0000048b      0x101 ../Flashing_LED_Superloop_bsp/\libhal_bsp.a(alt_sys_init.o)
 .debug_info    0x0000058c      0x350 ../Flashing_LED_Superloop_bsp/\libhal_bsp.a(alt_close.o)
 .debug_info    0x000008dc       0x90 ../Flashing_LED_Superloop_bsp/\libhal_bsp.a(alt_dcache_flush_all.o)
 .debug_info    0x0000096c      0x4e3 ../Flashing_LED_Superloop_bsp/\libhal_bsp.a(alt_dev.o)
 .debug_info    0x00000e4f       0x8d ../Flashing_LED_Superloop_bsp/\libhal_bsp.a(alt_do_ctors.o)
 .debug_info    0x00000edc       0x8d ../Flashing_LED_Superloop_bsp/\libhal_bsp.a(alt_do_dtors.o)
 .debug_info    0x00000f69       0xa3 ../Flashing_LED_Superloop_bsp/\libhal_bsp.a(alt_errno.o)
 .debug_info    0x0000100c       0x90 ../Flashing_LED_Superloop_bsp/\libhal_bsp.a(alt_icache_flush_all.o)
 .debug_info    0x0000109c      0x2dd ../Flashing_LED_Superloop_bsp/\libhal_bsp.a(alt_release_fd.o)
 .debug_info    0x00001379       0xba ../Flashing_LED_Superloop_bsp/\libhal_bsp.a(altera_nios2_qsys_irq.o)
 .debug_info    0x00001433      0x1e6 c:/altera/13.1/nios2eds/bin/gnu/h-i686-mingw32/bin/../lib/gcc/nios2-elf/4.7.3/../../../../../H-i686-mingw32/nios2-elf/lib/mno-hw-mul\libc.a(lib_a-atexit.o)
 .debug_info    0x00001619      0x993 c:/altera/13.1/nios2eds/bin/gnu/h-i686-mingw32/bin/../lib/gcc/nios2-elf/4.7.3/../../../../../H-i686-mingw32/nios2-elf/lib/mno-hw-mul\libc.a(lib_a-exit.o)
 .debug_info    0x00001fac      0x938 c:/altera/13.1/nios2eds/bin/gnu/h-i686-mingw32/bin/../lib/gcc/nios2-elf/4.7.3/../../../../../H-i686-mingw32/nios2-elf/lib/mno-hw-mul\libc.a(lib_a-impure.o)
 .debug_info    0x000028e4       0x84 c:/altera/13.1/nios2eds/bin/gnu/h-i686-mingw32/bin/../lib/gcc/nios2-elf/4.7.3/../../../../../H-i686-mingw32/nios2-elf/lib/mno-hw-mul\libc.a(lib_a-int_errno.o)
 .debug_info    0x00002968      0x9f9 c:/altera/13.1/nios2eds/bin/gnu/h-i686-mingw32/bin/../lib/gcc/nios2-elf/4.7.3/../../../../../H-i686-mingw32/nios2-elf/lib/mno-hw-mul\libc.a(lib_a-__atexit.o)
 .debug_info    0x00003361      0xa07 c:/altera/13.1/nios2eds/bin/gnu/h-i686-mingw32/bin/../lib/gcc/nios2-elf/4.7.3/../../../../../H-i686-mingw32/nios2-elf/lib/mno-hw-mul\libc.a(lib_a-__call_atexit.o)
 .debug_info    0x00003d68       0xb8 c:/altera/13.1/nios2eds/bin/gnu/h-i686-mingw32/bin/../lib/gcc/nios2-elf/4.7.3/mno-hw-mul\libgcc.a(lib2-mul.o)
 .debug_info    0x00003e20      0x11a ../Flashing_LED_Superloop_bsp/\libhal_bsp.a(alt_exit.o)

.debug_abbrev   0x00000000     0x11d4
 *(.debug_abbrev)
 .debug_abbrev  0x00000000       0x12 ../Flashing_LED_Superloop_bsp//obj/HAL/src/crt0.o
 .debug_abbrev  0x00000012       0x44 obj/default/basic_nios_II_flashing_led_superloop/LED_flas.o
 .debug_abbrev  0x00000056       0x5e obj/default/basic_nios_II_flashing_led_superloop/Loop_Del.o
 .debug_abbrev  0x000000b4       0x44 obj/default/basic_nios_II_flashing_led_superloop/Main.o
 .debug_abbrev  0x000000f8       0x9d ../Flashing_LED_Superloop_bsp/\libhal_bsp.a(alt_load.o)
 .debug_abbrev  0x00000195       0xc1 ../Flashing_LED_Superloop_bsp/\libhal_bsp.a(alt_main.o)
 .debug_abbrev  0x00000256       0xba ../Flashing_LED_Superloop_bsp/\libhal_bsp.a(alt_sys_init.o)
 .debug_abbrev  0x00000310      0x11f ../Flashing_LED_Superloop_bsp/\libhal_bsp.a(alt_close.o)
 .debug_abbrev  0x0000042f       0x42 ../Flashing_LED_Superloop_bsp/\libhal_bsp.a(alt_dcache_flush_all.o)
 .debug_abbrev  0x00000471       0xd9 ../Flashing_LED_Superloop_bsp/\libhal_bsp.a(alt_dev.o)
 .debug_abbrev  0x0000054a       0x79 ../Flashing_LED_Superloop_bsp/\libhal_bsp.a(alt_do_ctors.o)
 .debug_abbrev  0x000005c3       0x79 ../Flashing_LED_Superloop_bsp/\libhal_bsp.a(alt_do_dtors.o)
 .debug_abbrev  0x0000063c       0x5a ../Flashing_LED_Superloop_bsp/\libhal_bsp.a(alt_errno.o)
 .debug_abbrev  0x00000696       0x42 ../Flashing_LED_Superloop_bsp/\libhal_bsp.a(alt_icache_flush_all.o)
 .debug_abbrev  0x000006d8       0xde ../Flashing_LED_Superloop_bsp/\libhal_bsp.a(alt_release_fd.o)
 .debug_abbrev  0x000007b6       0x67 ../Flashing_LED_Superloop_bsp/\libhal_bsp.a(altera_nios2_qsys_irq.o)
 .debug_abbrev  0x0000081d      0x106 c:/altera/13.1/nios2eds/bin/gnu/h-i686-mingw32/bin/../lib/gcc/nios2-elf/4.7.3/../../../../../H-i686-mingw32/nios2-elf/lib/mno-hw-mul\libc.a(lib_a-atexit.o)
 .debug_abbrev  0x00000923      0x1c8 c:/altera/13.1/nios2eds/bin/gnu/h-i686-mingw32/bin/../lib/gcc/nios2-elf/4.7.3/../../../../../H-i686-mingw32/nios2-elf/lib/mno-hw-mul\libc.a(lib_a-exit.o)
 .debug_abbrev  0x00000aeb      0x162 c:/altera/13.1/nios2eds/bin/gnu/h-i686-mingw32/bin/../lib/gcc/nios2-elf/4.7.3/../../../../../H-i686-mingw32/nios2-elf/lib/mno-hw-mul\libc.a(lib_a-impure.o)
 .debug_abbrev  0x00000c4d       0x37 c:/altera/13.1/nios2eds/bin/gnu/h-i686-mingw32/bin/../lib/gcc/nios2-elf/4.7.3/../../../../../H-i686-mingw32/nios2-elf/lib/mno-hw-mul\libc.a(lib_a-int_errno.o)
 .debug_abbrev  0x00000c84      0x211 c:/altera/13.1/nios2eds/bin/gnu/h-i686-mingw32/bin/../lib/gcc/nios2-elf/4.7.3/../../../../../H-i686-mingw32/nios2-elf/lib/mno-hw-mul\libc.a(lib_a-__atexit.o)
 .debug_abbrev  0x00000e95      0x203 c:/altera/13.1/nios2eds/bin/gnu/h-i686-mingw32/bin/../lib/gcc/nios2-elf/4.7.3/../../../../../H-i686-mingw32/nios2-elf/lib/mno-hw-mul\libc.a(lib_a-__call_atexit.o)
 .debug_abbrev  0x00001098       0x6f c:/altera/13.1/nios2eds/bin/gnu/h-i686-mingw32/bin/../lib/gcc/nios2-elf/4.7.3/mno-hw-mul\libgcc.a(lib2-mul.o)
 .debug_abbrev  0x00001107       0xcd ../Flashing_LED_Superloop_bsp/\libhal_bsp.a(alt_exit.o)

.debug_line     0x00000000     0x14b1
 *(.debug_line)
 .debug_line    0x00000000       0x66 ../Flashing_LED_Superloop_bsp//obj/HAL/src/crt0.o
 .debug_line    0x00000066       0x9c obj/default/basic_nios_II_flashing_led_superloop/LED_flas.o
 .debug_line    0x00000102       0x76 obj/default/basic_nios_II_flashing_led_superloop/Loop_Del.o
 .debug_line    0x00000178       0x6b obj/default/basic_nios_II_flashing_led_superloop/Main.o
 .debug_line    0x000001e3       0x92 ../Flashing_LED_Superloop_bsp/\libhal_bsp.a(alt_load.o)
 .debug_line    0x00000275       0xcd ../Flashing_LED_Superloop_bsp/\libhal_bsp.a(alt_main.o)
 .debug_line    0x00000342       0xa7 ../Flashing_LED_Superloop_bsp/\libhal_bsp.a(alt_sys_init.o)
 .debug_line    0x000003e9      0x186 ../Flashing_LED_Superloop_bsp/\libhal_bsp.a(alt_close.o)
 .debug_line    0x0000056f       0x51 ../Flashing_LED_Superloop_bsp/\libhal_bsp.a(alt_dcache_flush_all.o)
 .debug_line    0x000005c0      0x119 ../Flashing_LED_Superloop_bsp/\libhal_bsp.a(alt_dev.o)
 .debug_line    0x000006d9       0x59 ../Flashing_LED_Superloop_bsp/\libhal_bsp.a(alt_do_ctors.o)
 .debug_line    0x00000732       0x59 ../Flashing_LED_Superloop_bsp/\libhal_bsp.a(alt_do_dtors.o)
 .debug_line    0x0000078b       0x51 ../Flashing_LED_Superloop_bsp/\libhal_bsp.a(alt_errno.o)
 .debug_line    0x000007dc       0x4f ../Flashing_LED_Superloop_bsp/\libhal_bsp.a(alt_icache_flush_all.o)
 .debug_line    0x0000082b       0xb0 ../Flashing_LED_Superloop_bsp/\libhal_bsp.a(alt_release_fd.o)
 .debug_line    0x000008db       0x8d ../Flashing_LED_Superloop_bsp/\libhal_bsp.a(altera_nios2_qsys_irq.o)
 .debug_line    0x00000968      0x170 c:/altera/13.1/nios2eds/bin/gnu/h-i686-mingw32/bin/../lib/gcc/nios2-elf/4.7.3/../../../../../H-i686-mingw32/nios2-elf/lib/mno-hw-mul\libc.a(lib_a-atexit.o)
 .debug_line    0x00000ad8      0x21c c:/altera/13.1/nios2eds/bin/gnu/h-i686-mingw32/bin/../lib/gcc/nios2-elf/4.7.3/../../../../../H-i686-mingw32/nios2-elf/lib/mno-hw-mul\libc.a(lib_a-exit.o)
 .debug_line    0x00000cf4      0x176 c:/altera/13.1/nios2eds/bin/gnu/h-i686-mingw32/bin/../lib/gcc/nios2-elf/4.7.3/../../../../../H-i686-mingw32/nios2-elf/lib/mno-hw-mul\libc.a(lib_a-impure.o)
 .debug_line    0x00000e6a       0x60 c:/altera/13.1/nios2eds/bin/gnu/h-i686-mingw32/bin/../lib/gcc/nios2-elf/4.7.3/../../../../../H-i686-mingw32/nios2-elf/lib/mno-hw-mul\libc.a(lib_a-int_errno.o)
 .debug_line    0x00000eca      0x253 c:/altera/13.1/nios2eds/bin/gnu/h-i686-mingw32/bin/../lib/gcc/nios2-elf/4.7.3/../../../../../H-i686-mingw32/nios2-elf/lib/mno-hw-mul\libc.a(lib_a-__atexit.o)
 .debug_line    0x0000111d      0x267 c:/altera/13.1/nios2eds/bin/gnu/h-i686-mingw32/bin/../lib/gcc/nios2-elf/4.7.3/../../../../../H-i686-mingw32/nios2-elf/lib/mno-hw-mul\libc.a(lib_a-__call_atexit.o)
 .debug_line    0x00001384       0x80 c:/altera/13.1/nios2eds/bin/gnu/h-i686-mingw32/bin/../lib/gcc/nios2-elf/4.7.3/mno-hw-mul\libgcc.a(lib2-mul.o)
 .debug_line    0x00001404       0xad ../Flashing_LED_Superloop_bsp/\libhal_bsp.a(alt_exit.o)

.debug_frame    0x00000000      0x3d4
 *(.debug_frame)
 .debug_frame   0x00000000       0x48 obj/default/basic_nios_II_flashing_led_superloop/LED_flas.o
 .debug_frame   0x00000048       0x2c obj/default/basic_nios_II_flashing_led_superloop/Loop_Del.o
 .debug_frame   0x00000074       0x2c obj/default/basic_nios_II_flashing_led_superloop/Main.o
 .debug_frame   0x000000a0       0x48 ../Flashing_LED_Superloop_bsp/\libhal_bsp.a(alt_load.o)
 .debug_frame   0x000000e8       0x2c ../Flashing_LED_Superloop_bsp/\libhal_bsp.a(alt_main.o)
 .debug_frame   0x00000114       0x48 ../Flashing_LED_Superloop_bsp/\libhal_bsp.a(alt_sys_init.o)
 .debug_frame   0x0000015c       0x48 ../Flashing_LED_Superloop_bsp/\libhal_bsp.a(alt_close.o)
 .debug_frame   0x000001a4       0x2c ../Flashing_LED_Superloop_bsp/\libhal_bsp.a(alt_dcache_flush_all.o)
 .debug_frame   0x000001d0       0x2c ../Flashing_LED_Superloop_bsp/\libhal_bsp.a(alt_dev.o)
 .debug_frame   0x000001fc       0x2c ../Flashing_LED_Superloop_bsp/\libhal_bsp.a(alt_do_ctors.o)
 .debug_frame   0x00000228       0x2c ../Flashing_LED_Superloop_bsp/\libhal_bsp.a(alt_do_dtors.o)
 .debug_frame   0x00000254       0x2c ../Flashing_LED_Superloop_bsp/\libhal_bsp.a(alt_icache_flush_all.o)
 .debug_frame   0x00000280       0x30 ../Flashing_LED_Superloop_bsp/\libhal_bsp.a(alt_release_fd.o)
 .debug_frame   0x000002b0       0x2c ../Flashing_LED_Superloop_bsp/\libhal_bsp.a(altera_nios2_qsys_irq.o)
 .debug_frame   0x000002dc       0x20 c:/altera/13.1/nios2eds/bin/gnu/h-i686-mingw32/bin/../lib/gcc/nios2-elf/4.7.3/../../../../../H-i686-mingw32/nios2-elf/lib/mno-hw-mul\libc.a(lib_a-atexit.o)
 .debug_frame   0x000002fc       0x28 c:/altera/13.1/nios2eds/bin/gnu/h-i686-mingw32/bin/../lib/gcc/nios2-elf/4.7.3/../../../../../H-i686-mingw32/nios2-elf/lib/mno-hw-mul\libc.a(lib_a-exit.o)
 .debug_frame   0x00000324       0x2c c:/altera/13.1/nios2eds/bin/gnu/h-i686-mingw32/bin/../lib/gcc/nios2-elf/4.7.3/../../../../../H-i686-mingw32/nios2-elf/lib/mno-hw-mul\libc.a(lib_a-__atexit.o)
 .debug_frame   0x00000350       0x38 c:/altera/13.1/nios2eds/bin/gnu/h-i686-mingw32/bin/../lib/gcc/nios2-elf/4.7.3/../../../../../H-i686-mingw32/nios2-elf/lib/mno-hw-mul\libc.a(lib_a-__call_atexit.o)
 .debug_frame   0x00000388       0x20 c:/altera/13.1/nios2eds/bin/gnu/h-i686-mingw32/bin/../lib/gcc/nios2-elf/4.7.3/mno-hw-mul\libgcc.a(lib2-mul.o)
 .debug_frame   0x000003a8       0x2c ../Flashing_LED_Superloop_bsp/\libhal_bsp.a(alt_exit.o)

.debug_str      0x00000000      0xe62
 *(.debug_str)
 .debug_str     0x00000000      0x103 obj/default/basic_nios_II_flashing_led_superloop/LED_flas.o
                                0x137 (size before relaxing)
 .debug_str     0x00000103       0x41 obj/default/basic_nios_II_flashing_led_superloop/Loop_Del.o
                                 0xaa (size before relaxing)
 .debug_str     0x00000144       0x2c obj/default/basic_nios_II_flashing_led_superloop/Main.o
                                 0xba (size before relaxing)
 .debug_str     0x00000170      0x14e ../Flashing_LED_Superloop_bsp/\libhal_bsp.a(alt_load.o)
                                0x1e3 (size before relaxing)
 .debug_str     0x000002be       0x91 ../Flashing_LED_Superloop_bsp/\libhal_bsp.a(alt_main.o)
                                0x197 (size before relaxing)
 .debug_str     0x0000034f       0x47 ../Flashing_LED_Superloop_bsp/\libhal_bsp.a(alt_sys_init.o)
                                0x167 (size before relaxing)
 .debug_str     0x00000396       0x90 ../Flashing_LED_Superloop_bsp/\libhal_bsp.a(alt_close.o)
                                0x1dc (size before relaxing)
 .debug_str     0x00000426       0x34 ../Flashing_LED_Superloop_bsp/\libhal_bsp.a(alt_dcache_flush_all.o)
                                0x126 (size before relaxing)
 .debug_str     0x0000045a      0x120 ../Flashing_LED_Superloop_bsp/\libhal_bsp.a(alt_dev.o)
                                0x2d6 (size before relaxing)
 .debug_str     0x0000057a       0x48 ../Flashing_LED_Superloop_bsp/\libhal_bsp.a(alt_do_ctors.o)
                                 0xad (size before relaxing)
 .debug_str     0x000005c2       0x4c ../Flashing_LED_Superloop_bsp/\libhal_bsp.a(alt_do_dtors.o)
                                 0xac (size before relaxing)
 .debug_str     0x0000060e       0x14 ../Flashing_LED_Superloop_bsp/\libhal_bsp.a(alt_errno.o)
                                0x116 (size before relaxing)
 .debug_str     0x00000622       0x34 ../Flashing_LED_Superloop_bsp/\libhal_bsp.a(alt_icache_flush_all.o)
                                0x126 (size before relaxing)
 .debug_str     0x00000656       0x28 ../Flashing_LED_Superloop_bsp/\libhal_bsp.a(alt_release_fd.o)
                                0x1b0 (size before relaxing)
 .debug_str     0x0000067e       0x3b ../Flashing_LED_Superloop_bsp/\libhal_bsp.a(altera_nios2_qsys_irq.o)
                                0x156 (size before relaxing)
 .debug_str     0x000006b9      0x16a c:/altera/13.1/nios2eds/bin/gnu/h-i686-mingw32/bin/../lib/gcc/nios2-elf/4.7.3/../../../../../H-i686-mingw32/nios2-elf/lib/mno-hw-mul\libc.a(lib_a-atexit.o)
                                0x21d (size before relaxing)
 .debug_str     0x00000823      0x375 c:/altera/13.1/nios2eds/bin/gnu/h-i686-mingw32/bin/../lib/gcc/nios2-elf/4.7.3/../../../../../H-i686-mingw32/nios2-elf/lib/mno-hw-mul\libc.a(lib_a-exit.o)
                                0x53d (size before relaxing)
 .debug_str     0x00000b98       0xe2 c:/altera/13.1/nios2eds/bin/gnu/h-i686-mingw32/bin/../lib/gcc/nios2-elf/4.7.3/../../../../../H-i686-mingw32/nios2-elf/lib/mno-hw-mul\libc.a(lib_a-impure.o)
                                0x534 (size before relaxing)
 .debug_str     0x00000c7a       0x40 c:/altera/13.1/nios2eds/bin/gnu/h-i686-mingw32/bin/../lib/gcc/nios2-elf/4.7.3/../../../../../H-i686-mingw32/nios2-elf/lib/mno-hw-mul\libc.a(lib_a-int_errno.o)
                                0x17d (size before relaxing)
 .debug_str     0x00000cba       0x47 c:/altera/13.1/nios2eds/bin/gnu/h-i686-mingw32/bin/../lib/gcc/nios2-elf/4.7.3/../../../../../H-i686-mingw32/nios2-elf/lib/mno-hw-mul\libc.a(lib_a-__atexit.o)
                                0x581 (size before relaxing)
 .debug_str     0x00000d01       0x64 c:/altera/13.1/nios2eds/bin/gnu/h-i686-mingw32/bin/../lib/gcc/nios2-elf/4.7.3/../../../../../H-i686-mingw32/nios2-elf/lib/mno-hw-mul\libc.a(lib_a-__call_atexit.o)
                                0x55f (size before relaxing)
 .debug_str     0x00000d65       0xd3 c:/altera/13.1/nios2eds/bin/gnu/h-i686-mingw32/bin/../lib/gcc/nios2-elf/4.7.3/mno-hw-mul\libgcc.a(lib2-mul.o)
                                0x12a (size before relaxing)
 .debug_str     0x00000e38       0x2a ../Flashing_LED_Superloop_bsp/\libhal_bsp.a(alt_exit.o)
                                0x14b (size before relaxing)

.debug_loc      0x00000000      0x7b6
 *(.debug_loc)
 .debug_loc     0x00000000       0x58 obj/default/basic_nios_II_flashing_led_superloop/LED_flas.o
 .debug_loc     0x00000058       0x2c obj/default/basic_nios_II_flashing_led_superloop/Loop_Del.o
 .debug_loc     0x00000084       0x2c obj/default/basic_nios_II_flashing_led_superloop/Main.o
 .debug_loc     0x000000b0       0x58 ../Flashing_LED_Superloop_bsp/\libhal_bsp.a(alt_load.o)
 .debug_loc     0x00000108       0x2c ../Flashing_LED_Superloop_bsp/\libhal_bsp.a(alt_main.o)
 .debug_loc     0x00000134       0x58 ../Flashing_LED_Superloop_bsp/\libhal_bsp.a(alt_sys_init.o)
 .debug_loc     0x0000018c       0x58 ../Flashing_LED_Superloop_bsp/\libhal_bsp.a(alt_close.o)
 .debug_loc     0x000001e4       0x2c ../Flashing_LED_Superloop_bsp/\libhal_bsp.a(alt_dcache_flush_all.o)
 .debug_loc     0x00000210       0x2c ../Flashing_LED_Superloop_bsp/\libhal_bsp.a(alt_dev.o)
 .debug_loc     0x0000023c       0x2c ../Flashing_LED_Superloop_bsp/\libhal_bsp.a(alt_do_ctors.o)
 .debug_loc     0x00000268       0x2c ../Flashing_LED_Superloop_bsp/\libhal_bsp.a(alt_do_dtors.o)
 .debug_loc     0x00000294       0x2c ../Flashing_LED_Superloop_bsp/\libhal_bsp.a(alt_icache_flush_all.o)
 .debug_loc     0x000002c0       0x2c ../Flashing_LED_Superloop_bsp/\libhal_bsp.a(alt_release_fd.o)
 .debug_loc     0x000002ec       0x2c ../Flashing_LED_Superloop_bsp/\libhal_bsp.a(altera_nios2_qsys_irq.o)
 .debug_loc     0x00000318       0x2c c:/altera/13.1/nios2eds/bin/gnu/h-i686-mingw32/bin/../lib/gcc/nios2-elf/4.7.3/../../../../../H-i686-mingw32/nios2-elf/lib/mno-hw-mul\libc.a(lib_a-atexit.o)
 .debug_loc     0x00000344       0x3e c:/altera/13.1/nios2eds/bin/gnu/h-i686-mingw32/bin/../lib/gcc/nios2-elf/4.7.3/../../../../../H-i686-mingw32/nios2-elf/lib/mno-hw-mul\libc.a(lib_a-exit.o)
 .debug_loc     0x00000382      0x194 c:/altera/13.1/nios2eds/bin/gnu/h-i686-mingw32/bin/../lib/gcc/nios2-elf/4.7.3/../../../../../H-i686-mingw32/nios2-elf/lib/mno-hw-mul\libc.a(lib_a-__atexit.o)
 .debug_loc     0x00000516      0x1e1 c:/altera/13.1/nios2eds/bin/gnu/h-i686-mingw32/bin/../lib/gcc/nios2-elf/4.7.3/../../../../../H-i686-mingw32/nios2-elf/lib/mno-hw-mul\libc.a(lib_a-__call_atexit.o)
 .debug_loc     0x000006f7       0x93 c:/altera/13.1/nios2eds/bin/gnu/h-i686-mingw32/bin/../lib/gcc/nios2-elf/4.7.3/mno-hw-mul\libgcc.a(lib2-mul.o)
 .debug_loc     0x0000078a       0x2c ../Flashing_LED_Superloop_bsp/\libhal_bsp.a(alt_exit.o)

.debug_macinfo
 *(.debug_macinfo)

.debug_weaknames
 *(.debug_weaknames)

.debug_funcnames
 *(.debug_funcnames)

.debug_typenames
 *(.debug_typenames)

.debug_varnames
 *(.debug_varnames)

.debug_alt_sim_info
                0x00000000       0x10
 *(.debug_alt_sim_info)
 .debug_alt_sim_info
                0x00000000       0x10 ../Flashing_LED_Superloop_bsp//obj/HAL/src/crt0.o
                0x00002000                __alt_data_end = 0x2000
                0x00002000                PROVIDE (__alt_stack_pointer, __alt_data_end)
                0x0000165c                PROVIDE (__alt_stack_limit, __alt_stack_base)
                0x0000165c                PROVIDE (__alt_heap_start, end)
                0x00002000                PROVIDE (__alt_heap_limit, 0x2000)
OUTPUT(Flashing_LED_Superloop.elf elf32-littlenios2)

.debug_ranges   0x00000000       0x38
 .debug_ranges  0x00000000       0x20 ../Flashing_LED_Superloop_bsp//obj/HAL/src/crt0.o
 .debug_ranges  0x00000020       0x18 c:/altera/13.1/nios2eds/bin/gnu/h-i686-mingw32/bin/../lib/gcc/nios2-elf/4.7.3/../../../../../H-i686-mingw32/nios2-elf/lib/mno-hw-mul\libc.a(lib_a-__call_atexit.o)
